46168:
 num     #instances         #bytes  class name (module)
-------------------------------------------------------
   1:       1453164      117242688  [B (java.base@21.0.8)
   2:        158313       43652608  [I (java.base@21.0.8)
   3:       1400271       33606504  java.lang.String (java.base@21.0.8)
   4:        310772       25740608  [Ljava.lang.Object; (java.base@21.0.8)
   5:         28080       23792472  [J (java.base@21.0.8)
   6:        361476       17350848  java.lang.StackTraceElement (java.base@21.0.8)
   7:         90663       10610056  java.lang.Class (java.base@21.0.8)
   8:        318535       10193120  java.util.HashMap$Node (java.base@21.0.8)
   9:         15015        9261544  [Ljdk.internal.vm.FillerElement; (java.base@21.0.8)
  10:          6386        7052192  [F (java.base@21.0.8)
  11:          3151        6024208  [C (java.base@21.0.8)
  12:        134198        5367920  java.util.LinkedHashMap$Entry (java.base@21.0.8)
  13:        161182        5157824  java.util.concurrent.ConcurrentHashMap$Node (java.base@21.0.8)
  14:         41861        5084536  [Ljava.util.HashMap$Node; (java.base@21.0.8)
  15:        185277        4446648  java.util.ArrayList (java.base@21.0.8)
  16:         34830        3622320  java.lang.management.ThreadInfo (java.management@21.0.8)
  17:         93372        2987904  com.google.common.collect.MapMakerInternalMap$WeakKeyDummyValueEntry
  18:         74565        2954832  [Ljava.lang.String; (java.base@21.0.8)
  19:         45202        2892928  it.unimi.dsi.fastutil.ints.Int2ObjectOpenHashMap
  20:           579        2379200  [D (java.base@21.0.8)
  21:         74244        2375808  org.languagetool.AnalyzedToken
  22:         12869        2264944  org.languagetool.tagging.disambiguation.rules.DisambiguationPatternRule
  23:         46758        2244384  java.lang.invoke.MemberName (java.base@21.0.8)
  24:         68950        2206400  org.languagetool.rules.patterns.PatternToken
  25:         34900        2040024  [Ljava.lang.StackTraceElement; (java.base@21.0.8)
  26:          3515        2009488  [Ljava.util.concurrent.ConcurrentHashMap$Node; (java.base@21.0.8)
  27:         45064        1442048  org.jetbrains.completion.full.line.local.tokenizer.TokenizerTrie$TrieNode
  28:         21477        1374528  java.util.LinkedHashMap (java.base@21.0.8)
  29:         14899        1311112  java.lang.reflect.Method (java.base@21.0.8)
  30:         14704        1293952  kotlin.reflect.jvm.internal.impl.metadata.ProtoBuf$Type
  31:         25950        1245600  java.util.HashMap (java.base@21.0.8)
  32:         30406        1216240  java.lang.invoke.MethodType (java.base@21.0.8)
  33:         27914        1116560  com.intellij.util.lang.ImmutableZipEntry
  34:          6156         984960  org.languagetool.rules.patterns.PatternRule
  35:         15235         975040  it.unimi.dsi.fastutil.objects.Object2IntOpenHashMap
  36:         30408         973056  jdk.internal.util.WeakReferenceKey (java.base@21.0.8)
  37:         39967         959208  org.languagetool.rules.patterns.AbstractTokenBasedRule$TokenHint
  38:         22877         915080  kotlin.reflect.jvm.internal.impl.protobuf.SmallSortedMap$1
  39:         22478         899120  com.google.common.collect.MapMakerInternalMap$WeakKeyDummyValueEntry$LinkedWeakKeyDummyValueEntry
  40:           178         876120  [[I (java.base@21.0.8)
  41:         11854         853488  java.lang.reflect.Field (java.base@21.0.8)
  42:         29495         851960  [Ljava.lang.Class; (java.base@21.0.8)
  43:         20012         800480  java.lang.invoke.BoundMethodHandle$Species_LL (java.base@21.0.8)
  44:         47228         755648  java.lang.Object (java.base@21.0.8)
  45:         11497         735808  java.util.concurrent.ConcurrentHashMap (java.base@21.0.8)
  46:          2792         730232  [Z (java.base@21.0.8)
  47:         45075         721200  it.unimi.dsi.fastutil.ints.Int2ObjectOpenHashMap$MapEntrySet
  48:         30031         720744  java.lang.invoke.ResolvedMethodName (java.base@21.0.8)
  49:          3760         714928  [S (java.base@21.0.8)
  50:         22272         712704  ai.grazie.nlp.patterns.AhoCorasickPattern$TrieNode
  51:         16771         670840  java.lang.ref.SoftReference (java.base@21.0.8)
  52:         16603         664120  java.lang.invoke.DirectMethodHandle (java.base@21.0.8)
  53:         26953         646872  ai.grazie.rules.common.KnownPhrases$Phrase
  54:         19642         628544  com.intellij.util.xml.dom.XmlElement
  55:         19604         627328  java.lang.ref.WeakReference (java.base@21.0.8)
  56:         11765         564720  [Ljava.lang.CharSequence; (java.base@21.0.8)
  57:         22877         549048  kotlin.reflect.jvm.internal.impl.protobuf.FieldSet
  58:         30641         490256  java.lang.Integer (java.base@21.0.8)
  59:         18283         484304  [Lorg.languagetool.rules.patterns.AbstractTokenBasedRule$TokenHint;
  60:          9516         456768  org.languagetool.rules.patterns.PatternToken$RareFields
  61:          9405         451440  java.lang.invoke.DirectMethodHandle$Constructor (java.base@21.0.8)
  62:         11001         440040  com.intellij.openapi.extensions.ExtensionDescriptor
  63:         18216         437184  kotlin.Pair
  64:         10808         432320  java.util.WeakHashMap$Entry (java.base@21.0.8)
  65:          7311         409416  org.languagetool.rules.patterns.Match
  66:         16585         398040  ai.grazie.detector.utils.collections.array.OneOptimizedFloatArray
  67:         16390         393360  it.unimi.dsi.fastutil.ints.IntArrayList
  68:         16266         390384  org.jetbrains.completion.full.line.local.tokenizer.BPERule
  69:         16264         390336  org.jetbrains.plugins.textmate.language.syntax.SyntaxNodeDescriptorImpl
  70:         15687         376488  kotlin.coroutines.CombinedContext
  71:          4237         372856  java.util.regex.Pattern (java.base@21.0.8)
  72:         15047         361128  java.lang.management.LockInfo (java.management@21.0.8)
  73:          2184         351104  [Lcom.intellij.util.containers.LinkedCustomHashMap$Entry;
  74:         14356         344544  java.util.BitSet (java.base@21.0.8)
  75:          3030         339360  kotlin.reflect.jvm.internal.impl.metadata.ProtoBuf$Function
  76:         10567         338144  java.util.Hashtable$Entry (java.base@21.0.8)
  77:           124         337072  [Lcom.intellij.util.lang.ImmutableZipEntry;
  78:         10294         329408  java.lang.invoke.LambdaForm$Name (java.base@21.0.8)
  79:         10137         324384  com.intellij.util.lang.ClassLoadingLocks$WeakLockReference
  80:          6552         314496  kotlin.reflect.jvm.internal.impl.metadata.ProtoBuf$Type$Argument
  81:         12998         311952  java.util.Collections$UnmodifiableRandomAccessList (java.base@21.0.8)
  82:          3999         303880  [Ljava.lang.ref.SoftReference; (java.base@21.0.8)
  83:             1         294928  [Lcom.intellij.openapi.vfs.newvfs.persistent.namecache.MRUFileNameCache$CacheEntryNameWithId;
  84:         18392         294272  org.jetbrains.plugins.textmate.language.syntax.TextMateCapture$Name
  85:          6129         294192  com.intellij.openapi.extensions.impl.XmlExtensionAdapter
  86:          7271         290840  java.util.Collections$SingletonMap (java.base@21.0.8)
  87:         11660         279840  kotlin.reflect.jvm.internal.ReflectProperties$LazySoftVal
  88:          5714         274272  java.lang.invoke.DirectMethodHandle$Accessor (java.base@21.0.8)
  89:          8388         267232  [Lorg.jetbrains.plugins.textmate.language.syntax.TextMateCapture;
  90:          5332         255936  it.unimi.dsi.fastutil.objects.ObjectOpenHashSet
  91:          6345         253800  java.lang.invoke.BoundMethodHandle$Species_L (java.base@21.0.8)
  92:           720         253696  [[Lcom.intellij.util.lang.Loader;
  93:          7697         246304  java.util.concurrent.locks.ReentrantLock$NonfairSync (java.base@21.0.8)
  94:          5095         244560  com.intellij.openapi.extensions.impl.SimpleConstructorInjectionAdapter
  95:          3320         239040  com.goide.psi.GoFile
  96:         14762         236192  com.intellij.openapi.extensions.PluginId
  97:          9249         221976  java.util.ImmutableCollections$List12 (java.base@21.0.8)
  98:          1800         220632  [Ljava.util.WeakHashMap$Entry; (java.base@21.0.8)
  99:          4539         217872  com.intellij.openapi.actionSystem.Presentation
 100:          8964         216992  [Lcom.intellij.internal.statistic.eventLog.validator.rules.FUSRule;
 101:          8947         214728  org.languagetool.rules.IncorrectExample
 102:          8928         214272  sun.reflect.annotation.AnnotationInvocationHandler (java.base@21.0.8)
 103:          1438         206952  [Ljava.lang.ClassValue$Entry; (java.base@21.0.8)
 104:          3975         205464  [Ljava.lang.invoke.LambdaForm$Name; (java.base@21.0.8)
 105:          8546         205104  java.util.Collections$SingletonList (java.base@21.0.8)
 106:          8523         204552  java.util.regex.Pattern$Slice (java.base@21.0.8)
 107:          6337         202784  [[Lorg.jetbrains.plugins.textmate.language.syntax.TextMateCapture;
 108:          2791         200952  kotlin.reflect.jvm.internal.impl.metadata.ProtoBuf$ValueParameter
 109:          4124         197952  java.util.logging.LogManager$LoggerWeakRef (java.logging@21.0.8)
 110:          8165         195960  ai.grazie.rules.tree.HintableFeature
 111:          3970         190560  java.lang.invoke.LambdaForm (java.base@21.0.8)
 112:          2575         185400  io.grpc.netty.shaded.io.netty.buffer.PoolSubpage
 113:          7271         174504  java.util.Arrays$ArrayList (java.base@21.0.8)
 114:          7172         172128  org.jetbrains.plugins.textmate.language.syntax.SyntaxNodeReferenceDescriptor
 115:          6995         167880  kotlin.SafePublicationLazyImpl
 116:          6933         166392  org.languagetool.rules.patterns.StringMatcher$1
 117:          4032         161280  com.intellij.ide.v.R.b9
 118:           240         161280  io.grpc.netty.shaded.io.netty.util.internal.shaded.org.jctools.queues.MpscArrayQueue
 119:          5019         160608  java.lang.Package (java.base@21.0.8)
 120:          3325         159600  com.intellij.psi.SingleRootFileViewProvider
 121:          9722         155552  java.lang.Character (java.base@21.0.8)
 122:            79         153184  [Ljava.nio.ByteBuffer; (java.base@21.0.8)
 123:          6281         150744  com.intellij.util.SmartList
 124:          2669         149464  com.intellij.ide.ui.IJColorUIResource
 125:          6185         148440  kotlin.reflect.jvm.internal.impl.storage.LockBasedStorageManager$LockBasedNotNullLazyValue
 126:          3681         147240  com.intellij.util.containers.ConcurrentWeakHashMap$WeakKey
 127:           401         146616  [Ljava.lang.management.ThreadInfo; (java.management@21.0.8)
 128:          6058         145392  java.util.regex.Pattern$BmpCharProperty (java.base@21.0.8)
 129:          6016         144384  com.intellij.openapi.vfs.newvfs.persistent.namecache.MRUFileNameCache$CacheEntryNameWithId
 130:          6009         144216  kotlin.reflect.jvm.internal.impl.name.Name
 131:          2952         141696  io.opentelemetry.sdk.metrics.internal.exemplar.ReservoirCell
 132:          5848         140352  java.util.regex.Pattern$SliceU (java.base@21.0.8)
 133:          5685         136440  ai.grazie.detector.utils.collections.array.TrivialOptimizedFloatArray
 134:          5640         135360  org.languagetool.rules.patterns.StringMatcher$4
 135:          1516         133408  kotlin.reflect.jvm.internal.impl.metadata.ProtoBuf$Annotation$Argument$Value
 136:          4125         132000  java.awt.Color (java.desktop)
 137:          4113         131616  com.intellij.openapi.vfs.newvfs.impl.VirtualFileImpl
 138:          4074         130368  com.intellij.util.containers.ConcurrentWeakValueHashMap$MyWeakReference
 139:          2024         129536  com.intellij.openapi.actionSystem.ActionStub
 140:          5256         126144  java.util.concurrent.atomic.AtomicLong (java.base@21.0.8)
 141:          3939         126048  kotlinx.coroutines.ChildHandleNode
 142:           982         125696  kotlin.reflect.jvm.internal.impl.metadata.ProtoBuf$Property
 143:          2604         125240  [Ljava.util.regex.Pattern$Node; (java.base@21.0.8)
 144:          5150         123600  kotlin.SynchronizedLazyImpl
 145:          7649         122384  java.util.concurrent.locks.ReentrantLock (java.base@21.0.8)
 146:          3042         121680  io.opentelemetry.sdk.internal.RateLimiter
 147:          2451         117648  kotlinx.coroutines.internal.DispatchedContinuation
 148:          4883         117192  com.intellij.openapi.actionSystem.Constraints
 149:          3589         114848  java.util.logging.LogManager$LogNode (java.logging@21.0.8)
 150:          2029         113624  java.util.logging.Logger (java.logging@21.0.8)
 151:           448         113128  [Ljava.lang.invoke.MethodHandle; (java.base@21.0.8)
 152:          2823         112920  com.intellij.util.containers.LinkedCustomHashMap$Entry
 153:          7030         112480  java.util.HashMap$KeySet (java.base@21.0.8)
 154:          1754         112256  java.net.URL (java.base@21.0.8)
 155:          1735         111040  kotlin.reflect.jvm.internal.impl.metadata.jvm.JvmProtoBuf$StringTableTypes$Record
 156:          1138         109248  sun.font.CFont (java.desktop)
 157:          1920         107520  com.intellij.ui.icons.CachedImageIcon
 158:          4471         107304  ai.grazie.detector.utils.collections.array.TwoOptimizedFloatArray
 159:          1670         106880  org.h2.mvstore.cache.CacheLongKeyLIRS$Entry
 160:          3327         106464  com.intellij.psi.impl.source.FileTrees
 161:          1319         105520  java.awt.Font (java.desktop)
 162:          2621         104840  com.fasterxml.jackson.databind.introspect.AnnotatedMethod
 163:          2184         104832  com.intellij.util.containers.LinkedCustomHashMap
 164:          1871         104776  com.intellij.openapi.util.registry.RegistryValue
 165:          4234         104176  [Lorg.languagetool.rules.patterns.PatternToken;
 166:          1427         102744  java.lang.reflect.Constructor (java.base@21.0.8)
 167:          3156         100992  kotlin.reflect.jvm.internal.impl.name.FqNameUnsafe
 168:          2091         100368  org.jdom.ImmutableElement
 169:           625          99344  [Ljava.util.Hashtable$Entry; (java.base@21.0.8)
 170:          3077          98464  java.lang.ref.ReferenceQueue (java.base@21.0.8)
 171:          3961          95064  java.awt.AWTEventMulticaster (java.desktop)
 172:          2365          94600  org.jdom.ContentList
 173:          3929          94296  java.lang.Class$AnnotationData (java.base@21.0.8)
 174:          3841          92184  jdk.internal.net.http.hpack.QuickHuffman$ImmutableNode (java.net.http@21.0.8)
 175:          1643          92008  com.intellij.openapi.extensions.impl.InterfaceExtensionPoint
 176:          1437          91968  java.lang.ClassValue$ClassValueMap (java.base@21.0.8)
 177:          3727          89448  java.lang.invoke.LambdaForm$NamedFunction (java.base@21.0.8)
 178:          1833          87984  java.lang.invoke.BoundMethodHandle$Species_LLL (java.base@21.0.8)
 179:          3662          87888  com.intellij.openapi.actionSystem.impl.ActionManagerStateActionItemDescriptor
 180:          2156          86240  kotlin.reflect.jvm.internal.impl.metadata.ProtoBuf$Annotation
 181:           715          85800  kotlin.reflect.jvm.internal.impl.serialization.deserialization.descriptors.DeserializedSimpleFunctionDescriptor
 182:          2647          84704  java.lang.invoke.MethodTypeForm (java.base@21.0.8)
 183:          3501          84024  kotlin.reflect.jvm.internal.impl.name.FqName
 184:          3500          84000  java.util.regex.Pattern$GroupTail (java.base@21.0.8)
 185:          3486          83664  java.util.regex.Pattern$GroupHead (java.base@21.0.8)
 186:          2604          83328  java.util.regex.Pattern$Branch (java.base@21.0.8)
 187:          2083          83320  java.util.TreeMap$Entry (java.base@21.0.8)
 188:          1701          81648  com.intellij.util.xmlb.TagBinding
 189:          1455          81480  com.intellij.openapi.command.impl.EditorChangeAction
 190:          2030          81200  java.util.logging.Logger$ConfigurationData (java.logging@21.0.8)
 191:          2535          81120  com.intellij.ide.plugins.ContainerDescriptor
 192:          2533          81056  sun.nio.fs.UnixPath (java.base@21.0.8)
 193:          2521          80672  com.intellij.util.indexing.impl.ChangeTrackingValueContainer
 194:          3360          80640  ai.grazie.rules.tree.NodePattern$$Lambda/0x0000009804a02748
 195:          1675          80400  com.intellij.ui.JBColor
 196:          3331          79944  java.util.concurrent.locks.AbstractQueuedSynchronizer$ConditionObject (java.base@21.0.8)
 197:          3325          79800  com.intellij.psi.impl.file.impl.OneItemMap
 198:          2490          79680  javax.swing.text.html.parser.ContentModel (java.desktop)
 199:          3282          78768  sun.reflect.generics.tree.SimpleClassTypeSignature (java.base@21.0.8)
 200:           544          78336  kotlin.reflect.jvm.internal.impl.metadata.ProtoBuf$Class
 201:          1902          76080  com.intellij.codeInspection.ex.ScopeToolState
 202:          4719          75504  kotlin.reflect.jvm.internal.impl.protobuf.SmallSortedMap$EntrySet
 203:          4686          74976  java.util.Collections$SingletonSet (java.base@21.0.8)
 204:          1168          74752  com.intellij.codeInsight.template.impl.TemplateImpl
 205:          2330          74560  com.intellij.util.keyFMap.PairElementsFMap
 206:          1546          74208  java.util.concurrent.locks.ReentrantReadWriteLock$NonfairSync (java.base@21.0.8)
 207:          2317          74144  ai.grazie.rules.tree.NodePattern
 208:          2298          73536  kotlinx.coroutines.debug.internal.HashedWeakRef
 209:          3048          73152  java.util.regex.Pattern$CharPropertyGreedy (java.base@21.0.8)
 210:           506          72864  com.intellij.ide.plugins.cl.PluginClassLoader
 211:          1010          72720  java.awt.geom.AffineTransform (java.desktop)
 212:          2229          71328  ai.grazie.detector.utils.collections.array.ThreeOptimizedFloatArray
 213:          4453          71248  java.util.concurrent.atomic.AtomicReference (java.base@21.0.8)
 214:           630          70560  com.intellij.codeInspection.LocalInspectionEP
 215:          1255          70280  com.intellij.util.io.PagedFileStorage
 216:          2918          70032  com.intellij.openapi.util.ObjectNode
 217:          1455          69840  com.intellij.openapi.command.undo.ImmutableActionChangeRange
 218:          4342          69472  java.util.concurrent.atomic.AtomicBoolean (java.base@21.0.8)
 219:          4330          69280  java.util.regex.Pattern$$Lambda/0x800000057 (java.base@21.0.8)
 220:          1442          69216  java.lang.invoke.MethodHandleImpl$AsVarargsCollector (java.base@21.0.8)
 221:          2884          69216  org.languagetool.rules.SuggestionWithMessage
 222:          1711          68440  com.intellij.util.containers.ConcurrentWeakKeySoftValueHashMap$WeakKey
 223:          2851          68424  java.util.regex.Pattern$Start (java.base@21.0.8)
 224:          1406          67488  com.intellij.openapi.components.ServiceDescriptor
 225:          1386          66528  kotlinx.coroutines.debug.internal.DebugCoroutineInfoImpl
 226:          1375          66000  kotlinx.coroutines.CancellableContinuationImpl
 227:            19          65864  [Ljava.nio.channels.SelectionKey; (java.base@21.0.8)
 228:             3          65648  [Ljava.lang.Comparable; (java.base@21.0.8)
 229:          2726          65424  kotlin.reflect.jvm.internal.impl.protobuf.SmallSortedMap$Entry
 230:          4088          65408  java.util.HashSet (java.base@21.0.8)
 231:           743          65384  com.intellij.ide.plugins.ContentModuleDescriptor
 232:          2704          64896  java.util.regex.Pattern$$Lambda/0x80000005c (java.base@21.0.8)
 233:          2024          64768  com.intellij.openapi.actionSystem.impl.ActionManagerImpl$$Lambda/0x00000098024626f8
 234:          1616          64640  ai.grazie.rules.tree.PatternHint$Disjunct
 235:          2683          64392  com.intellij.util.indexing.impl.ValueContainerImpl
 236:          2673          64152  com.intellij.util.keyFMap.OneElementFMap
 237:          1602          64080  kotlin.reflect.jvm.internal.impl.km.KmType
 238:          1141          63896  it.unimi.dsi.fastutil.objects.ObjectLinkedOpenHashSet
 239:          3282          62528  [Lsun.reflect.generics.tree.TypeArgument; (java.base@21.0.8)
 240:          1105          61880  java.lang.invoke.BoundMethodHandle$Species_LLLLL (java.base@21.0.8)
 241:          1531          61240  kotlin.reflect.jvm.internal.impl.types.SimpleTypeImpl
 242:          3808          60928  com.fasterxml.jackson.databind.introspect.AnnotationMap
 243:          1902          60864  com.intellij.codeInspection.ex.ToolsImpl
 244:          1787          60704  [Lcom.intellij.util.xml.dom.XmlElement;
 245:          2523          60552  kotlin.reflect.jvm.internal.impl.storage.LockBasedStorageManager$MapBasedMemoizedFunction
 246:          2521          60504  com.intellij.util.indexing.impl.ValueContainerMap$$Lambda/0x00000098033efca0
 247:          1885          60320  com.intellij.codeInspection.ex.LocalInspectionToolWrapper
 248:          2490          59760  java.util.concurrent.CopyOnWriteArrayList (java.base@21.0.8)
 249:           742          59360  kotlin.reflect.jvm.internal.KMutableProperty1Impl
 250:          2464          59136  org.languagetool.chunking.ChunkTag
 251:          2463          59112  com.intellij.internal.statistic.eventLog.validator.rules.impl.EnumValidationRule
 252:          3679          58864  com.intellij.openapi.actionSystem.impl.ProxyShortcutSet
 253:          2261          57616  [Lai.grazie.rules.tree.NodeMatcher;
 254:           549          57096  kotlin.reflect.jvm.internal.impl.load.java.descriptors.JavaMethodDescriptor
 255:          2360          56640  com.intellij.platform.core.nio.fs.MultiRoutingFsPath
 256:           875          56000  java.lang.Class$ReflectionData (java.base@21.0.8)
 257:          3498          55968  java.util.concurrent.atomic.AtomicInteger (java.base@21.0.8)
 258:          1735          55520  com.intellij.ui.icons.RasterizedImageDataLoader
 259:          1722          55104  com.intellij.util.containers.IntKeyWeakValueHashMap$MyReference
 260:          1356          54240  java.lang.ref.Finalizer (java.base@21.0.8)
 261:           144          54144  com.intellij.psi.codeStyle.CommonCodeStyleSettings
 262:          1688          54016  java.lang.ThreadLocal$ThreadLocalMap$Entry (java.base@21.0.8)
 263:          2244          53856  com.intellij.indexing.shared.util.zipFs.UncompressedZipPath
 264:          1344          53760  com.intellij.serviceContainer.ServiceDescriptorInstanceInitializer
 265:          3327          53232  com.intellij.psi.AbstractFileViewProvider$VirtualFileContent
 266:          3327          53232  com.intellij.psi.PsiLock
 267:          3325          53200  com.intellij.psi.impl.file.impl.FileProviderMapImpl
 268:          1102          52896  com.intellij.openapi.editor.markup.AttributesFlyweight
 269:          1638          52416  sun.security.util.ObjectIdentifier (java.base@21.0.8)
 270:          2182          52368  com.intellij.util.keyFMap.ArrayBackedFMap
 271:          2179          52296  com.intellij.psi.impl.PsiParameterizedCachedValue$Soft
 272:          3254          52064  sun.reflect.generics.tree.ClassTypeSignature (java.base@21.0.8)
 273:           812          51968  kotlin.reflect.jvm.internal.impl.km.KmFunction
 274:           721          51912  java.util.ResourceBundle$CacheKey (java.base@21.0.8)
 275:          1605          51360  org.languagetool.rules.patterns.StringMatcher$3
 276:          3208          51328  com.intellij.psi.util.CachedValuesManager$NonPhysicalPsiHandlerProvider
 277:          2136          51264  [Lkotlin.reflect.jvm.internal.impl.types.TypeProjection;
 278:          2136          51264  kotlin.reflect.jvm.internal.impl.types.IndexedParametersSubstitution
 279:          1584          50688  java.lang.ClassValue$Entry (java.base@21.0.8)
 280:          1570          50240  com.intellij.indexing.shared.util.zipFs.UncompressedZipFileSystem$LightZipEntry
 281:          1256          50240  java.lang.Exception (java.base@21.0.8)
 282:          1253          50120  com.intellij.util.io.ResizeableMappedFile
 283:          3118          49888  org.jetbrains.plugins.textmate.language.syntax.TextMateCapture$Rule
 284:          2078          49872  kotlinx.coroutines.CoroutineName
 285:          2064          49536  com.intellij.util.CachedValueBase$DefaultData
 286:          2069          49392  [Ljava.lang.reflect.Type; (java.base@21.0.8)
 287:           765          48960  io.opentelemetry.sdk.metrics.internal.state.AsynchronousMetricStorage
 288:          2032          48768  java.util.ImmutableCollections$ListN (java.base@21.0.8)
 289:          1521          48672  io.opentelemetry.sdk.internal.ThrottlingLogger
 290:          1002          48096  kotlin.reflect.jvm.internal.impl.descriptors.impl.ValueParameterDescriptorImpl
 291:          2999          47984  com.intellij.util.containers.LockFreeCopyOnWriteArrayList
 292:          1992          47808  com.fasterxml.jackson.databind.introspect.MemberKey
 293:           455          47320  com.intellij.util.io.PersistentMapImpl
 294:           587          46960  kotlinx.coroutines.channels.BufferedChannel
 295:          1465          46880  jdk.internal.reflect.DirectMethodHandleAccessor (java.base@21.0.8)
 296:          1164          46560  io.opentelemetry.sdk.metrics.internal.descriptor.AutoValue_MetricDescriptor
 297:           132          46464  com.intellij.ui.components.JBScrollPane$Corner
 298:          1451          46432  com.intellij.platform.util.coroutines.ChildScope
 299:          1443          46176  com.intellij.util.containers.UnsafeWeakList$MyReference
 300:          1442          46144  java.util.ResourceBundle$KeyElementReference (java.base@21.0.8)
 301:          1922          46128  org.languagetool.rules.patterns.PatternToken$PosToken
 302:          1736          45928  [Lcom.intellij.util.lang.Loader;
 303:          1901          45624  ai.grazie.spell.dictionary.rule.ReplacingRuleDictionary$Descriptor
 304:          1900          45600  com.intellij.psi.stubs.StubIdList
 305:          1882          45168  com.intellij.openapi.extensions.ExtensionPointDescriptor
 306:          2812          44992  jdk.proxy2.$Proxy10 (jdk.proxy2)
 307:           802          44912  com.intellij.openapi.actionSystem.DefaultActionGroup
 308:          1403          44896  org.h2.mvstore.Page$PageReference
 309:           696          44544  java.nio.DirectByteBufferR (java.base@21.0.8)
 310:          1848          44352  java.lang.Long (java.base@21.0.8)
 311:          1844          44256  com.intellij.indexing.shared.util.zipFs.UncompressedZipFileSystem$ZipTreeNode
 312:          1844          44256  org.jdom.ImmutableSameTypeAttributeList
 313:          1381          44192  com.goide.psi.properties.GoFileProperties
 314:           460          44160  com.intellij.util.io.PersistentBTreeEnumerator
 315:          1103          44120  com.intellij.openapi.editor.markup.AttributesFlyweight$FlyweightKey
 316:           612          44064  kotlinx.coroutines.flow.SharedFlowImpl
 317:          1376          44032  kotlinx.coroutines.ChildContinuation
 318:          1825          43800  com.intellij.openapi.vcs.ex.ChangelistsLocalLineStatusTracker$RangeState
 319:            79          43608  com.github.benmanes.caffeine.cache.MpscGrowableArrayQueue
 320:          1805          43320  com.fasterxml.jackson.core.sym.CharsToNameCanonicalizer$Bucket
 321:          1081          43240  com.intellij.openapi.vfs.newvfs.impl.VirtualDirectoryImpl
 322:          2669          42704  com.intellij.ide.ui.IJColorUIResource$$Lambda/0x000000980266ebc0
 323:          1773          42552  [Lcom.intellij.openapi.command.undo.DocumentReference;
 324:          1319          42208  com.intellij.util.containers.ConcurrentWeakKeyWeakValueHashMap$WeakValue
 325:          1744          41856  java.util.concurrent.ConcurrentLinkedQueue$Node (java.base@21.0.8)
 326:          1739          41736  com.intellij.ui.icons.IconDescriptionLoader
 327:          2604          41664  java.util.regex.Pattern$BranchConn (java.base@21.0.8)
 328:          1732          41568  kotlinx.coroutines.NodeList
 329:          1723          41352  kotlin.reflect.jvm.internal.impl.storage.LockBasedStorageManager$MapBasedMemoizedFunctionToNotNull
 330:           825          40808  [[J (java.base@21.0.8)
 331:           463          40744  com.intellij.util.io.IntToIntBtree
 332:          1691          40584  java.util.regex.Pattern$Ques (java.base@21.0.8)
 333:          1688          40512  com.intellij.openapi.util.Key
 334:          2512          40192  com.intellij.openapi.actionSystem.Presentation$$Lambda/0x0000009802416528
 335:          2500          40000  java.util.Collections$UnmodifiableCollection (java.base@21.0.8)
 336:          1657          39768  java.util.regex.Pattern$$Lambda/0x800000058 (java.base@21.0.8)
 337:          1653          39672  net.loomchild.segment.srx.Rule
 338:          1652          39648  com.intellij.util.io.StringRef
 339:          1236          39552  com.intellij.util.containers.intcaches.LinkedCustomIntObjectHashMap$Entry
 340:           988          39520  com.fasterxml.aalto.in.PNameN
 341:          1229          39328  kotlin.reflect.jvm.internal.impl.types.KotlinTypeFactory$$Lambda$0
 342:           350          39304  [Ljava.lang.ClassLoader; (java.base@21.0.8)
 343:          1637          39288  org.languagetool.rules.patterns.StringMatcher$2
 344:          1221          39072  com.intellij.serialization.PropertyAccessor
 345:          1219          39008  com.intellij.diff.util.Range
 346:           972          38880  sun.security.util.DerInputStream (java.base@21.0.8)
 347:           284          38624  java.awt.image.DirectColorModel (java.desktop)
 348:          1602          38448  kotlin.reflect.jvm.internal.impl.km.jvm.internal.JvmTypeExtension
 349:           681          38136  com.intellij.psi.impl.source.tree.CompositeElement
 350:          2371          37936  java.util.regex.Pattern$BitClass (java.base@21.0.8)
 351:           938          37520  kotlin.reflect.jvm.internal.impl.metadata.ProtoBuf$Annotation$Argument
 352:           936          37440  java.math.BigInteger (java.base@21.0.8)
 353:          1558          37392  com.intellij.openapi.actionSystem.impl.ActionManagerImpl$$Lambda/0x00000098023f8000
 354:          2323          37168  java.util.LinkedHashSet (java.base@21.0.8)
 355:          1547          37128  java.util.concurrent.locks.ReentrantReadWriteLock (java.base@21.0.8)
 356:           773          37104  java.util.TreeMap (java.base@21.0.8)
 357:          1158          37056  kotlinx.coroutines.InvokeOnCompletion
 358:          1154          36928  ai.grazie.rules.common.MultiWordSpelling$Phrase
 359:           919          36760  java.security.AccessControlContext (java.base@21.0.8)
 360:           912          36480  java.io.FileDescriptor (java.base@21.0.8)
 361:           455          36400  com.intellij.util.io.PersistentHashMapValueStorage
 362:          1502          36048  java.util.regex.Pattern$CharProperty (java.base@21.0.8)
 363:           102          35904  javax.swing.JPanel (java.desktop)
 364:          2216          35456  kotlin.reflect.jvm.internal.impl.types.TypeSubstitutor
 365:           886          35440  com.intellij.codeInsight.template.impl.Variable
 366:          1092          34944  com.fasterxml.jackson.databind.util.internal.PrivateMaxEntriesMap$Node
 367:          1455          34920  com.intellij.openapi.command.undo.MutableActionChangeRangeImpl
 368:          1087          34784  com.intellij.openapi.vfs.newvfs.impl.VfsData$DirectoryData
 369:          2167          34672  com.intellij.platform.instanceContainer.internal.StaticInstanceHolder
 370:           720          34560  com.intellij.util.lang.StrippedLongToObjectMap
 371:          1439          34536  java.lang.ThreadLocal$SuppliedThreadLocal (java.base@21.0.8)
 372:           429          34320  com.fasterxml.jackson.databind.deser.impl.MethodProperty
 373:          1068          34176  kotlin.reflect.jvm.internal.impl.resolve.scopes.SubstitutingScope
 374:           709          34032  sun.nio.ch.FileChannelImpl$DefaultUnmapper (java.base@21.0.8)
 375:          1062          33984  com.fasterxml.aalto.in.PNameC
 376:           708          33984  io.opentelemetry.sdk.metrics.internal.data.AutoValue_ImmutableLongPointData
 377:          1416          33984  java.util.LinkedHashMap$LinkedEntrySet (java.base@21.0.8)
 378:           847          33880  java.time.format.DateTimeFormatterBuilder$PrefixTree (java.base@21.0.8)
 379:          1407          33768  java.util.LinkedHashMap$LinkedValues (java.base@21.0.8)
 380:          1051          33632  java.util.regex.Pattern$Curly (java.base@21.0.8)
 381:          1391          33384  com.intellij.openapi.util.Pair
 382:          1386          33264  kotlinx.coroutines.debug.internal.DebugProbesImpl$CoroutineOwner
 383:          2074          33184  com.intellij.openapi.editor.markup.TextAttributes
 384:           690          33120  org.h2.mvstore.Page$Leaf
 385:           689          33072  jdk.internal.ref.CleanerImpl$PhantomCleanableRef (java.base@21.0.8)
 386:           590          33040  java.lang.Module (java.base@21.0.8)
 387:          1371          32904  com.intellij.psi.impl.PsiParameterizedCachedValue$Direct
 388:          1369          32856  kotlin.reflect.jvm.internal.impl.name.ClassId
 389:           455          32760  com.intellij.util.io.PersistentHashMapValueStorage$MyCompressedAppendableFile
 390:          1358          32592  java.util.LinkedHashMap$LinkedKeySet (java.base@21.0.8)
 391:          1016          32512  java.awt.Insets (java.desktop)
 392:          1013          32416  com.intellij.platform.plugins.parser.impl.elements.ActionElement$ActionDescriptorAction
 393:          1344          32256  com.intellij.platform.instanceContainer.internal.LazyInstanceHolder$Initial
 394:           330          31680  sun.font.AttributeValues (java.desktop)
 395:          1316          31584  com.intellij.util.text.ImmutableText
 396:           986          31552  jdk.internal.reflect.MethodHandleBooleanFieldAccessorImpl (java.base@21.0.8)
 397:          1314          31536  com.intellij.util.text.ImmutableText$InnerLeaf
 398:           788          31520  com.intellij.lang.LanguageExtensionPoint
 399:           696          31160  [Ljava.lang.reflect.Field; (java.base@21.0.8)
 400:           972          31104  sun.security.util.DerValue (java.base@21.0.8)
 401:           555          31080  kotlin.reflect.jvm.internal.impl.metadata.jvm.JvmProtoBuf$JvmPropertySignature
 402:           776          31040  jdk.internal.ref.Cleaner (java.base@21.0.8)
 403:           966          30912  com.fasterxml.jackson.databind.introspect.AnnotatedField
 404:           966          30912  com.intellij.openapi.actionSystem.impl.ActionManagerImplKt$$Lambda/0x0000009802416068
 405:          1903          30448  javax.swing.event.EventListenerList (java.desktop)
 406:          1266          30384  jdk.jfr.AnnotationElement (jdk.jfr@21.0.8)
 407:           947          30304  com.jetbrains.rd.util.lifetime.LifetimeDefinition
 408:           630          30240  com.intellij.openapi.editor.state.TransferableObjectStateProperty
 409:           630          30240  kotlin.reflect.jvm.internal.impl.metadata.ProtoBuf$QualifiedNameTable$QualifiedName
 410:           756          30240  kotlin.reflect.jvm.internal.impl.metadata.jvm.JvmProtoBuf$JvmMethodSignature
 411:          1885          30160  com.intellij.ui.icons.ScaledIconCache
 412:          1255          30120  com.intellij.util.io.PagedFileStorageCache
 413:          1248          29952  kotlin.reflect.jvm.internal.impl.types.TypeProjectionImpl
 414:           620          29760  java.util.Hashtable (java.base@21.0.8)
 415:           743          29720  com.intellij.ide.plugins.PluginContentDescriptor$ModuleItem
 416:          1235          29640  jdk.jfr.internal.AnnotationConstruct (jdk.jfr@21.0.8)
 417:           925          29600  com.intellij.openapi.actionSystem.impl.ActionManagerImpl$$Lambda/0x00000098028afb90
 418:           923          29536  com.intellij.openapi.actionSystem.impl.ActionManagerImplKt$$Lambda/0x0000009802465e80
 419:           923          29536  jdk.internal.reflect.MethodHandleIntegerFieldAccessorImpl (java.base@21.0.8)
 420:           461          29504  com.intellij.util.io.PersistentMapBuilder
 421:           921          29472  java.util.ImmutableCollections$Map1 (java.base@21.0.8)
 422:          1215          29160  java.util.regex.Pattern$BmpCharPropertyGreedy (java.base@21.0.8)
 423:           721          28840  java.util.ResourceBundle$BundleReference (java.base@21.0.8)
 424:           598          28704  java.lang.invoke.BoundMethodHandle$Species_LLJ (java.base@21.0.8)
 425:          1194          28656  sun.reflect.generics.reflectiveObjects.ParameterizedTypeImpl (java.base@21.0.8)
 426:          1191          28584  sun.reflect.generics.factory.CoreReflectionFactory (java.base@21.0.8)
 427:            71          28400  com.intellij.openapi.actionSystem.impl.ActionButton
 428:          1182          28368  java.util.Collections$SynchronizedRandomAccessList (java.base@21.0.8)
 429:           590          28320  com.intellij.openapi.fileEditor.impl.text.TextEditorCaretState
 430:          1766          28256  com.intellij.idea.IdeaLogger
 431:           235          28200  kotlin.reflect.jvm.internal.impl.serialization.deserialization.descriptors.DeserializedPropertyDescriptor
 432:           875          28000  jdk.internal.reflect.MethodHandleObjectFieldAccessorImpl (java.base@21.0.8)
 433:            80          27904  [Lio.grpc.netty.shaded.io.netty.buffer.PoolSubpage;
 434:           868          27776  com.intellij.openapi.util.registry.RegistryKeyBean
 435:           868          27776  com.intellij.openapi.util.registry.RegistryKeyDescriptor
 436:           691          27640  kotlinx.coroutines.flow.FlowKt__ChannelsKt$emitAllInternal$1
 437:          1148          27552  kotlinx.coroutines.StandaloneCoroutine
 438:           687          27480  jdk.jfr.ValueDescriptor (jdk.jfr@21.0.8)
 439:          1135          27240  com.intellij.codeInsight.template.impl.TemplateSettings$TemplateKey
 440:           844          27008  java.util.RegularEnumSet (java.base@21.0.8)
 441:           478          26768  kotlin.reflect.jvm.internal.impl.metadata.ProtoBuf$Constructor
 442:          1106          26544  com.intellij.openapi.actionSystem.KeyboardShortcut
 443:           829          26528  kotlin.reflect.jvm.internal.impl.types.FlexibleTypeImpl
 444:          1100          26400  java.util.regex.Pattern$SliceI (java.base@21.0.8)
 445:          1092          26208  com.fasterxml.jackson.databind.util.internal.PrivateMaxEntriesMap$WeightedValue
 446:          1091          26184  java.util.concurrent.LinkedBlockingQueue$Node (java.base@21.0.8)
 447:           653          26120  kotlin.reflect.jvm.internal.impl.km.KmValueParameter
 448:           233          26096  kotlin.reflect.jvm.internal.impl.serialization.deserialization.descriptors.DeserializedClassDescriptor
 449:           815          26080  java.util.concurrent.atomic.LongAdder (java.base@21.0.8)
 450:           172          26072  [Lorg.h2.mvstore.Page$PageReference;
 451:           362          26064  it.unimi.dsi.fastutil.objects.Object2LongOpenHashMap
 452:           650          26000  com.intellij.util.containers.WeakHashMap$WeakKey
 453:          1068          25632  [Lkotlin.reflect.jvm.internal.impl.descriptors.TypeParameterDescriptor;
 454:          1068          25632  sun.font.FontFamily$FontAndStyle (java.desktop)
 455:           399          25536  io.opentelemetry.sdk.metrics.internal.state.DefaultSynchronousMetricStorage
 456:          1566          25056  kotlin.reflect.jvm.internal.impl.km.KmClassifier$Class
 457:           626          25040  com.intellij.util.ui.JBInsets
 458:           620          24800  com.intellij.psi.impl.source.tree.PsiWhiteSpaceImpl
 459:          1550          24800  java.util.concurrent.locks.ReentrantReadWriteLock$Sync$ThreadLocalHoldCounter (java.base@21.0.8)
 460:          1550          24800  java.util.concurrent.locks.ReentrantReadWriteLock$WriteLock (java.base@21.0.8)
 461:            62          24800  javax.swing.JLabel (java.desktop)
 462:          1548          24768  java.util.concurrent.locks.ReentrantReadWriteLock$ReadLock (java.base@21.0.8)
 463:          1031          24744  kotlin.reflect.jvm.internal.impl.storage.LockBasedStorageManager$LockBasedLazyValue
 464:          1540          24640  ai.grazie.rules.tree.PatternHint
 465:           614          24560  kotlinx.coroutines.channels.ChannelSegment
 466:          1019          24456  org.jetbrains.plugins.textmate.language.preferences.TextMateBracePair
 467:           608          24320  com.intellij.psi.impl.source.tree.LeafPsiElement
 468:           602          24080  com.intellij.util.io.DirectBufferWrapper
 469:          1490          23840  org.jetbrains.plugins.textmate.bundles.TextMateFileNameMatcher$Name
 470:          1480          23680  com.intellij.util.SmartFMap
 471:           984          23616  io.opentelemetry.sdk.metrics.internal.aggregator.LongSumAggregator
 472:           266          23408  sun.java2d.metal.MTLSurfaceData$MTLOffScreenSurfaceData (java.desktop)
 473:           974          23376  com.intellij.openapi.vfs.newvfs.impl.VfsData$ChildrenIds
 474:           972          23328  [Lsun.security.x509.AVA; (java.base@21.0.8)
 475:           972          23328  sun.security.x509.AVA (java.base@21.0.8)
 476:           972          23328  sun.security.x509.RDN (java.base@21.0.8)
 477:           264          23232  com.intellij.openapi.editor.impl.RangeHighlighterImpl
 478:           726          23232  java.awt.Rectangle (java.desktop)
 479:           725          23200  com.intellij.platform.plugins.parser.impl.elements.ActionElement$ActionElementGroup
 480:           966          23184  com.intellij.openapi.actionSystem.Presentation$$Lambda/0x0000009802416780
 481:           962          23088  javax.swing.KeyStroke (java.desktop)
 482:           961          23064  com.intellij.serialization.stateProperties.ObjectStoredProperty
 483:           287          22960  it.unimi.dsi.fastutil.longs.Long2ObjectLinkedOpenHashMap
 484:           478          22944  java.lang.invoke.BoundMethodHandle$Species_LJ (java.base@21.0.8)
 485:          1429          22864  kotlinx.coroutines.internal.Removed
 486:           407          22792  com.intellij.openapi.extensions.impl.BeanExtensionPoint
 487:          1422          22752  com.intellij.psi.impl.source.SubstrateRef$StubRef
 488:           710          22720  com.intellij.internal.statistic.eventLog.events.VarargEventId
 489:           755          22640  [Ljava.security.ProtectionDomain; (java.base@21.0.8)
 490:           939          22536  com.intellij.patterns.PsiElementPattern$Capture
 491:           701          22432  kotlin.reflect.jvm.internal.impl.load.java.lazy.LazyJavaAnnotations
 492:            62          22320  com.intellij.ui.components.panels.NonOpaquePanel
 493:           556          22240  java.lang.invoke.DirectMethodHandle$Interface (java.base@21.0.8)
 494:           693          22176  com.intellij.openapi.actionSystem.impl.ActionManagerImpl$$Lambda/0x00000098028ab000
 495:           691          22112  com.intellij.util.lang.JarLoader
 496:          1070          22008  [Lcom.intellij.rml.dfa.impl.rml.ast.QueryNode;
 497:          1371          21936  java.util.HashMap$Values (java.base@21.0.8)
 498:           455          21840  com.intellij.util.io.PersistentMapImpl$2
 499:           545          21800  com.intellij.util.io.IntToIntBtree$BtreeIndexNodeView
 500:           887          21792  [Lcom.fasterxml.jackson.databind.JavaType;
 501:           338          21632  sun.security.ssl.CipherSuite (java.base@21.0.8)
 502:          1347          21552  javax.swing.ArrayTable (java.desktop)
 503:          1344          21504  java.util.concurrent.atomic.AtomicReferenceArray (java.base@21.0.8)
 504:          1344          21504  jdk.proxy2.$Proxy14 (jdk.proxy2)
 505:           671          21472  kotlinx.collections.immutable.implementations.immutableMap.TrieNode
 506:           382          21392  com.intellij.util.lang.ClassPath
 507:           668          21376  kotlinx.coroutines.internal.ScopeCoroutine
 508:           529          21160  java.security.ProtectionDomain (java.base@21.0.8)
 509:           526          21040  java.security.CodeSource (java.base@21.0.8)
 510:           657          21024  com.intellij.codeInsight.intention.impl.config.IntentionActionWrapper
 511:           875          21000  com.intellij.platform.buildData.productInfo.ProductInfoLayoutItem
 512:           655          20960  java.util.Collections$UnmodifiableMap (java.base@21.0.8)
 513:           433          20784  kotlin.reflect.jvm.internal.impl.serialization.deserialization.DeserializationContext
 514:           845          20280  kotlin.reflect.jvm.internal.impl.km.jvm.JvmMethodSignature
 515:            56          20224  [Lcom.intellij.util.containers.intcaches.LinkedCustomIntObjectHashMap$Entry;
 516:           158          20224  com.intellij.database.dataSource.DatabaseDriverImpl
 517:            11          20144  [Lcom.fasterxml.jackson.core.sym.CharsToNameCanonicalizer$Bucket;
 518:           629          20128  com.intellij.util.lang.ImmutableZipFile
 519:           629          20128  com.intellij.util.lang.StrippedLongToLongMap
 520:           828          19872  kotlin.reflect.jvm.internal.impl.protobuf.LiteralByteString
 521:          1239          19824  com.intellij.serialization.FieldAccessor
 522:           275          19800  kotlin.reflect.jvm.internal.KProperty1Impl
 523:            99          19800  org.apache.xerces.impl.dv.xs.XSSimpleTypeDecl
 524:          1226          19616  kotlin.reflect.jvm.internal.KCallableImpl$$Lambda$0
 525:          1226          19616  kotlin.reflect.jvm.internal.KCallableImpl$$Lambda$1
 526:          1226          19616  kotlin.reflect.jvm.internal.KCallableImpl$$Lambda$2
 527:          1226          19616  kotlin.reflect.jvm.internal.KCallableImpl$$Lambda$3
 528:          1226          19616  kotlin.reflect.jvm.internal.KCallableImpl$$Lambda$4
 529:          1226          19616  kotlin.reflect.jvm.internal.KCallableImpl$$Lambda$5
 530:           812          19488  kotlin.reflect.jvm.internal.impl.km.jvm.internal.JvmFunctionExtension
 531:          1217          19472  kotlin.reflect.jvm.internal.KCallableImpl$$Lambda$6
 532:           810          19440  java.util.ImmutableCollections$Set12 (java.base@21.0.8)
 533:           806          19344  com.intellij.ide.plugins.PluginModuleId
 534:           482          19280  kotlinx.coroutines.InvokeOnCancelling
 535:           803          19272  kotlin.reflect.jvm.internal.impl.utils.SmartSet
 536:           802          19248  com.intellij.openapi.util.LowMemoryWatcher
 537:           846          18976  [Lorg.languagetool.AnalyzedToken;
 538:           790          18960  com.intellij.internal.statistic.eventLog.events.BooleanEventField
 539:           782          18768  com.jediterm.terminal.TextStyle
 540:           334          18704  com.intellij.codeInsight.intention.IntentionActionBean
 541:          1168          18688  com.intellij.codeInsight.template.impl.TemplateContext
 542:           640          18672  [Lai.grazie.rules.tree.NodePattern;
 543:           388          18624  io.opentelemetry.sdk.metrics.internal.descriptor.AutoValue_InstrumentDescriptor
 544:           769          18456  com.intellij.util.concurrency.SynchronizedClearableLazy
 545:           384          18432  io.grpc.netty.shaded.io.netty.buffer.PoolChunkList
 546:           575          18400  com.intellij.concurrency.ConcurrentHashMap$Node
 547:          1148          18368  sun.font.Font2DHandle (java.desktop)
 548:           765          18360  io.opentelemetry.sdk.metrics.internal.state.ArrayBasedStack
 549:           765          18360  io.opentelemetry.sdk.metrics.internal.state.ObjectPool
 550:           456          18240  sun.reflect.generics.repository.MethodRepository (java.base@21.0.8)
 551:            65          18200  java.util.concurrent.ConcurrentHashMap$CounterCell (java.base@21.0.8)
 552:           752          18048  sun.reflect.generics.scope.ClassScope (java.base@21.0.8)
 553:           322          18032  com.fasterxml.jackson.databind.type.CollectionType
 554:          1126          18016  com.intellij.psi.stubs.SerializationManagerImpl$$Lambda/0x0000009803b3e678
 555:           223          17840  com.fasterxml.jackson.databind.deser.impl.FieldProperty
 556:           369          17712  [Lio.opentelemetry.sdk.metrics.internal.exemplar.ReservoirCell;
 557:           732          17568  java.util.regex.Pattern$Bound (java.base@21.0.8)
 558:           547          17504  com.intellij.internal.statistic.eventLog.events.EventId1
 559:          1092          17472  com.intellij.util.containers.SLRUMap$$Lambda/0x00000098022ff098
 560:          1092          17472  com.intellij.util.containers.SLRUMap$$Lambda/0x00000098022ff790
 561:           435          17400  kotlin.reflect.jvm.internal.impl.storage.LockBasedStorageManager$5
 562:           181          17376  com.intellij.codeInsight.daemon.impl.HighlightInfo
 563:           310          17360  java.awt.BorderLayout (java.desktop)
 564:           433          17320  kotlin.reflect.jvm.internal.impl.serialization.deserialization.TypeDeserializer
 565:           360          17280  java.lang.invoke.BoundMethodHandle$Species_LLLL (java.base@21.0.8)
 566:           360          17280  java.util.WeakHashMap (java.base@21.0.8)
 567:           714          17136  sun.java2d.StateTrackableDelegate (java.desktop)
 568:           428          17120  com.intellij.psi.impl.smartPointers.SmartPointerTracker$PointerReference
 569:           267          17088  java.security.Provider$Service (java.base@21.0.8)
 570:          1068          17088  kotlin.reflect.jvm.internal.impl.resolve.scopes.SubstitutingScope$$Lambda$0
 571:          1068          17088  kotlin.reflect.jvm.internal.impl.resolve.scopes.SubstitutingScope$$Lambda$1
 572:           709          17016  com.intellij.openapi.editor.colors.TextAttributesKey
 573:           425          17000  kotlin.reflect.jvm.internal.impl.metadata.jvm.JvmProtoBuf$JvmFieldSignature
 574:           706          16944  java.security.Provider$ServiceKey (java.base@21.0.8)
 575:            66          16928  [Ljava.lang.ThreadLocal$ThreadLocalMap$Entry; (java.base@21.0.8)
 576:           705          16920  com.intellij.util.containers.FreezableArrayList
 577:           702          16848  com.intellij.patterns.ObjectPattern$1
 578:            42          16800  com.intellij.ui.components.JBViewport
 579:           388          16776  [Lcom.intellij.platform.instanceContainer.internal.InstanceHolder;
 580:           349          16752  com.fasterxml.jackson.databind.type.SimpleType
 581:           418          16720  com.intellij.util.containers.ConcurrentWeakKeySoftValueHashMap$SoftValue
 582:           347          16656  kotlinx.coroutines.channels.BufferedChannel$emitAllInternal$1
 583:           561          16632  [Lorg.jdom.Content;
 584:           691          16584  com.intellij.util.lang.ZipResourceFile
 585:           343          16464  kotlinx.coroutines.flow.internal.ChannelFlow$collect$2
 586:           969          16456  [Lsun.reflect.generics.tree.FormalTypeParameter; (java.base@21.0.8)
 587:           513          16416  jdk.internal.loader.NativeLibraries (java.base@21.0.8)
 588:           512          16384  com.intellij.serialization.xml.KotlinAwareBeanBinding
 589:           186          16368  com.fasterxml.jackson.databind.ser.BeanPropertyWriter
 590:          1022          16352  kotlin.reflect.jvm.internal.KPropertyImpl$$Lambda$0
 591:          1022          16352  kotlin.reflect.jvm.internal.KPropertyImpl$$Lambda$1
 592:           678          16272  java.util.ImmutableCollections$SetN (java.base@21.0.8)
 593:          1017          16272  kotlin.reflect.jvm.internal.KProperty1Impl$$Lambda$1
 594:           677          16248  com.jediterm.terminal.model.CharBuffer
 595:           676          16224  com.jediterm.terminal.model.TerminalLine$TextEntry
 596:           667          16200  [Lcom.intellij.ui.svg.IconValue;
 597:           506          16192  com.intellij.util.lang.MultiParentClassLoaderHelper
 598:           224          16128  com.intellij.openapi.actionSystem.impl.ActionGroupStub
 599:           155          16120  kotlin.reflect.jvm.internal.KClassImpl$Data
 600:           251          16064  kotlin.reflect.jvm.internal.impl.metadata.ProtoBuf$TypeParameter
 601:           669          16056  com.intellij.ui.svg.IconValue
 602:           668          16032  kotlin.reflect.jvm.internal.impl.types.NullableSimpleType
 603:           249          15936  kotlin.reflect.jvm.internal.impl.descriptors.impl.PropertyGetterDescriptorImpl
 604:           495          15840  sun.reflect.generics.tree.MethodTypeSignature (java.base@21.0.8)
 605:           984          15744  io.opentelemetry.sdk.metrics.internal.view.SumAggregation$$Lambda/0x0000009802428400
 606:           655          15720  com.fasterxml.jackson.databind.PropertyName
 607:           326          15648  com.intellij.ide.settings.json.JsonSettingsModel$PropertyDescriptor
 608:           391          15640  io.opentelemetry.sdk.metrics.internal.exemplar.RandomFixedSizeExemplarReservoir
 609:           506          15632  [Lcom.intellij.ide.plugins.PluginModuleDescriptor;
 610:           976          15616  kotlin.reflect.jvm.internal.KProperty1Impl$$Lambda$0
 611:            15          15600  [Lokhttp3.internal.http2.Huffman$Node;
 612:           391          15584  [Lcom.intellij.util.xmlb.NestedBinding;
 613:           177          15576  kotlin.reflect.jvm.internal.impl.load.java.lazy.descriptors.LazyJavaClassMemberScope
 614:           323          15504  com.intellij.codeInsight.intention.impl.config.IntentionActionMetaData
 615:           242          15488  com.intellij.openapi.editor.impl.RangeHighlighterTree$RHNode
 616:           386          15440  com.goide.stubs.GoTypeStub
 617:            32          15424  [Lcom.intellij.psi.tree.IElementType;
 618:           482          15424  kotlinx.coroutines.channels.ProducerCoroutine
 619:           175          15400  com.fasterxml.jackson.databind.deser.CreatorProperty
 620:           637          15288  com.intellij.codeInsight.daemon.HighlightDisplayKey
 621:           632          15168  com.intellij.ide.plugins.ModuleDependencies
 622:           474          15168  sun.reflect.generics.repository.ClassRepository (java.base@21.0.8)
 623:           379          15160  kotlin.reflect.jvm.internal.impl.metadata.ProtoBuf$TypeTable
 624:           630          15120  jdk.internal.loader.AbstractClassLoaderValue$Sub (java.base@21.0.8)
 625:           629          15096  com.intellij.util.lang.Ikv$SizeAwareIkv
 626:           377          15080  org.jdom.Attribute
 627:           627          15048  kotlinx.coroutines.SupervisorJobImpl
 628:           312          14976  com.intellij.util.indexing.impl.SlruIndexStorageCacheProvider$SlruCache$cache$1
 629:           187          14960  com.intellij.indexing.shared.platform.impl.HashBasedMapReduceIndex
 630:           267          14952  com.intellij.util.containers.ConcurrentIntObjectHashMap
 631:           373          14920  kotlinx.coroutines.flow.StateFlowImpl
 632:           621          14904  com.intellij.internal.statistic.eventLog.validator.rules.beans.EventGroupRules
 633:           266          14896  com.intellij.openapi.command.impl.UndoableGroup
 634:           619          14856  java.util.regex.Pattern$StartS (java.base@21.0.8)
 635:           265          14840  kotlinx.coroutines.sync.MutexImpl
 636:           463          14816  com.intellij.util.io.IntToIntBtree$BtreeRootNode
 637:           923          14768  com.intellij.openapi.actionSystem.impl.ActionManagerImplKt$$Lambda/0x0000009802466a08
 638:           141          14664  sun.awt.image.IntegerInterleavedRaster (java.desktop)
 639:            31          14632  com.intellij.openapi.actionSystem.impl.ActionToolbarImpl
 640:           365          14600  com.intellij.internal.statistic.eventLog.EventLogGroup
 641:           455          14560  com.intellij.util.containers.LimitedPool
 642:           455          14560  com.intellij.util.io.PersistentMapImpl$MyEnumeratorRecordHandler
 643:           363          14520  java.lang.Throwable (java.base@21.0.8)
 644:           601          14424  com.intellij.util.io.PagedFileStorageCache$CachedBuffer
 645:           450          14400  com.fasterxml.jackson.databind.type.TypeBindings
 646:           450          14400  com.intellij.internal.statistic.eventLog.events.EnumEventField
 647:           449          14368  com.intellij.psi.impl.smartPointers.SmartPsiElementPointerImpl
 648:           256          14336  kotlinx.coroutines.flow.FlowKt__DelayKt$debounceInternal$1
 649:            17          14280  [Ljava.lang.ref.Reference; (java.base@21.0.8)
 650:           255          14280  io.opentelemetry.sdk.metrics.internal.state.MutableMeasurement
 651:           255          14280  io.opentelemetry.sdk.metrics.internal.state.SdkObservableMeasurement
 652:           591          14184  org.jetbrains.plugins.textmate.language.preferences.TextMateAutoClosingPair
 653:           443          14176  java.util.Vector (java.base@21.0.8)
 654:           253          14168  kotlinx.coroutines.flow.StateFlowImpl$collect$1
 655:           590          14160  [Lcom.intellij.openapi.fileEditor.impl.text.TextEditorCaretState;
 656:           590          14160  com.intellij.openapi.fileEditor.impl.text.TextEditorFoldingState
 657:           590          14160  com.intellij.openapi.fileEditor.impl.text.TextEditorState
 658:           588          14112  javax.swing.text.GapContent$UndoPosRef (java.desktop)
 659:           160          14080  jdk.jfr.internal.PlatformEventType (jdk.jfr@21.0.8)
 660:           585          14040  com.intellij.internal.statistic.eventLog.events.IntEventField
 661:           438          14016  java.lang.invoke.MethodHandleNatives$CallSiteContext (java.base@21.0.8)
 662:           438          14016  java.util.regex.Pattern$BnM (java.base@21.0.8)
 663:           581          13944  org.jetbrains.jewel.ui.icon.IntelliJIconKey
 664:           290          13920  sun.java2d.metal.MTLSurfaceDataProxy (java.desktop)
 665:           347          13880  kotlinx.coroutines.flow.FlowKt__ChannelsKt$emitAllImpl$1
 666:           345          13800  com.intellij.rml.dfa.impl.rml.ast.RelExprBinary
 667:           739          13768  [Lsun.reflect.generics.tree.FieldTypeSignature; (java.base@21.0.8)
 668:           430          13760  fleet.util.radixTrie.RadixTrieNode
 669:           191          13752  com.intellij.concurrency.ConcurrentHashMap
 670:           573          13752  com.intellij.patterns.compiler.PatternCompilerImpl$Node
 671:            78          13728  kotlinx.coroutines.scheduling.CoroutineScheduler$Worker
 672:           426          13632  com.intellij.psi.stubs.EmptyStub
 673:           340          13600  kotlinx.coroutines.flow.internal.ChannelFlow$collectToFun$1
 674:           283          13584  com.intellij.platform.recentFiles.backend.BackendRecentFilePresentation
 675:           849          13584  java.util.HashMap$EntrySet (java.base@21.0.8)
 676:           283          13584  kotlinx.coroutines.flow.internal.ChannelFlowTransformLatest$flowCollect$3
 677:           339          13560  com.intellij.platform.instanceContainer.internal.InstanceContainerImpl$UnregisterHandleImpl
 678:           339          13560  com.intellij.rml.dfa.impl.rml.ast.RelExprVar
 679:           561          13464  java.awt.Dimension (java.desktop)
 680:           336          13440  com.fasterxml.jackson.databind.PropertyMetadata
 681:           168          13440  com.intellij.ui.SimpleColoredComponent$ImmutableFont
 682:           240          13440  java.lang.invoke.BoundMethodHandle$Species_LLLJ (java.base@21.0.8)
 683:           839          13424  java.lang.Float (java.base@21.0.8)
 684:           209          13376  com.intellij.configurationStore.StateStorageManagerImpl$TrackedFileStorage
 685:           557          13368  jdk.internal.reflect.DirectConstructorHandleAccessor (java.base@21.0.8)
 686:            64          13312  [Lorg.h2.mvstore.cache.CacheLongKeyLIRS$Entry;
 687:           277          13296  sun.security.x509.X500Name (java.base@21.0.8)
 688:           415          13280  java.util.ImmutableCollections$MapN (java.base@21.0.8)
 689:           553          13272  com.goide.completion.imports.GoSettingsImportsFilter$$Lambda/0x00000098057773a8
 690:           550          13200  kotlin.reflect.jvm.internal.impl.renderer.DescriptorRendererOptionsImpl$property$$inlined$vetoable$1
 691:           275          13200  sun.font.FontFamily (java.desktop)
 692:           410          13120  com.intellij.util.messages.ListenerDescriptor
 693:           544          13056  com.intellij.database.dialects.base.TypeNames$MyMultiMap
 694:            32          13056  com.intellij.util.ui.StatusText$Fragment$1
 695:           271          13008  kotlinx.coroutines.flow.FlowKt__MergeKt$mapLatest$1
 696:           203          12992  com.intellij.xdebugger.impl.breakpoints.XBreakpointBase
 697:           374          12968  [Ljava.lang.reflect.Method; (java.base@21.0.8)
 698:           230          12880  kotlinx.coroutines.flow.SharedFlowImpl$collect$1
 699:           321          12840  com.intellij.util.containers.SLRUMap
 700:           320          12800  ai.grazie.rules.tree.DisjunctIndex
 701:           400          12800  com.intellij.util.containers.DisposableWrapperList$DisposableWrapper
 702:           532          12768  com.intellij.openapi.command.impl.UndoCommandFlushReason$Command
 703:           531          12744  com.intellij.util.indexing.containers.ChangeBufferingList
 704:           794          12704  com.intellij.platform.instanceContainer.internal.DynamicInstanceHolder
 705:           529          12696  java.util.regex.Pattern$Dollar (java.base@21.0.8)
 706:            26          12688  com.intellij.openapi.editor.toolbar.floating.EditorFloatingToolbar$EditorFloatingToolbarComponent
 707:           527          12648  java.util.concurrent.ConcurrentLinkedQueue (java.base@21.0.8)
 708:           790          12640  java.util.regex.Pattern$$Lambda/0x000000980414b2b8 (java.base@21.0.8)
 709:           522          12528  com.intellij.openapi.command.impl.EditorAndState
 710:           776          12416  io.opentelemetry.sdk.metrics.internal.concurrent.JreLongAdder
 711:             2          12320  [Lcom.fasterxml.aalto.in.ByteBasedPName;
 712:           385          12320  io.opentelemetry.sdk.metrics.internal.aggregator.LongSumAggregator$Handle
 713:           511          12264  kotlin.reflect.jvm.internal.KClassImpl
 714:           306          12240  com.intellij.openapi.vcs.ex.ChangelistsLocalLineStatusTracker$MyUndoableAction
 715:           765          12240  io.opentelemetry.sdk.metrics.internal.state.AsynchronousMetricStorage$$Lambda/0x000000980242b000
 716:           255          12240  java.lang.invoke.LambdaFormEditor$Transform (java.base@21.0.8)
 717:           382          12224  com.intellij.util.lang.ClasspathCache
 718:           382          12224  kotlin.reflect.jvm.internal.impl.storage.LockBasedStorageManager$4
 719:           509          12216  com.jediterm.terminal.TerminalColor
 720:           508          12192  com.intellij.util.lang.ClassLoadingLocks
 721:           304          12160  kotlinx.collections.immutable.implementations.immutableList.PersistentVectorBuilder
 722:           138          12144  com.intellij.openapi.options.advanced.AdvancedSettingBean
 723:            75          12000  com.intellij.ide.plugins.PluginMainDescriptor
 724:           214          11984  com.intellij.xdebugger.impl.breakpoints.BreakpointState
 725:           187          11968  com.intellij.indexing.shared.platform.impl.layout.FileBasedSharedIndexLocation$MyMapIndexStorage
 726:           495          11880  com.intellij.util.messages.impl.MessageBusConnectionImpl
 727:           742          11872  kotlin.reflect.jvm.internal.KMutableProperty1Impl$$Lambda$0
 728:            44          11712  [Lcom.intellij.concurrency.ConcurrentHashMap$Node;
 729:           292          11680  [Ljava.util.HashSet; (java.base@21.0.8)
 730:           292          11680  jdk.jfr.internal.Control (jdk.jfr@21.0.8)
 731:           724          11584  com.intellij.openapi.extensions.ExtensionPointName
 732:           482          11568  [Lcom.intellij.openapi.components.Service$Level;
 733:           289          11560  kotlinx.coroutines.sync.SemaphoreSegment
 734:           240          11520  io.netty.util.internal.shaded.org.jctools.queues.unpadded.MpscUnpaddedArrayQueue
 735:           179          11456  sun.nio.ch.FileChannelImpl (java.base@21.0.8)
 736:           474          11376  sun.reflect.generics.tree.ClassSignature (java.base@21.0.8)
 737:            29          11368  com.intellij.ui.components.JBScrollBar
 738:           708          11328  kotlinx.coroutines.internal.ContextScope
 739:           705          11280  kotlin.jvm.internal.Ref$ObjectRef
 740:           470          11280  kotlin.reflect.jvm.internal.impl.descriptors.impl.FieldDescriptorImpl
 741:           701          11216  kotlin.reflect.jvm.internal.impl.load.java.lazy.LazyJavaAnnotations$$Lambda$0
 742:           233          11184  kotlin.reflect.jvm.internal.impl.serialization.deserialization.ProtoContainer$Class
 743:           233          11184  kotlin.reflect.jvm.internal.impl.serialization.deserialization.descriptors.DeserializedClassDescriptor$memberScopeHolder$1
 744:           463          11112  com.intellij.util.io.PersistentEnumeratorBase$Version
 745:           463          11112  org.languagetool.tagging.disambiguation.rules.DisambiguatedExample
 746:           344          11008  com.fasterxml.jackson.databind.introspect.AnnotatedParameter
 747:           275          11000  com.intellij.openapi.editor.impl.FontFamilyServiceImpl$FontFamily
 748:           229          10992  com.intellij.psi.impl.smartPointers.AnchorElementInfo
 749:           274          10960  org.jdom.Element
 750:           456          10944  sun.reflect.generics.scope.MethodScope (java.base@21.0.8)
 751:            91          10920  sun.awt.image.ByteInterleavedRaster (java.desktop)
 752:           341          10912  com.intellij.psi.impl.source.resolve.reference.ProviderBinding$ProviderInfo
 753:           341          10912  jdk.internal.math.FDBigInteger (java.base@21.0.8)
 754:           339          10848  com.intellij.util.indexing.impl.ValueContainerMap
 755:           224          10752  com.fasterxml.aalto.in.PName3
 756:           448          10752  io.grpc.netty.shaded.io.netty.buffer.IntPriorityQueue
 757:           335          10720  com.intellij.psi.tree.TokenSet
 758:           333          10656  com.intellij.openapi.fileEditor.TextEditorWithPreview$MyFileEditorState
 759:           133          10640  sun.security.x509.X509CertImpl (java.base@21.0.8)
 760:           221          10608  com.intellij.util.containers.ConcurrentSoftHashMap$SoftKey
 761:           442          10608  kotlin.reflect.jvm.internal.impl.serialization.deserialization.AnnotationDeserializer
 762:           425          10600  [Ljava.beans.PropertyChangeListener; (java.desktop)
 763:           495          10584  [Lsun.reflect.generics.tree.TypeSignature; (java.base@21.0.8)
 764:           147          10584  com.intellij.ui.DeferredIconImpl
 765:           440          10560  com.intellij.openapi.actionSystem.impl.MyLazyValue
 766:           165          10560  com.intellij.psi.codeStyle.CommonCodeStyleSettings$IndentOptions
 767:           264          10560  sun.security.util.KnownOIDs (java.base@21.0.8)
 768:           438          10512  java.lang.invoke.MutableCallSite (java.base@21.0.8)
 769:           164          10496  com.google.api.services.cloudcode_pa.v1internal.model.Flag
 770:           382          10480  [Ljava.nio.file.Path; (java.base@21.0.8)
 771:           327          10464  com.intellij.util.io.keyStorage.AppendableStorageBackedByResizableMappedFile
 772:           163          10432  kotlin.reflect.jvm.internal.KFunctionImpl
 773:             1          10424  [Lorg.jetbrains.plugins.textmate.language.syntax.SyntaxNodeDescriptor;
 774:           217          10416  com.intellij.util.SingleAlarm
 775:            93          10416  java.awt.GridBagConstraints (java.desktop)
 776:           474          10400  [Lsun.reflect.generics.tree.ClassTypeSignature; (java.base@21.0.8)
 777:           433          10392  kotlin.reflect.jvm.internal.impl.serialization.deserialization.MemberDeserializer
 778:           216          10368  com.intellij.notification.NotificationGroup
 779:           216          10368  com.intellij.util.xmlb.CollectionBinding
 780:           215          10320  com.intellij.notification.impl.NotificationGroupEP
 781:           215          10320  it.unimi.dsi.fastutil.objects.ObjectOpenCustomHashSet
 782:           430          10320  java.lang.Double (java.base@21.0.8)
 783:           644          10304  jdk.proxy2.$Proxy9 (jdk.proxy2)
 784:           322          10304  kotlin.reflect.jvm.internal.impl.descriptors.ScopesHolderForClass
 785:           428          10272  com.intellij.openapi.util.SimpleModificationTracker
 786:           320          10240  com.intellij.util.xmlb.AttributeBinding
 787:           425          10200  java.beans.PropertyChangeSupport (java.desktop)
 788:           423          10152  com.intellij.util.messages.impl.PluginListenerDescriptor
 789:           317          10144  com.github.benmanes.caffeine.cache.PSMS
 790:           634          10144  com.intellij.codeInspection.ex.InspectionProfileImpl$$Lambda/0x0000009802f8daa0
 791:           634          10144  com.intellij.codeInspection.ex.InspectionToolRegistrarKt$$Lambda/0x0000009802f370a0
 792:            36          10080  java.util.concurrent.atomic.Striped64$Cell (java.base@21.0.8)
 793:           419          10056  kotlin.UnsafeLazyImpl
 794:           209          10032  kotlin.reflect.jvm.internal.impl.serialization.deserialization.descriptors.DeserializedMemberScope$OptimizedImplementation
 795:           313          10016  java.lang.ref.PhantomReference (java.base@21.0.8)
 796:           624           9984  kotlin.enums.EnumEntriesList
 797:           415           9960  java.lang.module.ModuleDescriptor$Exports (java.base@21.0.8)
 798:           622           9952  kotlinx.collections.immutable.implementations.immutableList.SmallPersistentVector
 799:           414           9936  com.intellij.psi.impl.source.SpineRef
 800:           414           9936  com.intellij.util.containers.DisposableWrapperList
 801:            17           9928  io.grpc.netty.shaded.io.netty.util.internal.shaded.org.jctools.queues.MpscChunkedArrayQueue
 802:           307           9824  com.intellij.openapi.extensions.LoadingOrder
 803:           306           9792  sun.java2d.DefaultDisposerRecord (java.desktop)
 804:            27           9720  com.intellij.ui.components.panels.Wrapper
 805:           606           9696  kotlin.reflect.jvm.internal.impl.descriptors.runtime.components.RuntimeSourceElementFactory$RuntimeSourceElement
 806:           403           9672  sun.security.x509.AlgorithmId (java.base@21.0.8)
 807:           302           9664  java.awt.datatransfer.DataFlavor (java.datatransfer@21.0.8)
 808:           402           9648  kotlinx.collections.immutable.implementations.immutableSet.TrieNode
 809:           399           9576  io.opentelemetry.sdk.metrics.internal.state.DefaultSynchronousMetricStorage$AggregatorHolder
 810:           171           9576  org.h2.mvstore.Page$NonLeaf
 811:           299           9568  com.intellij.serialization.stateProperties.StatePropertyFactoryImpl$obj$1
 812:           299           9568  com.intellij.util.EventDispatcher
 813:           199           9552  sun.java2d.loops.Blit (java.desktop)
 814:           397           9528  io.opentelemetry.sdk.metrics.internal.exemplar.FilteredExemplarReservoir
 815:           108           9504  com.intellij.featureStatistics.FeatureDescriptor
 816:           148           9472  com.intellij.util.keyFMap.MapBackedFMap
 817:            23           9384  com.intellij.openapi.wm.impl.SquareStripeButton
 818:           391           9384  io.opentelemetry.sdk.metrics.internal.exemplar.RandomFixedSizeExemplarReservoir$RandomCellSelector
 819:           292           9344  jdk.jfr.SettingDescriptor (jdk.jfr@21.0.8)
 820:           389           9336  io.opentelemetry.sdk.metrics.internal.descriptor.AutoValue_Advice
 821:           194           9312  kotlin.reflect.jvm.internal.impl.serialization.deserialization.descriptors.DeserializedClassDescriptor$DeserializedClassMemberScope
 822:           387           9288  java.lang.invoke.Invokers (java.base@21.0.8)
 823:            89           9256  kotlin.reflect.jvm.internal.impl.load.java.lazy.descriptors.LazyJavaClassDescriptor
 824:           231           9240  java.security.cert.TrustAnchor (java.base@21.0.8)
 825:            96           9216  com.intellij.openapi.wm.impl.WindowInfoImpl
 826:            16           9216  io.grpc.netty.shaded.io.netty.util.internal.shaded.org.jctools.queues.MpscUnboundedArrayQueue
 827:           383           9192  com.intellij.platform.workspace.storage.metadata.model.OwnPropertyMetadata
 828:           572           9152  com.intellij.openapi.util.ObjectNode$ListNodeChildren
 829:           277           9128  [Lsun.security.x509.RDN; (java.base@21.0.8)
 830:           283           9056  kotlin.reflect.jvm.internal.impl.load.java.lazy.LazyJavaResolverContext
 831:           283           9056  kotlin.reflect.jvm.internal.impl.load.java.lazy.types.JavaTypeResolver
 832:           283           9056  kotlin.reflect.jvm.internal.impl.types.TypeParameterUpperBoundEraser
 833:           283           9056  kotlinx.coroutines.flow.internal.ChannelFlowTransformLatest
 834:           283           9056  kotlinx.coroutines.flow.internal.ChannelFlowTransformLatest$flowCollect$3$1
 835:           226           9040  java.lang.invoke.VarHandle$AccessDescriptor (java.base@21.0.8)
 836:           375           9000  com.intellij.serialization.stateProperties.NormalizedStringStoredProperty
 837:           224           8960  com.intellij.util.CoroutinesKt$awaitCancellationAndInvoke$1
 838:           124           8928  com.fasterxml.jackson.databind.introspect.AnnotatedClass
 839:           223           8920  java.lang.invoke.DirectMethodHandle$Special (java.base@21.0.8)
 840:           371           8904  kotlinx.coroutines.channels.BufferedChannel$BufferedChannelIterator
 841:           222           8880  com.intellij.util.containers.ConcurrentSoftValueHashMap$MySoftReference
 842:           555           8880  kotlin.reflect.jvm.internal.impl.descriptors.runtime.structure.ReflectJavaMethod
 843:            15           8864  [[Ljava.lang.String; (java.base@21.0.8)
 844:           554           8864  sun.java2d.StateTrackableDelegate$1 (java.desktop)
 845:            22           8800  com.intellij.ui.tabs.impl.ActionButton$2
 846:           274           8768  io.grpc.netty.shaded.io.netty.util.internal.LongAdderCounter
 847:             2           8752  [Lcom.intellij.util.containers.RefHashMap$Key;
 848:           109           8720  java.net.URI (java.base@21.0.8)
 849:           272           8704  kotlin.reflect.jvm.internal.impl.descriptors.impl.ReceiverParameterDescriptorImpl
 850:           217           8680  com.intellij.ui.scale.UserScaleContext
 851:            98           8624  org.HdrHistogram.HistogramIterationValue
 852:           215           8600  com.intellij.configurationStore.ComponentInfoImpl
 853:           179           8592  com.goide.stubs.GoMethodDeclarationStub
 854:           214           8560  com.intellij.util.ui.JBInsets$JBInsetsUIResource
 855:           266           8512  com.google.api.client.util.FieldInfo
 856:            20           8480  com.intellij.ui.components.JBScrollPane
 857:           529           8464  [Ljava.security.Principal; (java.base@21.0.8)
 858:           529           8464  java.security.ProtectionDomain$Key (java.base@21.0.8)
 859:           352           8448  com.intellij.openapi.util.NotNullLazyValue$1
 860:           351           8424  com.intellij.internal.statistic.utils.EventDescriptor
 861:           263           8416  com.intellij.sql.psi.SqlReferenceElementType
 862:           349           8376  java.util.Date (java.base@21.0.8)
 863:           209           8360  java.lang.reflect.Parameter (java.base@21.0.8)
 864:            95           8360  sun.awt.image.BufImgSurfaceData (java.desktop)
 865:           347           8328  com.intellij.psi.impl.PsiCachedValueImpl$Direct
 866:           208           8320  com.goide.psi.impl.GoCommentImpl
 867:           208           8320  sun.security.pkcs11.SunPKCS11$Descriptor (jdk.crypto.cryptoki@21.0.8)
 868:           346           8304  com.intellij.AbstractBundle$$Lambda/0x0000009802802978
 869:           148           8288  java.beans.MethodDescriptor (java.desktop)
 870:           518           8288  jdk.proxy2.$Proxy11 (jdk.proxy2)
 871:           207           8280  com.fasterxml.aalto.in.PName2
 872:           258           8256  com.intellij.ui.Gray
 873:           129           8256  java.nio.DirectByteBuffer (java.base@21.0.8)
 874:             1           8208  [Lcom.fasterxml.aalto.in.PNameC;
 875:           114           8208  it.unimi.dsi.fastutil.objects.Object2ObjectOpenCustomHashMap
 876:           205           8200  java.util.IdentityHashMap (java.base@21.0.8)
 877:           170           8160  com.goide.stubs.GoFunctionDeclarationStub
 878:           339           8136  com.intellij.util.indexing.impl.LockedCacheWrapper
 879:           339           8136  com.intellij.util.indexing.impl.ValueContainerExternalizer
 880:           339           8136  com.intellij.util.indexing.impl.ValueSerializationChecker
 881:           506           8096  com.intellij.ide.plugins.cl.PluginClassLoader$$Lambda/0x000000980228e5c0
 882:           202           8080  com.intellij.platform.kernel.ids.BackendGlobalIdsManager$putId$1
 883:           335           8040  com.fasterxml.aalto.in.ByteBasedPNameTable$Bucket
 884:           201           8040  java.awt.FlowLayout (java.desktop)
 885:             3           7992  [Ljava.lang.Character$UnicodeScript; (java.base@21.0.8)
 886:           199           7960  com.intellij.psi.impl.smartPointers.SelfElementInfo
 887:           248           7936  kotlinx.coroutines.DelayKt$awaitCancellation$1
 888:           165           7920  kotlin.reflect.jvm.internal.impl.load.kotlin.header.KotlinClassHeader
 889:           330           7920  kotlinx.coroutines.flow.SharedFlowSlot
 890:            52           7904  com.intellij.polySymbols.webTypes.json.GenericCssContribution
 891:           246           7872  com.intellij.internal.statistic.eventLog.events.EventId2
 892:           123           7872  org.languagetool.AnalyzedTokenReadings
 893:           490           7840  java.lang.ThreadLocal (java.base@21.0.8)
 894:           489           7824  jdk.proxy2.$Proxy68 (jdk.proxy2)
 895:           325           7800  com.jetbrains.rhizomedb.Versioned
 896:           324           7776  com.intellij.ui.components.ScrollBarPainter$$Lambda/0x0000009803122b30
 897:           108           7776  com.intellij.util.indexing.impl.storage.TransientFileContentIndex
 898:           162           7776  sun.java2d.loops.ScaledBlit (java.desktop)
 899:           194           7760  com.goide.stubs.GoTypeReferenceExpressionStub
 900:           322           7728  java.beans.MethodRef (java.desktop)
 901:           482           7712  com.intellij.platform.util.coroutines.CoroutineScopeKt$$Lambda/0x00000098022a42f8
 902:           482           7712  com.intellij.platform.util.coroutines.CoroutineScopeKt$$Lambda/0x00000098022a4a38
 903:           320           7680  ai.grazie.rules.tree.OrCondition
 904:           198           7624  [Lkotlin.reflect.KProperty;
 905:           236           7552  com.intellij.serialization.stateProperties.FloatStoredProperty
 906:           313           7512  com.intellij.platform.recentFiles.backend.BackendRecentFilesEvent$ItemsUpdated
 907:           312           7488  com.intellij.util.indexing.impl.SlruIndexStorageCacheProvider$SlruCache
 908:           234           7488  io.grpc.netty.shaded.io.netty.buffer.PoolThreadCache$SubPageMemoryRegionCache
 909:           234           7488  io.netty.buffer.PoolThreadCache$SubPageMemoryRegionCache
 910:           187           7480  com.intellij.indexing.shared.platform.impl.SharedIndex$Impl
 911:           233           7456  kotlin.reflect.jvm.internal.impl.serialization.deserialization.descriptors.DeserializedClassDescriptor$DeserializedClassTypeConstructor
 912:           133           7448  sun.security.x509.X509CertInfo (java.base@21.0.8)
 913:           310           7440  com.intellij.database.dataSource.url.template.UrlTemplate
 914:           309           7416  java.util.concurrent.ConcurrentHashMap$KeySetView (java.base@21.0.8)
 915:           309           7416  java.util.regex.Pattern$$Lambda/0x0000009802a71030 (java.base@21.0.8)
 916:           463           7408  com.intellij.util.io.PersistentBTreeEnumerator$RecordBufferHandler
 917:            21           7392  javax.swing.Box$Filler (java.desktop)
 918:           184           7360  com.intellij.ui.MixedColorProducer
 919:           230           7360  com.intellij.util.messages.Topic
 920:           230           7360  java.util.Collections$SynchronizedMap (java.base@21.0.8)
 921:           153           7344  sun.security.util.MemoryCache$SoftCacheEntry (java.base@21.0.8)
 922:           229           7328  com.intellij.util.ui.JBEmptyBorder
 923:           229           7328  io.netty.util.AsciiString
 924:            76           7296  com.fasterxml.jackson.databind.deser.BeanDeserializer
 925:           130           7280  com.fasterxml.jackson.databind.deser.std.CollectionDeserializer
 926:           455           7280  com.intellij.util.SameThreadExecutorService
 927:           455           7280  com.intellij.util.io.PersistentBTreeEnumerator$RecordBufferHandler$$Lambda/0x000000980283bc68
 928:           455           7280  com.intellij.util.io.PersistentHashMapValueStorage$CreationTimeOptions
 929:           455           7280  com.intellij.util.io.PersistentMapImpl$$Lambda/0x00000098028406e0
 930:           455           7280  com.intellij.util.io.PersistentMapImpl$$Lambda/0x0000009802844350
 931:           455           7280  com.intellij.util.io.PersistentMapImpl$1
 932:           455           7280  com.intellij.util.io.PersistentMapImpl$MyEnumeratorRecordHandler$$Lambda/0x0000009802840000
 933:           455           7280  com.intellij.util.io.PersistentMapImpl$MyEnumeratorRecordHandler$$Lambda/0x0000009802840488
 934:           453           7248  ai.grazie.rules.tree.NodePattern$$Lambda/0x0000009804a0c400
 935:           453           7248  ai.grazie.rules.tree.NodePattern$$Lambda/0x0000009804a0c9e0
 936:           302           7248  java.awt.datatransfer.MimeType (java.datatransfer@21.0.8)
 937:           302           7248  kotlinx.coroutines.CompletedExceptionally
 938:           226           7232  com.intellij.sql.psi.stubs.elementTypes.SqlDefinitionExStubElementType
 939:           299           7184  [Lcom.intellij.openapi.components.Storage;
 940:           223           7136  javax.swing.text.html.CSS$LengthValue (java.desktop)
 941:           297           7128  java.util.AbstractMap$SimpleImmutableEntry (java.base@21.0.8)
 942:           178           7120  org.jetbrains.plugins.terminal.session.impl.StyleRange
 943:           222           7104  com.intellij.sql.liveTemplates.contextTypes.SqlDialectContextType
 944:           291           7088  [Lkotlinx.coroutines.flow.SharedFlowSlot;
 945:           295           7080  com.intellij.internal.statistic.eventLog.events.EventId
 946:           221           7072  com.intellij.serialization.stateProperties.EnumStoredProperty
 947:            98           7056  com.intellij.util.JBHiDPIScaledImage
 948:            63           7056  kotlin.reflect.jvm.internal.impl.load.java.descriptors.JavaPropertyDescriptor
 949:           220           7040  org.cef.handler.CefLoadHandler$ErrorCode (jcef)
 950:           219           7008  com.intellij.database.model.ObjectKind
 951:           292           7008  com.intellij.platform.instanceContainer.internal.ScopeHolder$$Lambda/0x00000098022a4f88
 952:           292           7008  jdk.jfr.internal.EventControl$NamedControl (jdk.jfr@21.0.8)
 953:           146           7008  kotlinx.coroutines.selects.SelectImplementation$ClauseData
 954:           109           6976  com.intellij.util.indexing.impl.storage.VfsAwareMapIndexStorage
 955:           290           6960  kotlin.reflect.jvm.internal.impl.storage.LockBasedStorageManager
 956:           435           6960  kotlin.reflect.jvm.internal.impl.types.AbstractTypeConstructor$$Lambda$0
 957:           435           6960  kotlin.reflect.jvm.internal.impl.types.AbstractTypeConstructor$$Lambda$2
 958:           434           6944  com.intellij.openapi.util.Ref
 959:           434           6944  java.beans.PropertyChangeSupport$PropertyChangeListenerMap (java.desktop)
 960:           433           6928  kotlin.reflect.jvm.internal.impl.serialization.deserialization.TypeDeserializer$$Lambda$0
 961:           433           6928  kotlin.reflect.jvm.internal.impl.serialization.deserialization.TypeDeserializer$$Lambda$1
 962:           144           6912  java.awt.image.SinglePixelPackedSampleModel (java.desktop)
 963:           431           6896  com.intellij.openapi.rd.LifetimeDisposableExKt$$Lambda/0x0000009802df09e8
 964:           431           6896  kotlin.reflect.jvm.internal.impl.metadata.deserialization.TypeTable
 965:           171           6840  kotlin.reflect.jvm.internal.impl.metadata.deserialization.MetadataVersion
 966:           284           6816  com.intellij.util.indexing.FileBasedIndexVersionInfo
 967:           212           6784  com.fasterxml.jackson.core.io.SerializedString
 968:            94           6768  com.intellij.ide.HelpTooltip
 969:           141           6768  java.awt.image.DataBufferInt (java.desktop)
 970:           169           6760  java.lang.Thread$FieldHolder (java.base@21.0.8)
 971:           169           6760  java.util.EnumMap (java.base@21.0.8)
 972:           211           6752  com.google.api.client.util.ArrayMap
 973:           105           6720  kotlinx.serialization.internal.PluginGeneratedSerialDescriptor
 974:           210           6720  org.jdom.AttributeList
 975:           279           6696  ai.grazie.rules.tree.NodePattern$$Lambda/0x0000009804bbeed8
 976:            93           6696  io.netty.buffer.PoolSubpage
 977:            49           6664  com.intellij.polySymbols.webTypes.json.GenericJsContribution
 978:           277           6648  com.intellij.ui.icons.PatchedRasterizedImageDataLoader
 979:           166           6640  javax.swing.text.html.parser.AttributeList (java.desktop)
 980:           166           6640  kotlin.reflect.jvm.internal.impl.metadata.jvm.JvmProtoBuf$StringTableTypes
 981:           276           6624  com.intellij.psi.impl.file.PsiDirectoryImpl
 982:           275           6600  com.intellij.openapi.util.TextRange
 983:           206           6592  com.intellij.util.concurrency.ChildContext
 984:           274           6576  com.intellij.util.messages.impl.SimpleMessageBusConnectionImpl
 985:           409           6544  ai.grazie.rules.tree.NodePattern$$Lambda/0x0000009804bd5060
 986:           409           6544  ai.grazie.rules.tree.NodePattern$$Lambda/0x0000009804bd52b8
 987:           272           6528  com.intellij.openapi.command.impl.UndoCommandFlushReason
 988:           136           6528  java.lang.invoke.MethodHandleImpl$CountingWrapper (java.base@21.0.8)
 989:           272           6528  kotlin.reflect.jvm.internal.impl.resolve.scopes.receivers.TransientReceiver
 990:           407           6512  java.lang.Short (java.base@21.0.8)
 991:           271           6504  javax.swing.text.html.StyleSheet$ResolvedStyle (java.desktop)
 992:           271           6504  okhttp3.internal.http2.Huffman$Node
 993:           270           6480  com.intellij.rml.dfa.impl.domains.Domain
 994:           269           6456  java.lang.reflect.Executable$ParameterData (java.base@21.0.8)
 995:           268           6432  ai.grazie.rules.common.PhraseReplacement
 996:           261           6416  [Lcom.intellij.psi.impl.source.resolve.reference.ProviderBinding$ProviderInfo;
 997:           401           6416  ai.grazie.rules.tree.NodePattern$$Lambda/0x0000009804bbde48
 998:           401           6416  java.util.regex.CharPredicates$$Lambda/0x0000009802a70da0 (java.base@21.0.8)
 999:           144           6400  [Lcom.fasterxml.jackson.databind.deser.SettableBeanProperty;
1000:           397           6352  kotlinx.coroutines.flow.StateFlowSlot
1001:           132           6336  kotlinx.coroutines.flow.internal.FlowCoroutineKt$scopedFlow$1$1
1002:           264           6336  org.languagetool.rules.patterns.Substrings
1003:           158           6320  com.intellij.internal.statistic.eventLog.events.EventId3
1004:            87           6264  java.beans.PropertyDescriptor (java.desktop)
1005:           195           6240  kotlin.reflect.jvm.internal.impl.descriptors.runtime.structure.ReflectJavaValueParameter
1006:           259           6216  javax.management.ImmutableDescriptor (java.management@21.0.8)
1007:           387           6192  com.intellij.openapi.editor.state.ObservableStateKt$sam$i$com_intellij_openapi_editor_state_SyncDefaultValueCalculator$0
1008:           110           6160  fleet.fastutil.ints.Int2ObjectOpenHashMap
1009:           256           6144  com.intellij.openapi.application.ModalityStateElement
1010:           256           6144  io.opentelemetry.api.trace.ImmutableTraceFlags
1011:           128           6144  kotlinx.coroutines.flow.FlowKt__DelayKt$debounceInternal$1$3$2
1012:            64           6144  org.h2.mvstore.cache.CacheLongKeyLIRS$Segment
1013:           153           6120  com.intellij.util.containers.ConcurrentWeakHashMap
1014:           153           6120  com.intellij.util.io.ResilientFileChannel
1015:           255           6120  javax.swing.text.html.parser.Entity (java.desktop)
1016:           254           6096  com.intellij.internal.statistic.service.fus.collectors.CounterUsageCollectorEP
1017:           127           6096  com.intellij.util.animation.JBAnimator
1018:           254           6096  kotlin.reflect.jvm.internal.impl.load.java.lazy.descriptors.LazyJavaPackageScope$FindClassRequest
1019:           254           6088  [Lcom.intellij.psi.ResolveResult;
1020:           152           6080  com.intellij.util.indexing.impl.storage.TransientChangesIndexStorage
1021:           253           6072  com.goide.psi.impl.GoResolveResult
1022:            62           6048  [Lcom.intellij.util.containers.ConcurrentIntObjectHashMap$Node;
1023:           126           6048  com.intellij.serialization.stateProperties.ListStoredProperty
1024:           151           6040  com.intellij.platform.workspace.storage.impl.url.VirtualFileUrlManagerImpl$FilePathNode
1025:           151           6040  java.util.regex.Pattern$Loop (java.base@21.0.8)
1026:           188           6016  com.intellij.util.ui.JBDimension$Size2D
1027:           188           6016  io.grpc.netty.shaded.io.netty.util.AsciiString
1028:           125           6000  com.intellij.util.animation.ShowHideAnimator
1029:           250           6000  com.intellij.util.text.ImmutableText$CompositeNode
1030:           229           5968  [Lkotlinx.coroutines.flow.StateFlowSlot;
1031:           149           5960  com.intellij.codeInsight.completion.CompletionContributorEP
1032:           248           5952  androidx.compose.ui.graphics.Color
1033:           247           5928  com.intellij.openapi.util.NotNullLazyValue$2
1034:           247           5928  java.security.Provider$UString (java.base@21.0.8)
1035:           185           5920  com.intellij.internal.ml.FloatFeature
1036:           185           5920  java.util.regex.Pattern$Behind (java.base@21.0.8)
1037:           246           5904  com.intellij.openapi.actionSystem.impl.ActionManagerImplKt$$Lambda/0x00000098028c9ca0
1038:           246           5904  kotlin.text.Regex
1039:           105           5880  ai.grazie.rules.Rule$PatternRule
1040:            49           5880  org.HdrHistogram.PercentileIterator
1041:           183           5856  com.intellij.codeInsight.daemon.impl.HighlightInfo$OffsetStore
1042:           183           5856  com.intellij.serialization.stateProperties.IntStoredProperty
1043:           277           5824  [Ljavax.swing.text.AttributeSet; (java.desktop)
1044:           239           5816  [Lcom.intellij.lang.injection.MultiHostInjector;
1045:           363           5808  kotlinx.collections.immutable.internal.MutabilityOwnership
1046:           181           5792  com.intellij.openapi.editor.impl.view.SimpleTextFragment
1047:           181           5792  com.jetbrains.cef.remote.thrift.meta_data.FieldMetaData (jcef)
1048:           180           5760  com.google.common.cache.LongAddables$JavaUtilConcurrentLongAdder
1049:            12           5760  com.intellij.toolWindow.ToolWindowHeader$1
1050:           119           5712  kotlinx.coroutines.internal.LimitedDispatcher
1051:           356           5696  kotlin.reflect.jvm.internal.KClassImpl$$Lambda$0
1052:            89           5696  kotlin.reflect.jvm.internal.impl.load.java.lazy.descriptors.LazyJavaStaticClassScope
1053:           237           5688  com.goide.psi.impl.GoTypeImpl
1054:           237           5688  java.util.regex.Pattern$$Lambda/0x800000059 (java.base@21.0.8)
1055:           237           5688  kotlin.reflect.jvm.internal.impl.types.AbstractTypeConstructor$Supertypes
1056:           177           5664  com.intellij.util.containers.FList
1057:            47           5640  java.lang.Thread (java.base@21.0.8)
1058:            64           5632  com.intellij.util.ui.JBFont
1059:           176           5632  kotlinx.coroutines.flow.internal.FlowCoroutine
1060:           234           5616  com.intellij.psi.stubs.StubIndexImpl$$Lambda/0x00000098047106e8
1061:           234           5616  kotlin.reflect.jvm.internal.impl.serialization.deserialization.ClassDeserializer$ClassKey
1062:            14           5600  com.intellij.find.SearchTextArea$MyActionButton
1063:           350           5600  java.util.regex.Pattern$Begin (java.base@21.0.8)
1064:           233           5592  com.fasterxml.aalto.in.CharBasedPNameTable$Bucket
1065:            87           5568  com.intellij.openapi.actionSystem.impl.ActionToolbarImpl$2
1066:           348           5568  com.intellij.openapi.editor.impl.IntervalTreeImpl$StaticSupplier
1067:           210           5552  [Lorg.jdom.Attribute;
1068:           347           5552  org.jetbrains.plugins.textmate.bundles.TextMateFileNameMatcher$Extension
1069:           344           5504  kotlin.reflect.jvm.internal.impl.descriptors.impl.AbstractClassDescriptor$1
1070:           344           5504  kotlin.reflect.jvm.internal.impl.descriptors.impl.AbstractClassDescriptor$2
1071:           344           5504  kotlin.reflect.jvm.internal.impl.descriptors.impl.AbstractClassDescriptor$3
1072:           137           5480  kotlinx.coroutines.selects.SelectImplementation
1073:           137           5480  kotlinx.coroutines.selects.SelectImplementation$doSelectSuspend$1
1074:           228           5472  java.util.LinkedList$Node (java.base@21.0.8)
1075:            17           5440  com.github.benmanes.caffeine.cache.SSMSW
1076:           339           5424  com.intellij.util.indexing.impl.IndexStorageLockingBase$$Lambda/0x0000009802829da0
1077:           339           5424  com.intellij.util.indexing.impl.IndexStorageLockingBase$$Lambda/0x000000980282a280
1078:           339           5424  com.intellij.util.indexing.impl.MapIndexStorage$$Lambda/0x0000009802845610
1079:           339           5424  com.intellij.util.indexing.impl.MapIndexStorage$$Lambda/0x0000009802845888
1080:           339           5424  com.intellij.util.indexing.impl.MapReduceIndex$$Lambda/0x000000980284da30
1081:           339           5424  com.intellij.util.indexing.impl.MapReduceIndex$1
1082:           339           5424  com.intellij.util.indexing.impl.storage.VfsAwareMapReduceIndex$$Lambda/0x000000980284d5a8
1083:           269           5416  [Ljava.lang.reflect.Parameter; (java.base@21.0.8)
1084:           169           5408  kotlin.reflect.jvm.internal.impl.load.java.lazy.LazyJavaTypeParameterResolver
1085:           224           5376  com.intellij.ide.plugins.advertiser.PluginData
1086:           112           5376  com.intellij.ui.components.ScrollBarPainter$1
1087:            67           5360  com.fasterxml.jackson.databind.util.internal.PrivateMaxEntriesMap
1088:           223           5352  sun.reflect.generics.repository.FieldRepository (java.base@21.0.8)
1089:           222           5328  com.intellij.sql.liveTemplates.LiveTemplateContextWrapper
1090:           166           5312  org.jsoup.parser.Tag
1091:           221           5304  java.util.regex.Pattern$$Lambda/0x000000980416f428 (java.base@21.0.8)
1092:           221           5304  org.jetbrains.plugins.textmate.language.preferences.TextMateShellVariable
1093:           191           5280  [Lcom.intellij.rml.dfa.impl.domains.DomainType;
1094:           165           5280  com.fasterxml.jackson.databind.introspect.AnnotatedConstructor
1095:           220           5280  com.intellij.openapi.actionSystem.impl.AddShortcutOperation
1096:           220           5280  com.intellij.patterns.IElementTypePattern
1097:            12           5280  com.intellij.toolWindow.InternalDecoratorImpl
1098:           132           5280  com.intellij.util.FileIconKey
1099:           132           5280  com.jetbrains.rdserver.ui.BackendDeferredIconStorage$DeferredIconModelWeakReference
1100:           132           5280  com.jetbrains.rdserver.ui.BackendDeferredIconStorage$DeferredIconWeakReference
1101:           110           5280  it.unimi.dsi.fastutil.ints.IntOpenHashSet
1102:           330           5280  java.util.regex.Pattern$$Lambda/0x80000005b (java.base@21.0.8)
1103:           165           5280  kotlin.reflect.jvm.internal.impl.load.kotlin.KotlinJvmBinarySourceElement
1104:           165           5280  kotlin.reflect.jvm.internal.impl.metadata.jvm.deserialization.JvmNameResolver
1105:            44           5280  kotlin.reflect.jvm.internal.impl.serialization.deserialization.descriptors.DeserializedClassConstructorDescriptor
1106:            14           5264  com.intellij.openapi.wm.impl.status.TextPanel$WithIconAndArrows
1107:             9           5256  io.netty.util.internal.shaded.org.jctools.queues.MpscChunkedArrayQueue
1108:           328           5248  java.lang.Character$UnicodeBlock (java.base@21.0.8)
1109:           217           5208  com.intellij.util.ui.JBScalableIcon$1
1110:            93           5208  java.awt.image.PixelInterleavedSampleModel (java.desktop)
1111:           216           5184  ai.grazie.rules.Example
1112:           162           5184  com.intellij.internal.statistic.eventLog.events.StringEventField$ValidatedByAllowedValues
1113:           162           5184  com.intellij.util.text.CharSequenceSubSequence
1114:           324           5184  kotlin.reflect.jvm.internal.impl.load.java.lazy.descriptors.LazyJavaScope$$Lambda$0
1115:           324           5184  kotlin.reflect.jvm.internal.impl.load.java.lazy.descriptors.LazyJavaScope$$Lambda$1
1116:           324           5184  kotlin.reflect.jvm.internal.impl.load.java.lazy.descriptors.LazyJavaScope$$Lambda$2
1117:           324           5184  kotlin.reflect.jvm.internal.impl.load.java.lazy.descriptors.LazyJavaScope$$Lambda$3
1118:           324           5184  kotlin.reflect.jvm.internal.impl.load.java.lazy.descriptors.LazyJavaScope$$Lambda$4
1119:           324           5184  kotlin.reflect.jvm.internal.impl.load.java.lazy.descriptors.LazyJavaScope$$Lambda$5
1120:           324           5184  kotlin.reflect.jvm.internal.impl.load.java.lazy.descriptors.LazyJavaScope$$Lambda$6
1121:           324           5184  kotlin.reflect.jvm.internal.impl.load.java.lazy.descriptors.LazyJavaScope$$Lambda$7
1122:           324           5184  kotlin.reflect.jvm.internal.impl.load.java.lazy.descriptors.LazyJavaScope$$Lambda$8
1123:           215           5160  kotlin.time.Duration
1124:            92           5152  java.nio.HeapByteBuffer (java.base@21.0.8)
1125:           322           5152  kotlin.reflect.jvm.internal.impl.descriptors.ScopesHolderForClass$$Lambda$0
1126:           321           5136  com.intellij.openapi.actionSystem.DataKey
1127:           214           5136  com.jetbrains.rhizomedb.VersionedEID
1128:           320           5120  ai.grazie.rules.tree.NodePattern$$Lambda/0x0000009804bb6000
1129:           128           5120  java.io.ObjectStreamField (java.base@21.0.8)
1130:           160           5120  jdk.jfr.internal.EventControl (jdk.jfr@21.0.8)
1131:           160           5120  jdk.jfr.internal.settings.EnabledSetting (jdk.jfr@21.0.8)
1132:           128           5120  kotlinx.coroutines.flow.FlowKt__DelayKt$debounceInternal$1$values$1
1133:            40           5120  org.h2.mvstore.SFChunk
1134:            91           5096  com.intellij.openapi.fileTypes.impl.FileTypeBean
1135:            49           5096  org.HdrHistogram.RecordedValuesIterator
1136:           159           5088  com.sun.jmx.mbeanserver.ConvertingMethod (java.management@21.0.8)
1137:           316           5056  jdk.proxy2.$Proxy15 (jdk.proxy2)
1138:            35           5040  com.intellij.polySymbols.webTypes.json.HtmlAttribute
1139:           157           5024  com.intellij.ui.popup.PopupState$JPopupMenuState
1140:            57           5016  [Lcom.intellij.internal.statistic.eventLog.events.EventField;
1141:           209           5016  kotlin.reflect.jvm.internal.impl.serialization.deserialization.descriptors.DeserializedMemberScope$OptimizedImplementation$$Lambda$3
1142:           209           5016  kotlin.reflect.jvm.internal.impl.serialization.deserialization.descriptors.DeserializedMemberScope$OptimizedImplementation$$Lambda$4
1143:           125           5000  kotlin.reflect.jvm.internal.impl.load.java.lazy.descriptors.ClassDeclaredMemberIndex
1144:            48           4992  com.intellij.openapi.wm.impl.ToolWindowImpl
1145:            12           4992  com.intellij.toolWindow.InternalDecoratorImpl$1
1146:            13           4992  com.intellij.ui.content.impl.ContentManagerImpl$MyNonOpaquePanel
1147:           104           4992  sun.security.rsa.RSAPublicKeyImpl (java.base@21.0.8)
1148:           124           4960  kotlinx.coroutines.internal.LockFreeTaskQueueCore
1149:           309           4944  jdk.proxy2.$Proxy19 (jdk.proxy2)
1150:           307           4912  jdk.proxy2.$Proxy16 (jdk.proxy2)
1151:           153           4896  com.intellij.util.io.FileChannelInterruptsRetryer
1152:           304           4864  com.intellij.openapi.command.impl.UndoRedoList
1153:           152           4864  com.intellij.patterns.TreeElementPattern$4
1154:           152           4864  com.intellij.util.containers.ConcurrentIntObjectHashMap$Node
1155:           302           4832  java.awt.datatransfer.MimeTypeParameterList (java.datatransfer@21.0.8)
1156:           201           4824  com.goide.psi.impl.GoTypeReferenceExpressionImpl
1157:            15           4800  com.github.benmanes.caffeine.cache.SSMSA
1158:           100           4800  com.goide.stubs.GoImportSpecStub
1159:           200           4800  com.intellij.openapi.editor.colors.ColorKey
1160:            75           4800  java.lang.module.ModuleDescriptor (java.base@21.0.8)
1161:           100           4800  javax.swing.text.AbstractDocument$DefaultDocumentEventUndoableWrapper (java.desktop)
1162:           100           4800  kotlinx.coroutines.flow.internal.CombineKt$combineInternal$2$1
1163:           200           4800  org.jetbrains.plugins.terminal.fus.DurationAndTextLength
1164:           199           4776  com.intellij.internal.statistic.eventLog.events.DoubleEventField
1165:           199           4776  com.intellij.util.EventDispatcher$$Lambda/0x00000098025ad4b0
1166:           199           4776  java.util.ArrayDeque (java.base@21.0.8)
1167:           294           4704  kotlinx.coroutines.flow.internal.SendingCollector
1168:           195           4680  sun.security.util.math.intpoly.IntegerPolynomial$ImmutableElement (java.base@21.0.8)
1169:           290           4640  kotlin.reflect.jvm.internal.impl.storage.DefaultSimpleLock
1170:           289           4624  kotlinx.coroutines.sync.SemaphoreAndMutexImpl$$Lambda/0x0000009802389e40
1171:            96           4608  jdk.jfr.internal.Type (jdk.jfr@21.0.8)
1172:           192           4608  org.apache.xerces.util.SymbolHash$Entry
1173:           115           4600  java.lang.WeakPairMap$Pair$Weak (java.base@21.0.8)
1174:            23           4600  org.HdrHistogram.Recorder$InternalAtomicHistogram
1175:           191           4584  com.intellij.rml.dfa.impl.relations.RelationSignature
1176:           190           4560  com.intellij.util.messages.impl.DescriptorBasedMessageBusConnection
1177:           189           4536  com.intellij.sql.psi.SqlCompositeElementType
1178:           283           4528  kotlin.reflect.jvm.internal.impl.load.java.lazy.types.RawProjectionComputer
1179:           283           4528  kotlin.reflect.jvm.internal.impl.types.TypeParameterErasureOptions
1180:           283           4528  kotlin.reflect.jvm.internal.impl.types.TypeParameterUpperBoundEraser$$Lambda$0
1181:           283           4528  kotlin.reflect.jvm.internal.impl.types.TypeParameterUpperBoundEraser$$Lambda$1
1182:            12           4512  com.intellij.openapi.ui.OnePixelDivider
1183:            12           4512  com.intellij.sql.formatter.settings.SqlCodeStyleCommonSettings
1184:           188           4512  com.intellij.util.ui.MyScaler
1185:            12           4512  com.intellij.util.ui.components.BorderLayoutPanel
1186:           188           4512  jdk.jfr.internal.settings.BooleanValue (jdk.jfr@21.0.8)
1187:            94           4512  kotlin.reflect.jvm.internal.impl.metadata.ProtoBuf$EnumEntry
1188:           116           4504  [[B (java.base@21.0.8)
1189:             2           4496  [Ljava.awt.Font; (java.desktop)
1190:           187           4488  com.intellij.indexing.shared.platform.impl.FileContentHashIndex$$Lambda/0x00000098037d56b8
1191:           187           4488  com.intellij.psi.impl.PsiCachedValueImpl$Soft
1192:            70           4480  com.intellij.openapi.editor.impl.RangeMarkerTree$RMNode
1193:           112           4480  com.intellij.util.indexing.IndexVersion
1194:            70           4480  javax.crypto.Cipher (java.base@21.0.8)
1195:           140           4480  sun.reflect.generics.reflectiveObjects.TypeVariableImpl (java.base@21.0.8)
1196:           279           4464  ai.grazie.rules.tree.NodePattern$$Lambda/0x0000009804bbf5f0
1197:             9           4464  com.intellij.openapi.editor.impl.EditorGutterComponentImpl
1198:           139           4448  javax.swing.text.StyleContext$NamedStyle (java.desktop)
1199:            15           4440  com.github.benmanes.caffeine.cache.SSMS
1200:            12           4416  com.intellij.openapi.wm.impl.content.ToolWindowContentUi$TabPanel
1201:           184           4416  javax.swing.ComponentInputMap (java.desktop)
1202:            24           4416  org.HdrHistogram.SingleWriterRecorder$InternalHistogram
1203:             9           4392  com.intellij.openapi.editor.impl.EditorInspectionsActionToolbar
1204:            91           4368  java.awt.image.DataBufferByte (java.desktop)
1205:           109           4360  tech.units.indriya.unit.TransformedUnit
1206:           136           4352  com.jediterm.terminal.model.TerminalLine
1207:           136           4352  javax.swing.SizeRequirements (java.desktop)
1208:           181           4344  com.goide.sdk.GoSdkUtil$CachedVendoredImportPathProvider
1209:           181           4344  com.jetbrains.cef.remote.thrift.protocol.TField (jcef)
1210:            60           4320  com.intellij.serialization.stateProperties.MyMap
1211:            12           4320  com.intellij.toolWindow.ToolWindowHeader$toolbarPanel$1
1212:            12           4320  com.intellij.toolWindow.xNext.island.XNextIslandHolder
1213:            90           4320  com.intellij.util.xmlb.MapBinding
1214:           108           4320  java.awt.image.BufferedImage (java.desktop)
1215:            90           4320  javax.swing.text.html.parser.Element (java.desktop)
1216:            90           4320  sun.java2d.loops.MaskBlit (java.desktop)
1217:            49           4312  com.fasterxml.jackson.databind.deser.std.StdValueInstantiator
1218:           179           4296  org.jetbrains.plugins.terminal.block.output.HighlightingInfo
1219:           179           4296  sun.nio.ch.NativeThreadSet (java.base@21.0.8)
1220:            67           4288  sun.security.ssl.SSLExtension (java.base@21.0.8)
1221:           107           4280  com.intellij.ide.impl.DataManagerImpl$$Lambda/0x0000009802e80530
1222:            89           4272  java.util.concurrent.LinkedBlockingQueue (java.base@21.0.8)
1223:            19           4256  com.github.benmanes.caffeine.cache.SSW
1224:           266           4256  com.intellij.openapi.actionSystem.Presentation$$Lambda/0x0000009802856e98
1225:            76           4256  java.lang.invoke.DirectMethodHandle$StaticAccessor (java.base@21.0.8)
1226:            76           4256  javax.swing.Timer (java.desktop)
1227:           266           4256  jdk.proxy4.$Proxy53 (jdk.proxy4)
1228:           177           4248  kotlin.reflect.jvm.internal.impl.load.java.lazy.descriptors.LazyJavaClassMemberScope$$Lambda$0
1229:           177           4248  kotlin.reflect.jvm.internal.impl.load.java.lazy.descriptors.LazyJavaClassMemberScope$$Lambda$2
1230:           177           4248  kotlin.reflect.jvm.internal.impl.load.java.lazy.descriptors.LazyJavaClassMemberScope$$Lambda$4
1231:            10           4240  com.intellij.openapi.wm.impl.content.TabContentLayout$2
1232:           265           4240  kotlinx.coroutines.sync.MutexImpl$$Lambda/0x000000980238a098
1233:           137           4232  [Ljava.util.List; (java.base@21.0.8)
1234:            12           4224  com.intellij.openapi.fileEditor.impl.TopBottomPanel
1235:           175           4200  com.ibm.icu.util.MeasureUnit
1236:            15           4200  javax.swing.CellRendererPane (java.desktop)
1237:           262           4192  com.goide.vgo.project.VgoPackageFactory$$Lambda/0x0000009804306000
1238:           131           4192  sun.security.x509.BasicConstraintsExtension (java.base@21.0.8)
1239:           174           4176  com.goide.psi.impl.GoFunctionDeclarationImpl
1240:             9           4176  com.intellij.openapi.editor.impl.EditorComponentImpl
1241:            87           4176  com.intellij.rml.dfa.impl.rml.ast.RelExprSingleAttribute
1242:            58           4176  kotlin.reflect.jvm.internal.impl.load.java.lazy.descriptors.LazyJavaPackageFragment
1243:            58           4176  kotlin.reflect.jvm.internal.impl.load.java.lazy.descriptors.LazyJavaPackageScope
1244:            65           4160  it.unimi.dsi.fastutil.objects.Object2ObjectOpenHashMap
1245:           129           4128  sun.security.x509.SubjectKeyIdentifierExtension (java.base@21.0.8)
1246:             1           4112  [Lcom.fasterxml.aalto.in.CharBasedPNameTable$Bucket;
1247:             1           4112  [Lcom.intellij.util.containers.hash.LongLinkedHashMap$Entry;
1248:           257           4112  java.lang.Byte (java.base@21.0.8)
1249:           128           4096  com.intellij.ui.SimpleColoredComponent$WidthKey
1250:           170           4080  com.intellij.database.dataSource.DatabaseDriverImpl$ArtifactRefImpl
1251:            10           4080  com.intellij.openapi.editor.impl.EditorInspectionsActionToolbar$ToolbarActionButton
1252:           127           4064  com.intellij.openapi.editor.impl.IntervalTreeImpl$WeakReferencedGetter
1253:           127           4064  java.util.LinkedList (java.base@21.0.8)
1254:           136           4048  [Lkotlin.reflect.KClass;
1255:           253           4048  ai.grazie.rules.tree.NodePattern$$Lambda/0x0000009804ba6e68
1256:           253           4048  ai.grazie.rules.tree.NodePattern$$Lambda/0x0000009804ba70c0
1257:           252           4032  com.intellij.ide.ui.AwtColorValue
1258:           252           4032  com.intellij.openapi.editor.state.FixedDefaultValue
1259:           126           4032  sun.security.x509.KeyUsageExtension (java.base@21.0.8)
1260:            10           4000  com.intellij.openapi.wm.impl.content.TabContentLayout$3
1261:           125           4000  java.lang.module.ModuleDescriptor$Requires (java.base@21.0.8)
1262:           100           4000  javax.swing.text.AbstractDocument$DefaultDocumentEvent (java.desktop)
1263:           166           3984  com.goide.sdk.GoSdkUtil$CachedImportPathProviderImpl
1264:           166           3984  kotlin.reflect.jvm.internal.impl.serialization.deserialization.descriptors.PreReleaseInfo
1265:           108           3976  [Lkotlin.Lazy;
1266:           124           3968  com.goide.controlflow.instructions.GoExpressionInstruction
1267:             8           3968  com.intellij.database.dialects.sqlite.sql.SqliteCodeStyleSettings
1268:             8           3968  com.intellij.sql.dialects.db2.Db2CodeStyleSettings
1269:             8           3968  com.intellij.sql.dialects.derby.DerbyCodeStyleSettings
1270:             8           3968  com.intellij.sql.dialects.h2.H2CodeStyleSettings
1271:             8           3968  com.intellij.sql.dialects.hsql.HsqlCodeStyleSettings
1272:             8           3968  com.intellij.sql.dialects.mssql.formatter.MsCodeStyleSettings
1273:             8           3968  com.intellij.sql.dialects.mysql.MysqlCodeStyleSettings
1274:             8           3968  com.intellij.sql.dialects.oracle.OraCodeStyleSettings
1275:             8           3968  com.intellij.sql.dialects.postgres.PgCodeStyleSettings
1276:             8           3968  com.intellij.sql.dialects.sql92.IsoSqlCodeStyleSettings
1277:             8           3968  com.intellij.sql.dialects.sybase.AseCodeStyleSettings
1278:             8           3968  com.intellij.sql.formatter.settings.SqlCodeStyleSettings
1279:           165           3960  kotlin.reflect.jvm.internal.impl.descriptors.runtime.components.ReflectKotlinClass
1280:           246           3936  ai.grazie.rules.tree.NodePattern$$Lambda/0x0000009804bd2be8
1281:           164           3936  com.github.benmanes.caffeine.cache.AccessOrderDeque
1282:           164           3936  com.intellij.ide.util.TipAndTrickBean
1283:           123           3936  com.sun.org.apache.xerces.internal.xni.QName (java.xml@21.0.8)
1284:           164           3936  java.lang.Character$UnicodeScript (java.base@21.0.8)
1285:            70           3920  com.sun.crypto.provider.CipherCore (java.base@21.0.8)
1286:            70           3920  sun.security.jca.ProviderList$ServiceList (java.base@21.0.8)
1287:           163           3912  ai.grazie.rules.util.regex.RegexMatcher$3
1288:           163           3912  kotlin.reflect.jvm.internal.KFunctionImpl$$Lambda$0
1289:             9           3888  com.intellij.openapi.editor.impl.EditorImpl
1290:             9           3888  com.intellij.openapi.editor.impl.EditorImpl$MyScrollPane
1291:            81           3888  com.intellij.util.Alarm
1292:            97           3880  com.intellij.openapi.actionSystem.impl.ActionToolbarImpl$ActionButtonBorder
1293:           161           3864  com.goide.sdk.GoSdkUtil$CachedAllImportPathProviderImpl
1294:           161           3864  com.intellij.openapi.fileTypes.ExtensionFileNameMatcher
1295:           161           3864  com.intellij.patterns.ObjectPattern$Capture
1296:            96           3840  com.intellij.rml.dfa.impl.rml.ast.RelExprQuantify
1297:           240           3840  com.jediterm.core.Color
1298:           160           3840  jdk.jfr.EventType (jdk.jfr@21.0.8)
1299:           159           3816  com.intellij.platform.workspace.storage.metadata.model.ValueTypeMetadata$SimpleType$CustomType
1300:           159           3816  kotlinx.coroutines.flow.ReadonlyStateFlow
1301:            68           3808  com.goide.stubs.GoTypeSpecStub
1302:           119           3808  com.intellij.openapi.editor.impl.EditorGutterLayout$GutterArea
1303:           158           3792  com.goide.inspections.core.GoMethodDescriptor
1304:            43           3784  kotlin.reflect.jvm.internal.impl.km.KmClass
1305:             8           3776  com.intellij.util.ui.ButtonlessScrollBarUI$EmptyButton
1306:             8           3776  javax.swing.JButton (java.desktop)
1307:           118           3776  kotlin.reflect.jvm.internal.impl.resolve.calls.inference.CapturedType
1308:           235           3760  com.goide.psi.GoFile$$Lambda/0x00000098047230c8
1309:            10           3760  com.intellij.openapi.wm.impl.status.TextPanel
1310:           233           3728  kotlin.reflect.jvm.internal.impl.serialization.deserialization.descriptors.DeserializedClassDescriptor$$Lambda$0
1311:           233           3728  kotlin.reflect.jvm.internal.impl.serialization.deserialization.descriptors.DeserializedClassDescriptor$$Lambda$1
1312:           233           3728  kotlin.reflect.jvm.internal.impl.serialization.deserialization.descriptors.DeserializedClassDescriptor$$Lambda$2
1313:           233           3728  kotlin.reflect.jvm.internal.impl.serialization.deserialization.descriptors.DeserializedClassDescriptor$$Lambda$3
1314:           233           3728  kotlin.reflect.jvm.internal.impl.serialization.deserialization.descriptors.DeserializedClassDescriptor$$Lambda$4
1315:           233           3728  kotlin.reflect.jvm.internal.impl.serialization.deserialization.descriptors.DeserializedClassDescriptor$DeserializedClassTypeConstructor$$Lambda$0
1316:           107           3720  [[C (java.base@21.0.8)
1317:            93           3720  com.sun.management.internal.DiagnosticCommandArgumentInfo (jdk.management@21.0.8)
1318:           155           3720  kotlin.reflect.jvm.internal.KClassImpl$Data$$Lambda$10
1319:           155           3720  kotlin.reflect.jvm.internal.KClassImpl$Data$$Lambda$3
1320:           155           3720  kotlin.reflect.jvm.internal.KClassImpl$Data$$Lambda$6
1321:           155           3720  kotlin.reflect.jvm.internal.KClassImpl$Data$$Lambda$8
1322:           155           3720  kotlin.reflect.jvm.internal.KClassImpl$Data$$Lambda$9
1323:           116           3712  kotlin.reflect.jvm.internal.impl.serialization.deserialization.ClassData
1324:            42           3696  ai.grazie.rules.tree.Node
1325:            92           3680  com.ibm.icu.impl.locale.LocaleObjectCache$CacheEntry
1326:            10           3680  com.intellij.openapi.ui.ThreeComponentsSplitter$Divider
1327:           115           3680  com.intellij.workspaceModel.ide.impl.VirtualFileUrlBridge
1328:           115           3680  java.lang.WeakPairMap$Pair$Weak$1 (java.base@21.0.8)
1329:           153           3672  com.intellij.internal.statistic.eventLog.events.LongEventField
1330:           229           3664  com.goide.psi.GoFile$$Lambda/0x0000009804723d58
1331:           229           3664  com.goide.psi.GoFile$$Lambda/0x0000009804735738
1332:            76           3648  com.fasterxml.jackson.databind.deser.impl.BeanPropertyMap
1333:           114           3648  java.util.concurrent.locks.AbstractQueuedSynchronizer$ExclusiveNode (java.base@21.0.8)
1334:           152           3648  java.util.regex.Pattern$Prolog (java.base@21.0.8)
1335:            91           3640  org.jetbrains.plugins.textmate.language.preferences.Preferences
1336:           227           3632  com.intellij.sql.psi.stubs.factories.SqlDefinitionExStubElementFactory
1337:           227           3632  com.intellij.sql.psi.stubs.serializers.SqlDefinitionExStubSerializer
1338:           151           3624  com.intellij.codeWithMe.ClientIdContextElement
1339:           113           3616  com.intellij.DynamicBundle
1340:           113           3616  com.intellij.lang.javascript.JSKeywordElementType
1341:           226           3616  kotlin.reflect.jvm.internal.impl.descriptors.impl.AbstractClassDescriptor$1$1
1342:            25           3600  [Ljava.lang.invoke.MemberName; (java.base@21.0.8)
1343:             9           3600  com.intellij.openapi.editor.impl.EditorImpl$MyScrollBar
1344:            64           3584  com.intellij.util.ui.TimerUtil$1
1345:           112           3584  com.jetbrains.T.v.vo
1346:           223           3568  com.intellij.openapi.actionSystem.Presentation$$Lambda/0x0000009802e94988
1347:           222           3552  com.intellij.codeInsight.template.TemplateContextType$$Lambda/0x000000980500bbb8
1348:           111           3552  com.intellij.ui.components.TwoWayAnimator$$Lambda/0x0000009803121f20
1349:             9           3528  com.intellij.openapi.editor.impl.EditorImpl$OpaqueAwareScrollBar
1350:           220           3520  com.goide.psi.GoFile$$Lambda/0x00000098044f5028
1351:            44           3520  com.google.common.cache.LocalCache$Segment
1352:             8           3520  com.intellij.toolWindow.ToolWindowToolbar$StripeV2
1353:           110           3520  com.intellij.util.ui.JBDimension
1354:            88           3520  com.sun.jna.Function
1355:           110           3520  org.languagetool.rules.Category
1356:           109           3488  com.intellij.indexing.shared.platform.impl.CompositeInvertedIndex
1357:           109           3488  com.intellij.internal.statistic.eventLog.events.StringEventField$ValidatedByCustomValidationRule
1358:           145           3480  com.intellij.ui.IconDeferrerImpl$$Lambda/0x0000009803e7bac0
1359:           145           3480  com.intellij.util.containers.ConcurrentSoftValueHashMap
1360:            97           3464  [Lcom.fasterxml.jackson.databind.introspect.AnnotationMap;
1361:           216           3456  ai.grazie.rules.tree.NodePattern$$Lambda/0x0000009804a024f0
1362:           108           3456  com.intellij.internal.statistic.service.fus.collectors.UsageCollectorBean
1363:           216           3456  com.intellij.serialization.xml.KotlinAwareBeanBinding$$Lambda/0x0000009802449b70
1364:           144           3456  com.intellij.util.ui.update.UiNotifyConnector$ContextActivatable
1365:           215           3440  [Ljava.lang.annotation.Annotation; (java.base@21.0.8)
1366:           142           3408  kotlin.reflect.jvm.internal.impl.descriptors.runtime.structure.ReflectJavaClassifierType
1367:           170           3392  [Lcom.sun.jmx.mbeanserver.MXBeanMapping; (java.management@21.0.8)
1368:           106           3392  com.intellij.rml.dfa.impl.rml.ast.StmtRelAssign
1369:           212           3392  java.util.Collections$UnmodifiableSet (java.base@21.0.8)
1370:           106           3392  sun.reflect.annotation.AnnotationType (java.base@21.0.8)
1371:           141           3384  com.intellij.indexing.shared.platform.impl.SharedIndex$Empty
1372:           141           3384  java.util.concurrent.CompletableFuture (java.base@21.0.8)
1373:           141           3384  sun.reflect.generics.tree.FormalTypeParameter (java.base@21.0.8)
1374:           140           3360  com.goide.psi.impl.GoParametersImpl
1375:           209           3344  com.intellij.openapi.util.NotNullLazyValue$$Lambda/0x0000009802415020
1376:           209           3344  kotlin.reflect.jvm.internal.impl.serialization.deserialization.descriptors.DeserializedMemberScope$$Lambda$0
1377:           209           3344  kotlin.reflect.jvm.internal.impl.serialization.deserialization.descriptors.DeserializedMemberScope$$Lambda$1
1378:           209           3344  kotlin.reflect.jvm.internal.impl.serialization.deserialization.descriptors.DeserializedMemberScope$OptimizedImplementation$$Lambda$0
1379:           209           3344  kotlin.reflect.jvm.internal.impl.serialization.deserialization.descriptors.DeserializedMemberScope$OptimizedImplementation$$Lambda$1
1380:           209           3344  kotlin.reflect.jvm.internal.impl.serialization.deserialization.descriptors.DeserializedMemberScope$OptimizedImplementation$$Lambda$2
1381:           139           3336  kotlin.reflect.jvm.internal.KClassImpl$Data$$Lambda$7
1382:           104           3328  com.intellij.util.indexing.impl.forward.PersistentMapBasedForwardIndex
1383:           104           3328  com.intellij.util.indexing.impl.storage.TransientChangeTrackingValueContainer
1384:            32           3328  io.grpc.netty.shaded.io.netty.buffer.PoolArena$DirectArena
1385:            32           3328  io.grpc.netty.shaded.io.netty.buffer.PoolArena$HeapArena
1386:           104           3328  tech.units.indriya.unit.ProductUnit
1387:            83           3320  com.intellij.ui.ClickListener$1
1388:            28           3312  [Lcom.intellij.psi.impl.smartPointers.SmartPointerTracker$PointerReference;
1389:            69           3312  com.intellij.configurationStore.ComponentWithStateModificationTrackerInfo
1390:             9           3312  com.intellij.openapi.editor.impl.EditorImpl$PanelWithFloatingToolbar
1391:           206           3296  jdk.proxy2.$Proxy310 (jdk.proxy2)
1392:           137           3288  com.intellij.internal.ml.CategoricalFeature$CategoryMapper
1393:           137           3288  com.intellij.util.ui.update.UiNotifyConnector
1394:            82           3280  com.sun.jna.Library$Handler$FunctionInfo
1395:            12           3264  com.github.benmanes.caffeine.cache.BoundedBuffer$RingBuffer
1396:             8           3264  com.intellij.openapi.actionSystem.impl.ActionButtonWithText
1397:             8           3264  com.intellij.openapi.wm.impl.ToolbarComboButton
1398:           136           3264  com.intellij.patterns.ObjectPattern$2
1399:           136           3264  com.intellij.patterns.ObjectPattern$3
1400:           102           3264  com.intellij.sql.dialects.ReservedEntity
1401:           136           3264  com.jediterm.terminal.model.TerminalLine$TextEntries
1402:           204           3264  kotlin.reflect.jvm.internal.impl.descriptors.runtime.structure.ReflectJavaClass
1403:           136           3264  kotlin.reflect.jvm.internal.impl.types.SimpleTypeWithAttributes
1404:           136           3264  sun.security.util.BitArray (java.base@21.0.8)
1405:           203           3248  com.intellij.xdebugger.impl.rpc.XBreakpointId
1406:            81           3240  com.goide.stubs.GoReceiverStub
1407:             9           3240  com.intellij.openapi.editor.impl.EditorHeaderPanel
1408:           135           3240  javax.swing.text.html.StyleSheet$SelectorMapping (java.desktop)
1409:             2           3208  [Lsun.java2d.loops.GraphicsPrimitive; (java.desktop)
1410:            50           3200  kotlin.reflect.jvm.internal.impl.serialization.deserialization.descriptors.DeserializedTypeParameterDescriptor
1411:           133           3192  com.goide.psi.impl.GoSignatureImpl
1412:           133           3192  sun.security.util.Cache$EqualByteArray (java.base@21.0.8)
1413:           133           3192  sun.security.x509.CertificateValidity (java.base@21.0.8)
1414:            99           3176  [Lcom.intellij.platform.workspace.storage.metadata.model.OwnPropertyMetadata;
1415:            33           3168  com.fasterxml.jackson.module.kotlin.KotlinValueInstantiator
1416:            99           3168  com.intellij.openapi.util.io.BufferExposingByteArrayOutputStream
1417:           132           3168  com.intellij.util.messages.impl.MessagePublisher
1418:           132           3168  com.jetbrains.rdserver.ui.BackendDeferredIconStorage$DeferredIconData
1419:            22           3168  java.text.DecimalFormat (java.base@21.0.8)
1420:            99           3168  java.time.format.DateTimeFormatterBuilder$NumberPrinterParser (java.base@21.0.8)
1421:            99           3168  kotlin.reflect.jvm.internal.KTypeImpl
1422:            44           3168  kotlinx.coroutines.flow.internal.CombineKt$combineInternal$2
1423:           131           3144  com.goide.vgo.imports.VgoImportResolver$$Lambda/0x0000009804766058
1424:           131           3144  com.jetbrains.cef.remote.thrift.meta_data.FieldValueMetaData (jcef)
1425:           131           3144  sun.security.x509.CertificateExtensions (java.base@21.0.8)
1426:            49           3136  com.fasterxml.jackson.databind.jsontype.impl.AsDeductionTypeDeserializer
1427:            98           3136  com.intellij.ui.components.TwoWayAnimator$$Lambda/0x0000009803122460
1428:            49           3136  javax.management.openmbean.OpenMBeanAttributeInfoSupport (java.management@21.0.8)
1429:            49           3136  kotlin.reflect.jvm.internal.impl.load.java.lazy.descriptors.LazyJavaTypeParameterDescriptor
1430:            78           3120  com.fasterxml.aalto.in.PName1
1431:           194           3104  kotlin.reflect.jvm.internal.impl.serialization.deserialization.descriptors.DeserializedClassDescriptor$DeserializedClassMemberScope$$Lambda$0
1432:           194           3104  kotlin.reflect.jvm.internal.impl.serialization.deserialization.descriptors.DeserializedClassDescriptor$DeserializedClassMemberScope$$Lambda$1
1433:           194           3104  kotlin.reflect.jvm.internal.impl.serialization.deserialization.descriptors.DeserializedClassDescriptor$DeserializedClassMemberScope$$Lambda$2
1434:            43           3096  com.intellij.indexing.shared.platform.impl.FileContentHashIndex
1435:           129           3096  com.intellij.internal.statistic.collectors.fus.actions.persistence.ActionsCollectorImpl$ActionUpdateStatsKey
1436:           129           3096  com.intellij.psi.css.impl.CssElementTypeImpl
1437:            43           3096  com.intellij.util.indexing.impl.storage.DefaultIndexStorageLayoutProviderKt$createIndexStorage$1
1438:            64           3072  com.intellij.openapi.fileEditor.impl.IdeDocumentHistoryImpl$PlaceInfo
1439:            96           3072  com.intellij.util.animation.AlphaAnimationContext
1440:           128           3072  com.intellij.util.io.FileChunkKey
1441:           128           3072  tech.units.indriya.unit.ProductUnit$Element
1442:           191           3056  ai.grazie.rules.tree.NodePattern$$Lambda/0x0000009804bc5a30
1443:           127           3040  [Ljava.lang.reflect.TypeVariable; (java.base@21.0.8)
1444:            95           3040  com.intellij.patterns.compiler.PatternCompilerImpl$LazyPresentablePattern
1445:           190           3040  com.intellij.util.EventDispatcher$$Lambda/0x00000098025ac8b0
1446:            57           3032  [Ljavax.management.MBeanAttributeInfo; (java.management@21.0.8)
1447:           126           3024  com.goide.psi.impl.GoTypeReference
1448:           126           3024  com.intellij.serialization.stateProperties.ModCountableList
1449:           126           3024  kotlinx.coroutines.flow.FlowKt__DelayKt$$Lambda/0x00000098025b6d18
1450:            94           3008  java.io.File (java.base@21.0.8)
1451:           125           3000  com.intellij.patterns.XmlAttributeValuePattern
1452:           125           3000  com.intellij.util.animation.Easing$Stateful
1453:           125           3000  com.intellij.util.io.OpenChannelsCache$ChannelDescriptor
1454:           187           2992  com.goide.sdk.GoPackageUtil$$Lambda/0x0000009804702650
1455:           187           2992  com.intellij.indexing.shared.platform.impl.HashBasedMapReduceIndex$MyKeyDescriptor
1456:           187           2992  com.intellij.indexing.shared.platform.impl.SharedIndex$Impl$$Lambda/0x00000098037d5910
1457:            93           2976  com.intellij.openapi.util.ClassExtensionPoint
1458:           124           2976  javax.swing.ActionMap (java.desktop)
1459:           124           2976  okio.ByteString
1460:            53           2968  jdk.internal.module.ModuleReferenceImpl (java.base@21.0.8)
1461:            74           2960  com.goide.stubs.GoConstDefinitionStub
1462:            74           2960  com.goide.stubs.GoConstSpecStub
1463:           185           2960  com.intellij.indexing.shared.platform.impl.SharedIndexExtension$SharedIndexExtensionImpl
1464:           185           2960  com.intellij.indexing.shared.platform.impl.layout.FileBasedSharedIndexLocation
1465:           185           2960  com.intellij.internal.ml.FloatFeature$FloatMapper
1466:           123           2952  org.slf4j.jul.JDK14LoggerAdapter
1467:            92           2944  com.ibm.icu.impl.locale.BaseLocale$Key
1468:            92           2944  org.apache.lucene.analysis.hunspell.RepEntry
1469:            61           2928  com.google.gson.internal.bind.ReflectiveTypeAdapterFactory$2
1470:           183           2928  com.intellij.indexing.shared.platform.impl.HashBasedMapReduceIndex$4
1471:            61           2928  com.intellij.util.ui.update.MergingUpdateQueue
1472:           122           2928  javax.swing.text.html.StyleSheet$SmallConversionSet (java.desktop)
1473:           183           2928  sun.reflect.generics.tree.TypeVariableSignature (java.base@21.0.8)
1474:           182           2912  com.intellij.psi.stubs.StubIndexEx$2
1475:             7           2912  com.intellij.ui.tabs.impl.TabLabel$createLabel$label$1
1476:            91           2912  kotlin.reflect.jvm.internal.impl.descriptors.impl.AbstractTypeParameterDescriptor$TypeParameterTypeConstructor
1477:            91           2912  kotlin.reflect.jvm.internal.impl.descriptors.impl.LazyClassReceiverParameterDescriptor
1478:           121           2904  com.intellij.patterns.StringPattern
1479:           120           2880  com.fasterxml.jackson.databind.introspect.AnnotatedClass$Creators
1480:           120           2880  com.google.common.base.Suppliers$NonSerializableMemoizingSupplier
1481:            60           2880  com.intellij.ide.fileTemplates.impl.DefaultTemplate
1482:             6           2880  com.intellij.openapi.wm.impl.headertoolbar.MyActionToolbarImpl
1483:           120           2880  com.intellij.psi.stubs.StubFieldAccessor
1484:            40           2880  com.intellij.util.concurrency.CancellationScheduledFutureTask
1485:            36           2880  javax.swing.plaf.FontUIResource (java.desktop)
1486:           179           2864  com.jetbrains.rd.util.AtomicReference
1487:           119           2856  com.goide.psi.impl.GoResultImpl
1488:           119           2856  com.intellij.internal.statistic.eventLog.events.RoundedIntEventField
1489:           119           2856  kotlin.reflect.jvm.internal.impl.descriptors.impl.AbstractTypeParameterDescriptor$1
1490:           119           2856  kotlin.reflect.jvm.internal.impl.descriptors.impl.AbstractTypeParameterDescriptor$2
1491:            89           2848  kotlin.reflect.jvm.internal.impl.load.java.lazy.descriptors.LazyJavaClassDescriptor$LazyJavaClassTypeConstructor
1492:            71           2840  androidx.compose.ui.graphics.vector.PathNode$CurveTo
1493:            71           2840  com.intellij.psi.impl.source.resolve.reference.PsiReferenceContributorEP
1494:           177           2832  jdk.proxy1.$Proxy25 (jdk.proxy1)
1495:           177           2832  kotlin.reflect.jvm.internal.impl.load.java.lazy.descriptors.LazyJavaClassMemberScope$$Lambda$1
1496:           177           2832  kotlin.reflect.jvm.internal.impl.load.java.lazy.descriptors.LazyJavaClassMemberScope$$Lambda$3
1497:           118           2832  kotlin.reflect.jvm.internal.impl.resolve.calls.inference.CapturedTypeConstructorImpl
1498:           177           2832  sun.security.x509.KeyIdentifier (java.base@21.0.8)
1499:             8           2816  com.intellij.openapi.wm.impl.StripeButtonSeparator
1500:            88           2816  kotlinx.collections.immutable.implementations.immutableMap.PersistentHashMap
1501:           117           2808  com.intellij.ui.scale.Scale
1502:            50           2800  com.fasterxml.jackson.databind.type.MapType
1503:            70           2800  com.intellij.util.containers.WeakKeySoftValueHashMap$SoftValueReference
1504:            70           2800  com.sun.crypto.provider.CipherBlockChaining (java.base@21.0.8)
1505:           175           2800  jdk.proxy2.$Proxy23 (jdk.proxy2)
1506:            87           2784  com.intellij.openapi.actionSystem.impl.ActionToolbarImpl$1
1507:           174           2784  com.intellij.util.containers.UList
1508:            58           2784  com.sun.jna.Structure$StructField
1509:           115           2760  ai.grazie.rules.LTRuleInfo
1510:            47           2752  [Lorg.apache.xerces.util.SymbolHash$Entry;
1511:            86           2752  com.intellij.internal.statistic.editor.EditorSettingsStatisticsCollector$Settings
1512:           172           2752  com.intellij.psi.codeStyle.SoftMargins
1513:            43           2752  java.lang.invoke.BoundMethodHandle$Species_LLLLLLL (java.base@21.0.8)
1514:           172           2752  sun.nio.ch.FileChannelImpl$Closer (java.base@21.0.8)
1515:            49           2744  com.intellij.lang.LanguageExtension
1516:             7           2744  com.intellij.ui.tabs.impl.JBTabsImpl$4
1517:             7           2744  com.intellij.util.ui.AsyncProcessIcon
1518:           154           2736  [Lkotlin.jvm.functions.Function1;
1519:           114           2736  io.opentelemetry.sdk.metrics.internal.aggregator.LongLastValueAggregator
1520:            68           2720  com.goide.stubs.GoParamDefinitionStub
1521:            85           2720  java.util.concurrent.atomic.AtomicReferenceFieldUpdater$AtomicReferenceFieldUpdaterImpl (java.base@21.0.8)
1522:           113           2712  com.intellij.ide.ui.laf.darcula.ui.DarculaLabelUI
1523:           169           2704  javax.swing.Timer$DoPostEvent (java.desktop)
1524:           169           2704  kotlin.reflect.jvm.internal.impl.load.java.lazy.LazyJavaTypeParameterResolver$$Lambda$0
1525:            84           2688  com.fasterxml.jackson.databind.util.TypeKey
1526:           112           2688  com.intellij.openapi.editor.impl.DocumentImpl$DocumentListenerDisposable
1527:           112           2688  com.intellij.openapi.extensions.impl.ExtensionPointImpl$$Lambda/0x00000098024ab960
1528:            56           2688  com.intellij.util.containers.intcaches.LinkedCustomIntObjectHashMap
1529:            21           2688  io.netty.util.internal.InternalThreadLocalMap
1530:            56           2688  javax.management.MBeanInfo (java.management@21.0.8)
1531:            67           2680  com.intellij.openapi.fileTypes.SyntaxHighlighterFactoryEP
1532:           167           2672  com.intellij.util.indexing.impl.IndexStorageUtil$2
1533:            83           2656  kotlin.reflect.jvm.internal.impl.types.error.ErrorTypeKind
1534:           110           2640  com.intellij.patterns.PsiElementPattern$5
1535:           110           2640  com.jetbrains.rhizomedb.impl.IntMapWithEditor
1536:           165           2640  java.nio.channels.spi.AbstractInterruptibleChannel$1 (java.base@21.0.8)
1537:           110           2640  javax.swing.InputMap (java.desktop)
1538:             7           2632  com.intellij.ui.tabs.impl.ActionPanel
1539:           164           2624  com.intellij.openapi.util.Disposer$2
1540:            82           2624  java.net.InetAddress$InetAddressHolder (java.base@21.0.8)
1541:           109           2616  com.intellij.platform.workspace.storage.impl.IdPerCount
1542:            65           2600  com.intellij.internal.statistic.IdeActivityDefinition
1543:           108           2592  ai.grazie.rules.Rule$PatternRule$$Lambda/0x0000009804b96a78
1544:            81           2592  com.intellij.openapi.actionSystem.impl.ActionToolbarPresentationFactory
1545:            81           2592  com.intellij.openapi.editor.impl.RangeMarkerImpl
1546:            54           2592  java.lang.invoke.VarHandleReferences$FieldInstanceReadWrite (java.base@21.0.8)
1547:           108           2592  org.jetbrains.plugins.terminal.view.TerminalOffsetImpl
1548:           160           2560  com.goide.sdk.GoPackageUtil$$Lambda/0x0000009804774000
1549:            64           2560  com.goide.stubs.GoParameterDeclarationStub
1550:           106           2544  ai.grazie.rules.util.regex.RegexMatcher$1
1551:           106           2544  com.fasterxml.jackson.databind.type.TypeBindings$AsKey
1552:           106           2544  com.intellij.featureStatistics.FeatureUsageEvent$Action
1553:           106           2544  com.intellij.openapi.fileTypes.impl.FileTypeManagerImpl$FileTypeWithDescriptor
1554:            53           2544  com.intellij.ui.SimpleColoredComponent$ColoredFragment
1555:            53           2544  com.intellij.ui.components.MacScrollBarAnimationBehavior$1
1556:            53           2544  com.intellij.ui.components.MacScrollBarAnimationBehavior$1$1
1557:            53           2544  java.awt.GridBagLayout (java.desktop)
1558:           159           2544  kotlin.reflect.jvm.internal.KDeclarationContainerImpl$Data$$Lambda$0
1559:           158           2528  com.intellij.ui.components.ScrollBarPainter$$Lambda/0x00000098031262f8
1560:            79           2528  kotlin.reflect.jvm.internal.calls.CallerImpl$Constructor
1561:           105           2520  ai.grazie.rules.tree.PosMatcher$1
1562:           105           2520  com.goide.dfa.translator.GoFunctionContract
1563:            63           2520  com.intellij.internal.statistic.local.ActionExtendedSummary
1564:             7           2520  com.intellij.ui.components.JBLayeredPane
1565:             7           2520  com.intellij.util.ui.Centerizer
1566:           105           2520  java.util.Collections$SetFromMap (java.base@21.0.8)
1567:           105           2520  java.util.regex.Pattern$Pos (java.base@21.0.8)
1568:            15           2520  org.languagetool.rules.patterns.RegexPatternRule
1569:           157           2512  java.util.concurrent.atomic.AtomicLongArray (java.base@21.0.8)
1570:           104           2496  [Ltech.units.indriya.unit.ProductUnit$Element;
1571:           156           2496  ai.grazie.rules.tree.NodePattern$$Lambda/0x0000009804bc6b18
1572:           104           2496  ai.grazie.rules.tree.NodePattern$$Lambda/0x0000009804be29d0
1573:           156           2496  com.ibm.icu.impl.CacheValue$SoftValue
1574:           104           2496  com.intellij.codeInsight.daemon.impl.InspectionVisitorOptimizer$VisitorTypes
1575:            39           2496  com.intellij.openapi.editor.impl.BlockInlayImpl
1576:           104           2496  com.intellij.sh.psi.ShTokenType
1577:           104           2496  com.intellij.util.indexing.impl.storage.TransientChangesIndexStorage$$Lambda/0x0000009805051860
1578:            78           2496  com.intellij.util.ui.JBDimension$JBDimensionUIResource
1579:            52           2496  io.opentelemetry.sdk.metrics.internal.data.AutoValue_ImmutableDoublePointData
1580:             8           2496  java.util.concurrent.ForkJoinPool$WorkQueue (java.base@21.0.8)
1581:            78           2496  kotlinx.coroutines.scheduling.WorkQueue
1582:           155           2480  kotlin.reflect.jvm.internal.KClassImpl$Data$$Lambda$1
1583:           155           2480  kotlin.reflect.jvm.internal.KClassImpl$Data$$Lambda$11
1584:           155           2480  kotlin.reflect.jvm.internal.KClassImpl$Data$$Lambda$12
1585:           155           2480  kotlin.reflect.jvm.internal.KClassImpl$Data$$Lambda$13
1586:           155           2480  kotlin.reflect.jvm.internal.KClassImpl$Data$$Lambda$14
1587:           155           2480  kotlin.reflect.jvm.internal.KClassImpl$Data$$Lambda$15
1588:           155           2480  kotlin.reflect.jvm.internal.KClassImpl$Data$$Lambda$16
1589:           155           2480  kotlin.reflect.jvm.internal.KClassImpl$Data$$Lambda$17
1590:           155           2480  kotlin.reflect.jvm.internal.KClassImpl$Data$$Lambda$18
1591:           155           2480  kotlin.reflect.jvm.internal.KClassImpl$Data$$Lambda$2
1592:           155           2480  kotlin.reflect.jvm.internal.KClassImpl$Data$$Lambda$4
1593:           155           2480  kotlin.reflect.jvm.internal.KClassImpl$Data$$Lambda$5
1594:            93           2472  [Ljava.util.function.Predicate; (java.base@21.0.8)
1595:           103           2472  com.intellij.internal.statistic.eventLog.events.ClassEventField
1596:           103           2472  com.intellij.openapi.actionSystem.impl.ActionManagerImplKt$$Lambda/0x0000009802488df0
1597:           103           2472  com.intellij.sh.psi.ShCompositeElementType
1598:            77           2464  com.fasterxml.jackson.databind.ser.impl.ReadOnlyClassToSerializerMap$Bucket
1599:            44           2464  kotlinx.coroutines.channels.BufferedChannel$receiveCatchingOnNoWaiterSuspend$1
1600:            77           2464  org.jetbrains.plugins.textmate.language.preferences.IndentationRules
1601:            51           2448  com.google.protobuf.FieldType
1602:           102           2448  com.intellij.javascript.debugger.breakpoints.JavaScriptExceptionBreakpointProperties
1603:           102           2448  com.intellij.util.indexing.impl.InputIndexDataExternalizer
1604:             4           2432  com.intellij.execution.ui.layout.impl.GridCellImpl$GridCellTabs
1605:            38           2432  com.intellij.openapi.editor.impl.MarkerTreeWithPartialSums$Node
1606:             4           2432  com.intellij.psi.codeStyle.modifier.TransientCodeStyleSettings
1607:           152           2432  com.intellij.util.indexing.impl.storage.TransientFileContentIndex$2
1608:            76           2432  com.intellij.util.xmlb.AccessorBindingWrapper
1609:            38           2432  it.unimi.dsi.fastutil.objects.Object2FloatOpenHashMap
1610:           152           2432  javax.security.auth.x500.X500Principal (java.base@21.0.8)
1611:            76           2432  kotlin.reflect.jvm.internal.impl.types.KotlinTypeFactory$$Lambda$1
1612:           101           2424  com.goide.inspections.core.GoFunctionDescriptor
1613:           101           2424  com.intellij.util.containers.MultiMap
1614:             3           2416  [Lio.netty.buffer.PoolSubpage;
1615:            43           2408  com.intellij.openapi.editor.impl.FoldRegionImpl
1616:           107           2400  [Ljava.util.Map$Entry; (java.base@21.0.8)
1617:            60           2400  com.intellij.ide.fileTemplates.impl.BundledFileTemplate
1618:            50           2400  com.intellij.psi.stubs.SerializedStubTree
1619:           100           2400  com.intellij.util.containers.MultiMap$2
1620:            50           2400  jdk.jfr.internal.periodic.JVMEventTask (jdk.jfr@21.0.8)
1621:           100           2400  kotlin.reflect.jvm.internal.impl.km.internal.FlagImpl
1622:            50           2400  kotlinx.coroutines.flow.FlowKt__ShareKt$launchSharing$1
1623:           100           2400  kotlinx.coroutines.flow.internal.CombineKt$combineInternal$2$1$1
1624:           149           2384  com.goide.psi.GoFile$$Lambda/0x0000009804741d28
1625:           149           2384  com.goide.psi.GoFile$$Lambda/0x0000009804742430
1626:            27           2376  com.intellij.openapi.actionSystem.impl.ActionButton$AccessibleActionButton
1627:            99           2376  com.intellij.openapi.editor.actionSystem.EditorActionHandlerBean
1628:             9           2376  com.intellij.openapi.editor.impl.EditorSettingsState
1629:            33           2376  com.intellij.util.ui.UiScopeKt$launchUsingIsShowingFlow$1
1630:            99           2376  kotlin.ranges.IntRange
1631:            99           2376  kotlin.reflect.jvm.internal.KTypeImpl$$Lambda$1
1632:            11           2376  kotlin.reflect.jvm.internal.impl.renderer.DescriptorRendererOptionsImpl
1633:            74           2368  com.intellij.database.Dbms
1634:            74           2368  com.intellij.database.Dbms$DbmsBean
1635:             4           2368  com.intellij.psi.codeStyle.CodeStyleSettings
1636:            73           2336  com.intellij.openapi.editor.actionSystem.DynamicEditorActionHandler
1637:            97           2328  com.intellij.openapi.actionSystem.impl.ActionToolbarImpl$$Lambda/0x0000009802d99d18
1638:           145           2320  com.intellij.openapi.actionSystem.impl.ActionButton$1
1639:           145           2320  com.intellij.openapi.actionSystem.impl.ActionButton$2
1640:           145           2320  com.intellij.openapi.actionSystem.impl.ActionButton$3
1641:            72           2304  androidx.compose.ui.semantics.SemanticsPropertyKey
1642:            72           2304  com.intellij.openapi.actionSystem.impl.CachedData
1643:            96           2304  kotlin.reflect.jvm.internal.impl.util.OneElementArrayMap
1644:            24           2304  sun.font.FontDesignMetrics (java.desktop)
1645:           144           2304  sun.security.x509.SerialNumber (java.base@21.0.8)
1646:            41           2296  kotlin.reflect.jvm.internal.KProperty1Impl$Getter
1647:            13           2288  com.intellij.util.ui.GridBag
1648:            26           2288  javax.swing.JPanel$AccessibleJPanel (java.desktop)
1649:            95           2280  ai.grazie.rules.tree.HeadRelations$3
1650:            95           2280  com.intellij.codeInsight.template.impl.TemplateBase$Segment
1651:            95           2280  org.intellij.plugins.intelliLang.inject.config.InjectionPlace
1652:            95           2280  sun.awt.image.BufImgSurfaceManager (java.desktop)
1653:            71           2272  androidx.compose.foundation.layout.PaddingValuesImpl
1654:            71           2272  apple.laf.JRSUIConstants$Widget (java.desktop)
1655:           142           2272  com.goide.psi.impl.GoPsiImplUtil$$Lambda/0x0000009804807cd8
1656:            71           2272  com.intellij.codeInsight.template.LiveTemplateContextBean
1657:             6           2256  com.intellij.ui.components.JBPanel
1658:           141           2256  com.intellij.util.SingleEdtTaskScheduler
1659:            47           2256  com.intellij.util.containers.ConcurrentSoftKeySoftValueHashMap$SoftKey
1660:            47           2256  sun.java2d.loops.MaskFill (java.desktop)
1661:            70           2240  com.ibm.icu.util.ULocale
1662:            35           2240  com.intellij.openapi.editor.impl.FoldingModelImpl$MyMarkerTree$FRNode
1663:            56           2240  com.intellij.ui.components.Interpolator
1664:            56           2240  com.intellij.ui.components.JBScrollBar$Model
1665:            70           2240  java.lang.invoke.SimpleMethodHandle (java.base@21.0.8)
1666:            70           2240  javax.crypto.SecretKeyFactory (java.base@21.0.8)
1667:            70           2240  org.jetbrains.plugins.textmate.language.preferences.OnEnterRule
1668:            93           2232  ai.grazie.rules.tree.NodePattern$$Lambda/0x0000009804bd74c8
1669:            93           2232  ai.grazie.rules.tree.NodePattern$$Lambda/0x0000009804bd7720
1670:            93           2232  com.intellij.lang.javascript.JSElementType
1671:            15           2224  [Ljava.beans.MethodDescriptor; (java.desktop)
1672:             6           2208  com.intellij.openapi.fileEditor.impl.EditorCompositePanel
1673:           138           2208  com.intellij.openapi.options.advanced.AdvancedSettingBean$$Lambda/0x0000009802526140
1674:           138           2208  com.intellij.openapi.options.advanced.AdvancedSettingBean$$Lambda/0x0000009802526840
1675:           138           2208  com.intellij.openapi.options.advanced.AdvancedSettingBean$$Lambda/0x0000009802527270
1676:           138           2208  com.intellij.openapi.options.advanced.AdvancedSettingBean$$Lambda/0x000000980252e000
1677:           137           2192  ai.grazie.rules.tree.NodePattern$$Lambda/0x0000009804bbf848
1678:           137           2192  ai.grazie.rules.tree.NodePattern$$Lambda/0x0000009804bbfaa0
1679:           137           2192  com.intellij.util.io.keyStorage.InlinedKeyStorage
1680:           137           2192  kotlin.reflect.jvm.internal.impl.serialization.deserialization.descriptors.NonEmptyDeserializedAnnotations
1681:            91           2184  com.google.gson.internal.bind.TypeAdapterRuntimeTypeWrapper
1682:            39           2184  com.intellij.util.ui.UiScopeKt$launchUsingIsShowingFlow$1$1$1
1683:            91           2184  com.jetbrains.T.v.v.v.v.w
1684:            39           2184  java.nio.HeapCharBuffer (java.base@21.0.8)
1685:            91           2184  kotlin.reflect.jvm.internal.impl.resolve.scopes.receivers.ImplicitClassReceiver
1686:            91           2184  org.jetbrains.plugins.textmate.language.TextMateLanguageDescriptor
1687:             8           2176  [Ljava.util.concurrent.ForkJoinTask; (java.base@21.0.8)
1688:            68           2176  ai.grazie.rules.tree.PosMatcher$2
1689:            68           2176  com.google.api.client.util.ClassInfo
1690:            68           2176  java.lang.invoke.LambdaForm$Kind (java.base@21.0.8)
1691:            68           2176  javax.management.MBeanAttributeInfo (java.management@21.0.8)
1692:           136           2176  kotlin.reflect.jvm.internal.KFunctionImpl$$Lambda$2
1693:            27           2160  com.intellij.ide.plugins.DependsSubDescriptor
1694:            90           2160  com.intellij.ide.settings.RemoteSettingInfo
1695:             6           2160  com.intellij.openapi.actionSystem.impl.ActionToolbarImpl$MySeparator
1696:            54           2160  javax.swing.text.GapContent$MarkData (java.desktop)
1697:            54           2160  kotlin.reflect.jvm.internal.impl.descriptors.impl.LazyPackageViewDescriptorImpl
1698:            67           2144  java.nio.DirectByteBuffer$Deallocator (java.base@21.0.8)
1699:            89           2136  org.intellij.markdown.MarkdownElementType
1700:            89           2136  org.jetbrains.plugins.terminal.block.output.TextStyleAdapter
1701:           133           2128  com.goide.psi.impl.GoPsiImplUtil$$Lambda/0x00000098046f54e0
1702:            38           2128  com.intellij.grazie.jlanguage.Lang
1703:           133           2128  sun.security.x509.CertificateAlgorithmId (java.base@21.0.8)
1704:           133           2128  sun.security.x509.CertificateSerialNumber (java.base@21.0.8)
1705:           133           2128  sun.security.x509.CertificateVersion (java.base@21.0.8)
1706:           133           2128  sun.security.x509.CertificateX509Key (java.base@21.0.8)
1707:             5           2120  com.intellij.openapi.ui.panel.ComponentPanelBuilder$CommentLabel
1708:            53           2120  sun.security.util.NamedCurve (java.base@21.0.8)
1709:           132           2112  ai.grazie.rules.util.regex.RegexMatcher$2
1710:            33           2112  com.intellij.ide.projectView.PresentationData
1711:             6           2112  com.intellij.openapi.editor.toolbar.floating.EditorFloatingToolbar
1712:           132           2112  com.intellij.openapi.options.advanced.AdvancedSettingBean$$Lambda/0x0000009802524ec0
1713:            44           2112  com.intellij.ui.components.MacScrollBarUI
1714:            66           2112  com.intellij.util.ui.CenteredIcon
1715:           132           2112  com.intellij.util.ui.JBInsets$UIDefaultsSupplier
1716:            88           2112  com.jetbrains.clones.structures.CodeFragment
1717:            44           2112  com.sun.management.internal.DiagnosticCommandInfo (jdk.management@21.0.8)
1718:            87           2088  com.goide.psi.impl.GoReference
1719:            87           2088  com.goide.psi.impl.GoReferenceExpressionImpl
1720:            87           2088  com.intellij.database.HSet$HSetImpl
1721:            87           2088  com.intellij.openapi.actionSystem.impl.ToolbarUpdater$MyTimerListener
1722:             2           2080  [Lcom.fasterxml.aalto.in.ByteBasedPNameTable$Bucket;
1723:             5           2080  com.intellij.ui.OnePixelSplitter
1724:             4           2080  com.intellij.ui.components.DisclosureButton
1725:            65           2080  java.security.AlgorithmParameters (java.base@21.0.8)
1726:           130           2080  kotlin.reflect.jvm.internal.impl.resolve.scopes.LazyScopeAdapter
1727:           130           2080  kotlin.reflect.jvm.internal.impl.resolve.scopes.LazyScopeAdapter$$Lambda$0
1728:            37           2072  java.util.Properties (java.base@21.0.8)
1729:             1           2064  [Lio.grpc.netty.shaded.io.netty.handler.codec.http2.HpackStaticTable$HeaderNameIndex;
1730:            86           2064  com.goide.psi.impl.GoPointerTypeImpl
1731:            86           2064  com.intellij.openapi.actionSystem.impl.ActionToolbarImpl$installPopupHandler$1
1732:            43           2064  com.intellij.openapi.editor.impl.RangeMarkerTree
1733:            86           2064  java.security.spec.ECPoint (java.base@21.0.8)
1734:           129           2064  jdk.proxy2.$Proxy170 (jdk.proxy2)
1735:            16           2048  [Lio.grpc.netty.shaded.io.netty.buffer.IntPriorityQueue;
1736:            32           2048  com.intellij.util.indexing.impl.ValueContainerImpl$ValueToInputMap
1737:            64           2048  java.util.concurrent.atomic.AtomicIntegerFieldUpdater$AtomicIntegerFieldUpdaterImpl (java.base@21.0.8)
1738:           128           2048  kotlin.reflect.jvm.internal.impl.descriptors.runtime.structure.ReflectJavaTypeParameter
1739:           128           2048  kotlinx.coroutines.flow.FlowKt__DelayKt$debounceInternal$1$values$1$1
1740:             5           2040  com.intellij.openapi.ui.ThreeComponentsSplitter
1741:            51           2040  com.jetbrains.internal.ProxyRepository$Registry$Entry (java.base@21.0.8)
1742:            51           2040  javax.swing.text.GapContent$InsertUndo (java.desktop)
1743:           127           2032  com.intellij.openapi.extensions.impl.ExtensionPointImpl$doAddChangeListener$listenerAdapter$1
1744:            23           2024  java.text.DecimalFormatSymbols (java.base@21.0.8)
1745:           126           2016  com.intellij.ide.plugins.ClassLoaderConfiguratorKt$createModuleResolveScopeManager$1
1746:            84           2016  com.intellij.ide.projectView.impl.ProjectViewFileNestingService$NestingRule
1747:            63           2016  com.intellij.indexing.shared.generate.HashBasedIndexGenerator$InputMapExternalizerToStableBinary
1748:            84           2016  com.intellij.openapi.fileTypes.impl.FileTypeManagerImpl$StandardFileType
1749:            42           2016  com.jetbrains.cef.remote.router.RemoteMessageRouterImpl (jcef)
1750:            18           2016  java.util.GregorianCalendar (java.base@21.0.8)
1751:            36           2016  javax.swing.GroupLayout$SequentialGroup (java.desktop)
1752:            21           2016  sun.util.calendar.Gregorian$Date (java.base@21.0.8)
1753:           125           2000  ai.grazie.rules.tree.NodePattern$$Lambda/0x0000009804ba7568
1754:             5           2000  com.intellij.openapi.editor.impl.EditorMarkupModelImpl$TrafficLightButton$createStyledLabel$label$1
1755:             5           2000  com.intellij.openapi.editor.impl.stickyLines.ui.StickyLinesPanel
1756:           125           2000  kotlin.reflect.jvm.internal.impl.load.java.lazy.descriptors.ClassDeclaredMemberIndex$$Lambda$0
1757:            39           1984  [Ljava.lang.Integer; (java.base@21.0.8)
1758:            31           1984  com.intellij.ui.dsl.gridLayout.Constraints
1759:            62           1984  com.intellij.ui.dsl.gridLayout.Gaps
1760:            62           1984  com.intellij.util.lang.HashMapZipFile
1761:            41           1968  com.fasterxml.jackson.databind.deser.std.StringCollectionDeserializer
1762:            82           1968  fleet.rpc.server.ServiceImplementation
1763:           123           1968  kotlin.reflect.jvm.internal.impl.descriptors.runtime.structure.ReflectJavaField
1764:           123           1968  org.languagetool.rules.CategoryId
1765:            49           1960  javax.swing.text.GapContent$RemoveUndo (java.desktop)
1766:            48           1952  [Ljava.time.format.DateTimeFormatterBuilder$DateTimePrinterParser; (java.base@21.0.8)
1767:            61           1952  com.intellij.ide.plugins.PluginDependencyImpl
1768:           122           1952  com.intellij.openapi.util.KeyedExtensionCollector$MyExtensionPointListener
1769:            81           1944  com.goide.psi.impl.GoMethodDeclarationImpl
1770:            81           1944  com.goide.psi.impl.GoReceiverImpl
1771:           121           1936  jdk.proxy2.$Proxy13 (jdk.proxy2)
1772:            22           1936  sun.font.CStrike (java.desktop)
1773:            80           1920  com.intellij.codeInsight.daemon.impl.TextEditorHighlightingPassRegistrarImpl$PassConfig
1774:            80           1920  com.intellij.internal.statistic.eventLog.validator.rules.impl.RegexpValidationRule
1775:             5           1920  com.intellij.openapi.fileEditor.impl.EditorTabLabel
1776:            48           1920  com.intellij.toolWindow.ToolWindowEntry
1777:            80           1920  com.intellij.util.ui.UpdateScaleHelper
1778:            40           1920  com.jetbrains.internal.Proxy (java.base@21.0.8)
1779:            30           1920  it.unimi.dsi.fastutil.ints.Int2IntOpenHashMap
1780:            24           1920  java.util.concurrent.ThreadPoolExecutor (java.base@21.0.8)
1781:            60           1920  kotlin.reflect.jvm.internal.impl.load.java.typeEnhancement.PredefinedFunctionEnhancementInfo
1782:           120           1920  kotlinx.coroutines.flow.internal.FlowCoroutineKt$scopedFlow$$inlined$unsafeFlow$1
1783:           120           1920  kotlinx.coroutines.internal.LockFreeTaskQueue
1784:            40           1920  org.apache.lucene.util.packed.BulkOperationPacked
1785:            48           1920  sun.security.x509.AuthorityKeyIdentifierExtension (java.base@21.0.8)
1786:            67           1904  [Lcom.intellij.openapi.actionSystem.Shortcut;
1787:            34           1904  com.apple.laf.AquaScrollPaneUI (java.desktop)
1788:           119           1904  com.fasterxml.jackson.databind.introspect.AnnotatedMethodMap
1789:           119           1904  okhttp3.CipherSuite
1790:            34           1904  sun.security.ssl.NamedGroup (java.base@21.0.8)
1791:            79           1896  com.github.benmanes.caffeine.cache.BoundedLocalCache$PerformCleanupTask
1792:            79           1896  javax.swing.text.html.HTML$Tag (java.desktop)
1793:            79           1896  kotlin.reflect.jvm.internal.impl.descriptors.impl.FunctionDescriptorImpl$1
1794:            79           1896  kotlin.reflect.jvm.internal.impl.km.internal.BooleanFlagDelegate
1795:             4           1888  com.intellij.find.SearchReplaceComponent$10
1796:            59           1888  com.intellij.openapi.fileTypes.FileTypeExtensionPoint
1797:            59           1888  com.intellij.profiler.statistics.ProfilerUsageTriggerCollector$SnapshotActionFusDescriptor
1798:           118           1888  com.intellij.ui.ComponentTreeWatcher$1
1799:             5           1880  com.intellij.openapi.editor.impl.EditorMarkupModelImpl$TrafficLightButton
1800:            47           1880  com.intellij.platform.workspace.storage.metadata.model.EntityMetadata
1801:            47           1880  javax.swing.BoxLayout (java.desktop)
1802:            78           1872  com.intellij.docker.dockerFile.lexer.DockerElementType
1803:           117           1872  com.intellij.util.messages.impl.MessageBusImpl$$Lambda/0x00000098026a3cc0
1804:            78           1872  org.intellij.plugins.markdown.lang.MarkdownElementType
1805:            39           1872  org.jetbrains.plugins.terminal.view.shellIntegration.impl.TerminalCommandBlockImpl
1806:           116           1856  ai.grazie.rules.tree.NodePattern$$Lambda/0x0000009804bd44b0
1807:           116           1856  ai.grazie.rules.tree.NodePattern$$Lambda/0x0000009804bd4708
1808:            58           1856  io.netty.handler.codec.http.HttpResponseStatus
1809:            58           1856  io.opentelemetry.sdk.metrics.internal.state.CallbackRegistration
1810:            58           1856  kotlin.reflect.jvm.internal.impl.load.java.lazy.descriptors.JvmPackageScope
1811:            21           1848  androidx.compose.ui.graphics.colorspace.Rgb
1812:            77           1848  androidx.compose.ui.text.font.FontVariation$Settings
1813:            21           1848  com.intellij.configurationStore.schemeManager.SchemeManagerImpl
1814:            77           1848  com.intellij.ide.settings.json.JsonSettingsModel$VariantInfo
1815:            77           1848  com.jetbrains.rd.util.reactive.Signal
1816:             5           1840  com.intellij.openapi.fileEditor.impl.text.PsiAwareTextEditorComponent
1817:            46           1840  java.lang.invoke.BoundMethodHandle$Species_I (java.base@21.0.8)
1818:            76           1824  com.intellij.platform.workspace.storage.metadata.model.ValueTypeMetadata$EntityReference
1819:            57           1824  io.grpc.netty.shaded.io.netty.handler.codec.http.HttpResponseStatus
1820:           114           1824  io.opentelemetry.sdk.metrics.internal.view.LastValueAggregation$$Lambda/0x000000980277e980
1821:           114           1824  it.unimi.dsi.fastutil.ints.IntLists$Singleton
1822:           113           1808  java.util.concurrent.ConcurrentHashMap$EntrySetView (java.base@21.0.8)
1823:            75           1800  org.intellij.lang.regexp.RegExpElementType
1824:            56           1792  androidx.compose.ui.graphics.SolidColor
1825:            56           1792  javax.swing.plaf.ColorUIResource (java.desktop)
1826:            56           1792  jdk.internal.reflect.MethodHandleLongFieldAccessorImpl (java.base@21.0.8)
1827:            32           1792  org.intellij.plugins.intelliLang.inject.config.BaseInjection
1828:            74           1776  com.goide.psi.impl.GoConstDefinitionImpl
1829:            74           1776  com.goide.psi.impl.GoConstSpecImpl
1830:           111           1776  com.intellij.platform.workspace.storage.metadata.model.FinalClassMetadata$KnownClass
1831:            74           1776  com.intellij.sql.liveTemplates.contextTypes.SqlDialectContextType$$Lambda/0x0000009804af1390
1832:            74           1776  com.intellij.sql.liveTemplates.contextTypes.SqlDialectContextType$$Lambda/0x0000009804af15e8
1833:            74           1776  com.intellij.sql.liveTemplates.contextTypes.SqlDialectContextType$$Lambda/0x0000009804af1840
1834:            44           1760  com.intellij.openapi.actionSystem.Separator
1835:            55           1760  com.intellij.util.concurrency.Semaphore$Sync
1836:            55           1760  com.intellij.util.containers.WeakList
1837:            55           1760  com.intellij.util.io.FileAccessorCache$Handle
1838:           110           1760  com.intellij.util.io.PersistentHashMap
1839:            44           1760  kotlinx.coroutines.channels.BufferedChannel$receiveCatching$1
1840:           110           1760  org.jetbrains.plugins.textmate.language.preferences.TextRule
1841:            22           1760  sun.font.CStrike$GlyphInfoCache (java.desktop)
1842:            55           1760  sun.security.x509.URIName (java.base@21.0.8)
1843:            43           1752  [Ljava.lang.invoke.MethodType; (java.base@21.0.8)
1844:            73           1752  com.goide.psi.GoInternedLeafTokenType
1845:            73           1752  com.goide.psi.impl.GoParamDefinitionImpl
1846:            73           1752  com.intellij.codeInsight.completion.CompletionContributor$ProviderWithPattern
1847:            31           1736  sun.util.calendar.ZoneInfo (java.base@21.0.8)
1848:             2           1728  [Lcom.intellij.internal.ml.FeatureMapper;
1849:             4           1728  com.intellij.find.SearchTextArea$3
1850:            72           1728  com.intellij.grazie.spellcheck.dictionary.SimpleWordList
1851:            54           1728  com.intellij.lang.javascript.buildTools.npm.rc.NpmCommand
1852:            36           1728  com.intellij.openapi.editor.impl.RangeHighlighterTree
1853:             4           1728  com.intellij.openapi.ui.DialogPanel
1854:            54           1728  com.intellij.ui.PlatformIcons
1855:            54           1728  com.intellij.ui.components.DefaultScrollBarUI$Listener
1856:            54           1728  com.intellij.ui.components.DefaultScrollbarUiInstalledState
1857:            43           1720  com.intellij.IntelliJResourceBundle
1858:            43           1720  com.intellij.util.containers.ConcurrentSoftHashMap
1859:            53           1696  com.github.benmanes.caffeine.cache.FrequencySketch
1860:             4           1696  com.intellij.find.SearchTextArea
1861:            53           1696  com.intellij.ui.components.MacScrollBarAnimationBehavior
1862:            53           1696  java.security.spec.EllipticCurve (java.base@21.0.8)
1863:            53           1696  jdk.jfr.internal.settings.PeriodSetting (jdk.jfr@21.0.8)
1864:            53           1696  kotlin.reflect.jvm.internal.impl.load.java.SpecialGenericSignatures$Companion$NameAndSignature
1865:           106           1696  kotlinx.serialization.internal.PluginGeneratedSerialDescriptor$$Lambda/0x00000098020c6640
1866:           106           1696  kotlinx.serialization.internal.PluginGeneratedSerialDescriptor$$Lambda/0x00000098020c6898
1867:            65           1680  [Ljava.lang.reflect.Constructor; (java.base@21.0.8)
1868:            30           1680  com.intellij.grazie.remote.LanguageToolDescriptor
1869:            15           1680  com.intellij.openapi.editor.impl.DocumentImpl
1870:            35           1680  com.intellij.openapi.extensions.impl.AdapterWithCustomAttributes
1871:            70           1680  com.intellij.psi.stubs.MostlyUShortIntList
1872:            42           1680  com.jetbrains.cef.remote.router.RemoteMessageRouter (jcef)
1873:            70           1680  com.sun.crypto.provider.DESCrypt (java.base@21.0.8)
1874:            70           1680  org.jetbrains.plugins.textmate.language.preferences.Action
1875:            70           1680  sun.security.jca.ProviderList$ServiceList$1 (java.base@21.0.8)
1876:            55           1672  [Ljava.lang.annotation.ElementType; (java.base@21.0.8)
1877:            19           1672  sun.nio.ch.KQueueSelectorImpl (java.base@21.0.8)
1878:            11           1672  sun.security.ssl.SSLSessionImpl (java.base@21.0.8)
1879:           104           1664  ai.grazie.rules.tree.NodePattern$$Lambda/0x0000009804be2778
1880:           104           1664  com.intellij.openapi.util.Disposer$1
1881:            52           1664  com.jetbrains.rhizomedb.Attributes$Required
1882:            52           1664  jdk.internal.loader.BuiltinClassLoader$LoadedModule (java.base@21.0.8)
1883:           104           1664  kotlin.reflect.jvm.internal.KClassImpl$Data$$Lambda$0
1884:           104           1664  sun.security.x509.GeneralName (java.base@21.0.8)
1885:             1           1656  [Lcom.intellij.util.containers.IntObjectLRUMap$MapEntry;
1886:            23           1656  androidx.compose.ui.graphics.vector.VectorPath
1887:            69           1656  com.goide.psi.impl.GoParameterDeclarationImpl
1888:            69           1656  com.intellij.serialization.stateProperties.MapStoredProperty
1889:            69           1656  javax.swing.text.html.CSS$Attribute (java.desktop)
1890:            69           1656  kotlin.reflect.jvm.internal.impl.load.java.lazy.ContextKt$$Lambda$0
1891:            69           1656  tech.units.indriya.function.MultiplyConverter
1892:           103           1648  kotlin.reflect.jvm.internal.impl.resolve.scopes.InnerClassesScopeWrapper
1893:            41           1640  com.google.common.collect.ImmutableSortedMap
1894:            41           1640  com.intellij.util.concurrency.BoundedTaskExecutor
1895:           102           1632  com.goide.dlv.breakpoint.DlvErrorBreakpointProperties
1896:            51           1632  com.goide.microservices.declarations.GoQualifiedName$Method
1897:            68           1632  com.goide.psi.impl.GoTypeSpecImpl
1898:            34           1632  com.intellij.openapi.editor.colors.impl.FontPreferencesImpl
1899:            51           1632  com.intellij.patterns.TreeElementPattern$5
1900:             4           1632  com.intellij.platform.debugger.impl.frontend.hotswap.HotSwapToolbarComponent$button$1
1901:             4           1632  com.intellij.toolWindow.MoreSquareStripeButton
1902:           102           1632  com.intellij.util.indexing.impl.CollectionDataExternalizer
1903:            68           1632  com.jediterm.terminal.TerminalKeyEncoder$KeyCodeAndModifier
1904:            68           1632  fleet.util.openmap.SerializedValue
1905:            68           1632  fleet.util.openmap.SerializedValue$State$Deserialized
1906:            68           1632  fleet.util.openmap.SerializedValue$json$2
1907:            34           1632  java.util.concurrent.ConcurrentHashMap$TreeNode (java.base@21.0.8)
1908:            34           1632  kotlinx.coroutines.flow.FlowKt__ZipKt$combine$1$1
1909:            29           1624  com.intellij.util.ui.TimerUtil$2
1910:           101           1616  jdk.proxy2.$Proxy22 (jdk.proxy2)
1911:           101           1616  kotlinx.serialization.internal.PluginGeneratedSerialDescriptor$$Lambda/0x00000098020c61c0
1912:            67           1608  com.fasterxml.jackson.databind.util.LRUMap
1913:            67           1608  com.fasterxml.jackson.databind.util.internal.LinkedDeque
1914:            67           1608  com.intellij.openapi.editor.impl.view.LineLayout$Chunk
1915:            20           1600  [Lcom.intellij.util.containers.SLRUMap;
1916:            25           1600  androidx.compose.ui.graphics.LinearGradient
1917:            50           1600  com.goide.microservices.declarations.GoEndpointDeclaration
1918:           100           1600  com.intellij.openapi.observable.util.DisposerUtilKt$$Lambda/0x0000009803a0e928
1919:            50           1600  com.intellij.util.io.StorageLockContext
1920:            25           1600  it.unimi.dsi.fastutil.longs.Long2ObjectOpenHashMap
1921:            40           1600  kotlinx.coroutines.EventLoopImplBase$DelayedResumeTask
1922:            99           1584  ai.grazie.rules.tree.NodePattern$$Lambda/0x0000009804bc76e8
1923:            99           1584  ai.grazie.rules.tree.NodePattern$$Lambda/0x0000009804bc7940
1924:            99           1584  androidx.compose.runtime.LazyValueHolder
1925:            99           1584  com.intellij.ide.HelpTooltip$2
1926:            66           1584  com.intellij.ide.ui.icons.IconId
1927:            66           1584  com.intellij.platform.workspace.storage.metadata.model.FinalClassMetadata$ClassMetadata
1928:            66           1584  com.intellij.psi.stubs.StubIndexKey
1929:            66           1584  com.intellij.ui.components.JBFontScaler
1930:            33           1584  com.intellij.util.ui.JBImageIcon
1931:            66           1584  java.lang.ThreadLocal$ThreadLocalMap (java.base@21.0.8)
1932:            33           1584  java.time.temporal.ValueRange (java.base@21.0.8)
1933:            99           1584  kotlin.reflect.jvm.internal.KTypeImpl$$Lambda$0
1934:            18           1584  kotlin.reflect.jvm.internal.impl.km.KmProperty
1935:            66           1584  sun.security.ec.point.ProjectivePoint$Immutable (jdk.crypto.ec@21.0.8)
1936:            49           1568  com.intellij.internal.performance.LatencyRecord
1937:            49           1568  com.intellij.ui.components.ScrollBarPainter$Thumb
1938:            98           1568  com.jetbrains.cef.remote.thrift.protocol.TStruct (jcef)
1939:            49           1568  java.net.Inet6Address$Inet6AddressHolder (java.base@21.0.8)
1940:            49           1568  jdk.jfr.internal.settings.ThresholdSetting (jdk.jfr@21.0.8)
1941:            39           1560  com.intellij.internal.ml.BinaryFeature
1942:            65           1560  com.intellij.openapi.actionSystem.impl.ActionManagerImplKt$$Lambda/0x00000098024807b0
1943:            65           1560  com.intellij.ui.icons.ScaledResultIcon
1944:            39           1560  java.math.BigDecimal (java.base@21.0.8)
1945:            39           1560  javax.management.MBeanOperationInfo (java.management@21.0.8)
1946:            97           1552  kotlin.reflect.jvm.internal.impl.types.TypeAttributes
1947:            32           1536  com.intellij.openapi.MnemonicWrapper$LabelWrapper
1948:            32           1536  com.intellij.openapi.wm.impl.content.ToolWindowContentUi$3
1949:            64           1536  com.intellij.patterns.XmlAttributeValuePattern$2
1950:            64           1536  com.intellij.psi.filters.position.FilterPattern
1951:            64           1536  com.intellij.psi.filters.position.FilterPattern$1
1952:            24           1536  com.intellij.ui.components.JBScrollPane$Layout
1953:            96           1536  com.intellij.util.animation.AlphaAnimationContext$$Lambda/0x0000009802d8a470
1954:            48           1536  io.grpc.netty.shaded.io.netty.handler.codec.CodecOutputList
1955:            48           1536  io.netty.handler.codec.CodecOutputList
1956:            24           1536  kotlin.collections.builders.MapBuilder
1957:            96           1536  kotlin.reflect.jvm.internal.impl.descriptors.annotations.CompositeAnnotations
1958:            96           1536  kotlin.reflect.jvm.internal.impl.types.AnnotationsTypeAttribute
1959:            32           1536  org.apache.xerces.impl.dv.xs.DecimalDV$XDecimal
1960:            48           1536  org.apache.xerces.impl.xs.traversers.OneAttr
1961:            48           1536  sun.java2d.loops.SurfaceType (java.desktop)
1962:            24           1536  sun.security.ec.SunEC$ProviderServiceA (jdk.crypto.ec@21.0.8)
1963:             1           1528  [Ljava.lang.Character$UnicodeBlock; (java.base@21.0.8)
1964:            95           1520  androidx.compose.runtime.StaticProvidableCompositionLocal
1965:            38           1520  com.fasterxml.jackson.databind.MapperFeature
1966:            38           1520  com.intellij.platform.diagnostic.telemetry.impl.CoroutineTimeMeasurer
1967:            38           1520  io.grpc.netty.shaded.io.netty.buffer.PoolThreadCache$MemoryRegionCache$Entry
1968:            63           1512  com.intellij.indexing.shared.generate.HashBasedIndexGenerator$3
1969:            21           1512  com.intellij.ui.icons.HiDPIImage
1970:            63           1512  javax.accessibility.AccessibleRole (java.desktop)
1971:            63           1512  kotlin.reflect.jvm.internal.impl.storage.LockBasedStorageManager$KeyWithComputation
1972:             4           1504  [Ljava.lang.Long; (java.base@21.0.8)
1973:            63           1504  [Ljavax.management.ObjectName$Property; (java.management@21.0.8)
1974:            47           1504  com.google.common.collect.RegularImmutableSortedSet
1975:             4           1504  com.intellij.toolWindow.ResizeStripeManager$mySplitter$1
1976:            47           1504  com.intellij.ui.components.ToggleableScrollBarAnimationBehaviorDecorator
1977:            94           1504  javax.swing.event.ChangeEvent (java.desktop)
1978:            47           1504  org.apache.xerces.util.SymbolHash
1979:            62           1488  com.goide.psi.GoCompositeElementType
1980:             3           1488  com.intellij.ide.ui.laf.darcula.ui.DarculaComboBoxUI$1
1981:            62           1488  jdk.internal.module.ServicesCatalog$ServiceProvider (java.base@21.0.8)
1982:            62           1488  jdk.internal.net.http.hpack.SimpleHeaderTable$HeaderField (java.net.http@21.0.8)
1983:            62           1488  org.jetbrains.plugins.textmate.TextMateBundleToLoad
1984:            93           1488  sun.security.x509.DNSName (java.base@21.0.8)
1985:            58           1480  [Lorg.intellij.plugins.intelliLang.inject.config.InjectionPlace;
1986:            37           1480  com.intellij.ide.bookmark.BookmarkType
1987:             4           1472  com.intellij.execution.ui.layout.impl.GridImpl$Placeholder
1988:            17           1464  [Ljava.lang.Byte; (java.base@21.0.8)
1989:            61           1464  [Lkotlin.reflect.jvm.internal.impl.resolve.scopes.MemberScope;
1990:            61           1464  com.intellij.internal.statistic.eventLog.validator.rules.impl.RegexpValidationRule$myPattern$2
1991:             3           1464  com.intellij.openapi.fileEditor.LayoutActionsFloatingToolbar
1992:            61           1464  com.intellij.psi.tree.xml.IXmlLeafElementType
1993:            61           1464  com.intellij.ui.ClientProperty$1
1994:            61           1464  io.grpc.netty.shaded.io.netty.handler.codec.http2.HpackHeaderField
1995:            61           1464  kotlin.reflect.jvm.internal.impl.km.KmTypeProjection
1996:            61           1464  okhttp3.internal.http2.Header
1997:            61           1464  org.intellij.plugins.relaxNG.compact.RncElementType
1998:            16           1456  [Lcom.intellij.openapi.editor.event.DocumentListener;
1999:            25           1448  [Lorg.languagetool.AnalyzedTokenReadings;
2000:            30           1440  [Lcom.intellij.rml.dfa.impl.domains.Domain;
2001:            60           1440  ai.grazie.rules.util.regex.RegexPath$$Lambda/0x0000009804bb2148
2002:            30           1440  com.fasterxml.jackson.databind.ser.BeanSerializer
2003:            60           1440  com.github.benmanes.caffeine.cache.BoundedBuffer
2004:            60           1440  com.intellij.configurationStore.StateMap
2005:            12           1440  com.intellij.ide.ui.laf.darcula.ui.TextFieldWithPopupHandlerUI$MouseDragAwareCaret
2006:            45           1440  com.intellij.lang.javascript.JSCompositeElementType$1
2007:             9           1440  com.intellij.openapi.editor.impl.EditorMarkupModelImpl
2008:            36           1440  com.intellij.openapi.editor.state.ObjectStateProperty
2009:             3           1440  com.intellij.openapi.ui.FixedSizeButton
2010:             4           1440  com.intellij.platform.debugger.impl.frontend.hotswap.HotSwapToolbarComponent
2011:             4           1440  com.intellij.toolWindow.ToolWindowDragHelper$Companion$createDropTargetHighlightComponent$1
2012:             4           1440  com.intellij.ui.components.TwoSideComponent
2013:            60           1440  io.opentelemetry.sdk.metrics.internal.aggregator.DoubleLastValueAggregator
2014:            36           1440  java.time.format.DateTimeFormatter (java.base@21.0.8)
2015:            30           1440  java.time.temporal.ChronoField (java.base@21.0.8)
2016:            20           1440  javax.swing.GroupLayout$ComponentSpring (java.desktop)
2017:             3           1440  javax.swing.plaf.basic.BasicComboBoxEditor$BorderlessTextField (java.desktop)
2018:            90           1440  kotlin.reflect.jvm.internal.impl.load.java.typeEnhancement.TypeEnhancementInfo
2019:            30           1440  sun.java2d.loops.DrawGlyphListAA (java.desktop)
2020:            42           1424  [Ljava.math.BigInteger; (java.base@21.0.8)
2021:            50           1424  [Ljavax.swing.Icon; (java.desktop)
2022:            89           1424  kotlin.reflect.jvm.internal.impl.load.java.lazy.descriptors.LazyJavaClassDescriptor$$Lambda$1
2023:            89           1424  kotlin.reflect.jvm.internal.impl.load.java.lazy.descriptors.LazyJavaClassDescriptor$$Lambda$2
2024:            89           1424  kotlin.reflect.jvm.internal.impl.load.java.lazy.descriptors.LazyJavaClassDescriptor$LazyJavaClassTypeConstructor$$Lambda$0
2025:            11           1408  com.google.common.cache.LocalCache
2026:             4           1408  com.intellij.openapi.wm.impl.status.StatusBarPanel
2027:            44           1408  com.intellij.ui.SimpleTextAttributes
2028:            44           1408  com.sun.management.internal.DiagnosticCommandImpl$Wrapper (jdk.management@21.0.8)
2029:            88           1408  javax.accessibility.AccessibleRelationSet (java.desktop)
2030:            22           1408  sun.security.ssl.SignatureScheme (java.base@21.0.8)
2031:            35           1400  com.intellij.ide.v.q
2032:            87           1392  com.goide.psi.impl.base.GoReferenceExpressionImplBase$$Lambda/0x0000009804701a90
2033:            58           1392  com.google.gson.internal.bind.TypeAdapters$29
2034:            58           1392  com.intellij.httpClient.http.request.psi.HttpRequestTokenType
2035:            87           1392  com.intellij.openapi.actionSystem.impl.ActionToolbarImpl$$Lambda/0x0000009802d956c0
2036:            87           1392  com.intellij.openapi.actionSystem.impl.ActionToolbarImpl$$Lambda/0x0000009802d9ad38
2037:            87           1392  com.intellij.openapi.actionSystem.impl.ToolbarUpdater$MyKeymapManagerListener
2038:            58           1392  com.intellij.patterns.ObjectPattern$4
2039:            87           1392  com.intellij.util.animation.AlphaAnimationContext$$Lambda/0x0000009802d8fa98
2040:            58           1392  java.awt.Point (java.desktop)
2041:            87           1392  java.time.format.DateTimeFormatterBuilder$CharLiteralPrinterParser (java.base@21.0.8)
2042:            58           1392  kotlin.reflect.jvm.internal.impl.load.java.lazy.LazyJavaPackageFragmentProvider$$Lambda$0
2043:            58           1392  kotlin.reflect.jvm.internal.impl.load.java.lazy.descriptors.LazyJavaPackageScope$$Lambda$0
2044:            58           1392  kotlin.reflect.jvm.internal.impl.load.java.lazy.descriptors.LazyJavaPackageScope$$Lambda$1
2045:             1           1376  [Ljdk.internal.math.FDBigInteger; (java.base@21.0.8)
2046:            86           1376  com.intellij.openapi.editor.impl.view.LineLayout$SingleChunk
2047:            43           1376  com.intellij.util.indexing.RegisteredIndexes$DocumentUpdateTask
2048:            43           1376  java.util.Locale (java.base@21.0.8)
2049:            43           1376  java.util.concurrent.locks.AbstractQueuedSynchronizer$ConditionNode (java.base@21.0.8)
2050:            43           1376  kotlin.reflect.jvm.internal.impl.km.jvm.internal.JvmClassExtension
2051:             1           1368  [Lsun.security.ssl.CipherSuite; (java.base@21.0.8)
2052:            19           1368  com.fasterxml.jackson.databind.cfg.BaseSettings
2053:            57           1368  com.google.gson.reflect.TypeToken
2054:             3           1368  com.intellij.ide.ui.laf.darcula.ui.DarculaComboBoxUI$CustomComboPopup
2055:            19           1368  com.intellij.util.containers.RefHashMap$MyMap
2056:            57           1368  com.sun.jna.Pointer
2057:            57           1368  java.util.concurrent.locks.ReentrantReadWriteLock$Sync$HoldCounter (java.base@21.0.8)
2058:            57           1368  kotlin.reflect.jvm.internal.impl.load.java.lazy.descriptors.LazyJavaScope$$Lambda$10
2059:            57           1368  kotlin.reflect.jvm.internal.impl.load.java.lazy.descriptors.LazyJavaScope$$Lambda$11
2060:            40           1360  [Lcom.intellij.openapi.editor.colors.TextAttributesKey;
2061:            34           1360  kotlinx.coroutines.flow.FlowKt__CollectKt$launchIn$1
2062:            46           1352  [Ljavax.management.MBeanOperationInfo; (java.management@21.0.8)
2063:            21           1344  [Ljava.lang.Character; (java.base@21.0.8)
2064:            42           1344  com.fasterxml.jackson.databind.introspect.AnnotationCollector$TwoAnnotations
2065:            28           1344  com.fasterxml.jackson.databind.ser.impl.IndexedListSerializer
2066:            84           1344  com.intellij.codeInsight.template.postfix.templates.PostfixTemplate$$Lambda/0x00000098052c9c68
2067:             8           1344  com.intellij.lang.javascript.formatter.JSCodeStyleSettings
2068:             8           1344  com.intellij.lang.typescript.formatter.TypeScriptCodeStyleSettings
2069:            24           1344  com.intellij.platform.util.coroutines.flow.FlowKt$throttle$1
2070:            56           1344  com.intellij.serialization.stateProperties.StateObjectStoredProperty
2071:            84           1344  com.intellij.util.containers.ConcurrentBitSetImpl
2072:            28           1344  com.intellij.util.containers.intcaches.SLRUIntObjectMap
2073:            84           1344  com.intellij.util.indexing.impl.forward.MapForwardIndexAccessor
2074:            42           1344  javax.management.MBeanParameterInfo (java.management@21.0.8)
2075:            24           1344  javax.swing.TransferHandler$SwingDropTarget (java.desktop)
2076:            56           1344  javax.xml.namespace.QName (java.xml@21.0.8)
2077:            24           1344  kotlin.reflect.jvm.internal.impl.metadata.ProtoBuf$VersionRequirement
2078:             8           1344  kotlinx.coroutines.scheduling.CoroutineScheduler$Worker
2079:            56           1344  kotlinx.serialization.internal.ArrayListClassDesc
2080:            55           1320  com.intellij.httpClient.http.request.psi.HttpRequestElementType
2081:            55           1320  com.intellij.util.CachedValueBase$PsiDependentData
2082:            55           1320  com.intellij.util.CoroutineScopeKt$cancelOnDispose$childDisposable$1
2083:            55           1320  kotlinx.serialization.internal.ArrayListSerializer
2084:            41           1312  androidx.compose.ui.text.platform.FileFont
2085:            41           1312  com.intellij.ui.dsl.gridLayout.UnscaledGapsImpl
2086:            82           1312  java.util.IdentityHashMap$KeySet (java.base@21.0.8)
2087:            82           1312  java.util.concurrent.ConcurrentHashMap$ValuesView (java.base@21.0.8)
2088:            82           1312  jdk.proxy2.$Proxy12 (jdk.proxy2)
2089:            41           1312  kotlin.reflect.jvm.internal.calls.CallerImpl$FieldGetter$Instance
2090:            54           1296  com.intellij.database.dataSource.ConfigUrlBean
2091:            81           1296  com.intellij.openapi.options.advanced.AdvancedSettingBean$$Lambda/0x0000009802525350
2092:            81           1296  com.intellij.openapi.options.advanced.AdvancedSettingBean$$Lambda/0x0000009802525c98
2093:            27           1296  com.intellij.openapi.wm.ToolWindowEP
2094:            54           1296  com.intellij.rml.dfa.rml.dsl.lang.RmlRelation2
2095:            54           1296  com.intellij.ui.components.ScrollBarPainter$Track
2096:            27           1296  java.util.concurrent.ThreadPoolExecutor$Worker (java.base@21.0.8)
2097:            81           1296  javax.swing.text.html.HTML$Attribute (java.desktop)
2098:            54           1296  kotlin.reflect.jvm.internal.impl.descriptors.impl.SubpackagesScope
2099:            54           1296  kotlin.reflect.jvm.internal.impl.resolve.scopes.ChainedMemberScope
2100:            27           1296  sun.java2d.loops.BlitBg (java.desktop)
2101:            27           1296  sun.nio.cs.UTF_8$Encoder (java.base@21.0.8)
2102:            32           1288  [Lcom.fasterxml.jackson.databind.ser.BeanPropertyWriter;
2103:            39           1280  [Ljava.lang.invoke.LambdaFormEditor$Transform; (java.base@21.0.8)
2104:            40           1280  com.intellij.rml.dfa.impl.rml.ast.RelExprUnary
2105:            20           1280  com.intellij.ui.components.JBPanelWithEmptyText$1
2106:            32           1280  com.sun.beans.util.Cache$Kind$Soft (java.desktop)
2107:            16           1280  io.grpc.netty.shaded.io.netty.buffer.PoolChunk
2108:            32           1280  javax.swing.DefaultButtonModel (java.desktop)
2109:            20           1280  kotlin.reflect.jvm.internal.impl.descriptors.impl.TypeParameterDescriptorImpl
2110:            32           1280  org.HdrHistogram.WriterReaderPhaser
2111:            32           1280  sun.security.ec.ECPublicKeyImpl (jdk.crypto.ec@21.0.8)
2112:             3           1272  com.intellij.openapi.actionSystem.impl.ActionPopupMenuImpl$MyMenu
2113:            53           1272  io.ktor.http.HttpStatusCode
2114:            53           1272  io.ktor.http.HttpStatusCode
2115:            53           1272  java.lang.module.ResolvedModule (java.base@21.0.8)
2116:            53           1272  jdk.internal.module.SystemModuleFinders$2 (java.base@21.0.8)
2117:            53           1272  kotlin.reflect.jvm.internal.impl.descriptors.runtime.structure.ReflectJavaPrimitiveType
2118:            41           1264  [Lorg.apache.xerces.impl.xs.traversers.OneAttr;
2119:            48           1248  [Lkotlinx.coroutines.flow.Flow;
2120:            78           1248  ai.grazie.rules.tree.NodePattern$$Lambda/0x0000009804a01c80
2121:            52           1248  com.fasterxml.jackson.databind.introspect.TypeResolutionContext$Basic
2122:            52           1248  com.github.benmanes.caffeine.cache.BoundedLocalCache$BoundedLocalManualCache
2123:            26           1248  com.intellij.codeInsight.daemon.impl.HighlightInfo$IntentionActionDescriptor
2124:            26           1248  com.intellij.configurationStore.ComponentWithModificationTrackerInfo
2125:            39           1248  com.intellij.lang.javascript.dialects.JSLanguageFeature
2126:            52           1248  com.intellij.openapi.editor.impl.MarkupModelImpl$$Lambda/0x000000980442b518
2127:            39           1248  com.intellij.sql.psi.stubs.elementTypes.SqlAlterStatementStubElementType
2128:            39           1248  com.intellij.ui.icons.ImageDataByPathResourceLoader
2129:            52           1248  io.grpc.netty.shaded.io.netty.handler.codec.http2.HpackStaticTable$HeaderNameIndex
2130:             3           1248  javax.swing.plaf.basic.BasicComboPopup$1 (java.desktop)
2131:            39           1248  kotlin.reflect.jvm.internal.impl.km.KmConstructor
2132:            13           1248  morfologik.speller.Speller
2133:            39           1248  sun.lwawt.macosx.JBRSystemShortcutsMacOS$Shortcut (java.desktop)
2134:            39           1248  sun.reflect.generics.repository.ConstructorRepository (java.base@21.0.8)
2135:            31           1240  com.intellij.reference.SoftReference
2136:            31           1240  jdk.internal.vm.SharedThreadContainer (java.base@21.0.8)
2137:            77           1232  com.intellij.openapi.actionSystem.impl.ActionToolbarImpl$$Lambda/0x0000009802d9a8b0
2138:            77           1232  com.intellij.openapi.observable.dispatcher.AbstractSingleEventDispatcher$RootDispatcher
2139:            11           1232  com.intellij.ui.content.impl.ContentImpl
2140:            14           1232  kotlinx.coroutines.channels.ConflatedBufferedChannel
2141:            22           1232  sun.font.StrikeMetrics (java.desktop)
2142:            51           1224  com.intellij.aqua.runners.js.core.CliOption
2143:            51           1224  com.intellij.openapi.extensions.impl.ExtensionPointImpl$$Lambda/0x000000980286b300
2144:            51           1224  com.intellij.util.containers.SmartHashSet
2145:            51           1224  com.jetbrains.cef.remote.thrift.meta_data.StructMetaData (jcef)
2146:            17           1224  it.unimi.dsi.fastutil.ints.Int2LongOpenHashMap
2147:            51           1224  java.util.Collections$SynchronizedSet (java.base@21.0.8)
2148:            51           1224  sun.reflect.generics.tree.Wildcard (java.base@21.0.8)
2149:             2           1216  com.intellij.openapi.fileEditor.impl.EditorTabs
2150:            38           1216  com.intellij.util.ui.TimedDeadzone
2151:             8           1216  io.grpc.netty.shaded.io.netty.channel.nio.NioEventLoop
2152:            76           1216  kotlin.reflect.jvm.internal.KFunctionImpl$$Lambda$1
2153:            76           1216  kotlin.reflect.jvm.internal.impl.descriptors.impl.AbstractTypeParameterDescriptor$2$1
2154:            19           1216  kotlin.reflect.jvm.internal.impl.descriptors.impl.PropertySetterDescriptorImpl
2155:            12           1200  [Lio.grpc.netty.shaded.io.netty.buffer.PoolThreadCache$MemoryRegionCache;
2156:            12           1200  [Lio.netty.buffer.PoolThreadCache$MemoryRegionCache;
2157:            30           1200  com.google.common.cache.AbstractCache$SimpleStatsCounter
2158:            30           1200  com.intellij.codeInsight.inline.completion.statistics.LocalStatistics$MetricValue
2159:             3           1200  com.intellij.openapi.ui.SimpleToolWindowPanel
2160:             3           1200  com.intellij.openapi.wm.impl.IdeGlassPaneImpl
2161:            50           1200  com.intellij.psi.stubs.SerializedStubTree$DeserializedIndexedStubs
2162:            30           1200  com.intellij.rml.dfa.impl.domains.DomainType
2163:            25           1200  java.net.NetworkInterface (java.base@21.0.8)
2164:            50           1200  javax.management.ObjectName$Property (java.management@21.0.8)
2165:            25           1200  kotlinx.coroutines.flow.internal.ChannelFlowTransformLatest$flowCollect$3$1$2
2166:            37           1184  com.intellij.database.DbmsExtension$InstanceBean
2167:            74           1184  com.intellij.rml.dfa.rml.dsl.Declarations
2168:            42           1176  [Lcom.intellij.patterns.ElementPattern;
2169:            49           1176  com.jetbrains.internal.ProxyRepository$Key (java.base@21.0.8)
2170:            49           1176  io.grpc.netty.shaded.io.netty.util.Recycler$DefaultHandle
2171:            49           1176  java.lang.module.ModuleDescriptor$Provides (java.base@21.0.8)
2172:            49           1176  java.net.Inet6Address (java.base@21.0.8)
2173:            73           1168  com.intellij.openapi.actionSystem.CustomShortcutSet
2174:            29           1160  com.goide.stubs.GoVarDefinitionStub
2175:            29           1160  com.goide.stubs.GoVarSpecStub
2176:            36           1152  androidx.compose.ui.text.platform.SystemFont
2177:            18           1152  com.ibm.icu.impl.number.DecimalQuantity_DualStorageBCD
2178:            72           1152  com.intellij.codeInsight.multiverse.SingleEditorContext
2179:            72           1152  com.intellij.database.DbmsExtension$Bean$$Lambda/0x00000098033b6b68
2180:            48           1152  com.intellij.database.dialects.base.TypeNames
2181:            72           1152  com.intellij.ide.HelpTooltip$$Lambda/0x0000009802fb5258
2182:            48           1152  com.intellij.ide.actions.ActivateToolWindowActionKt$$Lambda/0x0000009803439cb0
2183:            48           1152  com.intellij.ide.actions.ActivateToolWindowActionKt$$Lambda/0x0000009803439f08
2184:            48           1152  com.intellij.internal.statistic.eventLog.events.FusHistogramBuilder
2185:            48           1152  com.intellij.openapi.wm.impl.ToolWindowImpl$showing$1
2186:             3           1152  com.intellij.openapi.wm.impl.welcomeScreen.recentProjects.ActionsButton
2187:            18           1152  com.intellij.plugins.intelliLang.inject.JSInjection
2188:            72           1152  com.intellij.psi.impl.source.resolve.reference.SimpleProviderBinding
2189:            24           1152  com.intellij.psi.stubs.LazyStubList
2190:            48           1152  com.jetbrains.rd.framework.RdId
2191:            48           1152  git4idea.commands.GitCommand
2192:             8           1152  io.netty.channel.SingleThreadIoEventLoop
2193:            48           1152  java.time.format.DateTimeFormatterBuilder$CompositePrinterParser (java.base@21.0.8)
2194:            48           1152  kotlin.reflect.jvm.internal.impl.serialization.deserialization.MemberDeserializer$$Lambda$3
2195:            24           1152  kotlinx.coroutines.sync.SemaphoreImpl
2196:            18           1152  sun.security.ec.SunEC$ProviderService (jdk.crypto.ec@21.0.8)
2197:             2           1144  [Lsun.security.util.KnownOIDs; (java.base@21.0.8)
2198:            44           1136  [Lcom.sun.management.internal.DiagnosticCommandArgumentInfo; (jdk.management@21.0.8)
2199:            47           1128  com.intellij.ide.actions.ActivateToolWindowActionKt$$Lambda/0x0000009803439a58
2200:            47           1128  com.intellij.patterns.StandardPatterns$5
2201:            47           1128  com.intellij.rml.dfa.rml.dsl.lang.RmlRelation3
2202:            70           1120  ai.grazie.rules.tree.NodePattern$$Lambda/0x0000009804bb5250
2203:            70           1120  ai.grazie.rules.tree.NodePattern$$Lambda/0x0000009804bb54a8
2204:            70           1120  ai.grazie.rules.tree.NodePattern$$Lambda/0x0000009804bb5700
2205:            70           1120  ai.grazie.rules.tree.NodePattern$$Lambda/0x0000009804bb5958
2206:            70           1120  com.intellij.codeInsight.template.LiveTemplateContextBean$$Lambda/0x000000980500a560
2207:            35           1120  com.intellij.database.DbmsExtension$Bean
2208:            20           1120  com.intellij.execution.impl.RunnerAndConfigurationSettingsImpl
2209:            20           1120  com.intellij.ui.RowIcon
2210:            70           1120  com.sun.crypto.provider.DESCipher (java.base@21.0.8)
2211:            70           1120  com.sun.crypto.provider.DESKeyFactory (java.base@21.0.8)
2212:            70           1120  com.sun.crypto.provider.PKCS5Padding (java.base@21.0.8)
2213:            70           1120  javax.crypto.spec.IvParameterSpec (java.base@21.0.8)
2214:            20           1120  org.jetbrains.completion.full.line.language.supporters.FullLineLanguageSettings
2215:            34           1112  [Lcom.intellij.rml.dfa.impl.rml.ast.Stmt;
2216:            44           1104  [Ljavax.swing.SizeRequirements; (java.desktop)
2217:            23           1104  com.goide.stubs.GoFileStub
2218:            69           1104  com.google.common.collect.RegularImmutableList
2219:            46           1104  com.intellij.database.HSet$HSetBean
2220:            69           1104  com.intellij.ide.plugins.PluginMainDescriptor$$Lambda/0x00000098021d6710
2221:            46           1104  com.intellij.openapi.extensions.impl.ExtensionPointImpl$$Lambda/0x00000098023fe4d8
2222:             3           1104  com.intellij.openapi.fileEditor.MyEditorLayeredComponentWrapper
2223:            23           1104  java.lang.invoke.MethodHandleImpl$IntrinsicMethodHandle (java.base@21.0.8)
2224:            46           1104  sun.reflect.generics.reflectiveObjects.WildcardTypeImpl (java.base@21.0.8)
2225:            32           1096  [Ljava.io.ObjectStreamField; (java.base@21.0.8)
2226:            26           1088  [Ljavax.swing.text.GapContent$MarkData; (java.desktop)
2227:            34           1088  com.fasterxml.jackson.databind.deser.impl.PropertyBasedCreator
2228:            34           1088  com.intellij.rml.dfa.impl.rml.ast.StmtList
2229:            34           1088  kotlin.reflect.jvm.internal.calls.CallerImpl$Method$Instance
2230:            34           1088  kotlinx.coroutines.flow.ChannelFlowBuilder
2231:            34           1088  sun.security.ssl.Alert (java.base@21.0.8)
2232:            68           1088  sun.util.logging.internal.LoggingProviderImpl$JULWrapper (java.logging@21.0.8)
2233:            27           1080  [Lkotlin.reflect.KParameter;
2234:            15           1080  androidx.compose.ui.graphics.colorspace.TransferParameters
2235:            45           1080  com.intellij.codeInsight.hints.codeVision.DaemonBoundCodeVisionCacheService$CodeVisionWithStamp
2236:             3           1080  com.intellij.openapi.actionSystem.UiDataProvider$Companion$wrapComponent$1
2237:             5           1080  com.intellij.openapi.editor.impl.EditorMarkupModelImpl$MyErrorPanel
2238:             9           1080  com.intellij.openapi.editor.impl.view.EditorSizeManager
2239:             9           1080  com.intellij.openapi.editor.impl.view.EditorView
2240:             3           1080  com.intellij.openapi.fileEditor.SplitEditorToolbar
2241:            27           1080  com.intellij.openapi.wm.impl.status.widget.ToggleWidgetAction
2242:             3           1080  com.intellij.toolWindow.InternalDecoratorImpl$initDivider$2
2243:             3           1080  com.intellij.ui.AbstractExpandableItemsHandler$1
2244:             3           1080  com.intellij.ui.tabs.impl.JBTabsImpl$Toolbar
2245:            45           1080  com.intellij.util.indexing.ID
2246:            27           1080  javax.swing.LayoutFocusTraversalPolicy (java.desktop)
2247:            15           1080  kotlin.reflect.jvm.internal.impl.serialization.deserialization.builtins.BuiltInsPackageFragmentImpl
2248:            15           1080  sun.security.ssl.SSLCipher (java.base@21.0.8)
2249:            30           1072  [Ljavax.swing.text.html.CSS$Attribute; (java.desktop)
2250:            19           1064  org.h2.mvstore.RootReference
2251:             2           1056  [Ljava.lang.Short; (java.base@21.0.8)
2252:             2           1056  [Ljava.util.TimerTask; (java.base@21.0.8)
2253:             2           1056  [[F (java.base@21.0.8)
2254:            33           1056  com.fasterxml.jackson.databind.deser.AbstractDeserializer
2255:            44           1056  com.intellij.indexing.shared.platform.impl.HashIndexKey
2256:            33           1056  com.intellij.ui.components.JBScrollPane$JBMouseWheelListener
2257:            44           1056  com.intellij.ui.components.ScrollBarPainter$$Lambda/0x00000098031297c0
2258:            22           1056  com.intellij.util.animation.JBAnimator$Statistic
2259:            22           1056  com.intellij.util.containers.ConcurrentRefHashMap$HardKey
2260:            33           1056  com.intellij.util.containers.WeakHashSet$MyRef
2261:            33           1056  com.jetbrains.rd.framework.UniversalMarshaller
2262:            44           1056  com.jetbrains.rd.util.reactive.Property
2263:            22           1056  com.sun.jna.internal.Cleaner$CleanerRef
2264:            44           1056  kotlin.reflect.jvm.internal.impl.metadata.deserialization.Flags$BooleanFlagField
2265:            22           1056  kotlinx.coroutines.JobSupport$ChildCompletion
2266:            22           1056  org.apache.commons.imaging.formats.icns.IcnsType
2267:            44           1056  org.jdom.ImmutableCDATA
2268:            15           1048  [Ljava.beans.PropertyDescriptor; (java.desktop)
2269:             1           1040  [Lcom.intellij.ui.Gray;
2270:             1           1040  [Lio.opentelemetry.api.trace.ImmutableTraceFlags;
2271:            65           1040  com.intellij.openapi.actionSystem.Presentation$$Lambda/0x0000009802802bd0
2272:            13           1040  com.sun.jna.Structure$FFIType
2273:            26           1040  java.awt.SystemColor (java.desktop)
2274:            65           1040  jdk.proxy2.$Proxy75 (jdk.proxy2)
2275:            26           1040  kotlin.reflect.jvm.internal.impl.protobuf.GeneratedMessageLite$GeneratedExtension
2276:            26           1040  kotlinx.coroutines.JobCancellationException
2277:            43           1032  com.intellij.indexing.shared.platform.impl.AttrBasedFileContentHashForwardIndexWithSLRUCache
2278:            43           1032  com.intellij.indexing.shared.platform.impl.FileContentHashIndexExtension
2279:            43           1032  com.intellij.util.LazyInitializer$LazyValue
2280:            43           1032  io.grpc.netty.shaded.io.netty.util.internal.logging.LocationAwareSlf4JLogger
2281:            43           1032  java.lang.NamedPackage (java.base@21.0.8)
2282:            43           1032  org.intellij.terraform.hil.HILTokenType
2283:            32           1024  [Ljava.util.Set; (java.base@21.0.8)
2284:            32           1024  ai.grazie.nlp.langs.Language
2285:            64           1024  com.goide.psi.GoFile$$Lambda/0x000000980470c000
2286:            64           1024  com.intellij.openapi.editor.impl.view.LogicalPositionCache$LineData
2287:            64           1024  com.intellij.openapi.vfs.newvfs.impl.CachedFileType
2288:            32           1024  com.intellij.platform.syntax.SyntaxElementType
2289:            16           1024  com.intellij.ui.LayeredIcon
2290:             8           1024  com.intellij.ui.tabs.TabInfo
2291:            32           1024  com.intellij.util.ui.StatusText$Fragment
2292:             8           1024  io.grpc.netty.shaded.io.netty.util.concurrent.FastThreadLocalThread
2293:             8           1024  io.grpc.netty.shaded.io.netty.util.internal.InternalThreadLocalMap
2294:            32           1024  javax.management.ObjectName (java.management@21.0.8)
2295:            16           1024  kotlinx.serialization.descriptors.SerialDescriptorImpl
2296:            16           1024  org.apache.oro.text.regex.Perl5Pattern
2297:            22           1008  [Lcom.intellij.openapi.actionSystem.AnAction;
2298:            63           1008  ai.grazie.rules.tree.NodePattern$$Lambda/0x0000009804ba46c8
2299:            63           1008  ai.grazie.rules.tree.NodePattern$$Lambda/0x0000009804ba4920
2300:            21           1008  ai.grazie.rules.tree.Tree$Token
2301:            42           1008  com.intellij.completion.ml.features.MLFeaturesUtil$ClassNames
2302:            14           1008  com.intellij.diagnostic.ActivityImpl
2303:            18           1008  com.intellij.ide.startup.importSettings.jb.IDEData
2304:            63           1008  com.intellij.indexing.shared.generate.CanonicalSorters$$Lambda/0x00000098037d6cf8
2305:            63           1008  com.intellij.indexing.shared.generate.CanonicalSorters$$Lambda/0x00000098037d6f70
2306:            42           1008  com.intellij.patterns.StandardPatterns$3
2307:            42           1008  com.intellij.ui.jcef.JBCefJSQuery$JSQueryFunc
2308:            21           1008  com.intellij.util.containers.ConcurrentIntKeySoftValueHashMap$MyRef
2309:            42           1008  com.jetbrains.rd.util.reactive.Signal$advise0$2
2310:            42           1008  com.sun.jmx.mbeanserver.PerInterface$MethodAndSig (java.management@21.0.8)
2311:            18           1008  java.lang.invoke.BoundMethodHandle$Species_LLLLLL (java.base@21.0.8)
2312:            42           1008  java.time.Duration (java.base@21.0.8)
2313:            18           1008  java.util.prefs.MacOSXPreferences (java.prefs@21.0.8)
2314:            42           1008  jdk.internal.module.SystemModuleFinders$SystemModuleReader (java.base@21.0.8)
2315:             9           1008  kotlin.reflect.jvm.internal.impl.load.java.lazy.JavaResolverComponents
2316:            14           1008  kotlinx.coroutines.flow.internal.SubscriptionCountStateFlow
2317:            42           1008  org.cef.browser.CefMessageRouter$CefMessageRouterConfig (jcef)
2318:            42           1008  org.intellij.terraform.hcl.HCLTokenType
2319:            18           1008  org.jetbrains.plugins.terminal.session.impl.TerminalHyperlinkInfo
2320:            21           1008  sun.security.ssl.SSLHandshake (java.base@21.0.8)
2321:            25           1000  com.intellij.codeInsight.daemon.impl.HighlightInfoUpdaterImpl$ToolLatencies
2322:            25           1000  com.intellij.openapi.wm.impl.ToolWindowImpl$1
2323:            25           1000  com.intellij.openapi.wm.impl.ToolWindowImpl$1$1
2324:            25           1000  com.sun.jmx.mbeanserver.MXBeanSupport (java.management@21.0.8)
2325:            25           1000  sun.nio.cs.UTF_8$Decoder (java.base@21.0.8)
2326:            31            992  io.grpc.netty.shaded.io.netty.channel.ChannelOption
2327:            31            992  io.netty.channel.ChannelOption
2328:            31            992  io.opentelemetry.sdk.common.AutoValue_InstrumentationScopeInfo
2329:            31            992  java.lang.invoke.VarHandle$AccessMode (java.base@21.0.8)
2330:            31            992  sun.nio.fs.NativeBuffer (java.base@21.0.8)
2331:            31            992  sun.util.locale.BaseLocale (java.base@21.0.8)
2332:            41            984  com.goide.psi.impl.GoImportSpecImpl
2333:            41            984  com.google.cloud.tools.intellij.experimentation.ExperimentFlag
2334:            41            984  com.intellij.internal.statistic.eventLog.events.ObjectEventField
2335:            41            984  java.net.InterfaceAddress (java.base@21.0.8)
2336:            41            984  javax.swing.plaf.InputMapUIResource (java.desktop)
2337:            41            984  net.loomchild.segment.srx.LanguageMap
2338:            41            984  sun.java2d.loops.RenderCache$Key (java.desktop)
2339:             1            976  [Lcom.jediterm.terminal.TerminalColor;
2340:             2            976  com.intellij.ide.HelpTooltip$1
2341:             2            976  com.intellij.ui.SearchTextField$1
2342:             2            976  com.intellij.ui.components.fields.ExtendableTextField
2343:            61            976  com.intellij.util.ui.update.MergingUpdateQueue$flushTask$1
2344:            61            976  kotlin.reflect.jvm.internal.impl.serialization.deserialization.descriptors.DeserializedAnnotations
2345:            42            968  [Lsun.security.ssl.ProtocolVersion; (java.base@21.0.8)
2346:            30            960  [Lsun.nio.fs.NativeBuffer; (java.base@21.0.8)
2347:            40            960  ai.grazie.rules.tree.HeadRelations$2
2348:            10            960  com.fasterxml.jackson.databind.DeserializationConfig
2349:            30            960  com.fasterxml.jackson.databind.DeserializationFeature
2350:            40            960  com.goide.psi.impl.GoVarDefinitionImpl
2351:             2            960  com.intellij.find.SearchReplaceComponent
2352:            24            960  com.intellij.ide.ui.laf.darcula.ui.DarculaButtonUI
2353:             2            960  com.intellij.ide.ui.laf.darcula.ui.TextFieldWithPopupHandlerUI$IconButton
2354:            30            960  com.intellij.openapi.wm.impl.status.WidgetBean
2355:             2            960  com.intellij.ui.components.JBCheckBox
2356:            15            960  com.intellij.ui.components.TwoWayAnimator$MyAnimator
2357:            20            960  com.intellij.util.ui.UiScopeKt$initOnShow$1
2358:            40            960  com.jetbrains.internal.JBRApi$DynamicCallTargetKey (java.base@21.0.8)
2359:            60            960  io.opentelemetry.sdk.metrics.internal.view.LastValueAggregation$$Lambda/0x000000980242f610
2360:            40            960  java.lang.management.ManagementPermission (java.management@21.0.8)
2361:            40            960  java.time.LocalDate (java.base@21.0.8)
2362:            60            960  javax.swing.plaf.basic.BasicListUI$Actions (java.desktop)
2363:            30            960  kotlin.text.CharCategory
2364:            20            960  kotlinx.coroutines.BlockingEventLoop
2365:            24            960  sun.font.FontDesignMetrics$KeyReference (java.desktop)
2366:            24            960  sun.font.FontStrikeDesc (java.desktop)
2367:            24            960  sun.util.locale.LocaleObjectCache$CacheEntry (java.base@21.0.8)
2368:             2            944  com.intellij.openapi.wm.impl.status.InfoAndProgressPanel$InlineProgressPanel$multiProcessLink$1
2369:            59            944  com.intellij.platform.recentFiles.backend.BackendRecentFilesEvent$ItemsAdded
2370:             2            944  com.intellij.sql.formatter.settings.SqlCodeStyleSettingsDefault
2371:            59            944  kotlin.reflect.jvm.internal.impl.serialization.deserialization.descriptors.DeserializedClassDescriptor$$Lambda$5
2372:            39            936  com.intellij.internal.ml.BinaryFeature$BinaryMapper
2373:             9            936  com.intellij.openapi.editor.impl.CaretImpl
2374:            39            936  com.jetbrains.Shortcut$$$/0x00000098041372c8
2375:            39            936  com.jetbrains.lang.makefile.psi.MakefileElementType
2376:             9            936  org.jetbrains.completion.full.line.language.ModelSettings
2377:             9            936  sun.font.CCompositeFont (java.desktop)
2378:            39            936  sun.reflect.generics.scope.ConstructorScope (java.base@21.0.8)
2379:            38            928  [Ljavax.management.MBeanParameterInfo; (java.management@21.0.8)
2380:            58            928  com.github.benmanes.caffeine.cache.BoundedLocalCache$$Lambda/0x0000009802607d68
2381:             4            928  com.github.benmanes.caffeine.cache.SSA
2382:            29            928  com.intellij.execution.process.UnixSignal
2383:            29            928  com.intellij.javaee.ExternalResource
2384:            29            928  com.intellij.openapi.editor.toolbar.floating.AbstractFloatingToolbarComponent$ToolbarTransparentComponent
2385:            29            928  com.intellij.openapi.editor.toolbar.floating.TransparentComponentAnimator
2386:            29            928  com.intellij.util.containers.ConcurrentWeakKeyWeakValueHashMap
2387:            29            928  com.intellij.util.containers.prefixTree.PrefixTreeImpl
2388:            29            928  com.intellij.util.indexing.TimestampsImmutable
2389:            29            928  io.opentelemetry.sdk.metrics.SdkLongCounter
2390:            29            928  java.awt.font.FontRenderContext (java.desktop)
2391:            58            928  javax.swing.JScrollBar$ModelListener (java.desktop)
2392:            58            928  kotlin.reflect.jvm.internal.impl.descriptors.runtime.structure.ReflectJavaPackage
2393:            58            928  kotlin.reflect.jvm.internal.impl.load.java.lazy.descriptors.JvmPackageScope$$Lambda$0
2394:            58            928  kotlin.reflect.jvm.internal.impl.load.java.lazy.descriptors.LazyJavaPackageFragment$$Lambda$0
2395:            58            928  kotlin.reflect.jvm.internal.impl.load.java.lazy.descriptors.LazyJavaPackageFragment$$Lambda$1
2396:            58            928  kotlin.reflect.jvm.internal.impl.load.java.lazy.descriptors.LazyJavaPackageFragment$$Lambda$2
2397:            23            920  com.goide.stubs.GoPackageClauseStub
2398:            23            920  com.intellij.openapi.wm.impl.SquareAnActionButton
2399:            23            920  com.intellij.rml.dfa.impl.rml.ast.RelExprPredefinedPredicate
2400:            23            920  com.intellij.ui.dsl.gridLayout.impl.LayoutCellData
2401:            23            920  com.intellij.ui.tree.ui.TreeAction
2402:            23            920  java.lang.reflect.AccessFlag (java.base@21.0.8)
2403:            23            920  kotlinx.coroutines.channels.ProduceKt$awaitClose$1
2404:            23            920  sun.font.StrikeCache$SoftDisposerRef (java.desktop)
2405:            38            912  ai.grazie.rules.tree.NodePattern$$Lambda/0x0000009804be66e8
2406:            38            912  ai.grazie.rules.tree.NodePattern$$Lambda/0x0000009804be6940
2407:            38            912  ai.grazie.rules.tree.NodePattern$$Lambda/0x0000009804bfdc08
2408:            19            912  com.intellij.openapi.ui.ShadowAction
2409:             2            912  com.intellij.openapi.wm.impl.content.ContentTabLabel
2410:            38            912  com.intellij.rml.dfa.rml.dsl.lang.RmlRelation1
2411:            38            912  com.intellij.util.ui.BaseButtonBehavior$MyMouseListener
2412:            38            912  java.awt.dnd.DropTargetContext (java.desktop)
2413:            19            912  java.io.NioChannelCleanable (java.base@21.0.8)
2414:            19            912  java.lang.invoke.BoundMethodHandle$SpeciesData (java.base@21.0.8)
2415:            38            912  java.util.regex.Pattern$Neg (java.base@21.0.8)
2416:            19            912  javax.management.openmbean.ArrayType (java.management@21.0.8)
2417:            19            912  kotlinx.serialization.json.JsonConfiguration
2418:            19            912  sun.nio.ch.IOVecWrapper (java.base@21.0.8)
2419:            57            912  sun.security.util.ECParameters (java.base@21.0.8)
2420:            38            912  tech.units.indriya.function.RationalConverter
2421:            37            904  [Lcom.goide.dfa.translator.GoValueContract;
2422:             1            896  [Lorg.cef.handler.CefLoadHandler$ErrorCode; (jcef)
2423:            14            896  com.goide.psi.impl.GoBlockImpl
2424:            28            896  com.google.common.base.StandardSystemProperty
2425:            28            896  com.intellij.lang.javascript.template.postfix.JSPostfixTemplateProvider$JSPostfixTemplateKind
2426:             2            896  com.intellij.openapi.wm.impl.content.ContentComboLabel
2427:            28            896  com.intellij.psi.impl.smartPointers.SmartPointerTracker
2428:            56            896  com.intellij.ui.components.Interpolator$TimerListener
2429:            56            896  com.intellij.ui.components.JBScrollBar$$Lambda/0x0000009803126a98
2430:            56            896  com.intellij.ui.components.JBScrollBar$$Lambda/0x0000009803126cf0
2431:            28            896  com.intellij.util.indexing.containers.UpgradableRandomAccessIntContainer
2432:            14            896  com.intellij.util.indexing.diagnostic.IndexLookupTimingsReporting$IndexOperationFusCollector$LookupEntriesByKeysTrace
2433:            14            896  java.awt.GridBagLayoutInfo (java.desktop)
2434:            14            896  java.text.DateFormatSymbols (java.base@21.0.8)
2435:            56            896  java.util.TreeSet (java.base@21.0.8)
2436:            28            896  java.util.UUID (java.base@21.0.8)
2437:            28            896  java.util.concurrent.atomic.AtomicLongFieldUpdater$CASUpdater (java.base@21.0.8)
2438:            16            896  javax.management.openmbean.OpenMBeanParameterInfoSupport (java.management@21.0.8)
2439:            28            896  jdk.jfr.internal.settings.StackTraceSetting (jdk.jfr@21.0.8)
2440:            56            896  kotlinx.coroutines.internal.Symbol
2441:            28            896  sun.awt.shell.DefaultShellFolder (java.desktop)
2442:            28            896  sun.security.x509.DistributionPoint (java.base@21.0.8)
2443:            37            888  com.intellij.ide.plugins.ClassLoaderConfiguratorKt$createPluginDependencyAndContentBasedScope$1
2444:            37            888  com.intellij.internal.statistic.eventLog.events.FloatEventField
2445:            37            888  com.intellij.openapi.fileTypes.ExactFileNameMatcher
2446:            37            888  com.intellij.ui.treeStructure.CachingTreePath
2447:            37            888  java.util.concurrent.Executors$RunnableAdapter (java.base@21.0.8)
2448:            37            888  kotlin.reflect.jvm.internal.impl.utils.SmartList
2449:            37            888  kotlinx.collections.immutable.implementations.persistentOrderedSet.Links
2450:             8            880  [Lcom.intellij.codeInsight.controlflow.Instruction;
2451:            10            880  com.fasterxml.jackson.databind.SerializationConfig
2452:            22            880  com.goide.psi.impl.GoLightType$LightFunctionType
2453:            22            880  com.intellij.ide.actions.ActivateToolWindowAction
2454:            55            880  com.intellij.polySymbols.webTypes.json.GenericCssContributionOrProperty
2455:            22            880  com.intellij.ui.InplaceButton$1
2456:            22            880  com.intellij.ui.tabs.impl.ActionPanel$1
2457:            55            880  com.intellij.util.CoroutineScopeKt$$Lambda/0x0000009803033878
2458:            55            880  com.intellij.util.ObjectUtils$Sentinel
2459:            55            880  com.intellij.util.concurrency.Semaphore
2460:            22            880  io.opentelemetry.sdk.metrics.AutoValue_InstrumentSelector
2461:            22            880  java.lang.invoke.VarHandleInts$FieldInstanceReadWrite (java.base@21.0.8)
2462:            22            880  java.text.DigitList (java.base@21.0.8)
2463:            55            880  jdk.proxy2.$Proxy168 (jdk.proxy2)
2464:            22            880  kotlin.reflect.jvm.internal.impl.types.ClassTypeConstructorImpl
2465:            24            872  [Lkotlinx.serialization.KSerializer;
2466:            27            864  com.apple.laf.AquaFileSystemModel$SortableFile (java.desktop)
2467:            27            864  com.fasterxml.jackson.databind.SerializationFeature
2468:            36            864  com.github.benmanes.caffeine.cache.WriteOrderDeque
2469:            27            864  com.goide.sdk.GoSdkVersion
2470:             9            864  com.google.gson.Gson
2471:            12            864  com.intellij.database.sql.intelliLang.injection.SqlTypeBasedInjection
2472:            27            864  com.intellij.ml.inline.completion.js.correctness.JSInspectionMessages
2473:            36            864  com.intellij.openapi.editor.Editor$$Lambda/0x00000098045f49e8
2474:            18            864  com.intellij.openapi.editor.impl.EditorMarkupModelImpl$createAction$result$1
2475:             9            864  com.intellij.openapi.editor.impl.EditorState
2476:            36            864  com.intellij.psi.impl.smartPointers.Identikit$ByType
2477:            36            864  com.intellij.psi.tree.IFileElementType
2478:            36            864  com.intellij.ui.AnimatedIcon$1
2479:            27            864  com.intellij.ui.border.CustomLineBorder
2480:            54            864  com.intellij.ui.components.DefaultScrollbarUiInstalledState$$Lambda/0x0000009803121760
2481:            36            864  com.intellij.ui.dsl.gridLayout.UnscaledGapsYImpl
2482:            36            864  com.intellij.util.containers.ConcurrentRefHashMap$EntrySet
2483:            54            864  com.intellij.util.indexing.RequiredIndexesEvaluator$applyFileTypeHints$1
2484:            27            864  com.intellij.util.indexing.impl.SlruIndexStorageCacheProvider$SlruCacheForIntKeys
2485:            36            864  com.sun.org.apache.xerces.internal.util.XMLStringBuffer (java.xml@21.0.8)
2486:            27            864  java.awt.Toolkit$SelectiveAWTEventListener (java.desktop)
2487:            12            864  java.awt.event.MouseEvent (java.desktop)
2488:            27            864  javax.swing.text.html.CSS$FontSize (java.desktop)
2489:            54            864  kotlin.reflect.jvm.internal.impl.descriptors.impl.LazyPackageViewDescriptorImpl$$Lambda$0
2490:            54            864  kotlin.reflect.jvm.internal.impl.descriptors.impl.LazyPackageViewDescriptorImpl$$Lambda$1
2491:            54            864  kotlin.reflect.jvm.internal.impl.descriptors.impl.LazyPackageViewDescriptorImpl$$Lambda$2
2492:             9            864  kotlin.reflect.jvm.internal.impl.serialization.deserialization.DeserializationComponents
2493:            36            864  kotlin.reflect.jvm.internal.impl.types.AbbreviatedType
2494:            36            864  kotlinx.coroutines.flow.FlowKt__TransformKt$onEach$$inlined$unsafeTransform$1
2495:            36            864  kotlinx.coroutines.flow.FlowKt__TransformKt$onEach$$inlined$unsafeTransform$1$2
2496:            27            864  org.apache.lucene.analysis.hunspell.SuggestibleEntryCache$Section
2497:            36            864  org.apache.xerces.impl.xs.traversers.SmallContainer
2498:            36            864  org.intellij.terraform.hcl.HCLElementType
2499:            27            864  org.languagetool.rules.ITSIssueType
2500:            36            864  sun.awt.SunHints$Value (java.desktop)
2501:             2            848  com.intellij.openapi.wm.impl.status.IdeStatusBarImpl
2502:             2            848  com.intellij.ui.components.JBLabel
2503:            53            848  com.intellij.ui.components.MacScrollBarUI$$Lambda/0x0000009803123c28
2504:            21            840  com.fasterxml.jackson.databind.deser.SettableAnyProperty$MethodAnyProperty
2505:            21            840  com.github.benmanes.caffeine.cache.PSAMS
2506:            21            840  com.goide.postfix.GoFunctionCallTemplateOptions
2507:            35            840  com.intellij.internal.statistic.utils.PluginInfo
2508:            15            840  com.intellij.ui.content.impl.ContentManagerImpl
2509:            35            840  com.intellij.ui.dsl.gridLayout.impl.ColumnsSizeCalculator$ColumnInfo
2510:            15            840  com.intellij.ui.dsl.gridLayout.impl.LayoutData
2511:            35            840  com.jetbrains.lang.makefile.psi.MakefileTokenType
2512:            35            840  net.loomchild.segment.srx.LanguageRule
2513:            52            832  androidx.compose.foundation.shape.DpCornerSize
2514:            52            832  androidx.compose.ui.layout.HorizontalRuler
2515:            52            832  androidx.compose.ui.layout.VerticalRuler
2516:            26            832  com.intellij.database.dataSource.DatabaseDriver$Bounds
2517:            26            832  com.intellij.openapi.editor.toolbar.floating.EditorFloatingToolbar$EditorFloatingToolbarComponent$$Lambda/0x00000098046372a0
2518:            26            832  com.intellij.openapi.vfs.impl.FilePartNode
2519:             2            832  com.intellij.openapi.wm.impl.content.BaseLabel
2520:             2            832  com.intellij.platform.navbar.frontend.ui.NavBarItemComponent
2521:            13            832  com.intellij.toolWindow.ToolWindowDescriptor
2522:             2            832  com.intellij.toolWindow.ToolWindowLeftToolbar
2523:             2            832  com.intellij.toolWindow.ToolWindowRightToolbar
2524:            52            832  com.intellij.util.containers.ConcurrentIntObjectHashMap$ValuesView
2525:            26            832  com.sun.jmx.mbeanserver.WeakIdentityHashMap$IdentityWeakReference (java.management@21.0.8)
2526:            26            832  javax.swing.border.EmptyBorder (java.desktop)
2527:            26            832  kotlin.reflect.jvm.internal.impl.protobuf.GeneratedMessageLite$ExtensionDescriptor
2528:            13            832  org.jcp.xml.dsig.internal.dom.XMLDSigRI$ProviderService (java.xml.crypto@21.0.8)
2529:            34            816  com.goide.psi.impl.GoSpecTypeImpl
2530:             6            816  com.google.api.client.http.HttpHeaders
2531:             2            816  com.intellij.diagnostic.IdeErrorsIcon
2532:             2            816  com.intellij.execution.ui.RedesignedRunConfigurationSelector$createCustomComponent$1
2533:             2            816  com.intellij.ide.actions.SearchEverywhereAction$1
2534:             2            816  com.intellij.ide.actions.SettingsEntryPointAction$1
2535:            34            816  com.intellij.openapi.actionSystem.impl.MyLazy
2536:             2            816  com.intellij.openapi.fileEditor.impl.EditorsSplitters
2537:            17            816  com.intellij.platform.util.io.storages.mmapped.MMappedFileStorage
2538:             6            816  com.intellij.polySymbols.webTypes.json.CssGenericItem
2539:            34            816  com.intellij.util.CachedValueImpl
2540:             6            816  com.intellij.util.containers.CounterCell
2541:            51            816  javax.swing.LayoutComparator (java.desktop)
2542:            51            816  jdk.jfr.internal.periodic.LookupKey (jdk.jfr@21.0.8)
2543:            51            816  jdk.proxy1.$Proxy0 (jdk.proxy1)
2544:            51            816  jdk.proxy1.$Proxy40 (jdk.proxy1)
2545:            17            816  kotlinx.collections.immutable.implementations.immutableMap.PersistentHashMapBuilder
2546:            34            816  kotlinx.coroutines.flow.DistinctFlowImpl$collect$2
2547:            17            816  kotlinx.coroutines.flow.internal.SafeCollector
2548:            34            816  org.intellij.terraform.hil.HILElementType
2549:             6            816  org.jetbrains.jewel.ui.component.styling.IconButtonColors
2550:            17            816  sun.java2d.loops.DrawGlyphList (java.desktop)
2551:            17            816  sun.java2d.loops.FillRect (java.desktop)
2552:             6            816  sun.nio.fs.UnixFileAttributes (java.base@21.0.8)
2553:            10            800  [Ljava.util.concurrent.locks.Lock; (java.base@21.0.8)
2554:            50            800  androidx.compose.ui.text.font.FontWeight
2555:            25            800  com.fasterxml.jackson.databind.jsontype.impl.ClassNameIdResolver
2556:             5            800  com.ibm.icu.impl.number.DecimalFormatProperties
2557:             2            800  com.intellij.cwm.plugin.common.toolbar.CWMNewUIButton
2558:            20            800  com.intellij.execution.impl.RunnerAndConfigurationSettingsImpl$configurationPerRunnerSettings$1
2559:            20            800  com.intellij.execution.impl.RunnerAndConfigurationSettingsImpl$runnerSettings$1
2560:             2            800  com.intellij.execution.ui.InactiveStopActionPlaceholder$createCustomComponent$1
2561:            20            800  com.intellij.microservices.url.references.UrlPathReferenceInjector
2562:            20            800  com.intellij.openapi.actionSystem.impl.ActionToolbarImpl$updateActionsOnAdd$1
2563:             2            800  com.intellij.openapi.wm.impl.status.InfoAndProgressPanel$InfoAndProgressPanelImpl
2564:             2            800  com.intellij.toolWindow.ToolWindowPane
2565:             2            800  com.intellij.ui.jcef.JBCefOsrComponent
2566:            25            800  com.intellij.util.io.FileChannelWithSizeTracking
2567:            50            800  com.intellij.util.io.pagecache.impl.PageContentLockingStrategy$SharedLockLockingStrategy
2568:            20            800  io.netty.buffer.PoolThreadCache$MemoryRegionCache$Entry
2569:            25            800  java.lang.invoke.VarForm (java.base@21.0.8)
2570:            20            800  java.lang.invoke.VarHandleLongs$FieldInstanceReadWrite (java.base@21.0.8)
2571:             2            800  javax.swing.JComboBox (java.desktop)
2572:            20            800  jdk.internal.loader.NativeLibraries$NativeLibraryImpl (java.base@21.0.8)
2573:            50            800  kotlin.reflect.jvm.internal.impl.serialization.deserialization.descriptors.DeserializedTypeParameterDescriptor$$Lambda$0
2574:             5            800  org.languagetool.rules.en.MorfologikAmericanSpellerRule
2575:            11            792  com.fasterxml.jackson.core.sym.ByteQuadsCanonicalizer
2576:            11            792  com.intellij.openapi.editor.impl.EditorColorSchemeDelegate
2577:            33            792  com.intellij.openapi.keymap.impl.KeymapImpl$cachedShortcuts$1
2578:            33            792  com.intellij.platform.workspace.storage.impl.EntityPointerImpl
2579:            11            792  com.intellij.ui.mac.screenmenu.Menu
2580:            33            792  com.intellij.util.ui.UiScopeKt$installHierarchyListener$1
2581:            33            792  com.intellij.util.ui.UiScopeKt$launchUsingIsShowingFlow$1$$Lambda/0x0000009802b4b908
2582:            33            792  com.jetbrains.rd.framework.FrameworkMarshallers$create$1
2583:            33            792  com.jetbrains.rd.framework.FrameworkMarshallers$create$2
2584:             9            792  io.grpc.netty.shaded.io.netty.buffer.PooledUnsafeDirectByteBuf
2585:            33            792  io.opentelemetry.sdk.metrics.internal.state.MetricStorageRegistry
2586:            33            792  java.net.Inet4Address (java.base@21.0.8)
2587:            33            792  kotlinx.collections.immutable.implementations.persistentOrderedMap.LinkedValue
2588:            33            792  kotlinx.coroutines.CompletableDeferredImpl
2589:            33            792  kotlinx.coroutines.flow.DistinctFlowImpl
2590:             9            792  org.jetbrains.completion.full.line.language.RAGSettings
2591:            32            784  [Ljavax.swing.text.AbstractDocument$AbstractElement; (java.desktop)
2592:            14            784  com.fasterxml.jackson.databind.type.IterationType
2593:            49            784  com.intellij.openapi.editor.colors.DelegatingFontPreferences
2594:             2            784  com.intellij.openapi.wm.impl.IdeRootPane
2595:            14            784  com.intellij.platform.recentFiles.frontend.SwitcherVirtualFile
2596:             2            784  com.intellij.ui.components.JBThinOverlappingScrollBar
2597:            14            784  com.intellij.ui.tree.ui.DefaultTreeLayoutCache$Node
2598:            49            784  com.intellij.util.containers.CollectionFactory$1
2599:            49            784  kotlin.reflect.jvm.internal.impl.load.java.lazy.descriptors.LazyJavaClassDescriptor$$Lambda$0
2600:            33            776  [Lcom.intellij.openapi.fileTypes.FileType;
2601:             8            768  [Lcom.sun.org.apache.xerces.internal.xni.QName; (java.xml@21.0.8)
2602:            32            768  ai.grazie.nlp.langs.LanguageISO
2603:            24            768  com.github.benmanes.caffeine.cache.BoundedLocalCache$BoundedLocalLoadingCache
2604:            16            768  com.google.common.cache.LocalCache$StrongWriteEntry
2605:            32            768  com.google.gson.internal.bind.TypeAdapters$30
2606:            32            768  com.ibm.icu.impl.UCharacterProperty$BinaryProperty
2607:            12            768  com.intellij.execution.configurations.LocatableRunConfigurationOptions
2608:            48            768  com.intellij.ide.plugins.PluginContentDescriptor
2609:            16            768  com.intellij.lang.folding.CompositeFoldingBuilder$FoldingDescriptorWrapper
2610:            16            768  com.intellij.openapi.MnemonicWrapper$ButtonWrapper
2611:            32            768  com.intellij.openapi.editor.colors.impl.AdditionalTextAttributesEP
2612:             2            768  com.intellij.openapi.editor.impl.stickyLines.ui.StickyLineComponent
2613:            32            768  com.intellij.openapi.observable.util.RevertOnDisposeUtilKt$$Lambda/0x000000980444f928
2614:             2            768  com.intellij.openapi.ui.LoadingDecorator$LoadingLayer
2615:            16            768  com.intellij.openapi.vcs.changes.ui.ChangesViewContentEP
2616:            16            768  com.intellij.openapi.vfs.newvfs.persistent.FileRecordLock$Segment
2617:            48            768  com.intellij.openapi.wm.impl.ToolWindowImpl$$Lambda/0x0000009803203618
2618:            12            768  com.intellij.openapi.wm.impl.content.SingleContentLayout
2619:            12            768  com.intellij.openapi.wm.impl.content.ToolWindowContentUi
2620:            32            768  com.intellij.openapi.wm.impl.content.ToolWindowContentUi$4
2621:             2            768  com.intellij.openapi.wm.impl.customFrameDecorations.header.MacToolbarFrameHeader
2622:             2            768  com.intellij.openapi.wm.impl.headertoolbar.MainToolbar
2623:             2            768  com.intellij.openapi.wm.impl.status.IconPresentationComponent
2624:             2            768  com.intellij.openapi.wm.impl.status.InfoAndProgressPanel$InlineProgressPanel
2625:            32            768  com.intellij.patterns.PsiFilePattern$Capture
2626:             2            768  com.intellij.platform.navbar.frontend.ui.StaticNavBarPanel
2627:            48            768  com.intellij.polySymbols.webTypes.json.GenericJsContributionOrProperty
2628:            24            768  com.intellij.psi.stubs.StubTree
2629:            32            768  com.intellij.toolWindow.ToolwindowKt$$Lambda/0x0000009802e0b060
2630:             2            768  com.intellij.ui.FilteringTree$2
2631:            32            768  com.intellij.ui.SpinningProgressIcon$createFrame$1
2632:             2            768  com.intellij.ui.components.JBPanelWithEmptyText
2633:            32            768  com.intellij.util.CoroutineScopeKt$$Lambda/0x000000980233ede0
2634:            32            768  com.intellij.util.indexing.InputMapExternalizer
2635:            32            768  com.sun.jmx.mbeanserver.DefaultMXBeanMappingFactory$IdentityMapping (java.management@21.0.8)
2636:            12            768  io.grpc.netty.shaded.io.netty.channel.ChannelOutboundBuffer$Entry
2637:            32            768  io.netty.buffer.IntPriorityQueue
2638:            32            768  io.netty.util.Recycler$DefaultHandle
2639:             6            768  io.netty.util.concurrent.FastThreadLocalThread
2640:            48            768  it.unimi.dsi.fastutil.objects.Object2ObjectOpenHashMap$MapEntrySet
2641:            12            768  java.text.SimpleDateFormat (java.base@21.0.8)
2642:            32            768  java.util.Collections$SynchronizedCollection (java.base@21.0.8)
2643:             2            768  javax.swing.JProgressBar (java.desktop)
2644:             2            768  javax.swing.JScrollPane$ScrollBar (java.desktop)
2645:            24            768  javax.swing.plaf.InsetsUIResource (java.desktop)
2646:            48            768  jdk.internal.module.SystemModuleFinders$3 (java.base@21.0.8)
2647:            24            768  kotlin.reflect.jvm.internal.impl.metadata.ProtoBuf$VersionRequirementTable
2648:             8            768  org.jetbrains.jewel.ui.component.styling.ButtonColors
2649:            24            768  sun.font.EAttribute (java.desktop)
2650:            16            768  sun.java2d.loops.Blit$GeneralMaskBlit (java.desktop)
2651:            16            768  sun.java2d.loops.DrawLine (java.desktop)
2652:            16            768  sun.java2d.loops.DrawPath (java.desktop)
2653:            16            768  sun.java2d.loops.DrawPolygons (java.desktop)
2654:            16            768  sun.java2d.loops.DrawRect (java.desktop)
2655:            16            768  sun.java2d.loops.FillPath (java.desktop)
2656:            16            768  sun.java2d.loops.FillSpans (java.desktop)
2657:            24            768  sun.security.x509.CRLDistributionPointsExtension (java.base@21.0.8)
2658:            24            768  sun.security.x509.OIDMap$OIDInfo (java.base@21.0.8)
2659:            19            760  [Ljava.lang.invoke.BoundMethodHandle$SpeciesData; (java.base@21.0.8)
2660:            31            760  [Ljava.util.concurrent.ConcurrentHashMap$CounterCell; (java.base@21.0.8)
2661:            19            760  com.intellij.sql.psi.SqlDbElementType
2662:            19            760  com.intellij.util.containers.RefHashMap$HardKey
2663:            19            760  com.intellij.util.ui.UiScopeKt$launchOnShowFixed$1
2664:            19            760  kotlinx.coroutines.flow.CallbackFlowBuilder$collectTo$1
2665:            24            752  [Lcom.github.weisj.jsvg.cj;
2666:             2            752  com.intellij.execution.impl.MyDiffContainer
2667:            47            752  com.intellij.internal.ml.UndefinedMapper
2668:             2            752  com.intellij.openapi.wm.impl.status.CounterLabel
2669:             2            752  com.intellij.openapi.wm.impl.status.StatusPanel
2670:             2            752  com.intellij.openapi.wm.impl.status.StatusPanel$1
2671:             2            752  com.intellij.psi.codeStyle.statusbar.CodeStyleStatusBarPanel$1
2672:             2            752  com.intellij.ui.SeparatorComponent
2673:            47            752  kotlin.InitializedLazyImpl
2674:            31            744  ai.grazie.rules.tree.Tree$Reading
2675:            31            744  com.intellij.rml.dfa.utils.KeyWithDefault
2676:            31            744  com.intellij.util.containers.ConcurrentFactoryMap$2
2677:            31            744  com.intellij.util.ui.JBValue$UIInteger
2678:            31            744  com.intellij.util.ui.StatusText$1
2679:            31            744  com.intellij.util.ui.StatusText$2
2680:            31            744  com.intellij.util.ui.StatusText$Column
2681:            31            744  com.sun.org.apache.xerces.internal.xni.XMLString (java.xml@21.0.8)
2682:            31            744  git4idea.annotate.GitFileAnnotation$LineInfo
2683:            31            744  java.lang.StringBuilder (java.base@21.0.8)
2684:            31            744  java.security.Provider$EngineDescription (java.base@21.0.8)
2685:            31            744  javax.swing.JComponent$ActionStandin (java.desktop)
2686:            31            744  kotlinx.coroutines.flow.FlowKt__ZipKt$combine$$inlined$unsafeFlow$1
2687:            31            744  sun.nio.ch.Util$BufferCache (java.base@21.0.8)
2688:            31            744  sun.nio.fs.NativeBuffer$Deallocator (java.base@21.0.8)
2689:             4            736  [Lcom.fasterxml.jackson.databind.ser.impl.ReadOnlyClassToSerializerMap$Bucket;
2690:             6            736  [Lcom.intellij.openapi.editor.markup.RangeHighlighter;
2691:            23            736  ai.grazie.nlp.langs.alphabet.SetBasedAlphabet
2692:            46            736  ai.grazie.rules.tree.NodePattern$$Lambda/0x0000009804bddac8
2693:            23            736  com.fasterxml.jackson.jr.ob.JSON$Feature
2694:            23            736  com.goide.completion.GoKeywordCompletionProvider
2695:             2            736  com.intellij.find.SearchReplaceComponent$1
2696:             2            736  com.intellij.find.SearchReplaceComponent$2
2697:            46            736  com.intellij.ide.ui.NamedColorValue
2698:             2            736  com.intellij.openapi.ui.LoadingDecoratorLayeredPaneImpl
2699:            46            736  com.intellij.openapi.util.Disposer$CheckedDisposableImpl
2700:            23            736  com.intellij.openapi.wm.impl.SquareStripeButton$2
2701:             2            736  com.intellij.toolWindow.FrameLayeredPane
2702:            23            736  com.intellij.toolWindow.ToolWindowPaneNewButtonManager$createStripeButton$1
2703:             2            736  com.intellij.ui.components.JBLoadingPanel
2704:            23            736  kotlinx.html.InputType
2705:            46            736  org.languagetool.rules.CorrectExample
2706:            23            736  org.yaml.snakeyaml.tokens.Token$ID
2707:            46            736  sun.util.logging.PlatformLogger (java.base@21.0.8)
2708:            26            728  [Ljava.net.InetAddress; (java.base@21.0.8)
2709:            13            728  com.intellij.openapi.actionSystem.DefaultCompactActionGroup
2710:            13            728  com.intellij.util.containers.ConcurrentLongObjectHashMap
2711:            13            728  javax.management.openmbean.CompositeType (java.management@21.0.8)
2712:            27            720  [Ljavax.xml.namespace.QName; (java.xml@21.0.8)
2713:             9            720  com.fasterxml.jackson.core.JsonFactory
2714:            10            720  com.fasterxml.jackson.databind.deser.DefaultDeserializationContext$Impl
2715:            10            720  com.fasterxml.jackson.databind.deser.std.MapDeserializer
2716:            10            720  com.fasterxml.jackson.databind.ser.DefaultSerializerProvider$Impl
2717:            10            720  com.google.protobuf.MessageSchema
2718:            15            720  com.intellij.diagnostic.LogMessage
2719:             2            720  com.intellij.ide.navigationToolbar.rider.NewToolbarRootPaneExtension$MyPanel
2720:            10            720  com.intellij.indexing.shared.util.zipFs.UncompressedZipFileSystem$1
2721:            45            720  com.intellij.openapi.actionSystem.AnAction$$Lambda/0x00000098028cac80
2722:            10            720  com.intellij.openapi.editor.colors.impl.BundledEditorColorScheme
2723:            15            720  com.intellij.openapi.editor.impl.DocumentImpl$PersistentRangeMarkerTree
2724:             9            720  com.intellij.openapi.editor.impl.inspector.InspectionsGroup
2725:            45            720  com.intellij.openapi.wm.impl.ToolWindowImpl$$Lambda/0x0000009803201c40
2726:            45            720  com.intellij.openapi.wm.impl.ToolWindowImpl$$Lambda/0x0000009803201e98
2727:             2            720  com.intellij.platform.navbar.frontend.NavBarContainer
2728:            30            720  com.intellij.protobuf.lang.psi.ProtoKeywordTokenType
2729:             2            720  com.intellij.psi.codeStyle.statusbar.CodeStyleStatusBarPanel
2730:            18            720  com.intellij.serialization.stateProperties.LongStoredProperty
2731:            30            720  com.intellij.sql.psi.stubs.elementTypes.SqlFileElementType
2732:            30            720  com.intellij.ui.border.NamedBorderImpl
2733:            45            720  com.intellij.ui.components.DefaultScrollBarUI$$Lambda/0x0000009803123008
2734:             9            720  com.intellij.ui.dsl.builder.impl.CellImpl
2735:             2            720  com.intellij.ui.jcef.JBCefBrowser$MyPanel
2736:            10            720  it.unimi.dsi.fastutil.ints.Int2DoubleOpenHashMap
2737:            18            720  it.unimi.dsi.fastutil.ints.Int2ObjectMaps$SynchronizedMap
2738:            15            720  java.beans.BeanDescriptor (java.desktop)
2739:            30            720  java.time.LocalTime (java.base@21.0.8)
2740:            18            720  kotlin.reflect.jvm.internal.impl.km.jvm.internal.JvmPropertyExtension
2741:            30            720  kotlinx.coroutines.flow.ReadonlySharedFlow
2742:             2            720  org.intellij.plugins.markdown.ui.preview.jcef.MarkdownJCEFHtmlPanel$ViewPort
2743:            15            720  org.jetbrains.skia.impl.CleanableImpl
2744:            30            720  org.languagetool.rules.patterns.UnifierConfiguration
2745:            10            720  sun.java2d.loops.MaskBlit$General (java.desktop)
2746:            44            704  ai.grazie.nlp.patterns.RegexPattern
2747:            44            704  ai.grazie.rules.tree.NodePattern$$Lambda/0x0000009804ba69b8
2748:            44            704  ai.grazie.rules.tree.NodePattern$$Lambda/0x0000009804ba6c10
2749:            11            704  com.fasterxml.jackson.core.sym.CharsToNameCanonicalizer
2750:            44            704  com.goide.psi.impl.GoNamedElementImpl$$Lambda/0x0000009804807098
2751:            11            704  com.intellij.openapi.editor.colors.impl.EditorColorsSchemeImpl
2752:            22            704  com.intellij.openapi.ui.popup.IconButton
2753:             8            704  com.intellij.psi.formatter.xml.HtmlCodeStyleSettings
2754:            22            704  com.intellij.psi.stubs.LazyStubData
2755:             2            704  com.intellij.ui.components.JBBox
2756:             2            704  com.intellij.ui.mac.MacWinTabsHandlerV2$1
2757:            11            704  com.intellij.uiDesigner.core.GridConstraints
2758:            22            704  io.opentelemetry.sdk.metrics.AutoValue_View
2759:            22            704  io.opentelemetry.sdk.metrics.internal.view.AutoValue_RegisteredView
2760:            22            704  java.lang.StringBuffer (java.base@21.0.8)
2761:            22            704  java.lang.reflect.ClassFileFormatVersion (java.base@21.0.8)
2762:            11            704  java.security.SecureRandom (java.base@21.0.8)
2763:            22            704  javax.swing.text.JTextComponent$MutableCaretEvent (java.desktop)
2764:            44            704  jdk.proxy2.$Proxy125 (jdk.proxy2)
2765:            44            704  kotlin.reflect.jvm.internal.impl.metadata.deserialization.VersionRequirementTable
2766:            22            704  kotlinx.coroutines.JobSupport$Finishing
2767:            44            704  kotlinx.coroutines.channels.ReceiveCatching
2768:             4            704  org.jetbrains.jewel.ui.component.styling.DropdownColors
2769:            11            704  sun.lwawt.macosx.CAccessible (java.desktop)
2770:            44            704  sun.security.x509.GeneralNames (java.base@21.0.8)
2771:            29            696  ai.grazie.nlp.patterns.Pattern$traceFind$1
2772:            29            696  ai.grazie.rules.tree.NodePattern$$Lambda/0x0000009804bda000
2773:            29            696  com.goide.psi.impl.GoVarSpecImpl
2774:            29            696  com.intellij.openapi.actionSystem.MouseShortcut
2775:            29            696  com.intellij.platform.diagnostic.telemetry.Scope
2776:            29            696  com.sun.org.apache.xerces.internal.util.SymbolTable$Entry (java.xml@21.0.8)
2777:            29            696  javax.accessibility.AccessibleState (java.desktop)
2778:            29            696  javax.swing.text.html.CSS$BorderStyle (java.desktop)
2779:            29            696  javax.swing.text.html.StyleSheet$LargeConversionSet (java.desktop)
2780:            29            696  org.jetbrains.skia.BlendMode
2781:            43            688  com.intellij.indexing.shared.platform.impl.FileContentHashIndex$SingletonHashIdMapDataExternalizer
2782:            43            688  com.intellij.indexing.shared.platform.impl.FileContentHashIndexExtension$1
2783:            43            688  jdk.proxy2.$Proxy169 (jdk.proxy2)
2784:            26            680  [Ljava.util.regex.Pattern; (java.base@21.0.8)
2785:            17            680  com.intellij.formatting.SpacingImpl
2786:            17            680  com.intellij.openapi.actionSystem.EmptyAction
2787:            17            680  io.grpc.netty.shaded.io.netty.util.Recycler$LocalPool
2788:            17            680  kotlinx.coroutines.flow.AbstractFlow$collect$1
2789:            17            680  sun.security.ssl.CipherSuite$KeyExchange (java.base@21.0.8)
2790:            17            680  sun.util.locale.provider.LocaleResources$ResourceReference (java.base@21.0.8)
2791:            21            672  ai.grazie.nlp.patterns.ext.AbbreviationPatterns$AbbreviationPattern
2792:            21            672  com.fasterxml.jackson.databind.BeanProperty$Std
2793:            28            672  com.fasterxml.jackson.databind.introspect.AnnotationIntrospectorPair
2794:            28            672  com.goide.template.psi.GoTemplateTokenType
2795:            14            672  com.ibm.icu.number.LocalizedNumberFormatter
2796:            14            672  com.intellij.execution.lineMarker.LineMarkerActionWrapper
2797:            21            672  com.intellij.lang.javascript.index.FrameworkIndexingHandlerEP
2798:            12            672  com.intellij.model.psi.PsiSymbolReferenceProviderBean
2799:            28            672  com.intellij.openapi.extensions.ExtensionPointUtil$1
2800:            28            672  com.intellij.openapi.observable.dispatcher.AbstractSingleEventDispatcher$ListenerWrapper
2801:            21            672  com.intellij.openapi.vfs.newvfs.impl.VfsData$Segment
2802:            42            672  com.intellij.polySymbols.webTypes.json.DescriptionSections
2803:            21            672  com.intellij.psi.WeigherExtensionPoint
2804:            28            672  com.intellij.psi.filters.position.ParentElementFilter
2805:            28            672  com.intellij.psi.impl.smartPointers.MarkerCache
2806:            42            672  com.intellij.ui.components.JBViewport$2
2807:            28            672  com.intellij.ui.components.JBViewport$ResourceViewBorder
2808:            28            672  com.intellij.util.containers.intcaches.SLRUIntObjectCache
2809:            21            672  com.intellij.util.text.VersionComparatorUtil$VersionTokenType
2810:            12            672  com.intellij.util.ui.UiScopeKt$launchUsingIsShowingFlow$1$1$1$1$1
2811:            14            672  fleet.rpc.client.DurableKt$durable$1
2812:            14            672  java.awt.dnd.DropTarget (java.desktop)
2813:            42            672  java.lang.constant.ReferenceClassDescImpl (java.base@21.0.8)
2814:            14            672  java.util.regex.Pattern$GroupCurly (java.base@21.0.8)
2815:            12            672  javax.swing.GroupLayout$ParallelGroup (java.desktop)
2816:            42            672  jdk.internal.misc.InternalLock (java.base@21.0.8)
2817:            42            672  jdk.proxy2.$Proxy66 (jdk.proxy2)
2818:            28            672  kotlin.reflect.jvm.internal.impl.serialization.deserialization.MemberDeserializer$$Lambda$2
2819:            42            672  kotlinx.coroutines.DisposeOnCancel
2820:            21            672  kotlinx.coroutines.flow.CallbackFlowBuilder
2821:            28            672  org.jetbrains.completion.full.line.language.LangState
2822:             6            672  org.jetbrains.jewel.ui.component.styling.ScrollbarColors
2823:            14            672  sun.java2d.loops.TransformHelper (java.desktop)
2824:            21            672  sun.security.x509.CertificatePoliciesExtension (java.base@21.0.8)
2825:            21            672  tech.units.indriya.unit.AlternateUnit
2826:            25            664  [Ljava.net.InterfaceAddress; (java.base@21.0.8)
2827:             2            656  com.github.benmanes.caffeine.cache.SSLMSA
2828:            41            656  it.unimi.dsi.fastutil.objects.Object2ObjectOpenHashMap$KeySet
2829:            41            656  javax.swing.plaf.basic.BasicTreeUI$Actions (java.desktop)
2830:            41            656  jdk.proxy2.$Proxy312 (jdk.proxy2)
2831:            41            656  kotlin.reflect.jvm.internal.KPropertyImpl$Getter$$Lambda$0
2832:            41            656  org.intellij.idea.lang.javascript.intention.JSIntention$$Lambda/0x0000009805e6d3c0
2833:            27            648  androidx.compose.ui.graphics.vector.PathNode$LineTo
2834:            27            648  com.fasterxml.jackson.module.kotlin.BucketGenerator
2835:            27            648  com.fasterxml.jackson.module.kotlin.ConstructorValueCreator
2836:            27            648  com.goide.template.psi.GoTemplateCompositeElementType
2837:            27            648  com.intellij.codeInsight.template.impl.DefaultLiveTemplateEP
2838:             9            648  com.intellij.ide.ui.customization.CustomisedActionGroup
2839:            27            648  com.intellij.openapi.editor.VisualPosition
2840:            27            648  com.intellij.openapi.editor.ex.util.LayeredTextAttributes
2841:             9            648  com.intellij.openapi.editor.impl.softwrap.mapping.SoftWrapApplianceManager
2842:             9            648  com.intellij.openapi.keymap.impl.DefaultKeymapImpl
2843:            27            648  com.intellij.openapi.util.text.TextWithMnemonic
2844:            27            648  com.intellij.psi.stubs.StubIndexEx$KeyAndFileId
2845:            27            648  com.intellij.ui.ColorUtil$ToAlpha
2846:            27            648  com.sun.jmx.mbeanserver.NamedObject (java.management@21.0.8)
2847:            27            648  java.util.jar.Attributes$Name (java.base@21.0.8)
2848:            27            648  javax.swing.text.html.CSS$ColorValue (java.desktop)
2849:             9            648  javax.swing.text.html.StyleSheet (java.desktop)
2850:            27            648  org.intellij.lang.regexp.RegExpCapability
2851:            27            648  sun.security.x509.AccessDescription (java.base@21.0.8)
2852:            16            640  [Landroidx.compose.ui.layout.HorizontalRuler;
2853:            16            640  [Landroidx.compose.ui.layout.VerticalRuler;
2854:             8            640  [Lio.netty.handler.codec.DefaultHeaders$HeaderEntry;
2855:            20            640  com.fasterxml.jackson.core.JsonParser$Feature
2856:            16            640  com.goide.controlflow.instructions.GoBranchInstruction
2857:             8            640  com.goide.ide.GoNewProjectStep$MyCustomization$GoProjectSettingsStep
2858:            20            640  com.goide.microservices.references.GoUrlPathReferenceProvider
2859:            20            640  com.intellij.codeInsight.template.impl.TemplateGroup
2860:            20            640  com.intellij.execution.configurations.RunConfigurationOptions$OutputFileOptions
2861:            10            640  com.intellij.ide.highlighter.custom.SyntaxTable
2862:            16            640  com.intellij.lang.folding.FoldingDescriptor
2863:            20            640  com.intellij.microservices.url.references.UrlPksParser
2864:            40            640  com.intellij.openapi.actionSystem.Separator$$Lambda/0x000000980249da30
2865:            40            640  com.intellij.openapi.actionSystem.impl.RemoveAllShortcutsOperation
2866:            20            640  com.intellij.openapi.vfs.impl.VirtualFileManagerImpl$VirtualFileSystemBean
2867:            20            640  com.intellij.openapi.vfs.newvfs.impl.MapReference
2868:            20            640  com.intellij.platform.instanceContainer.internal.InstanceContainerImpl
2869:            10            640  com.intellij.util.containers.FixedHashMap
2870:            16            640  io.grpc.netty.shaded.io.netty.buffer.LongLongHashMap
2871:            20            640  javax.imageio.spi.DigraphNode (java.desktop)
2872:             8            640  javax.swing.text.FieldView (java.desktop)
2873:            20            640  org.HdrHistogram.Recorder
2874:             3            624  [Ljava.lang.invoke.LambdaForm; (java.base@21.0.8)
2875:            26            624  ai.grazie.detector.heuristics.list.impl.ListProfile
2876:            26            624  androidx.compose.ui.graphics.vector.PathNode$MoveTo
2877:            13            624  com.fasterxml.jackson.core.JsonToken
2878:            26            624  com.goide.completion.GoMLCompletionFeatures$GoKeyword
2879:            39            624  com.goide.psi.impl.GoPackage$$Lambda/0x00000098047820f8
2880:            26            624  com.goide.vgo.mod.psi.VgoTokenType
2881:            26            624  com.intellij.openapi.editor.toolbar.floating.EditorFloatingToolbar$EditorFloatingToolbarComponent$1
2882:            26            624  com.intellij.openapi.observable.util.RevertOnDisposeUtilKt$$Lambda/0x00000098046379b0
2883:            26            624  com.intellij.openapi.vfs.newvfs.FileAttribute
2884:            26            624  com.intellij.rml.dfa.rml.dsl.lang.RmlRelation4
2885:            26            624  com.intellij.semantic.SemServiceImpl$SemData
2886:            39            624  com.intellij.sql.psi.stubs.factories.SqlAlterStatementStubElementFactory
2887:            39            624  com.intellij.sql.psi.stubs.serializers.SqlAlterStatementStubSerializer
2888:            26            624  com.intellij.util.containers.ContainerUtil$$Lambda/0x0000009802eab9b0
2889:            26            624  com.intellij.util.indexing.RequiredIndexesEvaluator$HintAwareIndexList
2890:            13            624  com.jetbrains.gateway.ssh.IntelliJPlatformProduct
2891:            26            624  java.awt.Toolkit$ToolkitEventMulticaster (java.desktop)
2892:            26            624  java.security.spec.ECFieldF2m (java.base@21.0.8)
2893:            26            624  java.time.LocalDateTime (java.base@21.0.8)
2894:            26            624  java.util.concurrent.ConcurrentLinkedDeque$Node (java.base@21.0.8)
2895:            26            624  javax.swing.plaf.basic.BasicButtonListener (java.desktop)
2896:            13            624  javax.swing.text.AbstractDocument$BidiRootElement (java.desktop)
2897:            39            624  kotlin.reflect.jvm.internal.impl.km.jvm.internal.JvmConstructorExtension
2898:            26            624  kotlin.reflect.jvm.internal.impl.protobuf.ExtensionRegistryLite$ObjectIntPair
2899:            26            624  org.apache.commons.logging.impl.Log4JLogger
2900:            26            624  org.apache.log4j.Logger
2901:            26            624  org.jdom.Text
2902:            39            624  org.jetbrains.plugins.terminal.block.ui.VerticalSpaceInlayRenderer
2903:             3            624  sun.java2d.SunGraphics2D (java.desktop)
2904:            11            616  kotlin.reflect.jvm.internal.impl.descriptors.impl.EnumEntrySyntheticClassDescriptor
2905:             7            616  org.languagetool.language.English
2906:            38            608  ai.grazie.rules.tree.NodePattern$$Lambda/0x0000009804bfd9b0
2907:             2            608  com.github.benmanes.caffeine.cache.SIMS
2908:            38            608  com.ibm.icu.util.VersionInfo
2909:            19            608  com.intellij.codeInsight.editorActions.QuoteHandlerEP
2910:             1            608  com.intellij.execution.ui.layout.impl.RunnerContentUi$1
2911:            38            608  com.intellij.grazie.jlanguage.Lang$$Lambda/0x0000009802ef6050
2912:            19            608  com.intellij.lang.javascript.psi.ecmal4.JSAttributeList$ModifierType
2913:            19            608  com.intellij.terminal.frontend.view.impl.TerminalBlocksDecorator$BlockDecoration
2914:            38            608  com.intellij.util.ui.BaseButtonBehavior$ButtonFocusListener
2915:            38            608  com.intellij.util.ui.BaseButtonBehavior$MyMouseMotionListener
2916:            38            608  com.intellij.util.ui.BaseButtonBehavior$PressedKeyListener
2917:            19            608  com.jetbrains.jsonSchema.fus.JsonSchemaFusCountedFeature
2918:            19            608  java.lang.invoke.MethodHandles$Lookup (java.base@21.0.8)
2919:            19            608  kotlin.reflect.jvm.internal.impl.util.Checks
2920:            19            608  org.jetbrains.jps.model.java.JdkVersionDetector$Variant
2921:            38            608  org.jetbrains.plugins.terminal.view.shellIntegration.TerminalBlockIdImpl
2922:            19            608  sun.nio.ch.AllocatedNativeObject (java.base@21.0.8)
2923:            25            600  ai.grazie.rules.settings.Setting$Value
2924:            25            600  androidx.compose.runtime.saveable.SaverKt$Saver$1
2925:            25            600  com.intellij.codeInsight.daemon.impl.HighlightInfoUpdaterImpl$ToolHighlights
2926:            15            600  com.intellij.polySymbols.references.impl.PsiPolySymbolReferenceProviderBean
2927:            15            600  com.intellij.ui.components.TwoWayAnimator$start$1
2928:            15            600  com.intellij.ui.components.TwoWayAnimator$start$1$1
2929:            15            600  com.intellij.ui.components.panels.HorizontalLayout
2930:            15            600  com.intellij.ui.dsl.gridLayout.impl.GridImpl
2931:            15            600  java.beans.GenericBeanInfo (java.desktop)
2932:            15            600  java.lang.IndexOutOfBoundsException (java.base@21.0.8)
2933:            25            600  java.util.concurrent.ConcurrentSkipListMap$Index (java.base@21.0.8)
2934:             5            600  jdk.internal.misc.InnocuousThread (java.base@21.0.8)
2935:            15            600  kotlin.reflect.jvm.internal.impl.serialization.deserialization.descriptors.DeserializedPackageMemberScope
2936:            25            600  kotlinx.coroutines.DeferredCoroutine
2937:            15            600  kotlinx.coroutines.UndispatchedCoroutine
2938:            25            600  org.languagetool.rules.SynonymsData
2939:            25            600  sun.font.FontDesignMetrics$MetricsKey (java.desktop)
2940:            11            592  [Lcom.fasterxml.jackson.databind.cfg.CoercionAction;
2941:            25            592  [Lcom.intellij.execution.configurations.ConfigurationFactory;
2942:            25            592  [Lcom.intellij.psi.stubs.PsiFileStub;
2943:            10            592  [Lio.grpc.netty.shaded.io.netty.util.internal.PriorityQueueNode;
2944:            37            592  com.intellij.ide.bookmark.BookmarkType$$Lambda/0x00000098052f0fc0
2945:            37            592  com.intellij.ide.bookmark.BookmarkType$$Lambda/0x00000098052f1218
2946:            37            592  com.intellij.openapi.observable.dispatcher.AbstractSingleEventDispatcher0$RootDispatcher
2947:            24            576  [Lcom.intellij.psi.filters.ElementFilter;
2948:            18            576  androidx.compose.ui.layout.RectRulersImpl
2949:             6            576  com.android.studio.ml.bot.ui.compose.timeline.agent.experimental.changesdrawer.AgentChangesDrawerState$AgentChange
2950:             8            576  com.fasterxml.jackson.databind.json.JsonMapper
2951:             8            576  com.fasterxml.jackson.databind.ser.std.MapSerializer
2952:             8            576  com.goide.formatter.settings.GoCodeStyleSettings
2953:            24            576  com.goide.microservices.declarations.GoDeclarationPatternsKt$functionCallArgumentByIndex$1
2954:            24            576  com.google.common.cache.LocalCache$AccessQueue$1
2955:            18            576  com.ibm.icu.util.TimeUnit
2956:             6            576  com.intellij.codeInspection.InspectionEP
2957:            18            576  com.intellij.codeInspection.ex.GlobalInspectionToolWrapper
2958:            12            576  com.intellij.completion.ml.experiments.CommonExperiments
2959:            18            576  com.intellij.database.settings.UserPatterns$ParameterPattern
2960:            24            576  com.intellij.grazie.spellcheck.engine.SuggestionRequest
2961:             9            576  com.intellij.ide.ui.UIThemeBean
2962:            24            576  com.intellij.ide.ui.UiThemePaletteScopeImpl
2963:            18            576  com.intellij.internal.statistic.eventLog.events.StringListEventField$ValidatedByAllowedValues
2964:             9            576  com.intellij.openapi.editor.impl.EditorImpl$MyScrollPaneLayout
2965:             9            576  com.intellij.openapi.editor.impl.EditorMarkupModelImpl$NavigationGroup
2966:             9            576  com.intellij.openapi.editor.impl.FoldingModelImpl
2967:            12            576  com.intellij.platform.util.coroutines.flow.FlowKt$throttle$1$1
2968:            12            576  com.intellij.platform.util.coroutines.flow.FlowKt$throttle$1$latchJob$1
2969:            24            576  com.intellij.toolWindow.ToolWindowEventSource
2970:            12            576  com.intellij.toolWindow.ToolWindowHeader$2
2971:            12            576  com.intellij.toolWindow.ToolWindowHeader$ShowOptionsAction
2972:            24            576  com.intellij.ui.jcef.JBCefClient$HandlerSupport
2973:             9            576  com.intellij.util.concurrency.SchedulingWrapper$1
2974:            24            576  com.intellij.vcs.github.ultimate.features.expression.GithubExpressionTokenType
2975:            24            576  com.jetbrains.internal.ProxyRepository$Registry$StaticKey (java.base@21.0.8)
2976:            24            576  com.jetbrains.internal.ProxyRepository$Registry$StaticValue (java.base@21.0.8)
2977:            12            576  com.sun.org.apache.xerces.internal.util.XMLAttributesImpl$Attribute (java.xml@21.0.8)
2978:            12            576  io.netty.buffer.PoolChunkList
2979:            18            576  io.opentelemetry.api.internal.InternalAttributeKeyImpl
2980:             9            576  it.unimi.dsi.fastutil.ints.Int2FloatOpenHashMap
2981:            24            576  java.awt.Desktop$Action (java.desktop)
2982:            36            576  java.util.TreeMap$KeySet (java.base@21.0.8)
2983:            18            576  java.util.concurrent.CountDownLatch$Sync (java.base@21.0.8)
2984:            18            576  java.util.regex.Pattern$NotBehind (java.base@21.0.8)
2985:            12            576  javax.swing.GroupLayout (java.desktop)
2986:            36            576  javax.swing.JViewport$ViewListener (java.desktop)
2987:            18            576  javax.swing.plaf.BorderUIResource$EmptyBorderUIResource (java.desktop)
2988:             8            576  javax.swing.text.PlainDocument (java.desktop)
2989:            36            576  kotlin.reflect.jvm.internal.impl.km.KmClassifier$TypeParameter
2990:            24            576  kotlin.reflect.jvm.internal.impl.load.java.typeEnhancement.JavaTypeQualifiers
2991:            24            576  org.jetbrains.skia.ColorType
2992:            12            576  sun.java2d.loops.DrawGlyphListLCD (java.desktop)
2993:             9            576  sun.java2d.loops.RenderLoops (java.desktop)
2994:            24            576  sun.security.x509.PolicyInformation (java.base@21.0.8)
2995:             7            560  [Lcom.intellij.util.containers.ConcurrentLongObjectHashMap$Node;
2996:            17            560  [Ljava.lang.Boolean; (java.base@21.0.8)
2997:            35            560  com.goide.psi.impl.GoExpressionEvaluator$$Lambda/0x00000098048d3350
2998:            10            560  com.intellij.execution.lineMarker.ExecutorAction
2999:             5            560  com.intellij.notification.Notification
3000:             7            560  com.intellij.openapi.observable.operation.core.AtomicOperationTrace
3001:            14            560  com.intellij.openapi.project.LightEditActionFactory$SimpleLightEditCompatibleAction
3002:            14            560  com.intellij.ui.tree.StructureTreeModel$Node
3003:            14            560  com.intellij.util.ui.EmptyIcon
3004:            14            560  fleet.rpc.client.DurableKt$durable$2
3005:             7            560  io.ktor.network.tls.CipherSuite
3006:             7            560  java.util.concurrent.TimeUnit (java.base@21.0.8)
3007:            14            560  javax.management.openmbean.SimpleType (java.management@21.0.8)
3008:            14            560  morfologik.fsa.ByteSequenceIterator
3009:             7            560  org.h2.mvstore.MVMap
3010:            10            560  sun.invoke.util.Wrapper (java.base@21.0.8)
3011:            10            560  sun.java2d.loops.GraphicsPrimitiveProxy (java.desktop)
3012:             7            560  sun.nio.ch.NioSocketImpl (java.base@21.0.8)
3013:            10            560  sun.nio.cs.StreamEncoder (java.base@21.0.8)
3014:            14            560  sun.security.util.MemoryCache (java.base@21.0.8)
3015:            23            552  com.intellij.completion.ngram.slp.counting.trie.ArrayTrieCounter
3016:            23            552  com.intellij.ide.impl.DataManagerImpl$KeyedDataProvider
3017:            23            552  com.intellij.openapi.extensions.impl.ExtensionPointImpl$$Lambda/0x0000009802398948
3018:            23            552  com.intellij.platform.workspace.storage.impl.indices.EntityIdWithProperty
3019:            23            552  com.intellij.psi.stubs.FileLocalStringEnumerator
3020:            23            552  com.intellij.ui.dsl.gridLayout.UnscaledGapsXImpl
3021:            23            552  com.intellij.ui.dsl.gridLayout.impl.ComponentCell
3022:            23            552  java.util.concurrent.ConcurrentSkipListMap$Node (java.base@21.0.8)
3023:            23            552  kotlin.reflect.KTypeProjection
3024:            23            552  kotlin.reflect.jvm.internal.impl.incremental.components.NoLookupLocation
3025:            16            544  [[S (java.base@21.0.8)
3026:            34            544  ai.grazie.rules.tree.NodeCorrector$$Lambda/0x0000009804be2ea8
3027:            34            544  com.apple.laf.AquaScrollPaneUI$XYMouseWheelHandler (java.desktop)
3028:            17            544  com.intellij.ide.util.treeView.TreeState$PathElement
3029:            17            544  com.intellij.internal.statistic.eventLog.events.StringEventField$ValidatedByEnum
3030:            17            544  com.intellij.platform.util.io.storages.mmapped.MMappedFileStorage$Page
3031:            17            544  com.intellij.platform.workspace.storage.metadata.model.ExtPropertyMetadata
3032:            34            544  com.intellij.util.ui.JBValue$Float
3033:            17            544  com.intellij.util.xmlb.BeanBinding
3034:            17            544  io.grpc.Status$Code
3035:            17            544  io.opencensus.trace.Status$CanonicalCode
3036:            34            544  io.opentelemetry.sdk.metrics.SdkMeter$MultiWritableMetricStorage
3037:            17            544  java.lang.ConditionalSpecialCasing$Entry (java.base@21.0.8)
3038:            34            544  javax.swing.AbstractButton$Handler (java.desktop)
3039:            34            544  javax.swing.plaf.basic.BasicScrollPaneUI$Handler (java.desktop)
3040:            34            544  jdk.proxy1.$Proxy52 (jdk.proxy1)
3041:            34            544  jdk.proxy2.$Proxy17 (jdk.proxy2)
3042:            34            544  kotlin.jvm.internal.Ref$BooleanRef
3043:            17            544  kotlin.reflect.jvm.internal.impl.metadata.builtins.BuiltInsBinaryVersion
3044:            17            544  kotlinx.serialization.internal.LinkedHashMapClassDesc
3045:             4            544  org.jetbrains.jewel.ui.component.styling.TabColors
3046:            17            544  sun.security.x509.AuthorityInfoAccessExtension (java.base@21.0.8)
3047:            11            536  [Lcom.intellij.lang.javascript.index.flags.FlagsStructureElement;
3048:            22            536  [Lcom.intellij.openapi.vfs.impl.FilePartNode;
3049:            19            536  [Lkotlin.reflect.jvm.internal.impl.util.Check;
3050:            22            528  [Landroidx.compose.ui.graphics.Color;
3051:             1            528  [Lkotlinx.coroutines.internal.ThreadSafeHeapNode;
3052:            22            528  ai.grazie.nlp.tokenizer.retokenizer.PatternRetokenizer
3053:             6            528  androidx.compose.ui.text.SpanStyle
3054:            33            528  com.goide.microservices.declarations.HttpMethodResolution$Static
3055:            22            528  com.goide.psi.impl.GoVarDeclarationImpl
3056:            22            528  com.intellij.database.dataSource.DatabaseDriver$Constraint
3057:             6            528  com.intellij.ide.projectView.impl.nodes.PsiFileNode
3058:            22            528  com.intellij.lang.javascript.JSDocElementType
3059:            33            528  com.intellij.openapi.actionSystem.CompositeDataProvider
3060:             6            528  com.intellij.openapi.fileEditor.impl.EditorWithProviderComposite
3061:            22            528  com.intellij.openapi.vcs.FileStatusImpl
3062:            22            528  com.intellij.openapi.vfs.impl.VirtualFileManagerImpl$$Lambda/0x0000009802fd7ad8
3063:            22            528  com.intellij.protobuf.lang.psi.ProtoTokenType
3064:            22            528  com.intellij.psi.CustomHighlighterTokenType$CustomElementType
3065:            33            528  com.intellij.psi.impl.source.SubstrateRef$2
3066:            22            528  com.intellij.psi.impl.source.codeStyle.lineIndent.JavaLikeLangLineIndentProvider$JavaLikeElement
3067:            33            528  com.intellij.sql.psi.stubs.serializers.SqlFileStubSerializer
3068:            33            528  com.intellij.util.indexing.diagnostic.dto.JsonDuration$Deserializer
3069:            33            528  com.jetbrains.internal.ProxyGenerator$$Lambda/0x0000009802256530 (java.base@21.0.8)
3070:            22            528  io.grpc.Status
3071:             6            528  io.netty.buffer.PooledUnsafeDirectByteBuf
3072:            11            528  java.io.ClassCache$CacheRef (java.base@21.0.8)
3073:            22            528  javax.swing.text.html.CSS$FontWeight (java.desktop)
3074:            33            528  kotlin.reflect.jvm.internal.KCallableImpl$$Lambda$11
3075:            22            528  kotlin.reflect.jvm.internal.KTypeImpl$$Lambda$3
3076:            22            528  kotlin.reflect.jvm.internal.impl.types.StarProjectionImpl
3077:            22            528  org.apache.commons.imaging.ImageFormats
3078:            22            528  sun.font.CStrike$GlyphAdvanceCache (java.desktop)
3079:            13            520  [Lsun.awt.EventQueueItem; (java.desktop)
3080:             1            520  com.intellij.ide.projectView.impl.ProjectViewPane$MyProjectViewTree
3081:            13            520  com.intellij.openapi.wm.impl.DockToolWindowAction
3082:            13            520  com.intellij.ui.tree.AsyncTreeModel$Node
3083:            13            520  com.sun.jmx.mbeanserver.PerInterface (java.management@21.0.8)
3084:             5            520  io.opentelemetry.sdk.trace.SdkSpan
3085:            13            520  java.io.BufferedOutputStream (java.base@21.0.8)
3086:            13            520  javax.swing.plaf.basic.BasicTextUI$RootView (java.desktop)
3087:            13            520  javax.swing.text.AbstractDocument$BidiElement (java.desktop)
3088:            13            520  javax.swing.text.GapContent (java.desktop)
3089:            13            520  okio.Segment
3090:            23            512  [Ljavax.management.MBeanNotificationInfo; (java.management@21.0.8)
3091:            16            512  com.intellij.codeInsight.folding.impl.FoldingUpdate$RegionInfo
3092:             8            512  com.intellij.codeInsight.hints.declarative.InlayHintsProviderExtensionBean
3093:            16            512  com.intellij.codeInsight.hints.declarative.InlayProviderOption
3094:            16            512  com.intellij.lang.annotation.HighlightSeverity
3095:            32            512  com.intellij.openapi.extensions.ProjectExtensionPointName
3096:            32            512  com.intellij.sql.dialects.base.SqlLanguageDialectBase$$Lambda/0x00000098026f5288
3097:            16            512  com.intellij.ui.ScrollPaneTracker
3098:             1            512  com.intellij.ui.treeStructure.Tree
3099:            32            512  com.intellij.util.CoroutineScopeKt$$Lambda/0x000000980233e480
3100:            16            512  com.jetbrains.rhizomedb.Attributes$Optional
3101:            16            512  com.sun.beans.util.Cache$CacheEntry (java.desktop)
3102:             8            512  com.sun.security.sasl.Provider$ProviderService (java.security.sasl@21.0.8)
3103:            16            512  java.time.temporal.ChronoUnit (java.base@21.0.8)
3104:            32            512  java.util.Comparator$$Lambda/0x00000098021fe778 (java.base@21.0.8)
3105:            16            512  java.util.concurrent.locks.AbstractQueuedSynchronizer$SharedNode (java.base@21.0.8)
3106:            16            512  jdk.jfr.internal.LogTag (jdk.jfr@21.0.8)
3107:            32            512  kotlin.reflect.jvm.internal.impl.builtins.ReflectionTypes$ClassLookup
3108:            16            512  kotlin.reflect.jvm.internal.impl.metadata.ProtoBuf$QualifiedNameTable
3109:            16            512  kotlin.reflect.jvm.internal.impl.metadata.ProtoBuf$StringTable
3110:             8            512  kotlinx.coroutines.flow.FlowKt__DelayKt$sample$2
3111:            16            512  org.jetbrains.jewel.ui.component.styling.BannerColors
3112:             8            512  sun.java2d.loops.RenderCache$1 (java.desktop)
3113:            21            504  ai.grazie.nlp.patterns.ext.AbbreviationPatterns$AbbreviationPattern$delegate$1$1
3114:            21            504  ai.grazie.rules.tree.Tree$TokenWithDependency
3115:             9            504  com.fasterxml.jackson.databind.jsontype.impl.AsPropertyTypeDeserializer
3116:            21            504  com.goide.inspections.vet.GoStandardMethodsInspection$StandardType
3117:            21            504  com.goide.psi.impl.GoArgumentListImpl
3118:            21            504  com.goide.psi.impl.GoCallExprImpl
3119:            21            504  com.goide.psi.impl.GoSimpleStatementImpl
3120:             9            504  com.intellij.codeInsight.actions.ReaderModeActionProvider$createAction$1
3121:            21            504  com.intellij.configurationStore.schemeManager.SchemeCollection
3122:            21            504  com.intellij.configurationStore.schemeManager.SchemeListManager
3123:            21            504  com.intellij.ide.ui.laf.MouseDragSelectionEventHandler
3124:            21            504  com.intellij.lang.BracePair
3125:            21            504  com.intellij.openapi.actionSystem.AnAction$$Lambda/0x000000980317ce18
3126:             9            504  com.intellij.openapi.editor.impl.CaretModelImpl
3127:             9            504  com.intellij.openapi.editor.impl.EditorMarkupModelImpl$ExtraActionGroup
3128:             9            504  com.intellij.openapi.editor.impl.EditorMarkupModelImpl$StatusToolbarGroup
3129:             9            504  com.intellij.openapi.editor.impl.SoftWrapModelImpl
3130:            21            504  com.intellij.openapi.vfs.impl.LightFilePointer
3131:            21            504  com.intellij.ui.IconState
3132:             7            504  com.intellij.ui.tabs.impl.TabLabel$createLayeredIcon$1
3133:            21            504  com.intellij.util.containers.ConcurrentWeakValueHashMap
3134:            21            504  com.jetbrains.rd.util.lifetime.SequentialLifetimes
3135:            21            504  io.ktor.util.AttributeKey
3136:            21            504  io.ktor.util.reflect.TypeInfo
3137:             9            504  java.io.FileCleanable (java.base@21.0.8)
3138:            21            504  java.lang.ClassValue$Version (java.base@21.0.8)
3139:             7            504  java.lang.invoke.BoundMethodHandle$Species_LLLLLLLLL (java.base@21.0.8)
3140:            21            504  kotlinx.html.attributes.EnumAttribute
3141:            21            504  org.cef.network.CefRequest$ResourceType (jcef)
3142:            21            504  sun.security.x509.AVAKeyword (java.base@21.0.8)
3143:             5            496  [[Ljava.lang.Object; (java.base@21.0.8)
3144:            31            496  ai.grazie.nlp.patterns.Pattern$beforeWordBoundary$1
3145:             1            496  com.intellij.openapi.wm.impl.IdeFrameImpl
3146:            31            496  com.intellij.util.indexing.RequiredIndexesEvaluator$inputFilerToIndexedFilePredicate$1
3147:            31            496  com.intellij.util.ui.StatusText$$Lambda/0x000000980321b038
3148:            31            496  com.jetbrains.rd.util.lifetime.LifetimeDefinition$AdditionalFields
3149:            31            496  it.unimi.dsi.fastutil.objects.Object2LongOpenHashMap$MapEntrySet
3150:            31            496  java.util.Comparator$$Lambda/0x0000009802259ff0 (java.base@21.0.8)
3151:            31            496  jdk.proxy2.$Proxy78 (jdk.proxy2)
3152:            19            488  [Lsun.security.ssl.NamedGroup$NamedGroupSpec; (java.base@21.0.8)
3153:            15            480  [Ljava.lang.constant.ClassDesc; (java.base@21.0.8)
3154:            10            480  [Lsun.awt.SunHints$Value; (java.desktop)
3155:            12            480  com.apple.laf.AquaUtilControlSize$SizeVariant (java.desktop)
3156:            20            480  com.fasterxml.jackson.databind.introspect.AnnotationCollector$OneAnnotation
3157:            20            480  com.goide.microservices.semantic.GoUrlPathSpecification
3158:             6            480  com.google.api.services.cloudcode_pa.v1internal.model.ServerProcessingDetails
3159:            20            480  com.google.common.cache.LocalCache$WriteQueue$1
3160:            20            480  com.google.common.collect.ImmutableSortedMap$1EntrySet
3161:            20            480  com.google.gson.internal.bind.ReflectiveTypeAdapterFactory$FieldsData
3162:            10            480  com.ibm.icu.text.UnicodeSet
3163:            12            480  com.intellij.clouds.kubernetes.frontend.editor.floatingToolbar.ToggleShowButtonAction
3164:            10            480  com.intellij.codeHighlighting.HighlightDisplayLevelColorizedIcon$baseIcon$1
3165:            20            480  com.intellij.codeInsight.daemon.impl.HighlightInfoType$HighlightInfoTypeImpl
3166:            10            480  com.intellij.collaboration.async.CoroutineUtilKt$combineState$1
3167:            30            480  com.intellij.grazie.remote.LanguageToolDescriptor$$Lambda/0x0000009803d74bf8
3168:            10            480  com.intellij.ide.dnd.DnDSupport
3169:            10            480  com.intellij.ml.inline.completion.impl.postprocessing.enclosure.MLCompletionEnclosuresDefinition
3170:            20            480  com.intellij.openapi.editor.impl.ComplementaryFontsRegistry$FontKey
3171:            15            480  com.intellij.openapi.editor.impl.DocumentImpl$RMTreeReference
3172:             1            480  com.intellij.openapi.ui.impl.DialogWrapperPeerImpl$MyDialog
3173:            20            480  com.intellij.openapi.wm.ex.ToolWindowManagerListener$ToolWindowManagerEventType
3174:            12            480  com.intellij.openapi.wm.impl.content.SingleContentLayout$CloseCurrentContentAction
3175:            20            480  com.intellij.patterns.CollectionPattern
3176:            20            480  com.intellij.patterns.ObjectPattern$10
3177:             6            480  com.intellij.platform.debugger.impl.frontend.FrontendXLineBreakpointType
3178:            10            480  com.intellij.platform.debugger.impl.rpc.XBreakpointTypeDto
3179:            10            480  com.intellij.platform.debugger.impl.rpc.XBreakpointTypeIcons
3180:            15            480  com.intellij.platform.diagnostic.telemetry.impl.TraceWrapper
3181:            10            480  com.intellij.platform.workspace.storage.impl.ImmutableEntityStorageImpl
3182:            15            480  com.intellij.profiler.statistics.ProfilerUsageTriggerCollector$WelcomePanelActionFusDescriptor
3183:            20            480  com.intellij.rml.dfa.attributes.Attribute
3184:            15            480  com.intellij.rml.dfa.ir.IrLocationKind
3185:             5            480  com.intellij.tasks.impl.LocalTaskImpl
3186:            12            480  com.intellij.toolWindow.ToolWindowHeader$HideAction
3187:            20            480  com.intellij.ui.ScrollPaneScrolledStateTracker$ScrollBarValueListener
3188:            12            480  com.intellij.ui.codeFloatingToolbar.FloatingToolbarLanguageBean
3189:             1            480  com.intellij.ui.dsl.builder.components.DslLabel
3190:            30            480  com.intellij.ui.dsl.gridLayout.impl.ColumnsSizeCalculator
3191:            15            480  com.intellij.ui.mac.foundation.ID
3192:            15            480  com.intellij.util.containers.ConcurrentLongObjectHashMap$Node
3193:            10            480  com.intellij.util.containers.SoftHashMap
3194:            20            480  com.intellij.util.messages.impl.ToParentMessagePublisher
3195:            12            480  com.intellij.util.ui.UiScopeKt$launchUiCoroutine$1$1
3196:            12            480  io.netty.handler.codec.DefaultHeaders$HeaderEntry
3197:            12            480  java.lang.OutOfMemoryError (java.base@21.0.8)
3198:            20            480  java.lang.RuntimePermission (java.base@21.0.8)
3199:            20            480  java.math.MathContext (java.base@21.0.8)
3200:             6            480  java.util.zip.ZipFile$Source (java.base@21.0.8)
3201:            12            480  javax.swing.DefaultBoundedRangeModel (java.desktop)
3202:            10            480  javax.swing.GroupLayout$ComponentInfo (java.desktop)
3203:             1            480  javax.swing.JTextField (java.desktop)
3204:            12            480  javax.swing.text.AbstractDocument$BranchElement (java.desktop)
3205:            12            480  javax.swing.text.AbstractDocument$LeafElement (java.desktop)
3206:            20            480  javax.swing.text.html.CSS$FontFamily (java.desktop)
3207:            30            480  javax.swing.text.html.CSS$StringValue (java.desktop)
3208:            30            480  jdk.proxy2.$Proxy18 (jdk.proxy2)
3209:            15            480  kotlin.reflect.jvm.internal.impl.serialization.deserialization.ProtoBasedClassDataFinder
3210:            10            480  kotlinx.coroutines.internal.DispatchedContinuation
3211:            10            480  org.apache.lucene.util.automaton.Automaton
3212:             3            480  org.apache.xerces.impl.xs.SchemaGrammar$BuiltinSchemaGrammar
3213:            20            480  org.jetbrains.completion.full.line.language.supporters.FullLineLanguageSettings$InlineDebouncePolicy
3214:             6            480  org.jetbrains.jewel.ui.component.styling.SimpleListItemColors
3215:            15            480  org.jetbrains.skia.impl.Managed$CleanerThunk
3216:            10            480  sun.java2d.metal.MTLMaskFill (java.desktop)
3217:            20            480  sun.security.x509.Extension (java.base@21.0.8)
3218:            29            464  ai.grazie.rules.tree.NodePattern$$Lambda/0x0000009804bdfc70
3219:             1            464  com.apple.laf.AquaFileChooserUI$JTableExtension (java.desktop)
3220:            29            464  com.intellij.openapi.actionSystem.Presentation$$Lambda/0x00000098032086f8
3221:            29            464  com.intellij.openapi.editor.toolbar.floating.TransparentComponentAnimator$$Lambda/0x0000009804636920
3222:            29            464  com.intellij.openapi.editor.toolbar.floating.TransparentComponentAnimator$$Lambda/0x0000009804636de0
3223:            29            464  com.intellij.platform.workspace.storage.impl.containers.Object2LongWithDefaultMap
3224:            29            464  javax.swing.text.GapContent$StickyPosition (java.desktop)
3225:            29            464  jdk.proxy1.$Proxy149 (jdk.proxy1)
3226:            19            456  androidx.compose.foundation.layout.BoxMeasurePolicy
3227:            19            456  com.android.tools.idea.studiobot.Status
3228:            19            456  com.goide.completion.GoCompletionUtil$2
3229:            19            456  com.google.gson.internal.bind.ReflectiveTypeAdapterFactory$FieldReflectionAdapter
3230:             1            456  com.intellij.execution.impl.ConsoleViewImpl
3231:            19            456  com.intellij.internal.ml.CategoricalFeature
3232:            19            456  com.intellij.lang.javascript.parsing.modifiers.JSModifiersStructureLeaf
3233:            19            456  com.intellij.lang.javascript.psi.JSLiteralExpressionKind
3234:            19            456  com.intellij.lang.typescript.tsc.gen.SymbolObjectProperty
3235:            19            456  com.intellij.openapi.wm.impl.IdeGlassPaneImpl$$Lambda/0x0000009802bb2e60
3236:            19            456  com.intellij.patterns.PsiElementPattern$11
3237:            19            456  com.intellij.psi.tree.xml.IXmlElementType
3238:            19            456  com.intellij.terminal.frontend.view.impl.TerminalBlocksDecorator$$Lambda/0x0000009805366210
3239:            19            456  com.intellij.ui.tree.Reference
3240:             1            456  com.intellij.vcs.console.VcsConsoleView
3241:            19            456  io.opentelemetry.sdk.trace.SdkTracer
3242:            19            456  java.util.Comparator$$Lambda/0x000000980234d7e8 (java.base@21.0.8)
3243:            19            456  kotlin.reflect.jvm.internal.KClassImpl$Data$$Lambda$19
3244:            19            456  org.jetbrains.skia.SurfaceColorFormat
3245:            19            456  org.languagetool.rules.Categories
3246:            19            456  sun.java2d.loops.CompositeType (java.desktop)
3247:             2            448  [Lcom.google.protobuf.FieldType;
3248:            28            448  ai.grazie.nlp.patterns.Pattern$afterWordBoundary$1
3249:            14            448  com.fasterxml.jackson.core.JsonGenerator$Feature
3250:             7            448  com.google.api.services.cloudcode_pa.v1internal.model.Suggestion
3251:            14            448  com.intellij.codeInsight.codeVision.ui.renderers.painters.CodeVisionTheme
3252:             7            448  com.intellij.codeInspection.ProblemDescriptorBase
3253:            14            448  com.intellij.diagnostic.ActivityCategory
3254:             8            448  com.intellij.ide.ui.laf.darcula.ui.DarculaTextFieldUI
3255:            14            448  com.intellij.internal.statistic.collectors.fus.fileTypes.FileTypeUsageSchemaDescriptorEP
3256:            14            448  com.intellij.llmInstaller.ui.promo2.AIOnboardingForbidReason
3257:            14            448  com.intellij.openapi.actionSystem.impl.ActionButtonWithText$2
3258:            28            448  com.intellij.openapi.editor.toolbar.floating.TransparentComponentAnimator$$Lambda/0x0000009804636b88
3259:            14            448  com.intellij.openapi.vcs.telemetry.VcsBackendTelemetrySpan$LogData
3260:             8            448  com.intellij.psi.css.codeStyle.CssCodeStyleSettings
3261:            28            448  com.intellij.psi.filters.ScopeFilter
3262:             7            448  com.intellij.psi.impl.source.CharTableImpl$StringHashToCharSequencesMap
3263:            14            448  com.intellij.psi.impl.source.tree.injected.InjectionResult
3264:             8            448  com.intellij.rml.dfa.impl.rml.ast.RelExprComparison
3265:             8            448  com.intellij.rml.dfa.impl.scripts.VariablesManager
3266:             8            448  com.intellij.ui.tabs.impl.AccessibleTabPage
3267:             7            448  com.intellij.ui.tabs.impl.TabLabel$TabLabelLayout
3268:            14            448  com.intellij.util.KeyedLazyInstanceEP
3269:            28            448  com.intellij.util.containers.intcaches.SLRUIntObjectMap$$Lambda/0x00000098027d2748
3270:            28            448  com.intellij.util.containers.intcaches.SLRUIntObjectMap$$Lambda/0x00000098027d2e40
3271:            28            448  com.intellij.util.indexing.containers.IntHashSetAsRAIntContainer
3272:             7            448  com.intellij.util.ui.AnimatedIcon$1
3273:            14            448  com.intellij.workspaceModel.ide.impl.legacyBridge.watcher.EntityVirtualFileUrlWatcher
3274:             8            448  com.sun.jna.NativeLibrary
3275:            14            448  com.sun.jna.Structure$FFIType$size_t
3276:            14            448  git4idea.history.GitLogParser$GitLogOption
3277:            14            448  io.grpc.netty.shaded.io.netty.handler.codec.http2.Http2Error
3278:             7            448  it.unimi.dsi.fastutil.objects.Reference2IntOpenHashMap
3279:             7            448  java.lang.invoke.BoundMethodHandle$Species_LLLLLLLL (java.base@21.0.8)
3280:            14            448  java.lang.invoke.VarHandleByteArrayAsLongs$ArrayHandle (java.base@21.0.8)
3281:            28            448  java.util.AbstractMap$2 (java.base@21.0.8)
3282:            14            448  kotlin.reflect.jvm.internal.impl.protobuf.WireFormat$FieldType
3283:            14            448  kotlin.reflect.jvm.internal.impl.renderer.DescriptorRendererModifier
3284:            14            448  okhttp3.internal.http2.ErrorCode
3285:            14            448  org.apache.lucene.util.packed.BulkOperationPackedSingleBlock
3286:             8            448  org.intellij.plugins.markdown.lang.formatter.settings.MarkdownCustomCodeStyleSettings
3287:            14            448  sun.font.CCharToGlyphMapper (java.desktop)
3288:            14            448  sun.font.CCharToGlyphMapper$Cache (java.desktop)
3289:             8            448  sun.management.MemoryPoolImpl (java.management@21.0.8)
3290:            14            448  tech.units.indriya.unit.BaseUnit
3291:             4            440  [Ljavax.swing.Action; (java.desktop)
3292:            11            440  com.fasterxml.jackson.core.sym.ByteQuadsCanonicalizer$TableInfo
3293:            11            440  com.goide.stubs.GoFieldDeclarationStub
3294:             5            440  com.intellij.internal.statistic.eventLog.EventLogSystemCollector
3295:            11            440  com.intellij.platform.ide.menu.MacNativeActionMenuKt$$Lambda/0x0000009802c93608
3296:            11            440  com.sun.jmx.mbeanserver.DefaultMXBeanMappingFactory$CompositeMapping (java.management@21.0.8)
3297:            11            440  io.opentelemetry.sdk.metrics.SdkMeter
3298:            11            440  java.lang.invoke.BoundMethodHandle$Species_LI (java.base@21.0.8)
3299:             5            440  javax.swing.JLabel$AccessibleJLabel (java.desktop)
3300:             1            440  javax.swing.SwingUtilities$SharedOwnerFrame (java.desktop)
3301:            18            432  [Lcom.intellij.ide.impl.DataValidators$Validator;
3302:            18            432  [Ljava.util.concurrent.atomic.Striped64$Cell; (java.base@21.0.8)
3303:            23            432  [Ljavax.swing.KeyStroke; (java.desktop)
3304:             1            432  [[[C (java.base@21.0.8)
3305:             9            432  ai.grazie.rules.en.VariantDifferences$$Lambda/0x0000009804c30000
3306:             9            432  com.intellij.codeInsight.actions.ReaderModeActionProvider$ReaderModeAction
3307:            18            432  com.intellij.concurrency.VarHandleWrapperImpl
3308:            18            432  com.intellij.database.dialects.generic.GenericDialect
3309:             9            432  com.intellij.execution.impl.HyperlinkOrHighlightingImpl
3310:            18            432  com.intellij.httpClient.http.request.index.CollectionExternalizer
3311:            18            432  com.intellij.ide.ui.ColorMap
3312:             9            432  com.intellij.ide.ui.customization.CustomizationUtil$MyDumbAction
3313:             3            432  com.intellij.ide.ui.laf.darcula.ui.DarculaComboBoxUI
3314:            27            432  com.intellij.ml.inline.completion.js.correctness.JSInspectionMessages$$Lambda/0x00000098037ccc20
3315:            18            432  com.intellij.openapi.actionSystem.impl.RemoveShortcutOperation
3316:            18            432  com.intellij.openapi.editor.ex.util.EditorScrollingPositionKeeper
3317:             9            432  com.intellij.openapi.editor.impl.EditorFragmentRenderer
3318:             9            432  com.intellij.openapi.editor.impl.EditorImpl$ScrollingTimer
3319:             9            432  com.intellij.openapi.editor.impl.FoldRegionsTree$CachedData
3320:             9            432  com.intellij.openapi.editor.impl.FoldingModelImpl$MyMarkerTree
3321:             9            432  com.intellij.openapi.editor.impl.InlayModelImpl
3322:             9            432  com.intellij.openapi.editor.impl.InlayModelImpl$AfterLineEndElementTree
3323:             9            432  com.intellij.openapi.editor.impl.InlayModelImpl$BlockElementsTree
3324:             9            432  com.intellij.openapi.editor.impl.InlayModelImpl$InlineElementsTree
3325:             9            432  com.intellij.openapi.editor.impl.ScrollingModelImpl
3326:             9            432  com.intellij.openapi.editor.impl.SettingsImpl
3327:             9            432  com.intellij.openapi.editor.impl.TrafficLightPopup
3328:             9            432  com.intellij.openapi.editor.impl.inspector.InspectionsGroup$InspectionsSettingAction
3329:             9            432  com.intellij.openapi.editor.impl.view.LogicalPositionCache
3330:             9            432  com.intellij.openapi.editor.impl.view.TextLayoutCache
3331:            27            432  com.intellij.openapi.extensions.ExtensionPointUtil$$Lambda/0x00000098032e9a18
3332:             9            432  com.intellij.openapi.ui.VerticalFlowLayout
3333:            18            432  com.intellij.openapi.util.Couple
3334:             9            432  com.intellij.openapi.util.RecursionManager$CalculationStack
3335:            27            432  com.intellij.openapi.wm.impl.AbstractSquareStripeButton$doInit$1
3336:            18            432  com.intellij.patterns.IElementTypePattern$1
3337:            18            432  com.intellij.platform.plugins.parser.impl.elements.ActionElement$ActionElementMisc
3338:            27            432  com.intellij.rml.dfa.rml.dsl.Program
3339:             1            432  com.intellij.ui.components.JBList
3340:            18            432  com.intellij.util.containers.ConcurrentFactoryMap$3
3341:             9            432  com.intellij.util.containers.WeakHashMap
3342:            27            432  com.intellij.util.indexing.impl.SlruIndexStorageCacheProvider$SlruCacheForIntKeys$$Lambda/0x00000098028469c0
3343:            27            432  com.intellij.util.indexing.impl.SlruIndexStorageCacheProvider$SlruCacheForIntKeys$$Lambda/0x0000009802847318
3344:            27            432  com.intellij.util.indexing.impl.SlruIndexStorageCacheProvider$SlruCacheForIntKeys$$Lambda/0x0000009802847570
3345:            18            432  com.intellij.util.messages.impl.ToDirectChildrenMessagePublisher
3346:            18            432  com.jetbrains.rd.util.lifetime.SequentialLifetimes$1
3347:            18            432  com.sun.jna.platform.mac.CoreFoundation$CFNumberType
3348:             9            432  com.sun.org.apache.xerces.internal.utils.XMLSecurityManager$Limit (java.xml@21.0.8)
3349:             9            432  io.grpc.netty.shaded.io.netty.handler.codec.http2.Http2Exception$StacklessHttp2Exception
3350:             6            432  io.opentelemetry.sdk.metrics.internal.aggregator.DoubleExplicitBucketHistogramAggregator$Handle
3351:            27            432  java.security.spec.ECFieldFp (java.base@21.0.8)
3352:            18            432  java.text.DateFormat$Field (java.base@21.0.8)
3353:            27            432  java.util.AbstractMap$1 (java.base@21.0.8)
3354:            27            432  java.util.Optional (java.base@21.0.8)
3355:            27            432  java.util.TreeMap$Values (java.base@21.0.8)
3356:             9            432  java.util.concurrent.ArrayBlockingQueue (java.base@21.0.8)
3357:            18            432  javax.management.StandardMBean (java.management@21.0.8)
3358:             1            432  javax.swing.JFileChooser (java.desktop)
3359:            18            432  javax.swing.plaf.basic.LazyActionMap (java.desktop)
3360:            18            432  kotlin.reflect.jvm.internal.impl.km.KmPropertyAccessorAttributes
3361:            18            432  kotlinx.serialization.json.JsonImpl
3362:            18            432  org.apache.lucene.util.automaton.RegExp$Kind
3363:            18            432  org.intellij.plugins.markdown.injection.aliases.CodeFenceLanguageAliases$Entry
3364:            18            432  org.jetbrains.concurrency.AsyncPromise
3365:             2            432  org.jetbrains.jewel.ui.component.styling.ChipColors
3366:             9            432  org.languagetool.AnalyzedSentence
3367:             9            432  sun.java2d.loops.DrawGlyphListColor$General (java.desktop)
3368:             1            424  [Lcom.sun.org.apache.xerces.internal.util.SymbolTable$Entry; (java.xml@21.0.8)
3369:             1            424  com.goide.sdk.combobox.GoBasedSdkChooserCombo$GoSdkRenderer
3370:             1            424  com.intellij.ui.ContextHelpLabel
3371:            14            416  [Lcom.intellij.ide.v.l;
3372:             2            416  [Lorg.apache.lucene.util.packed.BulkOperation;
3373:            26            416  ai.grazie.rules.tree.NodePattern$$Lambda/0x0000009804bf63a0
3374:            26            416  ai.grazie.rules.tree.NodePattern$$Lambda/0x0000009804bf65f8
3375:             1            416  com.apple.laf.AquaFileChooserUI$4 (java.desktop)
3376:             1            416  com.apple.laf.AquaFileChooserUI$5 (java.desktop)
3377:             1            416  com.apple.laf.AquaFileChooserUI$DateRenderer (java.desktop)
3378:             1            416  com.apple.laf.AquaFileChooserUI$FileRenderer (java.desktop)
3379:            13            416  com.github.weisj.jsvg.cj
3380:             1            416  com.goide.sdk.combobox.GoSdkChooserCombo
3381:            13            416  com.ibm.icu.impl.UCharacterProperty$EmojiBinaryProperty
3382:            13            416  com.intellij.codeInsight.controlflow.impl.InstructionImpl
3383:             1            416  com.intellij.diagnostic.MacosMemoryUtil$TaskVMInfo
3384:             1            416  com.intellij.ide.projectView.impl.ProjectViewRenderer
3385:            26            416  com.intellij.lang.javascript.index.flags.BooleanStructureElement
3386:            26            416  com.intellij.openapi.observable.util.ListenerUiUtil$whenKeyPressed$1
3387:            13            416  com.intellij.openapi.progress.EmptyProgressIndicator
3388:            13            416  com.intellij.sql.psi.stubs.elementTypes.SqlTypedDefinitionElementType
3389:             4            416  com.intellij.ui.components.JBTextArea$AccessibleJBTextArea
3390:             4            416  com.intellij.ui.components.WideSelectionListUI
3391:            13            416  com.jetbrains.cef.remote.browser.RemoteClient$HandlerMasks (jcef)
3392:            13            416  com.jetbrains.rhizomedb.EAT
3393:            13            416  io.ktor.util.pipeline.PhaseContent
3394:            13            416  io.netty.util.concurrent.DefaultPromise
3395:             4            416  java.awt.image.ComponentColorModel (java.desktop)
3396:            13            416  java.time.format.DateTimeFormatterBuilder$TextPrinterParser (java.base@21.0.8)
3397:            26            416  java.util.IdentityHashMap$Values (java.base@21.0.8)
3398:            13            416  java.util.concurrent.FutureTask (java.base@21.0.8)
3399:            13            416  javax.swing.plaf.basic.BasicTextUI$BasicHighlighter (java.desktop)
3400:            13            416  javax.swing.plaf.basic.BasicTextUI$FocusAction (java.desktop)
3401:            13            416  javax.swing.text.DefaultHighlighter$SafeDamager (java.desktop)
3402:            13            416  javax.swing.text.GapContent$MarkVector (java.desktop)
3403:            13            416  javax.swing.text.html.CSS$BorderWidthValue (java.desktop)
3404:            13            416  javax.swing.undo.UndoManager (java.desktop)
3405:            13            416  kotlin.reflect.jvm.internal.impl.km.internal.EnumFlagDelegate
3406:            13            416  kotlin.reflect.jvm.internal.impl.metadata.ProtoBuf$Annotation$Argument$Value$Type
3407:            13            416  morfologik.speller.HMatrix
3408:             4            416  org.apache.xerces.impl.dv.xs.AbstractDateTimeDV$DateTimeData
3409:            13            416  sun.security.jca.ProviderConfig (java.base@21.0.8)
3410:            13            416  sun.security.x509.ExtendedKeyUsageExtension (java.base@21.0.8)
3411:             1            416  sun.swing.table.DefaultTableCellHeaderRenderer (java.desktop)
3412:            17            408  [Lcom.intellij.platform.util.io.storages.mmapped.MMappedFileStorage$Page;
3413:             1            408  com.apple.laf.AquaFileChooserUI$JSortingTableHeader$AquaTableCellRenderer (java.desktop)
3414:            17            408  com.goide.psi.impl.GoConstDeclarationImpl
3415:            17            408  com.intellij.ide.ui.UiThemeParserKt$$Lambda/0x0000009802767268
3416:             1            408  com.intellij.ide.util.PsiElementBackgroundListCellRenderer$myLoadingComponentRenderer$1
3417:            17            408  com.intellij.ml.inline.completion.impl.DetailsHolder$KeyImpl
3418:            17            408  com.intellij.openapi.editor.FoldingGroup
3419:            17            408  com.intellij.openapi.editor.impl.EditorImpl$$Lambda/0x00000098043e69d8
3420:             1            408  com.intellij.openapi.ui.ComboBox
3421:            17            408  com.intellij.openapi.vcs.LocalFilePath
3422:            17            408  com.intellij.patterns.XmlNamedElementPattern$XmlAttributePattern
3423:            17            408  com.intellij.patterns.XmlTagPattern$Capture
3424:            17            408  com.intellij.psi.css.impl.CssElementTypeImpl$ExStub
3425:            17            408  com.intellij.psi.tree.IElementType
3426:            17            408  com.intellij.util.containers.ThreadLocalRandom$Tlr
3427:             1            408  com.intellij.xml.breadcrumbs.PsiBreadcrumbs
3428:            17            408  io.opencensus.trace.Status
3429:            17            408  sun.nio.ch.OptionKey (java.base@21.0.8)
3430:            17            408  sun.nio.ch.SocketOptionRegistry$RegistryKey (java.base@21.0.8)
3431:            25            400  [Ljava.net.NetworkInterface; (java.base@21.0.8)
3432:            10            400  androidx.compose.ui.graphics.vector.PathNode$RelativeArcTo
3433:            10            400  com.fasterxml.jackson.databind.cfg.ConfigOverrides
3434:            10            400  com.fasterxml.jackson.jr.type.ResolvedType
3435:            10            400  com.google.protobuf.JavaType
3436:            10            400  com.hankcs.algorithm.AhoCorasickDoubleArrayTrie
3437:            25            400  com.intellij.database.util.Version
3438:             1            400  com.intellij.ide.projectView.actions.ExpandRecursivelyAction$createCustomComponent$1
3439:             1            400  com.intellij.ide.ui.UISettingsState
3440:             1            400  com.intellij.ide.ui.laf.darcula.ui.DarculaComboBoxRenderer
3441:            25            400  com.intellij.openapi.actionSystem.AnAction$$Lambda/0x0000009804658fd8
3442:             1            400  com.intellij.openapi.ui.Splitter
3443:             1            400  com.intellij.openapi.wm.impl.welcomeScreen.recentProjects.RecentProjectFilteringTree$ProjectActionRenderer$RecentProjectComponent
3444:            10            400  com.intellij.platform.instanceContainer.internal.DisposalTrace
3445:            10            400  com.intellij.platform.workspace.storage.impl.cache.TracedSnapshotCacheImpl
3446:             1            400  com.intellij.ui.EngravedLabel
3447:            10            400  com.intellij.ui.ScrollPaneScrolledStateTracker
3448:             1            400  com.intellij.ui.SimpleColoredComponent
3449:             1            400  com.intellij.ui.tree.ui.LoadingNodeRenderer
3450:            10            400  com.intellij.util.text.SemVer
3451:            10            400  com.intellij.util.text.StringSearcher
3452:             1            400  javax.swing.DefaultListCellRenderer (java.desktop)
3453:             1            400  javax.swing.JScrollPane (java.desktop)
3454:            25            400  javax.swing.text.html.CSS$Value (java.desktop)
3455:            10            400  morfologik.stemming.WordData
3456:            10            400  org.apache.lucene.util.automaton.CharacterRunAutomaton
3457:            10            400  org.apache.xerces.impl.xpath.regex.RangeToken
3458:             2            400  org.h2.mvstore.SingleFileStore
3459:             1            400  org.jetbrains.plugins.terminal.TerminalToolWindowPanel
3460:             1            392  androidx.compose.ui.awt.ComposePanel
3461:             7            392  com.android.studio.ml.SmlMetadata
3462:             1            392  com.apple.laf.AquaFileChooserUI$JSortingTableHeader (java.desktop)
3463:             1            392  com.goide.vgo.configuration.VgoEnvironmentVariablesField
3464:             7            392  com.intellij.application.options.codeStyle.cache.CodeStyleCachedValueProvider$AsyncComputation
3465:             1            392  com.intellij.execution.ui.layout.impl.GridCellImpl$GridCellTabs$2
3466:             1            392  com.intellij.execution.ui.layout.impl.GridImpl
3467:             1            392  com.intellij.execution.ui.layout.impl.JBRunnerTabs$1
3468:             7            392  com.intellij.openapi.editor.impl.AfterLineEndInlayImpl
3469:             1            392  com.intellij.openapi.ui.impl.DialogWrapperPeerImpl$MyDialog$DialogRootPane
3470:             1            392  com.intellij.openapi.wm.impl.welcomeScreen.recentProjects.RecentProjectFilteringTree$ProjectActionRenderer$CloneableProjectComponent
3471:             1            392  com.intellij.terminal.frontend.view.impl.TerminalViewImpl$TerminalPanel
3472:             1            392  com.intellij.xml.breadcrumbs.BreadcrumbsXmlWrapper
3473:             7            392  com.sun.jna.CallbackReference
3474:             7            392  git4idea.remote.hosting.GitAsyncExtensionsKt$gitRemotesFlow$1
3475:             1            392  org.jetbrains.jewel.bridge.JewelComposePanelWrapper
3476:            16            384  ai.grazie.nlp.patterns.Pattern$AfterReversed
3477:             6            384  ai.grazie.rules.tree.Tree
3478:            12            384  androidx.compose.runtime.SnapshotMutableIntStateImpl$IntStateStateRecord
3479:             6            384  androidx.compose.ui.graphics.RadialGradient
3480:            24            384  com.github.benmanes.caffeine.cache.LocalLoadingCache$$Lambda/0x0000009802601d50
3481:            16            384  com.goide.inspections.vet.GoStandardMethodsInspection$ExistingSignature
3482:            16            384  com.goide.microservices.declarations.GoArgumentBasedDeclaration
3483:            16            384  com.goide.psi.GoTokenType
3484:            16            384  com.goide.psi.impl.GoLeftHandExprListImpl
3485:            12            384  com.goide.stubs.GoBackendElementTypeFactory$1
3486:            16            384  com.goide.vgo.mod.psi.VgoElementType
3487:            24            384  com.google.common.cache.LocalCache$AccessQueue
3488:            16            384  com.google.common.collect.ImmutableSortedAsList
3489:            24            384  com.google.gson.TypeAdapter$NullSafeTypeAdapter
3490:             6            384  com.google.tools.intellij.aiplugin.AiPluginTransformService$TransformMetadata
3491:            16            384  com.intellij.codeInsight.folding.impl.DocumentFoldingInfo$Info
3492:            16            384  com.intellij.concurrency.InstalledThreadContext
3493:            16            384  com.intellij.grazie.text.TextExtractor$$Lambda/0x0000009804923a20
3494:            24            384  com.intellij.ide.ui.UiThemePaletteScopeImpl$$Lambda/0x0000009802723800
3495:             1            384  com.intellij.ide.util.PsiElementListCellRendererComponent
3496:            12            384  com.intellij.ide.util.treeView.CachedTreePresentationData
3497:            12            384  com.intellij.ide.util.treeView.TreeState$CachedPresentationDataImpl
3498:            12            384  com.intellij.internal.statistic.eventLog.events.StringEventField$ValidatedByRegexp
3499:            12            384  com.intellij.internal.statistic.eventLog.events.StringListEventField$ValidatedByCustomValidationRule
3500:            16            384  com.intellij.javascript.nodejs.util.NodePackageDescriptor
3501:             8            384  com.intellij.lang.javascript.DialectOptionHolder$features$2
3502:             8            384  com.intellij.lang.javascript.DialectOptionHolder$lexerConstructor$2
3503:            12            384  com.intellij.openapi.diagnostic.ThrottledLogger
3504:            16            384  com.intellij.openapi.editor.CaretModel$$Lambda/0x000000980442bf08
3505:            24            384  com.intellij.openapi.editor.colors.impl.TextAttributesReader
3506:             8            384  com.intellij.openapi.editor.impl.EditorMarkupModelImpl$7$1
3507:            16            384  com.intellij.openapi.editor.impl.EditorMarkupModelImpl$addErrorMarkerListener$markupListener$1
3508:            16            384  com.intellij.openapi.editor.impl.FoldingModelImpl$$Lambda/0x0000009804410af8
3509:            12            384  com.intellij.openapi.editor.impl.FontInfo
3510:             8            384  com.intellij.openapi.keymap.impl.ModifierKeyDoubleClickHandler$MyDispatcher
3511:            12            384  com.intellij.openapi.wm.impl.ToolWindowFocusWatcher
3512:            12            384  com.intellij.openapi.wm.impl.content.TabContentLayout$1
3513:            16            384  com.intellij.patterns.XmlNamedElementPattern$2
3514:             6            384  com.intellij.polySymbols.webTypes.json.WebTypes
3515:            16            384  com.intellij.psi.codeStyle.PackageEntry
3516:            24            384  com.intellij.psi.filters.AndFilter
3517:             8            384  com.intellij.psi.formatter.xml.XmlCodeStyleSettings
3518:            24            384  com.intellij.psi.stubs.StubSpine
3519:            12            384  com.intellij.rml.dfa.impl.rml.ast.StmtIncrementalize
3520:            12            384  com.intellij.spellchecker.quickfixes.ChangeTo$ChangeToVariantAction
3521:            12            384  com.intellij.sql.dialects.postgres.psi.stubs.PgTableElementType
3522:            16            384  com.intellij.ui.ScrollPaneTracker$myWatcher$1
3523:            16            384  com.intellij.ui.SimpleColoredComponent$SimpleTextRenderer
3524:            16            384  com.intellij.ui.SpinningProgressIcon$CashedDelegateIcon
3525:            16            384  com.intellij.ui.icons.ImageDataByPathLoader
3526:             6            384  com.intellij.ui.popup.PopupFactoryImpl$ActionItem
3527:             1            384  com.intellij.ui.popup.list.SelectablePanel
3528:             4            384  com.intellij.ui.tabs.impl.singleRow.SingleRowPassInfo
3529:            16            384  com.intellij.util.containers.MultiMap$6
3530:             8            384  com.intellij.util.io.PersistentHashMapValueStorage$SyncAbleBufferedOutputStreamOverCachedFileChannel
3531:            12            384  com.intellij.util.lang.ImmutableZipFile$MyZipResource
3532:            16            384  com.intellij.util.messages.impl.MessageQueue
3533:             8            384  com.intellij.vcs.rpc.ProjectScopeRpcHelper$projectScopedCallbackFlow$2$1
3534:             8            384  com.jetbrains.cef.remote.thrift.protocol.TBinaryProtocol (jcef)
3535:            16            384  com.jetbrains.clones.languagescope.common.CommonDuplicateInspectionConfiguration
3536:            12            384  com.jetbrains.rd.ide.model.ImageIconModel
3537:            12            384  com.jetbrains.rd.ide.model.ImageIconModelId
3538:            12            384  com.sun.jna.Library$Handler
3539:            12            384  com.sun.jna.platform.mac.CoreFoundation$CFTypeID
3540:            24            384  com.sun.proxy.jdk.proxy1.$Proxy5 (jdk.proxy1)
3541:            16            384  dk.brics.automaton.RegExp$Kind
3542:             6            384  fleet.util.channels.ChannelExtKt$consumeAll$2
3543:            12            384  io.ktor.util.date.Month
3544:            12            384  io.ktor.util.pipeline.PhaseContent
3545:             6            384  io.netty.channel.ChannelOutboundBuffer$Entry
3546:             8            384  io.netty.channel.nio.NioIoHandler
3547:             8            384  io.netty.handler.codec.DefaultHeadersImpl
3548:            12            384  io.opentelemetry.sdk.metrics.SdkObservableInstrument
3549:             8            384  it.unimi.dsi.fastutil.longs.LongOpenHashSet
3550:             6            384  java.awt.color.ICC_ColorSpace (java.desktop)
3551:             8            384  java.lang.ProcessImpl$ProcessPipeInputStream (java.base@21.0.8)
3552:            12            384  java.lang.constant.DirectMethodHandleDescImpl (java.base@21.0.8)
3553:             8            384  java.lang.reflect.ProxyGenerator$PrimitiveTypeInfo (java.base@21.0.8)
3554:            12            384  java.util.Stack (java.base@21.0.8)
3555:             8            384  java.util.concurrent.ConcurrentSkipListMap (java.base@21.0.8)
3556:             8            384  java.util.concurrent.locks.StampedLock (java.base@21.0.8)
3557:             6            384  javax.swing.DefaultListSelectionModel (java.desktop)
3558:             1            384  javax.swing.JViewport (java.desktop)
3559:            16            384  javax.swing.plaf.ActionMapUIResource (java.desktop)
3560:            12            384  javax.swing.plaf.basic.BasicTextUI$TextActionWrapper (java.desktop)
3561:             1            384  javax.swing.table.JTableHeader (java.desktop)
3562:             8            384  javax.swing.text.html.HTMLEditorKit$InsertHTMLTextAction (java.desktop)
3563:             8            384  jdk.xml.internal.JdkProperty$ImplPropMap (java.xml@21.0.8)
3564:            12            384  kotlin.reflect.jvm.internal.impl.load.kotlin.TypeMappingMode
3565:            16            384  kotlin.reflect.jvm.internal.impl.protobuf.LazyStringArrayList
3566:            16            384  kotlin.reflect.jvm.internal.impl.protobuf.UnmodifiableLazyStringList
3567:            16            384  kotlinx.collections.immutable.implementations.immutableSet.PersistentHashSet
3568:            12            384  kotlinx.coroutines.LazyStandaloneCoroutine
3569:            12            384  kotlinx.html.LinkAs
3570:            12            384  kotlinx.serialization.SealedClassSerializer
3571:            16            384  kotlinx.serialization.internal.LinkedHashMapSerializer
3572:            12            384  org.HdrHistogram.SingleWriterRecorder
3573:            16            384  org.apache.xerces.impl.xpath.regex.Op$RangeOp
3574:            16            384  org.intellij.terraform.config.patterns.TfPsiPatterns$createBlockPattern$1
3575:            12            384  org.intellij.terraform.runtime.TfToolConfigurationTypeBase$createFactory$1
3576:            16            384  org.languagetool.ToneTag
3577:             4            384  org.languagetool.rules.ReadabilityRule
3578:             4            384  sun.awt.image.ImageRepresentation (java.desktop)
3579:             8            384  sun.java2d.pipe.PixelToParallelogramConverter (java.desktop)
3580:            24            384  sun.security.x509.CertificatePolicyId (java.base@21.0.8)
3581:            12            384  sun.util.locale.BaseLocale$Key (java.base@21.0.8)
3582:             1            376  com.intellij.openapi.wm.impl.welcomeScreen.collapsedActionGroup.CollapsibleGroupHeaderSeparator
3583:             1            376  com.intellij.openapi.wm.impl.welcomeScreen.recentProjects.RecentProjectFilteringTree$ProjectActionRenderer$CloneableProjectComponent$projectProgressBarPanel$1
3584:             1            376  com.intellij.platform.navbar.frontend.ui.NewNavBarPanel
3585:             1            376  com.intellij.ui.TitlePanel
3586:             6            368  [Lcom.intellij.ui.AnimatedIcon$Frame;
3587:             1            368  com.intellij.codeInsight.intention.impl.IntentionHintComponent$LightBulbPanel
3588:             1            368  com.intellij.codeInsight.navigation.GotoTargetHandler$DefaultPsiElementListCellRenderer
3589:             1            368  com.intellij.execution.ui.layout.impl.GridCellImpl$ProviderWrapper
3590:             1            368  com.intellij.execution.ui.layout.impl.RunnerContentUi$6
3591:             1            368  com.intellij.execution.ui.layout.impl.RunnerContentUi$MyComponent
3592:            23            368  com.intellij.openapi.actionSystem.Presentation$$Lambda/0x0000009803206ba8
3593:             1            368  com.intellij.openapi.ui.LabeledComponent
3594:             1            368  com.intellij.openapi.ui.Splitter$DividerImpl
3595:             1            368  com.intellij.openapi.ui.TextFieldWithBrowseButton
3596:             1            368  com.intellij.openapi.ui.impl.DialogWrapperPeerImpl$MyDialog$DialogRootPane$1
3597:            23            368  com.intellij.openapi.wm.impl.SquareStripeButton$$Lambda/0x0000009803207288
3598:             1            368  com.intellij.openapi.wm.impl.welcomeScreen.ActionGroupPanelWrapper$1
3599:             1            368  com.intellij.openapi.wm.impl.welcomeScreen.recentProjects.RecentProjectFilteringTree$ProjectActionRenderer$ProjectGroupComponent
3600:             2            368  com.intellij.psi.codeStyle.CodeStyleSettingsCustomizableOptions
3601:             1            368  com.intellij.terminal.frontend.view.impl.TerminalViewImpl$TerminalLayeredPane
3602:            23            368  com.intellij.util.ui.StatusText$3
3603:            23            368  com.jetbrains.rhizomedb.impl.Editor
3604:            23            368  io.ktor.util.ConcurrentSafeAttributes
3605:            23            368  io.netty.util.internal.TypeParameterMatcher$ReflectiveMatcher
3606:            23            368  java.awt.font.TextAttribute (java.desktop)
3607:            23            368  kotlinx.coroutines.channels.ProduceKt$awaitClose$4$1
3608:             2            368  org.intellij.plugins.markdown.ui.preview.jcef.MarkdownJCEFHtmlPanel
3609:             2            368  org.jetbrains.jewel.ui.component.styling.MenuItemColors
3610:             2            368  org.jetbrains.jewel.ui.component.styling.TextAreaColors
3611:             2            368  org.jetbrains.jewel.ui.component.styling.TextFieldColors
3612:             1            360  [Lcom.intellij.internal.statistic.editor.EditorSettingsStatisticsCollector$Settings;
3613:             1            360  com.apple.laf.AquaFileChooserUI (java.desktop)
3614:             1            360  com.apple.laf.AquaFileChooserUI$6 (java.desktop)
3615:             1            360  com.apple.laf.AquaFileChooserUI$ScrollPaneCornerPanel (java.desktop)
3616:            15            360  com.goide.microservices.declarations.GoQualifiedName$Function
3617:             9            360  com.ibm.icu.impl.BMPSet
3618:            15            360  com.ibm.icu.impl.ICUResourceBundleReader$ReaderCacheKey
3619:            15            360  com.ibm.icu.text.PluralRules$DecimalQuantitySamplesRange
3620:             9            360  com.intellij.codeInsight.completion.CompletionConfidenceEP
3621:            15            360  com.intellij.concurrency.ThreadContext$withThreadLocal$1
3622:            15            360  com.intellij.ide.IdeEventQueueKt$$Lambda/0x0000009802a134b8
3623:             9            360  com.intellij.ide.ui.UITheme
3624:             9            360  com.intellij.internal.statistic.eventLog.events.NullableEnumEventField
3625:            15            360  com.intellij.json.JsonTokenType
3626:            15            360  com.intellij.multiverse.ModuleContextImpl
3627:             9            360  com.intellij.openapi.editor.impl.EditorMarkupModelImpl$CompactViewAction
3628:             9            360  com.intellij.openapi.editor.impl.EditorMarkupModelImpl$TrafficLightAction
3629:            15            360  com.intellij.openapi.editor.impl.LockFreeCOWSortedArray
3630:             9            360  com.intellij.openapi.editor.impl.MarkupModelImpl
3631:             9            360  com.intellij.openapi.editor.impl.SettingsImpl$tabSize$1
3632:             9            360  com.intellij.openapi.fileTypes.impl.AbstractFileType
3633:             1            360  com.intellij.openapi.ui.DialogWrapper$ErrorText
3634:             9            360  com.intellij.openapi.util.KeyedExtensionCollector
3635:             3            360  com.intellij.openapi.vcs.ex.ChangelistsLocalLineStatusTracker
3636:            15            360  com.intellij.rml.dfa.analyzes.input.DomainTypes
3637:             9            360  com.intellij.util.containers.ConcurrentWeakKeySoftValueHashMap$HardKey
3638:            15            360  com.jetbrains.T.v.v.v.v.l
3639:            15            360  com.jetbrains.rhizomedb.impl.Index$Partition
3640:             1            360  com.sun.org.apache.xerces.internal.impl.XMLNSDocumentScannerImpl (java.xml@21.0.8)
3641:             9            360  io.netty.util.Recycler$LocalPool
3642:             9            360  java.io.FileOutputStream (java.base@21.0.8)
3643:             5            360  java.lang.ProcessImpl (java.base@21.0.8)
3644:            15            360  java.security.Permissions (java.base@21.0.8)
3645:            15            360  java.util.Collections$SynchronizedList (java.base@21.0.8)
3646:            15            360  kotlin.annotation.AnnotationTarget
3647:            15            360  kotlin.reflect.jvm.internal.impl.metadata.deserialization.NameResolverImpl
3648:             5            360  kotlinx.serialization.internal.EnumDescriptor
3649:             3            360  org.jetbrains.completion.full.line.js.supporters.JSFullLineSupporter
3650:             9            360  org.jetbrains.completion.full.line.language.supporters.FullLineLanguageSupporterEP
3651:            15            360  org.yaml.snakeyaml.nodes.Tag
3652:             9            360  sun.security.ssl.ProtocolVersion (java.base@21.0.8)
3653:            15            360  sun.security.util.DisabledAlgorithmConstraints$DisabledConstraint (java.base@21.0.8)
3654:            15            352  [Lcom.fasterxml.jackson.databind.ser.Serializers;
3655:            11            352  [Lcom.google.common.cache.LocalCache$Segment;
3656:             2            352  [Lcom.intellij.lang.javascript.dialects.JSLanguageFeature;
3657:             1            352  [Lkotlin.reflect.jvm.internal.impl.types.error.ErrorTypeKind;
3658:            22            352  ai.grazie.rules.tree.NodePattern$$Lambda/0x0000009804bd35b0
3659:            22            352  ai.grazie.rules.tree.NodePattern$$Lambda/0x0000009804bd3808
3660:            11            352  com.apple.eawt.event.GestureHandler (java.desktop)
3661:            11            352  com.fasterxml.jackson.core.sym.CharsToNameCanonicalizer$TableInfo
3662:            11            352  com.github.weisj.jsvg.E
3663:            11            352  com.github.weisj.jsvg.L
3664:            11            352  com.github.weisj.jsvg.geometry.size.Unit
3665:            11            352  com.goide.psi.impl.GoVarReference
3666:            11            352  com.goide.util.GoBuildMatcher$MatchingReason
3667:            11            352  com.ibm.icu.text.DisplayContext
3668:            11            352  com.intellij.codeInsight.hints.InlayGroup
3669:            11            352  com.intellij.configurationStore.schemeManager.ExternalInfo
3670:             4            352  com.intellij.find.FindModel
3671:             4            352  com.intellij.ide.RecentProjectMetaInfo
3672:            11            352  com.intellij.ide.v.f.v
3673:            11            352  com.intellij.internal.statistic.eventLog.validator.ValidationResultType
3674:             1            352  com.intellij.openapi.editor.impl.EditorTransferHandler$2
3675:             4            352  com.intellij.openapi.editor.richcopy.view.HtmlTransferableData
3676:             1            352  com.intellij.openapi.util.IconLoaderKt$fakeComponent$2$1
3677:            11            352  com.intellij.openapi.vfs.newvfs.persistent.mapped.MappedFileStorageHelper
3678:            11            352  com.intellij.platform.diagnostic.telemetry.impl.IntelliJTracerImpl$createAttributeAwareReporter$1
3679:            22            352  com.intellij.platform.lsp.impl.usages.LspSearchTargetsRule$$Lambda/0x0000009802c27b08
3680:            22            352  com.intellij.platform.navbar.backend.impl.DefaultNavBarItemDataRule$$Lambda/0x0000009802c38a38
3681:            22            352  com.intellij.psi.impl.cache.impl.id.IdIndexEntry
3682:            11            352  com.intellij.psi.impl.smartPointers.FileElementInfo
3683:            22            352  com.intellij.ui.tabs.impl.ActionButton$1
3684:             1            352  com.intellij.util.ui.update.MergingUpdateQueue$Companion$ANY_COMPONENT$1
3685:             1            352  com.sun.org.apache.xerces.internal.impl.XMLDocumentScannerImpl (java.xml@21.0.8)
3686:            11            352  io.netty.util.internal.LongAdderCounter
3687:            11            352  java.lang.constant.DirectMethodHandleDesc$Kind (java.base@21.0.8)
3688:            11            352  java.lang.invoke.VarHandleByteArrayAsInts$ArrayHandle (java.base@21.0.8)
3689:             1            352  java.util.concurrent.ForkJoinPool (java.base@21.0.8)
3690:            11            352  javax.management.MBeanNotificationInfo (java.management@21.0.8)
3691:            11            352  javax.swing.text.html.CSS$BackgroundPosition (java.desktop)
3692:            11            352  kotlin.collections.ArrayDeque
3693:            11            352  kotlin.reflect.jvm.internal.impl.descriptors.impl.EnumEntrySyntheticClassDescriptor$EnumEntryScope
3694:             2            352  org.HdrHistogram.Histogram
3695:            11            352  org.jetbrains.plugins.terminal.fus.TerminalSettingsStateCollector$BooleanOptions
3696:            11            352  org.languagetool.rules.WrongWordInContextRule$ContextWords
3697:            11            352  sun.lwawt.macosx.CMouseDragGestureRecognizer (java.desktop)
3698:             4            352  sun.nio.ch.ServerSocketChannelImpl (java.base@21.0.8)
3699:            11            352  sun.security.ssl.SSLSecretDerivation$SecretSchedule (java.base@21.0.8)
3700:             1            344  [Ljavax.swing.text.html.HTML$Attribute; (java.desktop)
3701:             8            344  [Lkotlin.annotation.AnnotationTarget;
3702:            18            336  [Ljavax.management.MBeanConstructorInfo; (java.management@21.0.8)
3703:             5            336  [Lsun.invoke.util.Wrapper; (java.base@21.0.8)
3704:            14            336  ai.grazie.detector.LanguageDetector$DetectionResult
3705:            14            336  ai.grazie.rules.tree.NodePattern$$Lambda/0x0000009804bdfa18
3706:            21            336  ai.grazie.rules.tree.NodePattern$$Lambda/0x0000009804bf5ef0
3707:            21            336  ai.grazie.rules.tree.NodePattern$$Lambda/0x0000009804bf6148
3708:            21            336  androidx.compose.ui.graphics.colorspace.Rgb$$Lambda/0x00000098037176d8
3709:            21            336  androidx.compose.ui.graphics.colorspace.Rgb$$Lambda/0x0000009803717930
3710:            21            336  androidx.compose.ui.graphics.colorspace.Rgb$$Lambda/0x0000009803717b88
3711:            21            336  androidx.compose.ui.graphics.colorspace.Rgb$$Lambda/0x000000980372a000
3712:             6            336  androidx.compose.ui.graphics.vector.VectorGroup
3713:             6            336  androidx.compose.ui.text.ParagraphStyle
3714:             6            336  com.fasterxml.jackson.databind.deser.std.FactoryBasedEnumDeserializer
3715:            21            336  com.goide.completion.GoKeywordCompletionContributor$GoOnTheVeryStartOfCaseClause
3716:             7            336  com.google.api.services.cloudcode_pa.v1internal.model.ModelConfig
3717:             7            336  com.intellij.codeInsight.codeVision.ui.model.ClickableTextCodeVisionEntry
3718:            14            336  com.intellij.codeInsight.inline.completion.logs.InlineCompletionUsageTracker$ShownEvents$FinishType
3719:            14            336  com.intellij.configurationStore.Macro
3720:            14            336  com.intellij.configurationStore.ObsoleteStorageBean
3721:             6            336  com.intellij.configurationStore.TrackedDirectoryStorage
3722:             2            336  com.intellij.ide.projectView.impl.ProjectViewImpl
3723:            14            336  com.intellij.internal.ml.CategoricalFeature$OtherCategoryMapper
3724:            21            336  com.intellij.lang.javascript.index.FrameworkIndexingHandler$$Lambda/0x00000098058624f0
3725:            14            336  com.intellij.llmInstaller.ui.promo2.AIPromoWindowStatistics$PromoNotShownReason
3726:            21            336  com.intellij.ml.inline.completion.impl.thirdparty.ThirdPartyConflict
3727:            14            336  com.intellij.openapi.actionSystem.impl.CapturingListener
3728:            14            336  com.intellij.openapi.editor.Editor$$Lambda/0x000000980444ed70
3729:            21            336  com.intellij.openapi.editor.impl.EditorGutterLayout$$Lambda/0x00000098044f8000
3730:            14            336  com.intellij.openapi.keymap.impl.WeakKeymapManagerListener
3731:            21            336  com.intellij.openapi.rd.LifetimeDisposableExKt$$Lambda/0x0000009803621018
3732:            21            336  com.intellij.openapi.rd.LifetimeDisposableExKt$$Lambda/0x00000098036214c8
3733:            14            336  com.intellij.openapi.vfs.DiskQueryRelay
3734:             7            336  com.intellij.ui.components.TabMacScrollBarUI
3735:             7            336  com.intellij.ui.tabs.impl.JBTabsImpl$6
3736:             7            336  com.intellij.ui.tabs.impl.JBTabsImpl$SelectNextAction
3737:             7            336  com.intellij.ui.tabs.impl.JBTabsImpl$SelectPreviousAction
3738:             7            336  com.intellij.ui.tabs.impl.JBTabsImpl$setPopupGroup$2
3739:             7            336  com.intellij.ui.tabs.impl.singleRow.ScrollableSingleRowLayout
3740:            14            336  com.intellij.ui.tree.AsyncTreeModel$CommandQueue
3741:             6            336  com.intellij.util.fastutil.ints.Int2ObjectOpenHashMap
3742:            14            336  com.intellij.vcs.gitlab.ultimate.features.expressionLang.GitLabCiExpressionTokenType
3743:            14            336  com.sun.jna.NativeMappedConverter
3744:             2            336  git4idea.config.GitVcsOptions
3745:            14            336  io.grpc.netty.shaded.io.netty.handler.codec.http2.HpackStaticTable$HeaderIndex
3746:            14            336  io.netty.util.internal.logging.LocationAwareSlf4JLogger
3747:             7            336  java.io.BufferedInputStream (java.base@21.0.8)
3748:            21            336  java.lang.ClassValue$Identity (java.base@21.0.8)
3749:             7            336  java.lang.invoke.VarHandleReferences$Array (java.base@21.0.8)
3750:             6            336  java.nio.DirectLongBufferU (java.base@21.0.8)
3751:            21            336  java.util.TreeMap$EntrySet (java.base@21.0.8)
3752:            14            336  javax.crypto.spec.SecretKeySpec (java.base@21.0.8)
3753:             7            336  javax.swing.text.html.HTMLDocument$BlockElement (java.desktop)
3754:            21            336  jdk.proxy2.$Proxy140 (jdk.proxy2)
3755:            21            336  jdk.proxy2.$Proxy173 (jdk.proxy2)
3756:            21            336  jdk.proxy2.$Proxy174 (jdk.proxy2)
3757:            21            336  kotlin.reflect.jvm.internal.impl.storage.LockBasedStorageManager$CacheWithNullableValuesBasedOnMemoizedFunction$1
3758:            21            336  kotlinx.html.attributes.EnumEncoder
3759:            14            336  morfologik.fsa.MatchResult
3760:            14            336  org.apache.xerces.impl.xpath.regex.Op$ChildOp
3761:             6            336  sun.java2d.metal.MTLMaskBlit (java.desktop)
3762:             7            336  sun.nio.cs.StreamDecoder (java.base@21.0.8)
3763:             9            328  [Lcom.intellij.openapi.editor.FoldRegion;
3764:             8            320  [Landroidx.compose.ui.layout.RectRulers;
3765:             9            320  [Lcom.goide.psi.GoImportSpec;
3766:             1            320  [Lcom.ibm.icu.impl.UCharacterProperty$BinaryProperty;
3767:             4            320  [Lio.grpc.netty.shaded.io.netty.buffer.PoolArena;
3768:             4            320  [Lorg.h2.mvstore.cache.CacheLongKeyLIRS$Segment;
3769:             4            320  [Lsun.security.ec.point.ProjectivePoint$Immutable; (jdk.crypto.ec@21.0.8)
3770:            20            320  ai.grazie.rules.tree.NodePattern$$Lambda/0x0000009804bd4000
3771:            20            320  ai.grazie.rules.tree.NodePattern$$Lambda/0x0000009804bd4258
3772:             8            320  androidx.compose.ui.graphics.vector.PathNode$ArcTo
3773:            10            320  com.fasterxml.jackson.databind.cfg.CoercionConfigs
3774:            10            320  com.fasterxml.jackson.jr.ob.impl.ClassKey
3775:             1            320  com.github.benmanes.caffeine.cache.SSMWA
3776:            10            320  com.github.weisj.jsvg.h$a
3777:            10            320  com.github.weisj.jsvg.y
3778:            20            320  com.goide.microservices.references.GoUrlPathReferenceProvider$$Lambda/0x0000009804892000
3779:            20            320  com.goide.microservices.references.GoUrlPathReferenceProvider$$Lambda/0x0000009804892258
3780:            10            320  com.goide.vgo.imports.VgoImportResolver$$Lambda/0x00000098047669b8
3781:             8            320  com.google.api.client.http.UriTemplate$CompositeOutput
3782:            20            320  com.google.common.cache.LocalCache$WriteQueue
3783:            20            320  com.google.common.collect.ImmutableSortedMap$1EntrySet$1
3784:             5            320  com.ibm.icu.impl.ICUResourceBundleReader
3785:            10            320  com.ibm.icu.impl.UCharacterProperty$CaseBinaryProperty
3786:            10            320  com.intellij.codeHighlighting.HighlightDisplayLevelColorizedIcon
3787:            10            320  com.intellij.codeInsight.inline.completion.logs.CharCategory
3788:             4            320  com.intellij.codeInsight.inline.completion.logs.InlineCompletionLogsListener$Holder
3789:             4            320  com.intellij.codeInspection.ex.InspectionProfileImpl
3790:            10            320  com.intellij.execution.process.AnsiTerminalEmulator$TerminalFont
3791:             4            320  com.intellij.find.SearchTextArea$1
3792:             8            320  com.intellij.ide.Region
3793:             8            320  com.intellij.json.formatter.JsonCodeStyleSettings
3794:            10            320  com.intellij.ml.inline.completion.impl.inline.MultiLineApplicabilityResult
3795:            20            320  com.intellij.openapi.actionSystem.impl.ActionToolbarImpl$$Lambda/0x000000980312fa48
3796:            10            320  com.intellij.openapi.editor.IndentGuideDescriptor
3797:             8            320  com.intellij.openapi.editor.impl.CaretImpl$PositionMarker
3798:             8            320  com.intellij.openapi.editor.impl.EditorMarkupModelImpl$7
3799:             5            320  com.intellij.openapi.editor.impl.InlayModelImpl$InlineElementsTree$1
3800:             5            320  com.intellij.openapi.editor.impl.multiverse.CodeInsightContextSwitcher
3801:            10            320  com.intellij.openapi.extensions.KeyedFactoryEPBean
3802:            10            320  com.intellij.openapi.extensions.impl.ExtensionsAreaImpl
3803:             8            320  com.intellij.openapi.wm.impl.LayoutData
3804:            20            320  com.intellij.openapi.wm.impl.status.EditorBasedWidgetHelper
3805:             8            320  com.intellij.platform.execution.serviceView.ServiceViewManagerImpl$ActivateToolWindowByContributorAction
3806:            10            320  com.intellij.platform.workspace.storage.impl.ImmutableStorageIndexes
3807:            10            320  com.intellij.platform.workspace.storage.impl.RefsTable
3808:            10            320  com.intellij.platform.workspace.storage.impl.indices.VirtualFileIndex
3809:            20            320  com.intellij.psi.filters.position.NamespaceFilter
3810:            20            320  com.intellij.psi.util.ReadActionCachedValue
3811:            10            320  com.intellij.sql.psi.SqlHierarchicalElementType
3812:            20            320  com.intellij.ui.RowIcon$$Lambda/0x0000009804550a08
3813:            10            320  com.intellij.ui.SideBorder
3814:            10            320  com.intellij.ui.popup.list.SelectablePanel$SelectionArcCorners
3815:             8            320  com.intellij.ui.tree.AsyncTreeModel$CmdGetChildren
3816:             4            320  com.intellij.uiDesigner.core.GridLayoutManager
3817:            10            320  com.intellij.util.io.CachingEnumerator
3818:            20            320  com.intellij.util.io.PersistentHashMapValueStorage$ReaderOverFileChannelCache
3819:             5            320  com.intellij.util.ui.ButtonlessScrollBarUI$12
3820:            20            320  com.intellij.util.xmlb.KotlinxSerializationBinding
3821:             5            320  com.jetbrains.cef.remote.thrift.transport.TSocket (jcef)
3822:            10            320  com.jetbrains.rd.util.reactive.IPropertyBase$view$1$1
3823:            10            320  com.sun.org.apache.xerces.internal.impl.XMLEntityManager$EncodingInfo (java.xml@21.0.8)
3824:            10            320  com.sun.org.apache.xerces.internal.impl.XMLScanner$NameType (java.xml@21.0.8)
3825:            10            320  io.ktor.events.Events$HandlerRegistration
3826:             8            320  io.ktor.network.tls.extensions.HashAlgorithm
3827:            20            320  io.ktor.util.pipeline.PipelinePhase
3828:            20            320  it.unimi.dsi.fastutil.objects.Object2LongOpenHashMap$KeySet
3829:            10            320  java.security.cert.PolicyQualifierInfo (java.base@21.0.8)
3830:             8            320  java.util.concurrent.CancellationException (java.base@21.0.8)
3831:            20            320  javax.swing.plaf.basic.BasicScrollPaneUI$Actions (java.desktop)
3832:             4            320  javax.swing.text.PlainView (java.desktop)
3833:            20            320  jdk.proxy1.$Proxy151 (jdk.proxy1)
3834:            20            320  jdk.proxy4.$Proxy178 (jdk.proxy4)
3835:            10            320  kotlin.KotlinVersion
3836:             8            320  kotlin.reflect.jvm.internal.impl.builtins.PrimitiveType
3837:             5            320  kotlin.reflect.jvm.internal.impl.descriptors.impl.ClassDescriptorImpl
3838:             5            320  kotlin.reflect.jvm.internal.impl.descriptors.impl.ModuleDescriptorImpl
3839:             8            320  kotlin.reflect.jvm.internal.impl.resolve.jvm.JvmPrimitiveType
3840:            10            320  kotlin.reflect.jvm.internal.impl.types.LazyWrappedType
3841:            10            320  kotlin.reflect.jvm.internal.impl.types.error.ErrorScopeKind
3842:            10            320  kotlinx.coroutines.SupervisorCoroutine
3843:             5            320  kotlinx.serialization.internal.InlineClassDescriptor
3844:             4            320  org.cef.CefSettings (jcef)
3845:             8            320  org.intellij.terraform.hcl.formatter.HclCodeStyleSettings
3846:             8            320  org.jetbrains.jewel.ui.component.styling.ButtonMetrics
3847:            20            320  org.jetbrains.plugins.terminal.block.ui.VerticalSpaceInlayRenderer$$Lambda/0x000000980526fb28
3848:            10            320  org.jetbrains.skia.svg.SVGPreserveAspectRatioAlign
3849:             4            320  org.languagetool.rules.patterns.RepeatedPatternRuleTransformer$RepeatedPatternRule
3850:             4            320  sun.awt.CGraphicsDevice (java.desktop)
3851:             8            320  sun.management.MemoryPoolImpl$CollectionSensor (java.management@21.0.8)
3852:             8            320  sun.management.MemoryPoolImpl$PoolSensor (java.management@21.0.8)
3853:             8            320  sun.util.resources.Bundles$BundleReference (java.base@21.0.8)
3854:             3            312  [Lcom.intellij.lang.javascript.buildTools.npm.rc.NpmCommand;
3855:             1            312  [Ljavax.swing.text.html.HTML$Tag; (java.desktop)
3856:             6            312  [Lorg.apache.xerces.impl.xs.util.SimpleLocator;
3857:            13            312  androidx.compose.ui.text.font.FontListFontFamily
3858:            13            312  com.fasterxml.jackson.databind.type.LogicalType
3859:            13            312  com.goide.completion.GoMLCompletionFeatures$GoNamedElementKind
3860:            13            312  com.goide.psi.impl.GoEvaluatingContext
3861:            13            312  com.intellij.codeInsight.daemon.impl.ParameterHintsPresentationManager$AnimationStep
3862:             3            312  com.intellij.openapi.vcs.VcsConfiguration
3863:            13            312  com.intellij.platform.workspace.storage.metadata.model.ValueTypeMetadata$ParameterizedType
3864:            13            312  com.intellij.psi.impl.ElementBase$ElementIconRequest
3865:            13            312  com.intellij.semantic.SemRegistrar$$Lambda/0x00000098047d3a30
3866:            13            312  com.intellij.ui.icons.CustomColorPatcherStrategy
3867:            13            312  com.intellij.util.concurrency.Propagation$$Lambda/0x0000009802510e18
3868:            13            312  com.intellij.util.containers.Stack
3869:            13            312  com.intellij.util.ui.TempMethodInvocator
3870:            13            312  com.intellij.vcs.log.impl.SimpleRefType
3871:            13            312  com.intellij.workspaceModel.core.fileIndex.impl.NonExistingFileSetData
3872:            13            312  com.sun.org.apache.xerces.internal.util.AugmentationsImpl$SmallContainer (java.xml@21.0.8)
3873:            13            312  java.lang.ProcessEnvironment$Value (java.base@21.0.8)
3874:            13            312  java.lang.ProcessEnvironment$Variable (java.base@21.0.8)
3875:            13            312  java.lang.constant.MethodTypeDescImpl (java.base@21.0.8)
3876:            13            312  java.lang.invoke.MethodHandleImpl$BindCaller$InjectedInvokerHolder (java.base@21.0.8)
3877:            13            312  java.util.Comparator$$Lambda/0x000000980235f848 (java.base@21.0.8)
3878:            13            312  javax.swing.plaf.basic.BasicTextUI$UpdateHandler (java.desktop)
3879:            13            312  javax.swing.text.JTextComponent$KeymapActionMap (java.desktop)
3880:            13            312  javax.swing.text.JTextComponent$KeymapWrapper (java.desktop)
3881:            13            312  javax.swing.text.StyleContext$FontKey (java.desktop)
3882:            13            312  jdk.internal.net.http.Http1HeaderParser$State (java.net.http@21.0.8)
3883:            13            312  kotlin.reflect.jvm.internal.impl.resolve.sam.SamConversionResolverImpl
3884:            13            312  kotlin.reflect.jvm.internal.impl.storage.LockBasedStorageManager$CacheWithNullableValuesBasedOnMemoizedFunction
3885:            13            312  kotlinx.serialization.internal.NullableSerializer
3886:            13            312  kotlinx.serialization.internal.PrimitiveSerialDescriptor
3887:            13            312  kotlinx.serialization.internal.SerialDescriptorForNullable
3888:            13            312  org.apache.log4j.Level
3889:            13            312  org.languagetool.rules.spelling.morfologik.MorfologikSpeller
3890:            13            312  sun.security.util.LazyCodeSourcePermissionCollection (java.base@21.0.8)
3891:             1            304  com.github.benmanes.caffeine.cache.SSLMS
3892:            19            304  com.google.common.collect.SingletonImmutableList
3893:             2            304  com.ibm.icu.text.DecimalFormatSymbols
3894:            19            304  com.intellij.codeInsight.hints.NoSettings
3895:            19            304  fleet.util.UID
3896:            19            304  io.ktor.util.pipeline.PipelinePhase
3897:            19            304  kotlinx.serialization.json.internal.DescriptorSchemaCache
3898:             2            304  org.jetbrains.jewel.ui.DefaultComponentStyling
3899:            19            304  sun.nio.ch.IOVecWrapper$Deallocator (java.base@21.0.8)
3900:            12            288  [Lcom.github.benmanes.caffeine.cache.Buffer;
3901:            17            288  [Ljava.lang.constant.ConstantDesc; (java.base@21.0.8)
3902:             1            288  [Ljava.lang.invoke.LambdaForm$Kind; (java.base@21.0.8)
3903:            18            288  [Ljava.util.prefs.NodeChangeListener; (java.prefs@21.0.8)
3904:            18            288  [Ljava.util.prefs.PreferenceChangeListener; (java.prefs@21.0.8)
3905:             1            288  [Lorg.jsoup.parser.TokeniserState;
3906:             1            288  [Lsun.security.ssl.SSLExtension; (java.base@21.0.8)
3907:             9            288  ai.grazie.rules.settings.TextStyle
3908:            12            288  androidx.compose.runtime.SnapshotMutableIntStateImpl
3909:            18            288  androidx.compose.runtime.internal.AtomicInt
3910:             9            288  apple.laf.JRSUIConstants$Variant (java.desktop)
3911:             9            288  com.fasterxml.jackson.databind.cfg.DeserializerFactoryConfig
3912:            12            288  com.fasterxml.jackson.databind.ser.impl.PropertySerializerMap$Single
3913:             9            288  com.goide.controlflow.instructions.GoShortVarDeclarationInstruction
3914:            12            288  com.goide.quickfix.GoDeleteQuickFix
3915:             6            288  com.goide.stubs.GoMethodSpecStub
3916:            12            288  com.google.api.client.json.JsonToken
3917:             6            288  com.google.common.cache.LocalCache$StrongAccessEntry
3918:            18            288  com.google.gson.internal.ConstructorConstructor$$Lambda/0x0000009803fc3260
3919:            12            288  com.google.gson.internal.bind.CollectionTypeAdapterFactory$Adapter
3920:             9            288  com.google.gson.internal.bind.MapTypeAdapterFactory$Adapter
3921:             9            288  com.google.gson.internal.bind.ReflectiveTypeAdapterFactory
3922:             6            288  com.google.tools.intellij.aiplugin.analytics.CompletionCommonMetricsMetadata
3923:             3            288  com.ibm.icu.impl.number.MacroProps
3924:             6            288  com.intellij.codeInsight.hints.InlayHintsProviderExtensionBean
3925:             9            288  com.intellij.codeInsight.hints.Option
3926:            18            288  com.intellij.codeInsight.hints.codeVision.CodeVisionProviderAdapter
3927:            12            288  com.intellij.codeInspection.ProblemHighlightType
3928:             6            288  com.intellij.collaboration.async.CoroutineUtilKt$mapScoped2$1
3929:            18            288  com.intellij.database.dialects.generic.GenericDialect$1
3930:            12            288  com.intellij.featureStatistics.GroupDescriptor
3931:            12            288  com.intellij.ide.actions.TabNavigationActionBase$NavigationType
3932:            18            288  com.intellij.ide.browsers.actions.BaseOpenInBrowserAction$$Lambda/0x00000098046467f8
3933:            18            288  com.intellij.ide.browsers.actions.BaseOpenInBrowserAction$$Lambda/0x0000009804646a50
3934:            12            288  com.intellij.ide.fileTemplates.impl.FileTemplatesLoaderKt$$Lambda/0x0000009804c91740
3935:             3            288  com.intellij.ide.projectView.impl.nodes.PsiDirectoryNode
3936:             6            288  com.intellij.ide.startup.impl.StartupManagerImplKt$launchActivity$1
3937:             9            288  com.intellij.ide.ui.UIThemeProvider
3938:             9            288  com.intellij.ide.ui.customization.CustomizationUtil$1
3939:             9            288  com.intellij.ide.ui.laf.UIThemeLookAndFeelInfoImpl
3940:            12            288  com.intellij.ide.v.R.Tf$$Lambda/0x0000009802d34800
3941:             6            288  com.intellij.indexing.shared.platform.api.SharedIndexInfrastructureVersion
3942:             3            288  com.intellij.internal.statistic.eventLog.StatisticsFileEventLogger
3943:            12            288  com.intellij.internal.statistic.eventLog.connection.StatisticsResult$ResultCode
3944:             4            288  com.intellij.kubernetes.splitApi.AbstractKubernetesSynchronizedStateMap$subscribe$1
3945:             9            288  com.intellij.lang.javascript.DialectOptionHolder
3946:             9            288  com.intellij.mcpserver.clientConfiguration.MCPClientNames
3947:             9            288  com.intellij.openapi.application.ExperimentalFeatureImpl
3948:            12            288  com.intellij.openapi.application.impl.islands.IslandsUICustomization$createToolWindowBorderPainter$1
3949:             9            288  com.intellij.openapi.editor.impl.EditorGutterLayout
3950:             9            288  com.intellij.openapi.editor.impl.EditorImpl$CaretCursor
3951:             9            288  com.intellij.openapi.editor.impl.EditorImpl$CaretRectangle
3952:            18            288  com.intellij.openapi.editor.impl.EditorImpl$OpaqueAwareScrollBar$$Lambda/0x000000980438dba8
3953:            18            288  com.intellij.openapi.editor.impl.EditorImpl$OpaqueAwareScrollBar$$Lambda/0x000000980438de20
3954:             9            288  com.intellij.openapi.editor.impl.EditorSizeAdjustmentStrategy
3955:             9            288  com.intellij.openapi.editor.impl.FocusModeModel
3956:            12            288  com.intellij.openapi.editor.impl.LineSet
3957:             9            288  com.intellij.openapi.editor.impl.view.EditorCoordinateMapper
3958:             6            288  com.intellij.openapi.fileEditor.impl.tabActions.CloseTab
3959:             9            288  com.intellij.openapi.updateSettings.impl.pluginsAdvertisement.SuggestedIde
3960:             9            288  com.intellij.openapi.vcs.changes.ignore.psi.IgnoreTokenType
3961:             9            288  com.intellij.openapi.vcs.changes.ui.ChangesViewContentManager$TabOrderWeight
3962:            12            288  com.intellij.openapi.vcs.impl.projectlevelman.PersistentVcsShowSettingOptionImpl
3963:             6            288  com.intellij.openapi.vfs.newvfs.impl.FsRoot
3964:             6            288  com.intellij.openapi.wm.RegisterToolWindowTaskData
3965:            12            288  com.intellij.openapi.wm.impl.NotInHierarchyComponents
3966:            12            288  com.intellij.openapi.wm.impl.ToolWindowImpl$createContentManager$2
3967:            12            288  com.intellij.openapi.wm.impl.ToolWindowImpl$createContentManager$3
3968:             6            288  com.intellij.openapi.wm.impl.status.EditorBasedStatusBarPopup$1$1
3969:            12            288  com.intellij.openapi.wm.impl.status.EditorBasedStatusBarPopup$component$1$1
3970:            12            288  com.intellij.patterns.PsiElementPattern$2
3971:             4            288  com.intellij.platform.debugger.impl.frontend.FrontendXBreakpointType
3972:             6            288  com.intellij.platform.kernel.ApiKt$withKernel$1
3973:             6            288  com.intellij.platform.kernel.ApiKt$withKernel$2
3974:            12            288  com.intellij.platform.workspace.storage.metadata.model.ValueTypeMetadata$SimpleType$PrimitiveType
3975:             6            288  com.intellij.polySymbols.webTypes.json.EnablementRules
3976:             6            288  com.intellij.polySymbols.webTypes.json.NamePatternDefault
3977:             9            288  com.intellij.profiler.statistics.StatisticsProfilerErrorReason
3978:            12            288  com.intellij.psi.impl.PsiTreeChangeEventImpl$PsiEventType
3979:            12            288  com.intellij.toolWindow.ToolWindowHeader$5
3980:             4            288  com.intellij.ui.components.JBTextArea$1
3981:             4            288  com.intellij.ui.components.JBTextField$1
3982:             9            288  com.intellij.ui.dsl.builder.impl.CellValidationImpl
3983:            12            288  com.intellij.util.ConcurrencyUtil$$Lambda/0x0000009802bcfc88
3984:             9            288  com.intellij.util.indexing.PerIndexDocumentVersionMap$IdVersionInfo
3985:             9            288  com.intellij.util.indexing.diagnostic.ScanningType
3986:             6            288  com.intellij.util.io.cache.ManagedPersistentCache
3987:            12            288  com.intellij.util.lang.ZipResourceFile$MyJarUrlStreamHandler
3988:            12            288  com.intellij.util.xmlb.JDOMElementBinding
3989:            12            288  com.jetbrains.rd.util.reactive.ViewableMap
3990:             6            288  fleet.kernel.rete.ReteKt$tokenSetsFlow$1$1
3991:             9            288  io.grpc.Metadata$AsciiKey
3992:             9            288  io.grpc.netty.shaded.io.netty.util.concurrent.DefaultPromise
3993:            12            288  java.awt.AlphaComposite (java.desktop)
3994:            12            288  java.lang.annotation.ElementType (java.base@21.0.8)
3995:             9            288  java.lang.constant.PrimitiveClassDescImpl (java.base@21.0.8)
3996:            12            288  java.net.StandardSocketOptions$StdSocketOption (java.base@21.0.8)
3997:            12            288  java.time.Month (java.base@21.0.8)
3998:            18            288  java.util.concurrent.CountDownLatch (java.base@21.0.8)
3999:             9            288  java.util.logging.Level (java.logging@21.0.8)
4000:             9            288  java.util.logging.Level$KnownLevel (java.logging@21.0.8)
4001:            12            288  java.util.regex.Pattern$$Lambda/0x80000005a (java.base@21.0.8)
4002:             6            288  java.util.stream.StreamOpFlag (java.base@21.0.8)
4003:             9            288  javax.swing.text.StyledEditorKit$FontSizeAction (java.desktop)
4004:             9            288  jdk.internal.org.objectweb.asm.Type (java.base@21.0.8)
4005:             9            288  kotlin.reflect.jvm.internal.impl.descriptors.runtime.structure.ReflectJavaArrayType
4006:             9            288  kotlin.reflect.jvm.internal.impl.protobuf.WireFormat$JavaType
4007:             9            288  kotlinx.collections.immutable.implementations.persistentOrderedMap.PersistentOrderedMap
4008:             6            288  kotlinx.coroutines.CancellableContinuationImpl
4009:             6            288  kotlinx.coroutines.flow.FlowKt__EmittersKt$onStart$$inlined$unsafeFlow$1$1
4010:             6            288  kotlinx.coroutines.flow.FlowKt__ZipKt$combine$$inlined$combineUnsafe$FlowKt__ZipKt$1$2
4011:            12            288  kotlinx.serialization.internal.PrimitiveArrayDescriptor
4012:            12            288  org.apache.xerces.impl.xpath.regex.Token$CharToken
4013:             2            288  org.h2.mvstore.MVStore
4014:            12            288  org.intellij.lang.regexp.psi.RegExpGroup$Type
4015:             9            288  org.jetbrains.completion.full.line.language.FimSettings
4016:             2            288  org.jetbrains.jewel.ui.component.styling.ComboBoxColors
4017:            18            288  org.jetbrains.plugins.terminal.block.ui.BlockSeparatorRenderer
4018:            18            288  org.jetbrains.qodana.staticAnalysis.stat.QodanaVarargEventId
4019:             6            288  org.languagetool.ResourceBundleWithFallback
4020:             6            288  org.languagetool.rules.spelling.morfologik.MorfologikMultiSpeller
4021:             9            288  org.zmlx.hg4idea.util.HgVersion
4022:             9            288  sun.font.CCompositeGlyphMapper (java.desktop)
4023:            12            288  sun.reflect.annotation.TypeAnnotation$TypeAnnotationTarget (java.base@21.0.8)
4024:             9            288  sun.util.logging.PlatformLogger$Level (java.base@21.0.8)
4025:             5            280  [Lcom.goide.microservices.declarations.GoEndpointDeclaration;
4026:             5            280  [Lcom.intellij.util.indexing.diagnostic.ScanningType;
4027:             5            280  com.android.tools.idea.studiobot.ModelConfig
4028:             7            280  com.fasterxml.jackson.core.json.JsonWriteFeature
4029:             5            280  com.fasterxml.jackson.databind.type.ResolvedRecursiveType
4030:             5            280  com.ibm.icu.impl.ICUResourceBundleImpl$ResourceTable
4031:             7            280  com.intellij.diff.tools.util.base.TextDiffSettingsHolder$PlaceSettings
4032:             7            280  com.intellij.grazie.text.TextContentImpl
4033:             7            280  com.intellij.ide.ui.UIThemeKt$createTheme$2
4034:             7            280  com.intellij.internal.statistic.utils.EventsRateWindowThrottle
4035:             5            280  com.intellij.openapi.editor.impl.InlineInlayImpl
4036:             5            280  com.intellij.openapi.editor.impl.stickyLines.StickyLinesManager
4037:             5            280  com.intellij.openapi.editor.impl.stickyLines.ui.StickyLineShadowPainter
4038:             7            280  com.intellij.openapi.vfs.impl.VirtualFilePointerImpl
4039:             5            280  com.intellij.ui.JBColor$1
4040:             7            280  com.intellij.ui.components.TabMacScrollBarUI$createThumbPainter$1
4041:             7            280  com.intellij.ui.components.TabMacScrollBarUI$createWrapAnimationBehaviour$1
4042:             5            280  com.intellij.ui.dsl.builder.impl.RowImpl
4043:             7            280  com.intellij.util.ui.AnimatedIcon$HiddenAnimator
4044:             7            280  com.intellij.workspaceModel.core.fileIndex.impl.WorkspaceFileSetImpl
4045:             7            280  dk.brics.automaton.RunAutomaton
4046:             5            280  git4idea.remote.hosting.GitAsyncExtensionsKt$discoverServers$1
4047:             7            280  io.ktor.server.request.ApplicationReceivePipeline
4048:             7            280  io.ktor.server.response.ApplicationSendPipeline
4049:             7            280  java.util.concurrent.PriorityBlockingQueue (java.base@21.0.8)
4050:             5            280  jdk.internal.net.http.HttpClientBuilderImpl (java.net.http@21.0.8)
4051:             7            280  kotlin.reflect.jvm.internal.impl.load.java.lazy.descriptors.LazyJavaAnnotationDescriptor
4052:             7            280  kotlinx.coroutines.flow.internal.ChannelLimitedFlowMerge$collectTo$2$1
4053:             5            280  morfologik.stemming.DictionaryMetadata
4054:             5            280  sun.awt.image.SunVolatileImage (java.desktop)
4055:             2            272  [Lcom.fasterxml.jackson.databind.DeserializationFeature;
4056:             1            272  [Lio.grpc.netty.shaded.io.netty.handler.codec.http2.HpackStaticTable$HeaderIndex;
4057:             5            272  [Lio.netty.util.internal.PriorityQueueNode;
4058:            11            272  [Ljava.security.cert.X509Certificate; (java.base@21.0.8)
4059:            17            272  ai.grazie.rules.tree.NodePattern$$Lambda/0x0000009804be3610
4060:            17            272  ai.grazie.rules.tree.NodePattern$$Lambda/0x0000009804bf6ad8
4061:            17            272  ai.grazie.rules.tree.NodePattern$$Lambda/0x0000009804bf6d30
4062:            17            272  com.intellij.lang.javascript.template.postfix.JSPostfixTemplateUtils$3
4063:             2            272  com.intellij.lang.typescript.compiler.TypeScriptCompilerSettingsState
4064:            17            272  com.intellij.openapi.ui.ShadowAction$1
4065:            17            272  com.intellij.platform.util.io.storages.mmapped.MMappedFileStorage$RegionAllocationAtomicityLock$FileBasedRegionAllocationLock
4066:             1            272  io.grpc.internal.ManagedChannelImpl
4067:            17            272  it.unimi.dsi.fastutil.ints.Int2ObjectOpenHashMap$KeySet
4068:            17            272  kotlinx.coroutines.flow.SafeFlow
4069:             2            272  org.jetbrains.jewel.ui.component.styling.SliderColors
4070:            14            264  [Lai.grazie.detector.DetectedLanguage;
4071:            11            264  [Lcom.apple.laf.AquaKeyBindings$BindingsProvider; (java.desktop)
4072:             1            264  [Lio.grpc.netty.shaded.io.netty.handler.codec.http2.HpackHeaderField;
4073:             1            264  [Lokhttp3.internal.http2.Header;
4074:             4            264  [[D (java.base@21.0.8)
4075:            11            264  ai.grazie.rules.document.Delimiter
4076:            11            264  com.apple.laf.AquaKeyBindings$LateBoundInputMap (java.desktop)
4077:            11            264  com.fasterxml.jackson.annotation.JsonFormat$Feature
4078:            11            264  com.fasterxml.jackson.annotation.JsonFormat$Shape
4079:            11            264  com.goide.inspections.GoMethodDescriptors
4080:            11            264  com.goide.psi.impl.GoFieldDeclarationImpl
4081:            11            264  com.intellij.database.sql.common.impl.formatter.SqlDialectCodeStyleSettingsAutoProvider
4082:            11            264  com.intellij.internal.statistic.eventLog.events.IntListEventField
4083:             3            264  com.intellij.openapi.client.LocalProjectSessionImpl
4084:            11            264  com.intellij.openapi.editor.impl.view.LineLayout$WithSize
4085:             3            264  com.intellij.openapi.project.DumbServiceImpl
4086:            11            264  com.intellij.openapi.util.text.HtmlChunk$Element
4087:            11            264  com.intellij.openapi.vfs.impl.local.NativeFileWatcherImpl$WatcherOp
4088:            11            264  com.intellij.platform.workspace.storage.impl.ImmutableEntityFamily
4089:            11            264  com.intellij.platform.workspace.storage.metadata.model.FinalClassMetadata$ObjectMetadata
4090:            11            264  com.intellij.ui.icons.IconLoadMeasurer$Counter
4091:            11            264  com.intellij.util.indexing.impl.perFileVersion.AutoRefreshingOnVfsCloseRef
4092:            11            264  com.intellij.util.io.keyStorage.AppendableStorageBackedByResizableMappedFile$AppendMemoryBuffer
4093:            11            264  com.intellij.util.ui.update.UiNotifyConnector$Once
4094:            11            264  com.jediterm.terminal.TerminalMode
4095:             3            264  com.jetbrains.plugins.webDeployment.config.PublishConfig$State
4096:             3            264  com.jetbrains.rdserver.execution.BackendRunManager
4097:            11            264  com.jetbrains.rhizomedb.impl.MapWithEditor
4098:            11            264  git4idea.GitRevisionNumber
4099:            11            264  io.netty.handler.codec.http.HttpObjectDecoder$State
4100:            11            264  io.opentelemetry.sdk.metrics.InstrumentBuilder$$Lambda/0x0000009802780ec8
4101:            11            264  java.awt.event.FocusEvent$Cause (java.desktop)
4102:             3            264  java.awt.image.IndexColorModel (java.desktop)
4103:            11            264  java.lang.invoke.MethodHandleImpl$Intrinsic (java.base@21.0.8)
4104:            11            264  java.security.cert.CRLReason (java.base@21.0.8)
4105:            11            264  java.time.ZoneOffset (java.base@21.0.8)
4106:            11            264  java.util.concurrent.Executors$PrivilegedThreadFactory$1 (java.base@21.0.8)
4107:             3            264  javax.swing.JButton$AccessibleJButton (java.desktop)
4108:            11            264  javax.swing.text.html.CSS (java.desktop)
4109:            11            264  javax.swing.text.html.CSS$BackgroundImage (java.desktop)
4110:            11            264  javax.swing.text.html.StyleSheet$SearchBuffer (java.desktop)
4111:            11            264  kotlin.reflect.jvm.internal.KPackageImpl
4112:            11            264  kotlin.reflect.jvm.internal.impl.descriptors.impl.EnumEntrySyntheticClassDescriptor$EnumEntryScope$1
4113:            11            264  kotlin.reflect.jvm.internal.impl.descriptors.impl.EnumEntrySyntheticClassDescriptor$EnumEntryScope$2
4114:            11            264  kotlin.reflect.jvm.internal.impl.descriptors.impl.EnumEntrySyntheticClassDescriptor$EnumEntryScope$3
4115:            11            264  kotlin.reflect.jvm.internal.impl.renderer.DescriptorRendererImpl
4116:            11            264  kotlin.reflect.jvm.internal.impl.resolve.constants.EnumValue
4117:            11            264  kotlin.reflect.jvm.internal.impl.serialization.deserialization.descriptors.DeserializedClassDescriptor$EnumEntryClassDescriptors$$Lambda$2
4118:            11            264  org.apache.lucene.util.FixedBitSet
4119:            11            264  org.jdom.AttributeType
4120:            11            264  org.jetbrains.skia.svg.SVGLengthUnit
4121:            11            264  org.yaml.snakeyaml.events.Event$ID
4122:             2            256  [Lcom.fasterxml.jackson.databind.SerializationFeature;
4123:             6            256  [Lcom.google.common.collect.HashBiMap$BiEntry;
4124:             1            256  [Lcom.intellij.profiler.statistics.ProfilerUsageTriggerCollector$SnapshotActionFusDescriptor;
4125:            11            256  [Lcom.intellij.psi.PsiReference;
4126:             4            256  [Lorg.apache.xerces.impl.xs.XSElementDecl;
4127:             2            256  [Lorg.intellij.lang.regexp.RegExpCapability;
4128:             2            256  [Lorg.languagetool.rules.ITSIssueType;
4129:             8            256  ai.grazie.nlp.langs.alphabet.Alphabet$Group
4130:             8            256  ai.grazie.nlp.langs.alphabet.RegexAlphabet
4131:            16            256  ai.grazie.rules.tree.NodePattern$$Lambda/0x0000009804bee280
4132:            16            256  ai.grazie.rules.tree.NodePattern$$Lambda/0x0000009804bee4d8
4133:             2            256  androidx.compose.ui.graphics.ReusableGraphicsLayerScope
4134:             8            256  androidx.compose.ui.layout.InnerRectRulers
4135:            16            256  com.android.tools.idea.studiobot.MimeType
4136:            16            256  com.apple.laf.AquaUtils$RecyclableSingletonFromDefaultConstructor (java.desktop)
4137:             8            256  com.fasterxml.jackson.module.kotlin.KotlinFeature
4138:             8            256  com.goide.controlflow.instructions.GoReturnStatementInstruction
4139:            16            256  com.goide.psi.GoFile$$Lambda/0x000000980470ea30
4140:            16            256  com.goide.psi.impl.GoNamedElementImpl$$Lambda/0x00000098048edc00
4141:            16            256  com.google.common.cache.LocalCache$StrongValueReference
4142:             8            256  com.google.tools.intellij.aiplugin.transform.FinishChangesRecentUserActionsCollector
4143:             8            256  com.ibm.icu.impl.StandardPlural
4144:             4            256  com.intellij.clouds.kubernetes.frontend.editor.floatingToolbar.KubernetesFloatingToolbarProvider$register$2
4145:             8            256  com.intellij.codeInsight.intention.impl.IntentionGroup
4146:             8            256  com.intellij.database.csv.PersistentCsvFormat$Quotes
4147:             8            256  com.intellij.ide.ui.UiThemePaletteCheckBoxScope
4148:             8            256  com.intellij.ide.ui.UiThemePaletteScopeManager
4149:             8            256  com.intellij.internal.statistic.eventLog.events.BoundedIntEventField
4150:             8            256  com.intellij.internal.statistic.eventLog.events.EventFields$createDurationField$1
4151:             2            256  com.intellij.openapi.editor.ex.EditorSettingsExternalizable$OptionSet
4152:             8            256  com.intellij.openapi.editor.impl.ComplementaryFontsRegistry$FallBackInfo
4153:             8            256  com.intellij.openapi.editor.markup.StatusItem
4154:             8            256  com.intellij.openapi.fileEditor.impl.MergingUpdateChannel
4155:             8            256  com.intellij.openapi.observable.properties.AtomicBooleanProperty
4156:            16            256  com.intellij.openapi.ui.OnePixelDivider$MyMouseAdapter
4157:            16            256  com.intellij.openapi.util.UserDataHolderBase
4158:             8            256  com.intellij.openapi.wm.impl.ExpandableComboAction$$Lambda/0x0000009802daeef8
4159:             4            256  com.intellij.openapi.wm.impl.PainterHelper$MyImagePainter
4160:            16            256  com.intellij.openapi.wm.impl.content.BaseLabel$1
4161:             8            256  com.intellij.openapi.wm.impl.content.ToolWindowContentUi$1
4162:            16            256  com.intellij.platform.workspace.jps.entities.ModuleId
4163:             8            256  com.intellij.polySymbols.webTypes.json.JsSymbol$Kind
4164:            16            256  com.intellij.polySymbols.webTypes.json.NamePatternTemplate
4165:            16            256  com.intellij.psi.ReferenceProviderType$CompositePsiReferenceProvider
4166:            16            256  com.intellij.psi.codeStyle.PackageEntryTable
4167:             8            256  com.intellij.rml.dfa.impl.rml.BruteForceDomainsPool
4168:             8            256  com.intellij.rml.dfa.impl.scripts.RMLScriptDSL
4169:             8            256  com.intellij.rml.dfa.ir.ast.IrEqualityKind
4170:             8            256  com.intellij.sh.codeStyle.ShCodeStyleSettings
4171:             4            256  com.intellij.toolWindow.ResizeStripeManager$createLayout$1
4172:             8            256  com.intellij.ui.RelativeFont
4173:             4            256  com.intellij.util.messages.impl.MessageBusCoroutinesKt$subscribeAsFlow$1
4174:             4            256  com.intellij.util.ui.ButtonlessScrollBarUI$10
4175:             4            256  com.intellij.util.ui.ButtonlessScrollBarUI$11
4176:            16            256  com.intellij.util.ui.update.MergingUpdateQueue$$Lambda/0x0000009802e579a8
4177:             4            256  com.intellij.webcore.libraries.ScriptingLibraryMappings$CompoundLibrary
4178:             4            256  fleet.reporting.shared.tracing.TracingKt$spannedScope$3
4179:             4            256  io.grpc.netty.shaded.io.netty.buffer.SizeClasses
4180:             2            256  io.ktor.server.engine.ShutdownHook
4181:             4            256  io.netty.util.concurrent.ScheduledFutureTask
4182:             8            256  java.math.RoundingMode (java.base@21.0.8)
4183:            16            256  java.nio.channels.spi.AbstractSelector$1 (java.base@21.0.8)
4184:             8            256  java.security.MessageDigest$Delegate$CloneableDelegate (java.base@21.0.8)
4185:             2            256  java.util.TimerThread (java.base@21.0.8)
4186:             8            256  java.util.concurrent.SynchronousQueue (java.base@21.0.8)
4187:             8            256  javax.swing.text.DefaultEditorKit$NextVisualPositionAction (java.desktop)
4188:             8            256  jdk.internal.reflect.MethodHandleFloatFieldAccessorImpl (java.base@21.0.8)
4189:             8            256  jdk.internal.reflect.MethodHandleShortFieldAccessorImpl (java.base@21.0.8)
4190:            16            256  jdk.proxy1.$Proxy152 (jdk.proxy1)
4191:             8            256  kotlinx.coroutines.ChildHandleNode
4192:             8            256  kotlinx.coroutines.flow.internal.ChannelFlowOperatorImpl
4193:             8            256  kotlinx.coroutines.scheduling.WorkQueue
4194:            16            256  kotlinx.serialization.descriptors.SerialDescriptorImpl$$Lambda/0x00000098023bcd70
4195:             4            256  org.intellij.markdown.flavours.gfm.lexer._GFMLexer
4196:             2            256  org.jetbrains.completion.full.line.js.supporters.TSFullLineSupporter
4197:            16            256  org.jetbrains.jewel.ui.component.styling.BannerMetrics
4198:             4            256  org.jetbrains.plugins.github.pullrequest.ui.editor.GHPRReviewInEditorController$setupReview$1
4199:             8            256  org.jetbrains.plugins.textmate.Constants$StringKey
4200:             8            256  org.jetbrains.skiko.OS
4201:             8            256  org.jetbrains.yaml.formatter.YAMLCodeStyleSettings
4202:             8            256  org.zmlx.hg4idea.HgFileStatusEnum
4203:            16            256  sun.reflect.generics.tree.ArrayTypeSignature (java.base@21.0.8)
4204:             8            256  sun.security.util.DisabledAlgorithmConstraints$KeySizeConstraint (java.base@21.0.8)
4205:             8            256  sun.util.resources.Bundles$CacheKey (java.base@21.0.8)
4206:             8            248  [Lcom.intellij.codeInspection.LocalQuickFix;
4207:             6            248  [Ljava.awt.datatransfer.DataFlavor; (java.datatransfer@21.0.8)
4208:             3            240  [Landroidx.compose.ui.focus.FocusRequesterModifierNode;
4209:             2            240  [Lcom.intellij.aqua.runners.js.core.CliOption;
4210:             8            240  [Lcom.intellij.psi.tree.IElementType$Predicate;
4211:             3            240  [Lcom.sun.beans.util.Cache$CacheEntry; (java.desktop)
4212:             3            240  [Lio.grpc.netty.shaded.io.netty.handler.codec.CodecOutputList;
4213:             3            240  [Lio.netty.handler.codec.CodecOutputList;
4214:            10            240  [Ljava.awt.Point; (java.desktop)
4215:             5            240  [Ljava.lang.invoke.LambdaForm$NamedFunction; (java.base@21.0.8)
4216:             3            240  [Ljava.util.concurrent.RunnableScheduledFuture; (java.base@21.0.8)
4217:             7            240  [Lkotlin.Pair;
4218:             3            240  [Lorg.apache.commons.imaging.formats.icns.IcnsType;
4219:             3            240  [Lorg.apache.xerces.impl.xs.XSComplexTypeDecl;
4220:             6            240  androidx.compose.foundation.layout.WrapContentElement
4221:            10            240  androidx.compose.ui.graphics.colorspace.WhitePoint
4222:            10            240  androidx.compose.ui.text.SaversKt$NonNullValueClassSaver$1
4223:            10            240  com.android.studio.ml.TransformService$Feature
4224:             6            240  com.apple.laf.AquaImageFactory$SystemColorProxy (java.desktop)
4225:             6            240  com.fasterxml.jackson.core.StreamReadFeature
4226:            10            240  com.fasterxml.jackson.databind.cfg.CoercionInputShape
4227:            10            240  com.fasterxml.jackson.databind.cfg.MutableCoercionConfig
4228:            10            240  com.fasterxml.jackson.databind.deser.DeserializerCache
4229:             5            240  com.fasterxml.jackson.databind.introspect.BasicBeanDescription
4230:            10            240  com.fasterxml.jackson.databind.introspect.SimpleMixInResolver
4231:             6            240  com.fasterxml.jackson.databind.jsontype.impl.TypeNameIdResolver
4232:            10            240  com.fasterxml.jackson.databind.ser.SerializerCache
4233:             1            240  com.github.benmanes.caffeine.cache.SSAR
4234:            10            240  com.github.markusbernhardt.proxy.ProxySearch$Strategy
4235:            15            240  com.goide.completion.GoKeywordCompletionContributor$OnStatementBeginning
4236:            10            240  com.goide.psi.impl.GoArrayOrSliceTypeImpl
4237:             6            240  com.goide.stubs.GoFieldDefinitionStub
4238:             6            240  com.google.api.services.cloudcode_pa.v1internal.model.SuggestionTelemetry
4239:             5            240  com.google.common.io.BaseEncoding$Alphabet
4240:            10            240  com.google.gson.stream.JsonToken
4241:            10            240  com.ibm.icu.impl.number.Grouper
4242:            10            240  com.intellij.codeHighlighting.HighlightDisplayLevel
4243:             5            240  com.intellij.codeInsight.codeVision.EditorCodeVisionContext
4244:            10            240  com.intellij.codeInsight.codeVision.settings.CodeVisionSettingsPreviewLanguage
4245:            10            240  com.intellij.codeInsight.folding.impl.actions.BaseExpandToLevelAction$1
4246:             6            240  com.intellij.codeInsight.hints.presentation.InsetPresentation
4247:            10            240  com.intellij.codeInspection.ex.QuickFixWrapper
4248:            10            240  com.intellij.collaboration.async.CoroutineUtilKt$$Lambda/0x00000098034809e8
4249:            10            240  com.intellij.collaboration.async.MappedStateFlow
4250:            10            240  com.intellij.completion.ml.personalization.session.SessionFactorsUtils$SessionLookupFactor
4251:            10            240  com.intellij.database.DbmsExtension$FallbackBean
4252:            15            240  com.intellij.diagnostic.MessagePool$$Lambda/0x00000098050ff800
4253:            10            240  com.intellij.formatting.IndentImpl
4254:             6            240  com.intellij.ide.ProjectWindowCustomizerServiceKt$repaintWhenProjectGradientOffsetChanged$1
4255:             6            240  com.intellij.ide.actions.ToolWindowMoveAction
4256:             6            240  com.intellij.ide.browsers.ConfigurableWebBrowser
4257:             6            240  com.intellij.ide.browsers.actions.BaseOpenInBrowserAction
4258:             5            240  com.intellij.ide.fileTemplates.impl.FTManager
4259:            10            240  com.intellij.ide.plugins.marketplace.statistics.fields.PluginVersionEventField
4260:            10            240  com.intellij.ide.scopeView.NamedScopeFilter
4261:             5            240  com.intellij.internal.statistic.eventLog.validator.storage.ValidationRulesPersistedStorage
4262:            10            240  com.intellij.json.JsonElementType
4263:            10            240  com.intellij.ml.inline.completion.impl.kit.MLCompletionEnclosuresSupporterBase
4264:             6            240  com.intellij.openapi.command.impl.SharedUndoRedoStacksHolder
4265:             6            240  com.intellij.openapi.command.impl.UndoRedoStacksHolder
4266:             5            240  com.intellij.openapi.editor.ex.util.LexerEditorHighlighter
4267:            15            240  com.intellij.openapi.editor.impl.DocumentImpl$1
4268:             5            240  com.intellij.openapi.editor.impl.SettingsImpl$setLanguageSupplier$1$1
4269:             5            240  com.intellij.openapi.editor.impl.SettingsImpl$setLanguageSupplier$2$1
4270:            10            240  com.intellij.openapi.editor.impl.multiverse.CodeInsightContextPresentation
4271:             5            240  com.intellij.openapi.editor.impl.stickyLines.VisualStickyLines
4272:             5            240  com.intellij.openapi.editor.markup.AnalyzerStatus
4273:            10            240  com.intellij.openapi.editor.markup.EffectType
4274:            10            240  com.intellij.openapi.editor.markup.InspectionsState
4275:             5            240  com.intellij.openapi.fileEditor.ConditionalActionGroup
4276:             5            240  com.intellij.openapi.fileEditor.impl.EditorWindow$watchForTabActions$1
4277:             5            240  com.intellij.openapi.fileEditor.impl.EditorWindow$watchForTabActions$1$1
4278:             5            240  com.intellij.openapi.fileEditor.impl.FileEditorManagerImpl$createCompositeByEditorWithModel$1
4279:             5            240  com.intellij.openapi.ui.ThreeComponentsSplitter$MyFocusTraversalPolicy
4280:            10            240  com.intellij.openapi.util.ClearableLazyValue$1
4281:            10            240  com.intellij.openapi.util.registry.RegistryValue$$Lambda/0x0000009802ad22b8
4282:            10            240  com.intellij.openapi.vfs.newvfs.persistent.VFSInitException$ErrorCategory
4283:             6            240  com.intellij.openapi.wm.impl.status.EditorBasedStatusBarPopup$1
4284:            10            240  com.intellij.platform.instanceContainer.internal.InstanceContainerState
4285:            10            240  com.intellij.platform.instanceContainer.internal.ScopeHolder
4286:            10            240  com.intellij.platform.workspace.storage.impl.indices.EntityStorageInternalIndex
4287:            10            240  com.intellij.platform.workspace.storage.metadata.model.ExtendableClassMetadata$AbstractClassMetadata
4288:             6            240  com.intellij.polySymbols.webTypes.impl.WebTypesDefinitionsEP
4289:            10            240  com.intellij.polySymbols.webTypes.json.GenericCssContributions
4290:            15            240  com.intellij.refactoring.actions.BasePlatformRefactoringAction$$Lambda/0x0000009805555000
4291:            15            240  com.intellij.refactoring.actions.BasePlatformRefactoringAction$$Lambda/0x0000009805557a58
4292:            10            240  com.intellij.serviceContainer.ComponentManagerElement
4293:            10            240  com.intellij.serviceContainer.PluginServicesStore
4294:             6            240  com.intellij.swagger.core.codegen.SwCodeGeneratorType
4295:            10            240  com.intellij.ui.LayeredIcon$$Lambda/0x0000009803815950
4296:            10            240  com.intellij.ui.MouseMovementTracker
4297:            10            240  com.intellij.ui.ScrollPaneScrolledState
4298:            15            240  com.intellij.ui.dsl.gridLayout.impl.BaselineData
4299:            10            240  com.intellij.ui.icons.CoreIconManager$colorizedIcon$1
4300:            10            240  com.intellij.util.IntPair
4301:             6            240  com.intellij.util.indexing.impl.perFileVersion.PersistentSubIndexerVersionEnumerator
4302:             6            240  com.intellij.util.io.cache.ManagedPersistentCache$1
4303:            10            240  com.intellij.util.ui.JBValue$CachedFloat
4304:             6            240  com.intellij.util.ui.UiScopeKt$launchUiCoroutine$1
4305:            10            240  com.intellij.vcs.github.ultimate.features.expression.GithubExpressionElementType
4306:            10            240  com.jetbrains.T.v.v.v.C.b
4307:            15            240  com.jetbrains.clones.configuration.BooleanProperty
4308:             5            240  com.jetbrains.fus.reporting.model.lion3.LogEvent
4309:            10            240  com.jetbrains.rd.util.reactive.ViewableList
4310:             3            240  fleet.kernel.rete.ReteKt$observeSuspend$1
4311:             6            240  io.grpc.netty.shaded.io.netty.util.internal.ObjectPool$RecyclerObjectPool$1
4312:             6            240  io.opentelemetry.sdk.metrics.internal.exemplar.HistogramExemplarReservoir
4313:            10            240  it.unimi.dsi.fastutil.longs.LongArrayList
4314:             6            240  java.awt.Cursor (java.desktop)
4315:            10            240  java.awt.Taskbar$Feature (java.desktop)
4316:            10            240  java.io.OutputStreamWriter (java.base@21.0.8)
4317:             6            240  java.lang.invoke.LambdaForm$BasicType (java.base@21.0.8)
4318:             5            240  java.lang.invoke.MethodHandleImpl$WrappedMember (java.base@21.0.8)
4319:             6            240  java.net.Socket (java.base@21.0.8)
4320:            10            240  java.nio.charset.CoderResult (java.base@21.0.8)
4321:            10            240  java.nio.file.StandardOpenOption (java.base@21.0.8)
4322:            10            240  java.security.CryptoPrimitive (java.base@21.0.8)
4323:            15            240  java.util.IdentityHashMap$EntrySet (java.base@21.0.8)
4324:            15            240  java.util.concurrent.CopyOnWriteArraySet (java.base@21.0.8)
4325:             3            240  java.util.concurrent.ScheduledThreadPoolExecutor (java.base@21.0.8)
4326:            10            240  javax.swing.AncestorNotifier (java.desktop)
4327:            15            240  javax.swing.text.html.CSS$CssValue (java.desktop)
4328:             6            240  javax.swing.text.html.HTMLDocument$RunElement (java.desktop)
4329:            15            240  jdk.proxy2.$Proxy67 (jdk.proxy2)
4330:             2            240  kotlin.concurrent.ThreadsKt$thread$thread$1
4331:             3            240  kotlin.reflect.jvm.internal.KMutableProperty2Impl
4332:             5            240  kotlin.reflect.jvm.internal.impl.descriptors.NotFoundClasses$MockClassDescriptor
4333:             6            240  kotlin.reflect.jvm.internal.impl.km.KmTypeParameter
4334:            10            240  kotlin.reflect.jvm.internal.impl.resolve.scopes.DescriptorKindFilter
4335:            10            240  kotlin.reflect.jvm.internal.impl.resolve.scopes.DescriptorKindFilter$Companion$MaskToName
4336:            15            240  kotlin.reflect.jvm.internal.impl.serialization.deserialization.DeserializedPackageFragmentImpl$$Lambda$0
4337:            15            240  kotlin.reflect.jvm.internal.impl.serialization.deserialization.DeserializedPackageFragmentImpl$$Lambda$1
4338:             5            240  kotlin.reflect.jvm.internal.impl.types.error.ErrorType
4339:             6            240  kotlinx.coroutines.flow.FlowKt__ReduceKt$first$3
4340:            10            240  kotlinx.serialization.SealedClassSerializer$$Lambda/0x00000098023ad258
4341:            10            240  kotlinx.serialization.internal.ObjectSerializer
4342:            10            240  org.apache.lucene.analysis.hunspell.AffixCondition$$Lambda/0x0000009803ac47f8
4343:            10            240  org.apache.lucene.util.automaton.Automaton$1
4344:            10            240  org.apache.lucene.util.automaton.Automaton$2
4345:             3            240  org.intellij.plugins.intelliLang.inject.config.XmlAttributeInjection
4346:             6            240  org.jetbrains.completion.full.line.experiments.CommonExperiments
4347:            10            240  org.jetbrains.plugins.terminal.block.completion.spec.impl.ShellRuntimeDataGeneratorImpl
4348:            15            240  org.jetbrains.plugins.textmate.bundles.TextMateFileNameMatcher$Pattern
4349:            10            240  org.languagetool.JLanguageTool$Level
4350:            10            240  sun.awt.SunHints$Key (java.desktop)
4351:            15            240  sun.invoke.util.ValueConversions$WrapperCache (java.base@21.0.8)
4352:             5            240  sun.java2d.loops.DrawParallelogram (java.desktop)
4353:             5            240  sun.java2d.loops.FillParallelogram (java.desktop)
4354:             5            240  sun.java2d.metal.MTLSwToSurfaceBlit (java.desktop)
4355:             5            240  sun.java2d.metal.MTLSwToSurfaceScale (java.desktop)
4356:             5            240  sun.java2d.metal.MTLSwToSurfaceTransform (java.desktop)
4357:             5            240  sun.java2d.metal.MTLSwToTextureBlit (java.desktop)
4358:             5            240  sun.java2d.metal.MTLVolatileSurfaceManager (java.desktop)
4359:             6            240  sun.java2d.pipe.Region (java.desktop)
4360:             6            240  sun.lwawt.macosx.NamedCursor (java.desktop)
4361:             6            240  sun.security.ssl.SSLKeyExchange$T12KeyAgreement (java.base@21.0.8)
4362:             6            240  sun.security.ssl.SSLSessionContextImpl (java.base@21.0.8)
4363:             6            240  sun.util.locale.provider.LocaleResources (java.base@21.0.8)
4364:             1            232  [Lcom.intellij.ui.PlatformIcons;
4365:             1            232  [Lio.ktor.http.HttpStatusCode;
4366:             1            232  [Lio.ktor.http.HttpStatusCode;
4367:            10            224  [Lcom.fasterxml.jackson.databind.deser.Deserializers;
4368:             2            224  [Lcom.jediterm.terminal.TerminalMode;
4369:             8            224  [Ljava.awt.Component; (java.desktop)
4370:             4            224  [Ljava.text.Format; (java.base@21.0.8)
4371:             2            224  [Lsun.font.EAttribute; (java.desktop)
4372:            14            224  ai.grazie.rules.tree.NodePattern$$Lambda/0x0000009804bdf7c0
4373:             7            224  com.android.studio.ml.suggestion.AnchoredDiffChunk$CommittedChunk
4374:            14            224  com.apple.laf.AquaKeyBindings$SimpleBinding (java.desktop)
4375:             7            224  com.fasterxml.jackson.annotation.JsonTypeInfo$Id
4376:             7            224  com.fasterxml.jackson.module.kotlin.ReflectionCache
4377:            14            224  com.goide.psi.impl.GoLazyBlockImpl$$Lambda/0x000000980470fcb0
4378:             7            224  com.goide.vgo.configuration.VgoEnvironmentVariable
4379:             7            224  com.ibm.icu.impl.UCharacterProperty$IntProperty
4380:            14            224  com.ibm.icu.text.NumberFormat$Field
4381:             7            224  com.intellij.application.options.codeStyle.cache.CodeStyleCachedValueProvider
4382:             4            224  com.intellij.codeInsight.hints.presentation.InlayTextMetrics
4383:             4            224  com.intellij.codeInsight.inline.edit.InlineEditRequestExecutorImpl$1
4384:             7            224  com.intellij.diagnostic.LoadingState
4385:             4            224  com.intellij.execution.process.BaseOSProcessHandler$SimpleOutputReader
4386:             7            224  com.intellij.go.database.marker.go.GoDbConnectionFunctionDescriptor
4387:             7            224  com.intellij.grazie.text.TextContentImpl$PsiToken
4388:             4            224  com.intellij.ide.actions.NonEmptyActionGroup
4389:             4            224  com.intellij.ide.actions.NonTrivialActionGroup
4390:             7            224  com.intellij.ide.plugins.DependencySupportBean
4391:             7            224  com.intellij.internal.statistic.eventLog.events.LimitedIntEventField
4392:             7            224  com.intellij.internal.statistic.eventLog.events.StringEventField$ValidatedByInlineRegexp
4393:             2            224  com.intellij.lang.typescript.compiler.languageService.TypeScriptServerServiceImpl
4394:            14            224  com.intellij.openapi.actionSystem.impl.ActionButton$$Lambda/0x0000009802fcb270
4395:            14            224  com.intellij.openapi.actionSystem.impl.ActionButtonWithText$$Lambda/0x0000009802fb2dd0
4396:            14            224  com.intellij.openapi.actionSystem.impl.ActionButtonWithText$1
4397:             7            224  com.intellij.openapi.diagnostic.LogLevel
4398:             7            224  com.intellij.openapi.editor.GenericLineWrapPositionStrategy$Rule
4399:             7            224  com.intellij.openapi.editor.colors.impl.TextAttributesReader$Effect
4400:            14            224  com.intellij.openapi.editor.impl.EditorToolbarButtonLook
4401:             7            224  com.intellij.openapi.editor.impl.FrozenDocument
4402:            14            224  com.intellij.openapi.keymap.impl.BundledKeymapBean
4403:            14            224  com.intellij.openapi.observable.dispatcher.AbstractSingleEventDispatcher$RootDispatcher$$Lambda/0x0000009802e4ef20
4404:            14            224  com.intellij.openapi.observable.dispatcher.AbstractSingleEventDispatcher$RootDispatcher$$Lambda/0x0000009802e4f178
4405:             7            224  com.intellij.openapi.options.FontSize
4406:             7            224  com.intellij.openapi.util.LazyIcon
4407:            14            224  com.intellij.openapi.vfs.DiskQueryRelay$$Lambda/0x00000098024a3060
4408:             7            224  com.intellij.patterns.PsiElementPattern$6
4409:             7            224  com.intellij.patterns.TreeElementPattern$7
4410:            14            224  com.intellij.platform.workspace.storage.CachedValue
4411:             7            224  com.intellij.polySymbols.webTypes.json.NameConversionRulesSingle$NameConverter
4412:             7            224  com.intellij.profiler.statistics.ProfilerUsageTriggerCollector$RunWidgetActionFusDescriptor
4413:             7            224  com.intellij.psi.ParsingDiagnosticsHandlerImpl$DiagnosticsEntry
4414:             7            224  com.intellij.sql.psi.stubs.elementTypes.SqlConstraintStubElementType
4415:             2            224  com.intellij.toolWindow.ToolWindowDragHelper
4416:             7            224  com.intellij.ui.PopupHandler$2
4417:             4            224  com.intellij.ui.SpinningProgressIcon
4418:             7            224  com.intellij.ui.tabs.impl.JBTabsImpl$ScrollBarActivityTracker
4419:             7            224  com.intellij.util.concurrency.BoundedScheduledExecutorService
4420:            14            224  com.intellij.util.containers.MultiMap$1
4421:            14            224  com.intellij.util.indexing.DefaultFileTypeSpecificInputFilter
4422:             7            224  com.intellij.util.indexing.InitialScanningSkipReporter$FullScanningReason
4423:             7            224  com.jetbrains.cef.remote.thrift_codegen.ClientHandlers$MessageRouterHandler_onQuery_args$_Fields (jcef)
4424:             7            224  com.jetbrains.cef.remote.thrift_codegen.ClientHandlers$RenderHandler_OnPaint_args$_Fields (jcef)
4425:             7            224  com.jetbrains.cef.remote.thrift_codegen.ClientHandlers$ResourceRequestHandler_OnResourceLoadComplete_args$_Fields (jcef)
4426:             7            224  com.jetbrains.cef.remote.thrift_codegen.Server$Browser_SendMouseEvent_args$_Fields (jcef)
4427:             7            224  com.sun.jna.CallbackReference$DefaultCallbackProxy
4428:             7            224  com.sun.xml.bind.v2.model.impl.ClassInfoImpl$PropertyGroup
4429:             7            224  io.grpc.netty.shaded.io.netty.handler.codec.http2.Http2Stream$State
4430:             7            224  io.ktor.client.plugins.api.ClientPluginInstance
4431:             7            224  io.ktor.util.date.WeekDay
4432:             7            224  io.opentelemetry.api.internal.AutoValue_ImmutableSpanContext
4433:             4            224  it.unimi.dsi.fastutil.objects.ReferenceLinkedOpenHashSet
4434:             7            224  java.awt.geom.Point2D$Double (java.desktop)
4435:             7            224  java.lang.System$Logger$Level (java.base@21.0.8)
4436:             7            224  java.lang.module.ModuleDescriptor$Version (java.base@21.0.8)
4437:             4            224  java.nio.ByteBufferAsCharBufferB (java.base@21.0.8)
4438:            14            224  java.security.SecureClassLoader$CodeSourceKey (java.base@21.0.8)
4439:            14            224  java.security.spec.MGF1ParameterSpec (java.base@21.0.8)
4440:             7            224  java.util.concurrent.locks.ReentrantLock$FairSync (java.base@21.0.8)
4441:             4            224  javax.swing.text.html.StyleSheet$BoxPainter (java.desktop)
4442:            14            224  jdk.proxy2.$Proxy179 (jdk.proxy2)
4443:            14            224  jdk.proxy2.$Proxy4 (jdk.proxy2)
4444:             7            224  jdk.xml.internal.JdkProperty$State (java.xml@21.0.8)
4445:             4            224  kotlin.reflect.jvm.internal.impl.builtins.ReflectionTypes
4446:             7            224  kotlin.reflect.jvm.internal.impl.km.ClassKind
4447:             7            224  kotlin.reflect.jvm.internal.impl.metadata.ProtoBuf$Class$Kind
4448:             7            224  kotlin.reflect.jvm.internal.impl.types.error.ErrorEntity
4449:             7            224  kotlin.text.RegexOption
4450:             7            224  kotlin.time.DurationUnit
4451:             7            224  kotlin.time.DurationUnit
4452:             7            224  kotlinx.collections.immutable.implementations.immutableSet.PersistentHashSetBuilder
4453:             7            224  kotlinx.html.AReferrerPolicy
4454:            14            224  morfologik.fsa.FSATraversal
4455:             7            224  morfologik.fsa.builders.FSABuilder$InfoEntry
4456:             7            224  okhttp3.Protocol
4457:            14            224  org.intellij.plugins.intelliLang.references.InjectedReferencesContributor$$Lambda/0x0000009804885c90
4458:             4            224  org.jetbrains.jewel.ui.component.styling.TabContentAlpha
4459:             4            224  org.jetbrains.plugins.github.pullrequest.ui.editor.GHPRReviewInEditorController$setupReview$1$2
4460:             4            224  org.jetbrains.plugins.terminal.view.impl.MutableTerminalOutputModelImpl
4461:             4            224  sun.java2d.loops.MaskFill$General (java.desktop)
4462:             4            224  sun.java2d.metal.MTLContext (java.desktop)
4463:             4            224  sun.java2d.metal.MTLGraphicsConfig (java.desktop)
4464:             9            216  [Lcom.intellij.openapi.editor.impl.EditorImpl$CaretRectangle;
4465:             9            216  [Lsun.font.CharToGlyphMapper; (java.desktop)
4466:             9            216  [Lsun.font.PhysicalFont; (java.desktop)
4467:             9            216  ai.grazie.rules.tree.Parameter$$Lambda/0x0000009804ba4470
4468:             9            216  androidx.compose.animation.core.SpringSpec
4469:             9            216  androidx.compose.animation.core.TwoWayConverterImpl
4470:             9            216  androidx.compose.ui.BiasAlignment
4471:             9            216  androidx.compose.ui.layout.WindowInsetsRulersImpl
4472:             9            216  com.fasterxml.jackson.databind.node.JsonNodeType
4473:             9            216  com.fasterxml.jackson.databind.ser.impl.PropertySerializerMap$TypeAndSerializer
4474:             9            216  com.fasterxml.jackson.databind.type.ClassKey
4475:             9            216  com.github.markusbernhardt.proxy.util.PListParser$ElementType
4476:             9            216  com.goide.inspections.GoFunctionDescriptors
4477:             9            216  com.goide.psi.impl.GoShortVarDeclarationImpl
4478:             9            216  com.google.gson.internal.ConstructorConstructor
4479:             9            216  com.google.gson.internal.bind.JsonAdapterAnnotationTypeAdapterFactory
4480:             9            216  com.google.gson.internal.bind.MapTypeAdapterFactory
4481:             9            216  com.ibm.icu.number.NumberFormatter$SignDisplay
4482:             9            216  com.ibm.icu.text.PluralRules$Operand
4483:             9            216  com.intellij.codeInsight.intention.IntentionSource
4484:             1            216  com.intellij.database.settings.DatabaseSettings
4485:             3            216  com.intellij.execution.configurations.ModuleBasedConfigurationOptions
4486:             9            216  com.intellij.execution.impl.EditorTextDecorationIdImpl
4487:             9            216  com.intellij.execution.services.ServiceEventListener$EventType
4488:             9            216  com.intellij.execution.ui.ConsoleViewContentType
4489:             9            216  com.intellij.httpClient.http.request.index.HttpRequestStringsExternalizer
4490:             9            216  com.intellij.ide.browsers.OpenUrlHyperlinkInfo
4491:             9            216  com.intellij.ide.projectView.NodeSortOrder
4492:             9            216  com.intellij.ide.ui.customization.CustomizationUtil$$Lambda/0x0000009802c50250
4493:             9            216  com.intellij.ide.ui.laf.LafEntry
4494:             9            216  com.intellij.ide.ui.laf.UiThemeProviderListManager$$Lambda/0x000000980262c9e8
4495:             9            216  com.intellij.indexing.shared.platform.impl.SharedIndexesFusCollector$Kind
4496:             9            216  com.intellij.internal.statistic.eventLog.events.LogarithmicIntEventField
4497:             9            216  com.intellij.internal.statistic.eventLog.events.RoundedLongEventField
4498:             9            216  com.intellij.internal.statistic.utils.PluginType
4499:             9            216  com.intellij.ml.inline.completion.impl.kit.MLCompletionEnclosuresSupporterBase$lexer$2
4500:             3            216  com.intellij.openapi.command.impl.UndoClientState
4501:             9            216  com.intellij.openapi.editor.LogicalPosition
4502:             9            216  com.intellij.openapi.editor.ex.EditorSettingsExternalizable$$Lambda/0x00000098035ac428
4503:             9            216  com.intellij.openapi.editor.impl.CaretImpl$VerticalInfo
4504:             9            216  com.intellij.openapi.editor.impl.EditorComponentImpl$EditorAccessibilityDocument
4505:             9            216  com.intellij.openapi.editor.impl.EditorFilteringMarkupModelEx
4506:             9            216  com.intellij.openapi.editor.impl.EditorTransferHandler
4507:             9            216  com.intellij.openapi.editor.impl.ErrorStripeMarkersModel
4508:             9            216  com.intellij.openapi.editor.impl.FocusModeModel$1
4509:             9            216  com.intellij.openapi.editor.impl.FoldingModelImpl$MyFoldRegionsTree
4510:             9            216  com.intellij.openapi.editor.impl.ImmediatePainter
4511:             9            216  com.intellij.openapi.editor.impl.IndentsModelCaretListener
4512:             9            216  com.intellij.openapi.editor.impl.IndentsModelImpl
4513:             9            216  com.intellij.openapi.editor.impl.ScrollingModelImpl$DefaultEditorSupplier
4514:             9            216  com.intellij.openapi.editor.impl.ScrollingModelImpl$MyChangeListener
4515:             9            216  com.intellij.openapi.editor.impl.SelectionModelImpl
4516:             9            216  com.intellij.openapi.editor.impl.softwrap.SoftWrapsStorage
4517:             9            216  com.intellij.openapi.editor.impl.softwrap.mapping.CachingSoftWrapDataMapper
4518:             9            216  com.intellij.openapi.editor.impl.view.CharWidthCache
4519:             9            216  com.intellij.openapi.editor.impl.view.TabFragment
4520:             9            216  com.intellij.openapi.extensions.LazyExtensionImpl
4521:             9            216  com.intellij.openapi.fileEditor.impl.zoomIndicator.AttachZoomIndicator$$Lambda/0x000000980443aa90
4522:             9            216  com.intellij.openapi.updateSettings.impl.pluginsAdvertisement.FUSEventSource
4523:             9            216  com.intellij.openapi.util.NotNullLazyKey
4524:             9            216  com.intellij.openapi.util.TraceableDisposable
4525:             3            216  com.intellij.openapi.vcs.ex.ChangelistsLocalLineStatusTracker$MyLineStatusMarkerRenderer
4526:             9            216  com.intellij.openapi.vfs.impl.local.WatchRootsManager$WatchRequestImpl
4527:             9            216  com.intellij.openapi.wm.impl.IdeBackgroundUtil$Anchor
4528:             9            216  com.intellij.patterns.compiler.PatternCompilerImpl$State
4529:             9            216  com.intellij.platform.diagnostic.telemetry.impl.CoroutineTimeMeasurer$$Lambda/0x0000009802035d08
4530:             9            216  com.intellij.platform.navbar.frontend.ui.ImageType
4531:             9            216  com.intellij.platform.trialPromotion.common.TrialStateService$TrialState
4532:             9            216  com.intellij.platform.util.coroutines.sync.DropOldestSingleSemaphore
4533:             9            216  com.intellij.platform.workspace.storage.impl.serialization.SerializableEntityId
4534:             9            216  com.intellij.platform.workspace.storage.impl.serialization.TypeInfo
4535:             3            216  com.intellij.psi.codeStyle.TimeStampedIndentOptions
4536:             9            216  com.intellij.terminal.frontend.view.hyperlinks.FrontendTerminalHyperlinkFacade$$Lambda/0x000000980538e100
4537:             3            216  com.intellij.ui.components.breadcrumbs.Breadcrumbs$CrumbView
4538:             9            216  com.intellij.ui.dsl.builder.impl.OnChangeManager
4539:             9            216  com.intellij.ui.mac.MacGestureSupportForEditor$1
4540:             9            216  com.intellij.ui.svg.SvgKt$newSvgPatcher$1
4541:             3            216  com.intellij.ui.tabs.impl.DragHelper
4542:             9            216  com.intellij.util.AtomicMapCache
4543:             9            216  com.intellij.util.containers.MultiMap$4
4544:             9            216  com.intellij.util.containers.SoftKeySoftValueHashMap
4545:             3            216  com.intellij.util.messages.impl.RootBus
4546:             9            216  com.intellij.vcs.gitlab.ultimate.features.expressionLang.GitLabCiExpressionElementType
4547:             9            216  com.intellij.vcs.log.impl.HashImpl
4548:             9            216  com.intellij.vfs.AsyncVfsEventsPostProcessorImpl$$Lambda/0x0000009803429200
4549:             9            216  com.jetbrains.rd.util.SwitchLogger
4550:             9            216  io.grpc.netty.shaded.io.netty.handler.codec.http.HttpMethod$EnumNameMap$Node
4551:             9            216  io.grpc.netty.shaded.io.netty.util.internal.DefaultPriorityQueue
4552:             9            216  io.ktor.client.HttpClientConfig$$Lambda/0x0000009803798900
4553:             3            216  io.ktor.server.routing.RoutingNode
4554:             9            216  io.netty.handler.codec.http.HttpMethod$EnumNameMap$Node
4555:             9            216  java.lang.reflect.AccessFlag$Location (java.base@21.0.8)
4556:             9            216  java.net.NetPermission (java.base@21.0.8)
4557:             9            216  java.nio.file.attribute.PosixFilePermission (java.base@21.0.8)
4558:             9            216  java.time.ZonedDateTime (java.base@21.0.8)
4559:             9            216  java.util.concurrent.ConcurrentLinkedDeque (java.base@21.0.8)
4560:             3            216  java.util.concurrent.ScheduledThreadPoolExecutor$ScheduledFutureTask (java.base@21.0.8)
4561:             1            216  javax.swing.ImageIcon$2$1 (java.desktop)
4562:             1            216  javax.swing.ImageIcon$3 (java.desktop)
4563:             9            216  kotlin.reflect.jvm.internal.impl.descriptors.impl.CompositePackageFragmentProvider
4564:             9            216  kotlin.reflect.jvm.internal.impl.serialization.deserialization.ClassDeserializer
4565:             9            216  org.jdom.ImmutableText
4566:             9            216  org.jetbrains.plugins.terminal.session.impl.TerminalHyperlinkId
4567:             9            216  org.jetbrains.skiko.GraphicsApi
4568:             9            216  org.languagetool.Tag
4569:             3            216  org.languagetool.rules.en.AvsAnRule
4570:             9            216  org.languagetool.tagging.disambiguation.rules.DisambiguationPatternRule$DisambiguatorAction
4571:             9            216  sun.awt.OSInfo$WindowsVersion (java.desktop)
4572:             1            216  sun.java2d.marlin.Stroker (java.desktop)
4573:             3            216  sun.security.provider.NativePRNG$RandomIO (java.base@21.0.8)
4574:             9            216  sun.security.util.SafeDHParameterSpec (java.base@21.0.8)
4575:             1            208  [Lcom.ibm.icu.text.UnicodeSet;
4576:             1            208  [Lcom.intellij.codeInsight.daemon.impl.TextEditorHighlightingPassRegistrarImpl$PassConfig;
4577:             2            208  [Lcom.intellij.util.text.VersionComparatorUtil$VersionTokenType;
4578:             4            208  [Ljava.awt.Color; (java.desktop)
4579:             2            208  [Lorg.cef.network.CefRequest$ResourceType; (jcef)
4580:             6            208  [Lorg.languagetool.Tag;
4581:            13            208  ai.grazie.rules.tree.NodePattern$$Lambda/0x0000009804bda4a8
4582:            13            208  ai.grazie.rules.tree.NodePattern$$Lambda/0x0000009804bf71d8
4583:            13            208  ai.grazie.rules.tree.NodePattern$$Lambda/0x0000009804bf7430
4584:             1            208  com.github.benmanes.caffeine.cache.SI
4585:             1            208  com.github.benmanes.caffeine.cache.WI
4586:            13            208  com.goide.completion.GoKeywordCompletionContributor$GoNonQualifiedReference
4587:            13            208  com.goide.microservices.semantic.GoEndpointSemContributor$$Lambda/0x00000098046fa8d8
4588:            13            208  com.goide.microservices.semantic.GoEndpointSemContributor$$Lambda/0x00000098046fab30
4589:             2            208  com.goide.util.GoExecutor
4590:            13            208  com.google.gson.internal.ConstructorConstructor$$Lambda/0x000000980398a8f0
4591:            13            208  com.intellij.codeInsight.daemon.impl.ParameterHintsPresentationManager$AnimationStep$$Lambda/0x0000009805a1f5e8
4592:            13            208  com.intellij.lang.javascript.stubs.factories.JSEmbeddedContentStubFactory
4593:            13            208  com.intellij.openapi.editor.colors.impl.AbstractColorsScheme$$Lambda/0x00000098028e7920
4594:             1            208  com.intellij.openapi.editor.impl.EditorTransferHandler$3
4595:            13            208  com.intellij.openapi.wm.impl.SquareStripeButton$$Lambda/0x0000009803209268
4596:            13            208  com.intellij.polySymbols.webTypes.json.NamePatternRoot$MyDeserializer
4597:            13            208  com.intellij.polySymbols.webTypes.json.Reference$MyDeserializer
4598:            13            208  com.intellij.psi.impl.source.resolve.reference.ReferenceProvidersRegistry$$Lambda/0x00000098048754c0
4599:            13            208  com.intellij.sql.psi.stubs.factories.SqlTypedDefinitionStubElementFactory
4600:            13            208  com.intellij.sql.psi.stubs.serializers.SqlTypedDefinitionStubSerializer
4601:            13            208  com.intellij.ui.LayeredIcon$$Lambda/0x0000009803816280
4602:            13            208  com.intellij.ui.LayeredIcon$$Lambda/0x0000009803816960
4603:             2            208  com.intellij.ui.components.JBTextField$AccessibleJBTextField
4604:            13            208  com.sun.jna.platform.mac.CoreFoundation$CFStringRef
4605:            13            208  com.sun.org.apache.xerces.internal.util.AugmentationsImpl (java.xml@21.0.8)
4606:            13            208  io.grpc.Attributes$Key
4607:            13            208  java.text.NumberFormat$Field (java.base@21.0.8)
4608:            13            208  javax.swing.text.DefaultCaret$Handler (java.desktop)
4609:            13            208  javax.swing.text.SimpleAttributeSet (java.desktop)
4610:            13            208  jdk.proxy2.$Proxy137 (jdk.proxy2)
4611:            13            208  jdk.proxy5.$Proxy87 (jdk.proxy5)
4612:            13            208  kotlin.reflect.jvm.internal.impl.descriptors.runtime.structure.ReflectJavaAnnotation
4613:            13            208  kotlin.reflect.jvm.internal.impl.types.StarProjectionImpl$$Lambda$0
4614:             2            208  org.languagetool.rules.en.AmericanReplaceRule
4615:             2            208  org.languagetool.rules.en.CompoundRule
4616:             1            208  sun.java2d.marlin.Renderer (java.desktop)
4617:            13            208  sun.security.ssl.SessionId (java.base@21.0.8)
4618:             2            208  sun.util.calendar.ImmutableGregorianDate (java.base@21.0.8)
4619:             4            200  [Lcom.ibm.icu.impl.StandardPlural;
4620:             6            200  [Lcom.intellij.platform.workspace.storage.metadata.model.FinalClassMetadata;
4621:             5            200  [Lcom.intellij.ui.JBColor;
4622:             7            200  [Lcom.sun.jna.FromNativeConverter;
4623:             2            200  [Ljava.text.DateFormat$Field; (java.base@21.0.8)
4624:             5            200  com.fasterxml.jackson.core.JsonEncoding
4625:             5            200  com.github.benmanes.caffeine.cache.PSW
4626:             5            200  com.goide.execution.testing.GoTestFunctionType
4627:             5            200  com.ibm.icu.text.MeasureFormat$FormatWidth
4628:             5            200  com.intellij.codeInsight.daemon.impl.ParameterHintsPresentationManager$MyRenderer
4629:             5            200  com.intellij.diagnostic.VMOptions$MemoryKind
4630:             5            200  com.intellij.execution.ExecutorRegistryImpl$ExecutorAction
4631:             1            200  com.intellij.ide.IdeEventQueue
4632:             5            200  com.intellij.ide.actions.ToolWindowViewModeAction
4633:             5            200  com.intellij.ide.settings.RemoteSettingInfo$Direction
4634:             1            200  com.intellij.openapi.application.impl.ApplicationInfoImpl
4635:             5            200  com.intellij.openapi.fileEditor.impl.text.PsiAwareTextEditorImpl
4636:             5            200  com.intellij.platform.debugger.impl.frontend.RpcUtilsKt$durableWithStateReset$1
4637:             5            200  com.intellij.ui.EditorNotificationPanel$Status
4638:             5            200  com.intellij.util.ui.ButtonlessScrollBarUI$9
4639:             5            200  com.intellij.util.xml.impl.DomFileMetaData
4640:             5            200  com.jetbrains.fus.reporting.configuration.CachingSupplier
4641:             5            200  com.jetbrains.fus.reporting.configuration.RemoteConfigurationClient
4642:             5            200  com.sun.jna.Structure$LayoutInfo
4643:             1            200  com.sun.org.apache.xerces.internal.impl.XMLDTDScannerImpl (java.xml@21.0.8)
4644:             1            200  git4idea.GitStatisticsCollector
4645:             5            200  git4idea.config.GitSetupProjectConfig$ConfigVariables
4646:             5            200  io.grpc.netty.shaded.io.netty.handler.codec.http.HttpStatusClass
4647:             5            200  io.netty.handler.codec.http.HttpStatusClass
4648:             5            200  java.io.BufferedWriter (java.base@21.0.8)
4649:             5            200  java.lang.ProcessImpl$ProcessPipeOutputStream (java.base@21.0.8)
4650:             5            200  java.lang.StackWalker (java.base@21.0.8)
4651:             5            200  java.lang.invoke.VarHandleBooleans$FieldInstanceReadWrite (java.base@21.0.8)
4652:             5            200  kotlinx.io.Segment
4653:             5            200  sun.awt.image.BufferedImageGraphicsConfig (java.desktop)
4654:             5            200  sun.lwawt.macosx.CImage (java.desktop)
4655:             5            200  sun.security.ssl.CipherSuite$MacAlg (java.base@21.0.8)
4656:             5            200  sun.security.ssl.ContentType (java.base@21.0.8)
4657:             5            200  sun.util.locale.provider.LocaleProviderAdapter$Type (java.base@21.0.8)
4658:             8            192  [Lcom.fasterxml.jackson.databind.deser.KeyDeserializers;
4659:             2            192  [Lcom.intellij.lang.javascript.psi.ecmal4.JSAttributeList$ModifierType;
4660:             2            192  [Lcom.intellij.lang.typescript.tsc.gen.SymbolObjectProperty;
4661:             9            192  [Lcom.intellij.openapi.editor.impl.EditorHighlightingPredicate;
4662:             8            192  [Lcom.sun.jna.Structure;
4663:             2            192  [Lmorfologik.stemming.DictionaryAttribute;
4664:             8            192  [[[B (java.base@21.0.8)
4665:             8            192  androidx.compose.ui.text.platform.Platform
4666:             4            192  apple.laf.JRSUIControl (java.desktop)
4667:             6            192  com.android.studio.ml.bot.ui.compose.timeline.agent.experimental.changesdrawer.AgentDrawerEditorSuggestionControlSession
4668:             1            192  com.dynatrace.hash4j.hashing.XXH3_64
4669:             6            192  com.fasterxml.jackson.databind.cfg.JsonNodeFeature
4670:             8            192  com.fasterxml.jackson.databind.cfg.SerializerFactoryConfig
4671:            12            192  com.fasterxml.jackson.databind.node.IntNode
4672:             4            192  com.github.benmanes.caffeine.cache.UnboundedLocalCache
4673:             8            192  com.github.weisj.jsvg.geometry.size.Length
4674:             2            192  com.goide.execution.application.GoApplicationConfiguration
4675:             8            192  com.goide.psi.impl.GoConditionalExprImpl
4676:             8            192  com.goide.psi.impl.GoIfStatementImpl
4677:             6            192  com.goide.psi.impl.GoLightType$LightVoidType
4678:             6            192  com.goide.psi.impl.GoPackage$GoPomTargetPsiElement
4679:             8            192  com.goide.psi.impl.GoReturnStatementImpl
4680:             8            192  com.goide.psi.impl.GoStringLiteralImpl
4681:             6            192  com.google.common.collect.HashMultiset
4682:             4            192  com.google.common.collect.MapMakerInternalMap$WeakKeyDummyValueSegment
4683:             8            192  com.google.gson.internal.GsonTypes$ParameterizedTypeImpl
4684:             4            192  com.google.tools.intellij.aiplugin.transform.FinishChangesFloatingToolbarProvider$register$1
4685:             6            192  com.ibm.icu.impl.ICUResourceBundleReader$Table1632
4686:             4            192  com.intellij.clouds.kubernetes.frontend.editor.floatingToolbar.KubernetesFloatingToolbarProvider$register$3
4687:             4            192  com.intellij.codeInsight.codeVision.CodeVisionHost$$Lambda/0x0000009804436900
4688:             4            192  com.intellij.codeInsight.codeVision.CodeVisionHost$$Lambda/0x0000009804437028
4689:             4            192  com.intellij.codeInsight.codeVision.CodeVisionHost$$Lambda/0x0000009804437508
4690:             4            192  com.intellij.codeInsight.codeVision.ui.model.CodeVisionListData
4691:             2            192  com.intellij.codeInsight.daemon.impl.DaemonCodeAnalyzerImpl
4692:             8            192  com.intellij.codeInsight.daemon.impl.EditorTrackerImpl$$Lambda/0x000000980444b2d0
4693:             8            192  com.intellij.codeInsight.daemon.impl.EditorTrackerImpl$$Lambda/0x000000980444b528
4694:             8            192  com.intellij.codeInsight.daemon.impl.IdentifierHighlightingResult
4695:             8            192  com.intellij.codeInsight.daemon.impl.TextEditorBackgroundHighlighter
4696:             6            192  com.intellij.codeInsight.folding.impl.DocumentFoldingInfo
4697:             6            192  com.intellij.codeInsight.hints.presentation.StateDependantValue
4698:             4            192  com.intellij.codeInsight.inline.completion.InlineCompletionHandler$typingSessionTracker$1
4699:             4            192  com.intellij.codeInsight.inline.completion.InlineCompletionHandlerImpl
4700:             6            192  com.intellij.codeInsight.inline.completion.logs.InlineCompletionLogsContainer$Phase
4701:             6            192  com.intellij.codeInsight.inline.completion.statistics.LocalStatistics$DateState
4702:             4            192  com.intellij.collaboration.async.CoroutineUtilKt$mapScoped$2
4703:             3            192  com.intellij.collaboration.async.CoroutineUtilKt$mapScoped2$1$1
4704:             8            192  com.intellij.concurrency.ThreadContext$applyThreadContextElements$2
4705:             8            192  com.intellij.concurrency.ThreadContext$installThreadContext$2
4706:             4            192  com.intellij.database.csv.PersistentCsvFormat$Record
4707:             2            192  com.intellij.database.statistic.DatabaseUsagesCollectors$ConfigImpl
4708:             8            192  com.intellij.database.statistic.DatabaseUsagesCollectors$DbmsEventField
4709:             6            192  com.intellij.database.view.structure.DvForestAction$Place
4710:             8            192  com.intellij.database.view.structure.DvTreeNodeRank
4711:             6            192  com.intellij.diff.tools.util.base.IgnorePolicy
4712:             4            192  com.intellij.execution.actions.RunContextAction
4713:             4            192  com.intellij.execution.actions.RunNewConfigurationContextAction
4714:             6            192  com.intellij.execution.impl.RunConfigurationSchemeManager
4715:             4            192  com.intellij.execution.lineMarker.ExecutorAction$Companion$getActionList$2
4716:             4            192  com.intellij.execution.ui.layout.impl.GridImpl$Placeholder$1
4717:             8            192  com.intellij.httpClient.http.request.psi.codeStyle.settings.HttpRequestCodeStyleSettings
4718:             8            192  com.intellij.ide.actions.ToolWindowMoveAction$Anchor
4719:             8            192  com.intellij.ide.impl.ThreadState
4720:             3            192  com.intellij.ide.scratch.ScratchFileTypeIcon
4721:             8            192  com.intellij.ide.settings.json.JsonSettingsModel$PropertyType
4722:             6            192  com.intellij.ide.ui.GradientTextureCache
4723:             3            192  com.intellij.ide.ui.customization.DefaultActionGroupWithDelegate
4724:             4            192  com.intellij.ide.ui.laf.darcula.ui.DarculaDisclosureButtonUI
4725:             2            192  com.intellij.ide.ui.laf.darcula.ui.DarculaProgressBarUI
4726:             4            192  com.intellij.ide.ui.laf.darcula.ui.DarculaTextAreaUI
4727:             6            192  com.intellij.ide.ui.laf.darcula.ui.TextFieldWithPopupHandlerUI$IconHolder
4728:            12            192  com.intellij.ide.ui.laf.darcula.ui.TextFieldWithPopupHandlerUI$MouseDragAwareCaret$$Lambda/0x0000009803354e90
4729:             8            192  com.intellij.ide.ui.laf.darcula.ui.ToolbarComboButtonUI
4730:            12            192  com.intellij.ide.v.R.J$$Lambda/0x0000009802d334a8
4731:             4            192  com.intellij.indexing.shared.metadata.SharedIndexMetadataInfo
4732:             3            192  com.intellij.internal.statistic.eventLog.EventLogFileWriter
4733:             6            192  com.intellij.internal.statistic.eventLog.events.AnonymizedEventField
4734:             6            192  com.intellij.javascript.nodejs.monorepo.JSMonorepoType
4735:             8            192  com.intellij.javascript.nodejs.util.NodePackageRef
4736:             6            192  com.intellij.lang.javascript.formatter.JSCodeStyleSettings$JSFileNameStyle
4737:             8            192  com.intellij.lang.javascript.psi.JSType$LocalTypeKey
4738:             6            192  com.intellij.lang.javascript.types.JSEmbeddedContentElementType
4739:             6            192  com.intellij.openapi.command.impl.ChangeRange
4740:             8            192  com.intellij.openapi.editor.SelectionModel$$Lambda/0x000000980444a000
4741:             8            192  com.intellij.openapi.editor.actions.CaretStopPolicy
4742:             8            192  com.intellij.openapi.editor.colors.EditorFontType
4743:             8            192  com.intellij.openapi.editor.impl.EditorImpl$$Lambda/0x000000980442cb30
4744:             6            192  com.intellij.openapi.editor.impl.StripedIDGenerator$NextPair
4745:             6            192  com.intellij.openapi.editor.impl.zombie.GraveImpl
4746:             4            192  com.intellij.openapi.fileEditor.impl.MergingUpdateChannel$start$1
4747:            12            192  com.intellij.openapi.fileEditor.impl.text.EditorHighlighterUpdater$updateHighlightersOnExtensionChange$1
4748:             8            192  com.intellij.openapi.keymap.impl.DefaultKeymap$2$1
4749:            12            192  com.intellij.openapi.observable.dispatcher.AbstractSingleEventDispatcher$RootDispatcher$$Lambda/0x0000009802e4ecc8
4750:             3            192  com.intellij.openapi.project.DumbServiceGuiExecutor
4751:             2            192  com.intellij.openapi.project.impl.ProjectImpl
4752:             3            192  com.intellij.openapi.ui.JBPopupMenu$MyLayout
4753:             8            192  com.intellij.openapi.ui.popup.ActiveIcon
4754:             8            192  com.intellij.openapi.util.ClearableLazyValue$2
4755:             6            192  com.intellij.openapi.util.NullableLazyValue$2
4756:             8            192  com.intellij.openapi.util.registry.Registry$Companion$$Lambda/0x0000009803118fe0
4757:             6            192  com.intellij.openapi.vcs.VcsConfiguration$StandardOption
4758:             6            192  com.intellij.openapi.vcs.ex.ChangelistsLocalLineStatusTracker$ChangeListBlockData
4759:             6            192  com.intellij.openapi.vcs.ex.DocumentTracker$MyDocumentListener
4760:            12            192  com.intellij.openapi.vfs.VirtualFilePrefixTree$VirtualFileElement$NioPath
4761:             8            192  com.intellij.openapi.vfs.impl.BulkVirtualFileListenerAdapter
4762:             4            192  com.intellij.openapi.vfs.impl.ZipHandler
4763:             8            192  com.intellij.openapi.vfs.newvfs.VirtualFileFilteringListener
4764:             8            192  com.intellij.openapi.wm.impl.AbstractDroppableStripe$separatorStripe$1
4765:             8            192  com.intellij.openapi.wm.impl.AbstractToolbarCombo$special$$inlined$observable$1
4766:             8            192  com.intellij.openapi.wm.impl.AbstractToolbarCombo$special$$inlined$observable$2
4767:             8            192  com.intellij.openapi.wm.impl.AbstractToolbarCombo$special$$inlined$observable$3
4768:             8            192  com.intellij.openapi.wm.impl.AbstractToolbarCombo$special$$inlined$observable$4
4769:             8            192  com.intellij.openapi.wm.impl.AbstractToolbarCombo$special$$inlined$observable$5
4770:             8            192  com.intellij.openapi.wm.impl.AbstractToolbarCombo$special$$inlined$observable$6
4771:             8            192  com.intellij.openapi.wm.impl.AbstractToolbarCombo$special$$inlined$observable$7
4772:             8            192  com.intellij.openapi.wm.impl.AbstractToolbarCombo$special$$inlined$observable$8
4773:             8            192  com.intellij.openapi.wm.impl.ExpandableComboAction$MyPopupModel
4774:            12            192  com.intellij.openapi.wm.impl.ToolWindowImpl$$Lambda/0x000000980324b000
4775:             8            192  com.intellij.openapi.wm.impl.ToolbarComboButton$special$$inlined$observable$1
4776:             4            192  com.intellij.openapi.wm.impl.content.TabContentLayout$LayoutData
4777:             6            192  com.intellij.openapi.wm.impl.headertoolbar.MyActionToolbarImpl$createPresentationFactory$1
4778:             1            192  com.intellij.openapi.wm.impl.welcomeScreen.recentProjects.RecentProjectFilteringTree$FullRendererComponentTreeUI
4779:             8            192  com.intellij.patterns.CaseInsensitiveValuePatternCondition
4780:             8            192  com.intellij.patterns.CharPattern
4781:             8            192  com.intellij.patterns.XmlNamedElementPattern$1
4782:             4            192  com.intellij.platform.debugger.impl.backend.XBreakpointDtoUtilsKt$toRpc$2
4783:             4            192  com.intellij.platform.debugger.impl.frontend.hotswap.HotSwapFloatingToolbarProvider$register$job$1
4784:             4            192  com.intellij.platform.debugger.impl.frontend.hotswap.HotSwapFloatingToolbarProvider$register$job$1$1
4785:             4            192  com.intellij.platform.ide.nonModalWelcomeScreen.actions.WelcomeScreenHiddenActionWithRemoteSpec
4786:            12            192  com.intellij.platform.instanceContainer.internal.InitializedInstanceHolder
4787:            12            192  com.intellij.platform.recentFiles.shared.RecentFilesState
4788:             3            192  com.intellij.platform.trialPromotion.common.TrialStateUtils$subscribeAsFlow$1
4789:             4            192  com.intellij.platform.util.coroutines.flow.FlowKt$zipWithNext$1
4790:             4            192  com.intellij.platform.util.coroutines.flow.IncrementalUpdateFlowProducer$getIncrementalUpdateFlow$1
4791:             6            192  com.intellij.polySymbols.context.impl.EnablementRulesData
4792:            12            192  com.intellij.polySymbols.webTypes.json.Deprecated$MyDeserializer
4793:            12            192  com.intellij.polySymbols.webTypes.json.Priority$MyDeserializer
4794:             8            192  com.intellij.protobuf.ide.style.PbCodeStyleSettings
4795:             8            192  com.intellij.protobuf.ide.style.PbTextCodeStyleSettings
4796:             8            192  com.intellij.psi.codeStyle.CommonCodeStyleSettingsManager
4797:             8            192  com.intellij.psi.codeStyle.CustomCodeStyleSettingsManager
4798:             8            192  com.intellij.psi.codeStyle.ExcludedFiles
4799:             3            192  com.intellij.psi.impl.PsiDocumentManagerImpl
4800:             3            192  com.intellij.psi.impl.PsiManagerImpl
4801:             8            192  com.intellij.psi.impl.smartPointers.DirElementInfo
4802:             8            192  com.intellij.psi.util.CachedValueProfiler$ThreadContext
4803:             8            192  com.intellij.rml.dfa.AnalysisOptions$ConsistencyCheck
4804:             4            192  com.intellij.serviceContainer.ComponentManagerImpl$serviceContainer$1
4805:            12            192  com.intellij.sql.dialects.postgres.psi.stubs.PgTableStubElementFactory
4806:            12            192  com.intellij.sql.dialects.postgres.psi.stubs.PgTableStubSerializer
4807:             6            192  com.intellij.sql.psi.stubs.elementTypes.SqlTableElementType
4808:             6            192  com.intellij.sql.psi.stubs.elementTypes.SqlTriggerDefinitionElementType
4809:            12            192  com.intellij.toolWindow.InternalDecoratorImpl$$Lambda/0x000000980323d758
4810:            12            192  com.intellij.toolWindow.InternalDecoratorImpl$$Lambda/0x000000980323fa70
4811:            12            192  com.intellij.toolWindow.ToolWindowHeader$3
4812:            12            192  com.intellij.toolWindow.ToolWindowHeader$4
4813:            12            192  com.intellij.toolWindow.ToolWindowHeader$6
4814:            12            192  com.intellij.toolWindow.ToolWindowHeader$popupMenuListener$1
4815:            12            192  com.intellij.toolWindow.WestPanel
4816:             8            192  com.intellij.ui.SimpleColoredText
4817:            12            192  com.intellij.ui.codeFloatingToolbar.FloatingToolbarLanguageBean$$Lambda/0x00000098044bb380
4818:             4            192  com.intellij.ui.components.DynamicColor
4819:             6            192  com.intellij.ui.components.JBHtmlPaneStyleConfiguration$ElementProperty
4820:             6            192  com.intellij.ui.components.panels.VerticalLayout
4821:             8            192  com.intellij.ui.dsl.gridLayout.impl.GridCell
4822:             2            192  com.intellij.ui.jcef.JBCefNativeOsrHandler
4823:             8            192  com.intellij.ui.tabs.TabInfoIconHolder$Companion$default$1
4824:             1            192  com.intellij.ui.tree.ui.DefaultTreeUI
4825:             8            192  com.intellij.util.concurrency.ChildContext$applyContextActions$2
4826:             6            192  com.intellij.util.concurrency.Invoker$Background
4827:             6            192  com.intellij.util.concurrency.SequentialBgtCoroutineInvokerDelegate
4828:             6            192  com.intellij.util.containers.ConcurrentSoftKeySoftValueHashMap
4829:             8            192  com.intellij.util.containers.FactoryMap$1
4830:             8            192  com.intellij.util.containers.WeakHashSet
4831:             8            192  com.intellij.util.diff.DiffTree$ThreeElementMatchResult
4832:             2            192  com.intellij.util.hash.ContentHashEnumeratorOverBTree
4833:             8            192  com.intellij.util.indexing.impl.perFileVersion.IntFileAttributeImpl
4834:             8            192  com.intellij.util.indexing.impl.perFileVersion.IntFileAttributeImpl$$Lambda/0x000000980284fa60
4835:             4            192  com.intellij.util.io.FileAccessorCache$1
4836:             6            192  com.intellij.util.system.CpuArch
4837:             3            192  com.intellij.util.ui.AvatarIcon
4838:             4            192  com.intellij.util.ui.GrayFilter$GrayFilterUIResource
4839:            12            192  com.intellij.util.ui.StartupUiUtil$$Lambda/0x00000098025b63e0
4840:             6            192  com.intellij.util.ui.SwingTextTrimmer
4841:             8            192  com.intellij.util.ui.accessibility.ScreenReader$1
4842:             4            192  com.intellij.webcore.libraries.ScriptingLibraryModel
4843:             8            192  com.intellij.workspaceModel.core.fileIndex.DependencyDescription$OnParent
4844:            12            192  com.intellij.xdebugger.impl.rpc.XBreakpointTypeId
4845:             8            192  com.jediterm.terminal.TextStyle$Option
4846:             2            192  com.jetbrains.cef.remote.browser.RemoteClient (jcef)
4847:             6            192  com.jetbrains.cef.remote.thrift_codegen.ClientHandlers$RequestHandler_GetResourceRequestHandler_args$_Fields (jcef)
4848:             6            192  com.jetbrains.cef.remote.thrift_codegen.ScreenInfo$_Fields (jcef)
4849:             8            192  com.jetbrains.lang.makefile.MakefileCodeStyleSettings
4850:             8            192  com.sun.beans.introspect.PropertyInfo$Name (java.desktop)
4851:             6            192  com.sun.jmx.mbeanserver.DefaultMXBeanMappingFactory$CollectionMapping (java.management@21.0.8)
4852:             8            192  com.sun.jna.NativeLibrary$NativeLibraryDisposer
4853:             8            192  com.sun.jna.Structure$StructureSet
4854:             8            192  com.sun.management.VMOption$Origin (jdk.management@21.0.8)
4855:             1            192  com.sun.org.apache.xerces.internal.parsers.XIncludeAwareParserConfiguration (java.xml@21.0.8)
4856:             6            192  com.sun.org.apache.xerces.internal.util.Status (java.xml@21.0.8)
4857:             6            192  com.sun.xml.bind.v2.model.impl.ClassInfoImpl$SecondaryAnnotation
4858:             8            192  git4idea.log.GitRefManager$RefType
4859:             4            192  io.grpc.MethodDescriptor
4860:             6            192  io.grpc.netty.shaded.io.netty.buffer.PoolThreadCache$NormalMemoryRegionCache
4861:             8            192  io.grpc.netty.shaded.io.netty.channel.nio.SelectedSelectionKeySet
4862:             8            192  io.grpc.netty.shaded.io.netty.channel.nio.SelectedSelectionKeySetSelector
4863:             6            192  io.grpc.netty.shaded.io.netty.handler.codec.http2.Http2Headers$PseudoHeaderName
4864:             8            192  io.grpc.netty.shaded.io.netty.util.internal.ThreadExecutorMap$1
4865:             8            192  io.grpc.netty.shaded.io.netty.util.internal.ThreadExecutorMap$2
4866:             8            192  io.grpc.protobuf.lite.ProtoLiteUtils$MessageMarshaller
4867:             6            192  io.ktor.network.tls.extensions.SignatureAlgorithm
4868:             6            192  io.ktor.server.routing.RouteSelectorEvaluation$Success
4869:             8            192  io.ktor.util.internal.LockFreeLinkedListHead
4870:             6            192  io.netty.buffer.PoolThreadCache$NormalMemoryRegionCache
4871:             8            192  io.netty.channel.nio.SelectedSelectionKeySet
4872:             8            192  io.netty.channel.nio.SelectedSelectionKeySetSelector
4873:             8            192  io.netty.util.internal.ThreadExecutorMap$1
4874:             8            192  io.opentelemetry.api.common.AttributeType
4875:             6            192  io.opentelemetry.sdk.metrics.internal.aggregator.DoubleExplicitBucketHistogramAggregator
4876:             4            192  it.unimi.dsi.fastutil.objects.ReferenceOpenHashSet
4877:             8            192  java.awt.Queue (java.desktop)
4878:             4            192  java.awt.TexturePaint (java.desktop)
4879:             6            192  java.io.ExternalChannelHolder (java.base@21.0.8)
4880:             4            192  java.io.FileInputStream (java.base@21.0.8)
4881:             4            192  java.lang.Process$PipeInputStream (java.base@21.0.8)
4882:             6            192  java.lang.ProcessHandleImpl (java.base@21.0.8)
4883:             6            192  java.lang.invoke.VarHandleByteArrayAsShorts$ArrayHandle (java.base@21.0.8)
4884:             8            192  java.lang.module.ModuleDescriptor$Opens (java.base@21.0.8)
4885:             8            192  java.time.Instant (java.base@21.0.8)
4886:             6            192  java.time.format.TextStyle (java.base@21.0.8)
4887:            12            192  java.util.WeakHashMap$KeySet (java.base@21.0.8)
4888:             8            192  java.util.concurrent.SynchronousQueue$Transferer (java.base@21.0.8)
4889:             4            192  java.util.concurrent.locks.ReentrantReadWriteLock$FairSync (java.base@21.0.8)
4890:             6            192  java.util.concurrent.locks.StampedLock$ReaderNode (java.base@21.0.8)
4891:             6            192  java.util.stream.FindOps$FindOp (java.base@21.0.8)
4892:             6            192  java.util.zip.ZipFile$CleanableResource (java.base@21.0.8)
4893:             6            192  javax.management.StandardEmitterMBean (java.management@21.0.8)
4894:             8            192  javax.swing.DropMode (java.desktop)
4895:             3            192  javax.swing.UIDefaults (java.desktop)
4896:             8            192  javax.swing.event.SwingPropertyChangeSupport (java.desktop)
4897:             2            192  javax.swing.text.html.InlineView (java.desktop)
4898:             3            192  jdk.internal.icu.impl.Trie2_16 (java.base@21.0.8)
4899:             8            192  jdk.internal.icu.text.BidiBase$ImpTabPair (java.base@21.0.8)
4900:            12            192  jdk.proxy2.$Proxy166 (jdk.proxy2)
4901:            12            192  jdk.proxy2.$Proxy36 (jdk.proxy2)
4902:             6            192  kotlin.collections.builders.ListBuilder
4903:             4            192  kotlin.reflect.jvm.internal.KPackageImpl$Data
4904:             8            192  kotlin.reflect.jvm.internal.WeakClassLoaderBox
4905:             8            192  kotlin.reflect.jvm.internal.impl.builtins.jvm.JavaToKotlinClassMap$PlatformMutabilityMapping
4906:             4            192  kotlin.reflect.jvm.internal.impl.builtins.jvm.JvmBuiltIns
4907:             4            192  kotlin.reflect.jvm.internal.impl.builtins.jvm.JvmBuiltInsCustomizer
4908:             6            192  kotlin.reflect.jvm.internal.impl.descriptors.ClassKind
4909:             6            192  kotlin.reflect.jvm.internal.impl.descriptors.annotations.BuiltInAnnotationDescriptor
4910:             8            192  kotlin.reflect.jvm.internal.impl.descriptors.runtime.components.ReflectKotlinClassFinder
4911:             6            192  kotlin.reflect.jvm.internal.impl.km.Visibility
4912:             6            192  kotlin.reflect.jvm.internal.impl.load.java.AnnotationQualifierApplicabilityType
4913:             8            192  kotlin.reflect.jvm.internal.impl.load.java.JavaNullabilityAnnotationsStatus
4914:             6            192  kotlin.reflect.jvm.internal.impl.load.kotlin.header.KotlinClassHeader$Kind
4915:             6            192  kotlin.reflect.jvm.internal.impl.metadata.ProtoBuf$Visibility
4916:             8            192  kotlin.reflect.jvm.internal.impl.storage.LockBasedStorageManager$CacheWithNotNullValuesBasedOnMemoizedFunction
4917:             6            192  kotlinx.collections.immutable.implementations.immutableList.PersistentVector
4918:             6            192  kotlinx.coroutines.ChildContinuation
4919:             6            192  kotlinx.coroutines.DispatchedCoroutine
4920:             4            192  kotlinx.coroutines.flow.FlowKt__DelayKt$fixedPeriodTicker$1
4921:             4            192  kotlinx.coroutines.flow.FlowKt__DelayKt$sample$2$1$1
4922:            12            192  kotlinx.coroutines.internal.Symbol
4923:             6            192  morfologik.fsa.FSAFlags
4924:             1            192  org.apache.lucene.analysis.hunspell.Dictionary
4925:             6            192  org.apache.xerces.impl.xpath.regex.Token$ClosureToken
4926:             4            192  org.apache.xerces.impl.xs.SchemaGrammar$BuiltinAttrDecl
4927:             2            192  org.cef.CefClient (jcef)
4928:             6            192  org.cef.network.CefRequest$TransitionType (jcef)
4929:             8            192  org.editorconfig.settings.EditorConfigSettings
4930:             4            192  org.h2.mvstore.cache.CacheLongKeyLIRS
4931:             4            192  org.intellij.markdown.lexer.MarkdownLexer
4932:             4            192  org.intellij.plugins.markdown.highlighting.MarkdownHighlightingLexer
4933:             4            192  org.intellij.plugins.markdown.lang.lexer.MarkdownToplevelLexer
4934:             8            192  org.intellij.plugins.markdown.lang.stubs.impl.MarkdownHeaderStubElementType
4935:             4            192  org.intellij.plugins.markdown.ui.actions.styling.SetHeaderLevelImpl$Heading
4936:             6            192  org.intellij.terraform.runtime.TfCommand
4937:             8            192  org.jetbrains.jewel.ui.component.styling.ButtonStyle
4938:             8            192  org.jetbrains.jewel.ui.component.styling.DefaultBannerStyle
4939:             6            192  org.jetbrains.jewel.ui.component.styling.IconButtonMetrics
4940:             8            192  org.jetbrains.jewel.ui.component.styling.InlineBannerStyle
4941:             6            192  org.jetbrains.jewel.ui.component.styling.ScrollbarStyle
4942:             6            192  org.jetbrains.jewel.ui.component.styling.SimpleListItemMetrics
4943:             8            192  org.jetbrains.jewel.ui.icon.PathIconKey
4944:             4            192  org.jetbrains.plugins.gitlab.mergerequest.ui.editor.GitLabMergeRequestEditorReviewController$setupReview$1
4945:             4            192  org.jetbrains.plugins.gitlab.mergerequest.ui.editor.GitLabMergeRequestEditorReviewController$setupReview$1$2
4946:             2            192  org.jetbrains.plugins.gitlab.mergerequest.ui.toolwindow.model.GitLabRepositoryAndAccountSelectorViewModel
4947:             8            192  org.jetbrains.plugins.terminal.session.impl.dto.TextStyleOptionDto
4948:             8            192  org.jetbrains.plugins.textmate.language.syntax.InjectionNodeDescriptor
4949:             3            192  org.languagetool.InputSentence
4950:             2            192  org.languagetool.JLanguageTool
4951:             2            192  org.languagetool.rules.en.EnglishDiacriticsRule
4952:             2            192  org.languagetool.rules.en.EnglishPlainEnglishRule
4953:             2            192  org.languagetool.rules.en.EnglishRedundancyRule
4954:             2            192  org.languagetool.rules.en.SimpleReplaceProfanityRule
4955:             2            192  org.languagetool.rules.en.SimpleReplaceRule
4956:             2            192  org.languagetool.rules.en.UnitConversionRuleUS
4957:             8            192  org.languagetool.rules.patterns.Match$CaseConversion
4958:             6            192  org.yaml.snakeyaml.DumperOptions$ScalarStyle
4959:             4            192  sun.awt.image.ToolkitImage (java.desktop)
4960:             8            192  sun.font.CCharToGlyphMapper$Cache$SparseBitShiftingTwoLayerArray (java.desktop)
4961:             8            192  sun.java2d.loops.RenderCache (java.desktop)
4962:             6            192  sun.security.ssl.EphemeralKeyManager$EphemeralKeyPair (java.base@21.0.8)
4963:             6            192  sun.security.ssl.X509Authentication (java.base@21.0.8)
4964:             8            184  [Lcom.fasterxml.jackson.databind.deser.ValueInstantiators;
4965:             8            184  [Lcom.intellij.openapi.vfs.VirtualFile;
4966:             7            184  [Ljavax.swing.text.View; (java.desktop)
4967:             1            184  com.intellij.execution.ui.layout.impl.RunnerContentUi
4968:             2            176  [Lai.grazie.nlp.langs.Language;
4969:             2            176  [Landroidx.compose.ui.text.platform.SystemFont;
4970:             5            176  [Lcom.intellij.lang.BracePair;
4971:             2            176  [Lio.grpc.Status$Code;
4972:            11            176  ai.grazie.rules.tree.NodePattern$$Lambda/0x0000009804bb2860
4973:            11            176  ai.grazie.rules.tree.NodePattern$$Lambda/0x0000009804bb2ab8
4974:            11            176  androidx.compose.foundation.shape.PercentCornerSize
4975:             2            176  com.dynatrace.hash4j.hashing.Komihash5_0
4976:            11            176  com.goide.postfix.GoPostfixTemplateProvider$2
4977:            11            176  com.goide.psi.impl.GoPsiImplUtil$$Lambda/0x0000009804789760
4978:             2            176  com.ibm.icu.text.DecimalFormat
4979:             2            176  com.intellij.cwm.plugin.users.BackendUserManager
4980:             2            176  com.intellij.find.SearchTextArea$MyActionButton$1
4981:             2            176  com.intellij.javascript.nodejs.library.node_modules.NodeModulesDirectoryManager
4982:            11            176  com.intellij.lang.javascript.index.flags.FlagsStructure
4983:            11            176  com.intellij.lang.javascript.template.postfix.JSPostfixTemplateUtils$5
4984:            11            176  com.intellij.openapi.actionSystem.DefaultActionGroup$$Lambda/0x00000098040bd7e0
4985:            11            176  com.intellij.openapi.actionSystem.ToggleAction$$Lambda/0x00000098035a3bc0
4986:            11            176  com.intellij.openapi.actionSystem.impl.actionholder.IdActionRef
4987:            11            176  com.intellij.openapi.editor.colors.impl.AbstractColorsScheme$$Lambda/0x00000098029754f0
4988:             2            176  com.intellij.openapi.fileEditor.impl.PsiAwareFileEditorManagerImpl
4989:            11            176  com.intellij.openapi.keymap.impl.KeymapImpl$$Lambda/0x000000980241b990
4990:            11            176  com.intellij.openapi.observable.dispatcher.AbstractSingleEventDispatcher0$whenEventHappened$1
4991:             2            176  com.intellij.openapi.project.configuration.ChannelingProgressIndicator
4992:             2            176  com.intellij.openapi.vcs.changes.ChangeListManagerImpl
4993:            11            176  com.intellij.openapi.vfs.newvfs.persistent.mapped.MappedFileStorageHelper$$Lambda/0x000000980283d428
4994:             2            176  com.intellij.platform.debugger.impl.rpc.XBreakpointDtoState
4995:            11            176  com.intellij.polySymbols.references.impl.PsiPolySymbolReferenceProviderImpl$$Lambda/0x000000980487d640
4996:            11            176  com.intellij.polySymbols.webTypes.json.Experimental$MyDeserializer
4997:            11            176  com.intellij.polySymbols.webTypes.json.Obsolete$MyDeserializer
4998:             2            176  com.intellij.toolWindow.ToolWindowInnerDragHelper
4999:             2            176  com.intellij.workspaceModel.ide.impl.legacyBridge.project.ProjectRootManagerBridge
5000:             2            176  com.intellij.xdebugger.impl.breakpoints.XBreakpointManagerImpl
5001:             1            176  com.sun.org.apache.xerces.internal.impl.dtd.XMLDTDValidator (java.xml@21.0.8)
5002:             1            176  com.sun.org.apache.xerces.internal.impl.dtd.XMLNSDTDValidator (java.xml@21.0.8)
5003:            11            176  java.util.regex.Pattern$$Lambda/0x0000009804174958 (java.base@21.0.8)
5004:             2            176  javax.swing.JLayeredPane$AccessibleJLayeredPane (java.desktop)
5005:             2            176  javax.swing.JScrollBar$AccessibleJScrollBar (java.desktop)
5006:             2            176  javax.swing.JTree$AccessibleJTree (java.desktop)
5007:            11            176  javax.swing.UIDefaults$LazyInputMap (java.desktop)
5008:            11            176  javax.swing.text.html.CSS$CssValueMapper (java.desktop)
5009:             1            176  jdk.internal.net.http.HttpClientImpl (java.net.http@21.0.8)
5010:            11            176  jdk.proxy2.$Proxy220 (jdk.proxy2)
5011:            11            176  jdk.proxy2.$Proxy3 (jdk.proxy2)
5012:            11            176  jdk.proxy2.$Proxy76 (jdk.proxy2)
5013:            11            176  jdk.proxy2.$Proxy77 (jdk.proxy2)
5014:            11            176  kotlin.reflect.jvm.internal.KTypeImpl$$Lambda$2
5015:            11            176  kotlin.reflect.jvm.internal.impl.renderer.DescriptorRendererImpl$$Lambda$0
5016:            11            176  org.apache.xerces.impl.xs.util.XInt
5017:             2            176  org.languagetool.rules.en.EnglishUnpairedBracketsRule
5018:             2            176  org.languagetool.rules.en.StyleTooOftenUsedAdjectiveRule
5019:             2            176  org.languagetool.rules.en.StyleTooOftenUsedNounRule
5020:             2            176  org.languagetool.rules.en.StyleTooOftenUsedVerbRule
5021:             1            168  [Lcom.fasterxml.jackson.databind.MapperFeature;
5022:             1            168  [Lcom.intellij.database.DbmsExtension$InstanceBean;
5023:             1            168  [Lcom.intellij.grazie.jlanguage.Lang;
5024:             1            168  [Lcom.intellij.ide.bookmark.BookmarkType;
5025:             6            168  [Lcom.intellij.psi.impl.source.resolve.reference.ProviderBinding;
5026:             1            168  [Lgit4idea.config.GitVersionSpecialty;
5027:             7            168  [Ljavax.swing.text.Position$Bias; (java.desktop)
5028:             1            168  [[Ljava.math.BigInteger; (java.base@21.0.8)
5029:             7            168  ai.grazie.detector.DetectedLanguage
5030:             7            168  ai.grazie.rules.tree.PosEnumerator$MatchedBitSet
5031:             3            168  androidx.compose.ui.graphics.vector.ImageVector
5032:             7            168  androidx.lifecycle.Lifecycle$Event
5033:             7            168  com.android.studio.ml.SmlCodeReportEvent$Source
5034:             7            168  com.android.studio.ml.bot.ui.compose.KeyedIcon
5035:             7            168  com.android.studio.ml.suggestion.AnchoredDiffChunk$newContentLines$2
5036:             7            168  com.fasterxml.jackson.annotation.JsonInclude$Include
5037:             7            168  com.fasterxml.jackson.annotation.PropertyAccessor
5038:             7            168  com.fasterxml.jackson.module.kotlin.KotlinAnnotationIntrospector
5039:             7            168  com.fasterxml.jackson.module.kotlin.KotlinDeserializers
5040:             7            168  com.fasterxml.jackson.module.kotlin.KotlinInstantiators
5041:             7            168  com.fasterxml.jackson.module.kotlin.KotlinNamesAnnotationIntrospector
5042:             7            168  com.goide.comments.GoCommentTokenType
5043:             7            168  com.goide.dfa.translator.IrType
5044:             7            168  com.goide.statistics.GoCompletionUsageCollector$HandlerId
5045:             7            168  com.google.api.client.util.escape.PercentEscaper
5046:             3            168  com.google.common.collect.HashBiMap
5047:             7            168  com.google.protobuf.GeneratedMessageLite$MethodToInvoke
5048:             7            168  com.ibm.icu.number.NumberFormatter$UnitWidth
5049:             7            168  com.intellij.application.options.codeStyle.cache.CodeStyleCachingServiceImpl$FileData
5050:             7            168  com.intellij.codeInsight.codeVision.ui.renderers.painters.CodeVisionVisionTextPainter
5051:             7            168  com.intellij.codeInsight.daemon.impl.LocalInspectionsPass$InspectionHighlightInfoType
5052:             3            168  com.intellij.codeInsight.daemon.impl.TrafficLightRenderer
5053:             3            168  com.intellij.collaboration.async.CoroutineUtilKt$mapScoped2$1$1$1
5054:             7            168  com.intellij.concurrency.ConcurrentHashMap$KeySetView
5055:             7            168  com.intellij.configurationStore.schemeManager.SchemeFileTracker
5056:             7            168  com.intellij.diff.impl.DiffSettingsHolder$PlaceSettings
5057:             3            168  com.intellij.execution.process.AnsiTerminalEmulator
5058:             3            168  com.intellij.grazie.remote.HunspellDescriptor
5059:             7            168  com.intellij.ide.plugins.newui.Tags
5060:             7            168  com.intellij.ide.ui.UiThemeParserKt$$Lambda/0x00000098027674c0
5061:             7            168  com.intellij.internal.statistic.editor.EditorSettingsStatisticsCollector$CaretStopBoundaries
5062:             3            168  com.intellij.internal.statistic.eventLog.EventLogRecorderConfiguration
5063:             7            168  com.intellij.lang.PerFileMappingsBase$1
5064:             7            168  com.intellij.lang.javascript.types.JSFileElementType
5065:             7            168  com.intellij.ml.inline.completion.impl.logs.ProposalTokenFeatures$LastChar
5066:             7            168  com.intellij.openapi.actionSystem.remoting.ActionRemoteBehavior
5067:             7            168  com.intellij.openapi.client.ClientKind
5068:             3            168  com.intellij.openapi.command.impl.CommandMerger
5069:             7            168  com.intellij.openapi.command.impl.UndoableActionType
5070:             7            168  com.intellij.openapi.components.SettingsCategory
5071:             7            168  com.intellij.openapi.editor.ScrollingModel$$Lambda/0x000000980440e5c0
5072:             7            168  com.intellij.openapi.editor.impl.EditorInputMethodSupport
5073:             7            168  com.intellij.openapi.editor.impl.softwrap.CompositeSoftWrapPainter
5074:             7            168  com.intellij.openapi.fileTypes.WildcardFileNameMatcher
5075:             7            168  com.intellij.openapi.observable.operation.core.AtomicOperationTrace$State
5076:             7            168  com.intellij.openapi.vfs.impl.VirtualFilePointerManagerImpl$DelegatingDisposable
5077:             7            168  com.intellij.openapi.wm.FocusWatcher
5078:             7            168  com.intellij.openapi.wm.impl.PainterHelper
5079:             7            168  com.intellij.openapi.wm.impl.ToolWindowFocusWatcher$$Lambda/0x000000980324bbe0
5080:             7            168  com.intellij.openapi.wm.impl.content.ToolWindowContentUi$2
5081:             7            168  com.intellij.patterns.CollectionPattern$5
5082:             7            168  com.intellij.patterns.StringPatternUtil$1
5083:             7            168  com.intellij.patterns.TreeElementPattern$2
5084:             7            168  com.intellij.platform.diagnostic.telemetry.exporters.KeyValue
5085:             3            168  com.intellij.platform.execution.dashboard.RunDashboardManagerImpl
5086:             3            168  com.intellij.platform.execution.serviceView.ServiceViewManagerImpl
5087:             7            168  com.intellij.platform.ide.diagnostic.startUpPerformanceReporter.FUSProjectHotStartUpMeasurer$Violation
5088:             3            168  com.intellij.platform.navbar.frontend.ui.StaticNavBarPanelKt$staticNavBarPanel$1
5089:             7            168  com.intellij.platform.plugins.parser.impl.elements.ClientKind
5090:             7            168  com.intellij.platform.workspace.storage.impl.VersionedEntityStorageImpl
5091:             7            168  com.intellij.platform.workspace.storage.impl.VersionedEntityStorageImpl$Current
5092:             7            168  com.intellij.platform.workspace.storage.impl.containers.BidirectionalLongMultiMap
5093:             7            168  com.intellij.psi.impl.PsiManagerImpl$$Lambda/0x0000009802e96dc0
5094:             7            168  com.intellij.rml.dfa.attributes.IntAttribute
5095:             7            168  com.intellij.rml.dfa.rml.dsl.lang.RmlRelation5
5096:             3            168  com.intellij.tasks.impl.TaskManagerImpl$Config
5097:             7            168  com.intellij.ui.dsl.gridLayout.impl.RowBaselineData
5098:             7            168  com.intellij.ui.tabs.impl.JBTabsImpl$$Lambda/0x000000980312aae8
5099:             7            168  com.intellij.ui.tabs.impl.JBTabsImpl$TabActionsAutoHideListener
5100:             3            168  com.intellij.ui.tabs.impl.JBTabsImpl$addTimerUpdate$1
5101:             7            168  com.intellij.ui.tabs.impl.TabListOptions
5102:             7            168  com.intellij.ui.tabs.impl.TabSideSplitter
5103:             7            168  com.intellij.ui.tabs.impl.singleRow.SingleRowLayoutStrategy$Bottom
5104:             7            168  com.intellij.ui.tabs.impl.singleRow.SingleRowLayoutStrategy$Left
5105:             7            168  com.intellij.ui.tabs.impl.singleRow.SingleRowLayoutStrategy$Right
5106:             7            168  com.intellij.ui.tabs.impl.singleRow.SingleRowLayoutStrategy$Top
5107:             7            168  com.intellij.ui.viewModel.extraction.ToolWindowExtractorMode
5108:             7            168  com.intellij.util.concurrency.ContextRunnable
5109:             7            168  com.intellij.util.containers.ConcurrentIntKeySoftValueHashMap
5110:             3            168  com.intellij.util.containers.FilteredTraverserBase$Meta
5111:             7            168  com.intellij.util.containers.MultiMap$5
5112:             3            168  com.intellij.util.containers.UnmodifiableHashMap
5113:             7            168  com.intellij.util.lang.JarLoader$Attribute
5114:             3            168  com.intellij.util.messages.impl.MessageBusImpl
5115:             7            168  com.intellij.vcs.git.repo.GitRepositoriesHolder$UpdateType
5116:             3            168  com.intellij.vcs.log.impl.VcsCommitMetadataImpl
5117:             3            168  com.jetbrains.rdserver.settings.BackendBroadcastSettingsStorageService
5118:             7            168  com.sun.jna.Memory$MemoryDisposer
5119:             7            168  com.sun.org.apache.xerces.internal.util.FeatureState (java.xml@21.0.8)
5120:             3            168  fleet.kernel.rete.ReteKt$tokenSetsFlow$1$1$1
5121:             7            168  git4idea.config.GitVersion$Type
5122:             3            168  io.grpc.netty.shaded.io.netty.buffer.PoolThreadCache
5123:             3            168  io.grpc.netty.shaded.io.netty.buffer.PooledSlicedByteBuf
5124:             7            168  io.ktor.client.plugins.api.ClientPluginImpl
5125:             3            168  io.netty.buffer.PoolThreadCache
5126:             3            168  io.netty.channel.DefaultChannelHandlerContext
5127:             7            168  io.opentelemetry.api.common.ArrayBackedAttributes
5128:             7            168  io.opentelemetry.sdk.metrics.InstrumentType
5129:             7            168  io.opentelemetry.sdk.metrics.data.MetricDataType
5130:             7            168  io.opentelemetry.sdk.metrics.internal.view.ExplicitBucketHistogramAggregation
5131:             3            168  java.security.cert.PKIXBuilderParameters (java.base@21.0.8)
5132:             7            168  java.time.DayOfWeek (java.base@21.0.8)
5133:             7            168  java.time.ZoneRegion (java.base@21.0.8)
5134:             7            168  java.util.regex.Pattern$BackRef (java.base@21.0.8)
5135:             3            168  javax.management.openmbean.OpenMBeanOperationInfoSupport (java.management@21.0.8)
5136:             7            168  jdk.net.ExtendedSocketOptions$ExtSocketOption (jdk.net@21.0.8)
5137:             7            168  kotlin.reflect.jvm.internal.impl.km.jvm.JvmFieldSignature
5138:             7            168  kotlinx.coroutines.JobImpl
5139:             7            168  kotlinx.coroutines.JobImpl
5140:             7            168  kotlinx.coroutines.flow.FlowKt__ZipKt$combine$$inlined$combineUnsafe$FlowKt__ZipKt$1
5141:             3            168  org.apache.lucene.store.ByteBuffersDataOutput
5142:             3            168  org.apache.xerces.impl.xs.XSDDescription
5143:             7            168  org.cef.CefSettings$LogSeverity (jcef)
5144:             3            168  org.intellij.plugins.markdown.ui.preview.MarkdownPreviewFileEditor
5145:             7            168  org.jdom.Content$CType
5146:             7            168  org.jetbrains.plugins.terminal.util.TerminalSettingsFloatValueImpl
5147:             7            168  org.jetbrains.qodana.coverage.CoverageLanguage
5148:             7            168  org.jsoup.parser.Token$TokenType
5149:             7            168  org.yaml.snakeyaml.scanner.Constant
5150:             1            168  sun.font.CFontManager (java.desktop)
5151:             3            168  sun.security.provider.SHA (java.base@21.0.8)
5152:             7            168  sun.security.provider.certpath.OCSPResponse$ResponseStatus (java.base@21.0.8)
5153:             3            168  sun.security.ssl.SSLContextImpl$TLSContext (java.base@21.0.8)
5154:             7            168  sun.security.x509.NetscapeCertTypeExtension$MapEntry (java.base@21.0.8)
5155:             7            168  sun.swing.SwingUtilities2$LSBCacheEntry (java.desktop)
5156:             4            160  [Landroidx.compose.ui.layout.WindowInsetsRulers;
5157:             4            160  [Lcom.fasterxml.jackson.core.SerializableString;
5158:             1            160  [Lcom.intellij.codeInsight.editorActions.ExtendWordSelectionHandler;
5159:             1            160  [Lcom.intellij.database.DbmsExtension$Bean;
5160:             4            160  [Lcom.jetbrains.rhizomedb.impl.Index$Partition;
5161:             2            160  [Ljava.lang.constant.DirectMethodHandleDesc$Kind; (java.base@21.0.8)
5162:             2            160  [Ljava.util.concurrent.locks.ReadWriteLock; (java.base@21.0.8)
5163:             3            160  [Ljava.util.logging.Level; (java.logging@21.0.8)
5164:             6            160  [Lkotlinx.serialization.descriptors.SerialDescriptor;
5165:             1            160  [Lorg.apache.lucene.analysis.hunspell.SuggestibleEntryCache$Section;
5166:             5            160  [[Lsun.awt.FontDescriptor; (java.desktop)
5167:             2            160  ai.grazie.rules.tree.NodeMatch
5168:            10            160  ai.grazie.rules.tree.NodePattern$$Lambda/0x0000009804bbec80
5169:            10            160  ai.grazie.rules.tree.NodePattern$$Lambda/0x0000009804bd4960
5170:            10            160  ai.grazie.rules.tree.NodePattern$$Lambda/0x0000009804bd4bb8
5171:             4            160  androidx.collection.MutableScatterMap
5172:             5            160  androidx.compose.runtime.SnapshotMutableStateImpl$StateStateRecord
5173:             5            160  androidx.compose.runtime.internal.ComposableLambdaImpl
5174:             5            160  apple.laf.JRSUIState (java.desktop)
5175:             4            160  com.apple.laf.AquaFileView$FileInfo (java.desktop)
5176:             5            160  com.apple.laf.AquaIcon$SystemIcon (java.desktop)
5177:             4            160  com.fasterxml.jackson.core.Base64Variant
5178:             5            160  com.fasterxml.jackson.core.JsonFactory$Feature
5179:             2            160  com.fasterxml.jackson.databind.MappingJsonFactory
5180:            10            160  com.fasterxml.jackson.databind.introspect.BasicClassIntrospector
5181:            10            160  com.fasterxml.jackson.databind.jsontype.impl.StdSubtypeResolver
5182:            10            160  com.fasterxml.jackson.databind.util.RootNameLookup
5183:             5            160  com.github.weisj.jsvg.cy$a
5184:             5            160  com.github.weisj.jsvg.k
5185:             2            160  com.goide.GoFileElement
5186:             5            160  com.goide.controlflow.instructions.GoParameterDeclarationInstruction
5187:             4            160  com.goide.execution.GoLazyDelegatingSearchScope
5188:             5            160  com.goide.microservices.declarations.GoQualifiedName$Field
5189:             4            160  com.goide.psi.impl.GoLightType$LightTypeList
5190:             4            160  com.goide.stubs.GoConstraintTermStub
5191:             5            160  com.goide.util.GoZeroValue
5192:             4            160  com.google.tools.intellij.aiplugin.transform.FinishChangesFloatingToolbarProvider$AcceptAllAction
5193:             4            160  com.google.tools.intellij.aiplugin.transform.FinishChangesFloatingToolbarProvider$RejectAllAction
5194:             4            160  com.ibm.icu.impl.ICUResourceBundleReader$ResourceCache
5195:             4            160  com.ibm.icu.impl.UCharacterProperty$NormQuickCheckIntProperty
5196:             5            160  com.ibm.icu.number.Precision$FractionRounderImpl
5197:             4            160  com.intellij.clouds.kubernetes.frontend.editor.floatingToolbar.KubernetesFloatingToolbarProvider$register$2$1
5198:             4            160  com.intellij.clouds.kubernetes.frontend.editor.floatingToolbar.KubernetesFloatingToolbarProvider$register$3$1
5199:            10            160  com.intellij.codeInsight.CharTailType
5200:             2            160  com.intellij.codeInsight.CodeInsightSettings
5201:             5            160  com.intellij.codeInsight.codeVision.CodeVisionAnchorKind
5202:             4            160  com.intellij.codeInsight.codeVision.CodeVisionHost$onEditorCreated$2
5203:             5            160  com.intellij.codeInsight.codeVision.settings.PlatformCodeVisionIds
5204:             4            160  com.intellij.codeInsight.codeVision.ui.model.RangeCodeVisionModel
5205:             5            160  com.intellij.codeInsight.hints.presentation.InlayTextMetricsStorage
5206:             4            160  com.intellij.collaboration.auth.PasswordSafeCredentialsRepository$canPersistCredentials$1
5207:            10            160  com.intellij.configurationStore.BundledSchemeEP
5208:             4            160  com.intellij.configurationStore.SchemeManagerIprProvider
5209:             5            160  com.intellij.configurationStore.TrackingPathMacroSubstitutorImpl
5210:             5            160  com.intellij.configurationStore.statistic.eventLog.SettingsFields$Companion$Types
5211:             4            160  com.intellij.core.rwmutex.cqs.CancellableQueueSynchronizer$CQSSegment
5212:            10            160  com.intellij.credentialStore.kdbx.DateValueCreator
5213:             4            160  com.intellij.cwm.plugin.common.tabection.CWMContentTabActionProvider$createAction$1
5214:             5            160  com.intellij.database.debugger.SqlDebugSessionRunner$SqlDebugAvailability
5215:             5            160  com.intellij.database.util.Case
5216:             5            160  com.intellij.diff.tools.util.base.HighlightPolicy
5217:             4            160  com.intellij.execution.ui.layout.impl.GridCellImpl
5218:             4            160  com.intellij.find.SearchTextArea$ClearAction
5219:             4            160  com.intellij.find.SearchTextArea$NewLineAction
5220:             4            160  com.intellij.find.SearchTextArea$ShowHistoryAction
5221:             4            160  com.intellij.find.editorHeaderActions.NextOccurrenceAction
5222:             4            160  com.intellij.find.editorHeaderActions.PrevOccurrenceAction
5223:             4            160  com.intellij.find.editorHeaderActions.VariantsCompletionAction
5224:             4            160  com.intellij.formatting.FormattingStateId
5225:             5            160  com.intellij.grid.scripting.impl.DataLoaderPluginsManager$AvailableFileExtension
5226:            10            160  com.intellij.httpClient.js.http.request.run.JsLibraryFilePointerDelegate
5227:             5            160  com.intellij.ide.RecentProjectColorInfo
5228:             5            160  com.intellij.ide.actions.ToolWindowViewModeAction$ViewMode
5229:             2            160  com.intellij.ide.scopeView.ScopeViewPane
5230:             4            160  com.intellij.indexing.shared.metadata.SharedIndexMetadata
5231:             2            160  com.intellij.internal.ml.ngram.NGramIncrementalModelRunner
5232:             5            160  com.intellij.javascript.testing.detection.JsTestFrameworkDetectorEP
5233:             5            160  com.intellij.lang.javascript.JSDocCompositeElementType
5234:            10            160  com.intellij.lang.javascript.stubs.serializers.JSEmbeddedContentStubSerializer
5235:             5            160  com.intellij.lang.typescript.compiler.PrioritySuspendingTaskQueue
5236:             5            160  com.intellij.openapi.command.impl.FileUndoProvider$MyUndoableAction
5237:             2            160  com.intellij.openapi.diagnostic.RollingFileHandler
5238:             5            160  com.intellij.openapi.editor.ex.util.SegmentArrayWithData
5239:             5            160  com.intellij.openapi.editor.impl.DisplayedFoldingAnchor$Type
5240:             5            160  com.intellij.openapi.editor.impl.EditorImpl$MyInputMethodHandler
5241:             5            160  com.intellij.openapi.editor.impl.EditorMarkupModelImpl$TrafficLightButton$1
5242:             4            160  com.intellij.openapi.editor.impl.multiverse.CodeInsightContextSwitcher$Controller$1
5243:             4            160  com.intellij.openapi.editor.impl.multiverse.CodeInsightContextSwitcher$Controller$3
5244:             5            160  com.intellij.openapi.editor.impl.stickyLines.ui.StickyLineShadowBorder
5245:             4            160  com.intellij.openapi.editor.richcopy.model.SyntaxInfo
5246:             4            160  com.intellij.openapi.fileEditor.impl.FileEditorOpenOptions
5247:             5            160  com.intellij.openapi.fileEditor.impl.HistoryEntry
5248:             5            160  com.intellij.openapi.fileEditor.impl.text.AsyncEditorLoader
5249:             4            160  com.intellij.openapi.fileTypes.impl.FileTypeAssocTable
5250:             4            160  com.intellij.openapi.project.DumbAwareAction$SimpleDumbAwareAction
5251:             4            160  com.intellij.openapi.util.ClassExtension
5252:             5            160  com.intellij.openapi.util.io.FileAttributes
5253:             5            160  com.intellij.openapi.vcs.actions.ShortNameType
5254:             5            160  com.intellij.openapi.vcs.impl.VcsInitObject
5255:             4            160  com.intellij.openapi.wm.impl.FrameInfo
5256:             2            160  com.intellij.openapi.wm.impl.IdeProjectFrameHelper
5257:             2            160  com.intellij.openapi.wm.impl.status.InfoAndProgressPanel
5258:             5            160  com.intellij.patterns.CollectionPattern$4
5259:             4            160  com.intellij.platform.execution.dashboard.RunDashboardManagerImpl$State
5260:             4            160  com.intellij.platform.ide.bootstrap.ApplicationLoader$executeAsyncAppInitListeners$1
5261:             5            160  com.intellij.platform.settings.SettingDescriptor
5262:             4            160  com.intellij.platform.workspace.jps.entities.impl.ContentRootEntityImpl
5263:             4            160  com.intellij.platform.workspace.jps.entities.impl.ModuleEntityImpl
5264:             5            160  com.intellij.platform.workspace.storage.ConnectionId
5265:            10            160  com.intellij.platform.workspace.storage.impl.ImmutableEntitiesBarrel
5266:             5            160  com.intellij.platform.workspace.storage.impl.containers.MutableWorkspaceList
5267:            10            160  com.intellij.platform.workspace.storage.impl.indices.ImmutableMultimapStorageIndex
5268:            10            160  com.intellij.platform.workspace.storage.impl.indices.SymbolicIdInternalIndex
5269:            10            160  com.intellij.platform.workspace.storage.impl.references.ImmutableAbstractOneToOneContainer
5270:            10            160  com.intellij.platform.workspace.storage.impl.references.ImmutableOneToAbstractManyContainer
5271:            10            160  com.intellij.platform.workspace.storage.impl.references.ImmutableOneToManyContainer
5272:            10            160  com.intellij.platform.workspace.storage.impl.references.ImmutableOneToOneContainer
5273:             5            160  com.intellij.polySymbols.webTypes.json.Priority$PriorityLevel
5274:             4            160  com.intellij.psi.impl.source.resolve.reference.PsiReferenceRegistrarImpl
5275:            10            160  com.intellij.serviceContainer.ComponentManagerResolver
5276:             4            160  com.intellij.spellchecker.quickfixes.ChangeTo
5277:            10            160  com.intellij.sql.editor.SqlEditorOptions$QualificationTypeConverter
5278:             5            160  com.intellij.sql.psi.SqlLazyElementTypeImpl
5279:             5            160  com.intellij.sql.psi.stubs.elementTypes.SqlTableKeyElementType
5280:             4            160  com.intellij.terminal.backend.hyperlinks.BackendTerminalHyperlinkHighlighter$heartbeatFlow$1
5281:             4            160  com.intellij.toolWindow.ResizeStripeManager
5282:             4            160  com.intellij.toolWindow.ShowMoreToolWindowsAction
5283:             4            160  com.intellij.ui.BadgeIconSupplier
5284:             2            160  com.intellij.ui.HintHint
5285:             4            160  com.intellij.ui.HintHint$Status
5286:            10            160  com.intellij.ui.LayeredIcon$$Lambda/0x00000098038154b8
5287:            10            160  com.intellij.ui.ScrollPaneScrolledStateTracker$$Lambda/0x00000098033c3268
5288:            10            160  com.intellij.ui.ScrollPaneScrolledStateTracker$BoundsListener
5289:            10            160  com.intellij.ui.ScrollPaneTracker$$Lambda/0x00000098033c1fc8
5290:            10            160  com.intellij.ui.ScrolledState
5291:             4            160  com.intellij.ui.icons.FilteredIcon
5292:             2            160  com.intellij.ui.jcef.JBCefClient
5293:             2            160  com.intellij.ui.mac.screenmenu.MenuBar
5294:             5            160  com.intellij.util.containers.ContainerUtil$8
5295:             5            160  com.intellij.util.containers.prefixTree.map.PrefixTreeMapImpl
5296:             5            160  com.intellij.util.gist.storage.GistStorageImpl$GistImpl
5297:             5            160  com.intellij.util.indexing.dependenciesCache.IndexableSetContributorDescriptor
5298:             5            160  com.intellij.util.system.OS
5299:             2            160  com.intellij.util.ui.ShowingScopeKt$showingScope$3
5300:            10            160  com.intellij.vcs.log.VcsLogFilterCollection$FilterKey
5301:             5            160  com.intellij.vcs.log.graph.api.EdgeFilter
5302:             5            160  com.intellij.vcs.log.graph.api.elements.GraphEdgeType
5303:             5            160  com.jetbrains.T.v.D
5304:             4            160  com.jetbrains.T.v.v.v.C.v.v
5305:             2            160  com.jetbrains.cef.remote.browser.RemoteBrowser (jcef)
5306:             5            160  com.jetbrains.cef.remote.thrift_codegen.ClientHandlers$LoadHandler_OnLoadError_args$_Fields (jcef)
5307:             5            160  com.jetbrains.cef.remote.thrift_codegen.ClientHandlers$RequestHandler_OnBeforeBrowse_args$_Fields (jcef)
5308:             5            160  com.jetbrains.cef.remote.thrift_codegen.ClientHandlers$ResourceRequestHandler_OnResourceResponse_args$_Fields (jcef)
5309:             5            160  com.jetbrains.fus.reporting.connection.JavaHttpRequestBuilder$newGetRequest$1
5310:             5            160  com.jetbrains.fus.reporting.model.lion3.LogEventAction
5311:             2            160  com.jetbrains.rdserver.toolWindow.BackendServerToolWindowManager
5312:             1            160  com.pty4j.unix.UnixPtyProcess$Reaper
5313:             4            160  com.sun.org.apache.xerces.internal.impl.dtd.XMLSimpleType (java.xml@21.0.8)
5314:             5            160  com.sun.xml.bind.v2.model.core.PropertyKind
5315:             5            160  fleet.kernel.rete.impl.SubscriptionTree
5316:            10            160  fleet.multiplatform.shims.MultiplatformConcurrentHashMap
5317:             4            160  git4idea.fetch.GitFetchTagsMode
5318:             5            160  git4idea.repo.GitRemote
5319:             5            160  io.grpc.Metadata$TrustedAsciiKey
5320:             5            160  io.grpc.netty.shaded.io.netty.handler.logging.LogLevel
5321:             2            160  io.ktor.server.cio.CIOApplicationEngine$initServerJob$1
5322:             4            160  io.netty.handler.codec.http.DefaultFullHttpResponse
5323:             5            160  io.netty.handler.codec.http.websocketx.WebSocketVersion
5324:             5            160  io.netty.handler.logging.LogLevel
5325:             2            160  it.unimi.dsi.fastutil.objects.Reference2ObjectLinkedOpenHashMap
5326:            10            160  java.awt.Component$AccessibleAWTComponent$AccessibleAWTComponentHandler (java.desktop)
5327:            10            160  java.awt.Component$AccessibleAWTComponent$AccessibleAWTFocusHandler (java.desktop)
5328:            10            160  java.awt.Container$AccessibleAWTContainer$AccessibleContainerHandler (java.desktop)
5329:             2            160  java.lang.invoke.BoundMethodHandle$Species_LLLLLLLLLLL (java.base@21.0.8)
5330:             5            160  java.lang.invoke.VarHandle$AccessType (java.base@21.0.8)
5331:             5            160  java.lang.invoke.VarHandleByteArrayAsDoubles$ArrayHandle (java.base@21.0.8)
5332:             5            160  java.lang.invoke.VarHandleByteArrayAsFloats$ArrayHandle (java.base@21.0.8)
5333:            10            160  java.lang.runtime.SwitchBootstraps$ResolvedEnumLabel (java.base@21.0.8)
5334:             4            160  java.text.MessageFormat (java.base@21.0.8)
5335:             4            160  java.time.format.DateTimeFormatterBuilder$NanosPrinterParser (java.base@21.0.8)
5336:             5            160  java.util.Random (java.base@21.0.8)
5337:             5            160  java.util.concurrent.locks.StampedLock$WriterNode (java.base@21.0.8)
5338:             5            160  java.util.stream.Collectors$CollectorImpl (java.base@21.0.8)
5339:             5            160  javax.imageio.spi.SubRegistry (java.desktop)
5340:             4            160  javax.swing.plaf.basic.BasicListUI$Handler (java.desktop)
5341:             5            160  javax.swing.text.JTextComponent$DefaultKeymap (java.desktop)
5342:             4            160  javax.xml.catalog.CatalogFeatures$Feature (java.xml@21.0.8)
5343:             2            160  jdk.internal.icu.impl.NormalizerImpl (java.base@21.0.8)
5344:             1            160  jdk.internal.net.http.HttpClientImpl$SelectorManager (java.net.http@21.0.8)
5345:             5            160  jdk.jfr.internal.LogLevel (jdk.jfr@21.0.8)
5346:            10            160  jdk.proxy1.$Proxy39 (jdk.proxy1)
5347:             5            160  kotlin.reflect.jvm.internal.ComputableClassValue
5348:             4            160  kotlin.reflect.jvm.internal.impl.builtins.UnsignedType
5349:             4            160  kotlin.reflect.jvm.internal.impl.builtins.jvm.JvmBuiltInsCustomizer$createMockJavaIoSerializableType$mockJavaIoPackageFragment$1
5350:             5            160  kotlin.reflect.jvm.internal.impl.descriptors.NotFoundClasses
5351:             5            160  kotlin.reflect.jvm.internal.impl.descriptors.impl.ModuleDependenciesImpl
5352:             4            160  kotlin.reflect.jvm.internal.impl.load.kotlin.BinaryClassAnnotationAndConstantLoaderImpl
5353:             4            160  kotlinx.coroutines.flow.FlowKt__DelayKt$sample$2$1$2
5354:             4            160  kotlinx.coroutines.flow.FlowKt__DelayKt$sample$2$values$1
5355:            10            160  kotlinx.datetime.LocalDate
5356:             5            160  kotlinx.html.ButtonFormMethod
5357:             5            160  kotlinx.html.FormMethod
5358:             5            160  kotlinx.html.InputFormMethod
5359:             5            160  kotlinx.html.TextAreaWrap
5360:             5            160  kotlinx.serialization.protobuf.internal.ProtoWireType
5361:             5            160  morfologik.fsa.CFSA2
5362:             5            160  okhttp3.TlsVersion
5363:             5            160  org.ini4j.spi.UnicodeInputStreamReader$Bom
5364:             5            160  org.intellij.plugins.markdown.extensions.MarkdownBrowserPreviewExtension$Priority
5365:             4            160  org.jetbrains.completion.full.line.experiments.FullLineExperimentLanguageMapperEP
5366:             4            160  org.jetbrains.jewel.ui.component.styling.DropdownMetrics
5367:             4            160  org.jetbrains.jewel.ui.component.styling.SplitButtonColors
5368:             5            160  org.jetbrains.nativecerts.mac.SecurityFramework$SecTrustSettingsResult
5369:             4            160  org.jetbrains.plugins.github.pullrequest.ui.editor.GHPRReviewInEditorController$setupReview$1$invokeSuspend$$inlined$flatMapLatest$1
5370:             4            160  org.jetbrains.plugins.gitlab.mergerequest.ui.editor.GitLabMergeRequestEditorReviewController$setupReview$1$invokeSuspend$$inlined$flatMapLatest$1
5371:             5            160  org.jetbrains.plugins.terminal.fus.BatchLatencyReporter
5372:             5            160  org.jetbrains.qodana.license.QodanaLicenseType
5373:             5            160  org.jetbrains.skiko.Arch
5374:             2            160  org.languagetool.rules.LongParagraphRule
5375:             2            160  org.languagetool.rules.en.ContractionSpellingRule
5376:             2            160  org.languagetool.rules.en.EnglishRepeatedWordsRule
5377:             2            160  org.languagetool.rules.en.EnglishUnpairedQuotesRule
5378:             2            160  org.languagetool.rules.en.EnglishWrongWordInContextRule
5379:             2            160  org.languagetool.rules.en.LongSentenceRule
5380:             5            160  org.slf4j.event.Level
5381:             4            160  sun.awt.SoftCache$ValueCell (java.desktop)
5382:             5            160  sun.awt.image.BufferedImageDevice (java.desktop)
5383:             4            160  sun.awt.image.MultiResolutionCachedImage (java.desktop)
5384:            10            160  sun.lwawt.macosx.CAccessible$AXChangeNotifier (java.desktop)
5385:            10            160  sun.security.provider.NativePRNG (java.base@21.0.8)
5386:             5            160  sun.security.ssl.NamedGroup$NamedGroupSpec (java.base@21.0.8)
5387:             4            160  sun.security.ssl.X509TrustManagerImpl (java.base@21.0.8)
5388:             5            160  sun.security.x509.SubjectAlternativeNameExtension (java.base@21.0.8)
5389:             2            152  [Lcom.fasterxml.jackson.core.JsonToken;
5390:             6            152  [Lcom.goide.microservices.declarations.GoArgumentBasedDeclaration;
5391:             1            152  [Lcom.intellij.ide.v.q;
5392:             4            152  [Lcom.intellij.psi.tree.TokenSet;
5393:             1            152  [Lsun.security.ssl.Alert; (java.base@21.0.8)
5394:             1            152  [Lsun.security.ssl.NamedGroup; (java.base@21.0.8)
5395:             1            152  com.goide.ide.action.GoIdeNewProjectAction$1
5396:             1            152  com.sun.org.apache.xerces.internal.impl.XMLEntityManager (java.xml@21.0.8)
5397:             1            152  sun.lwawt.LWWindowPeer (java.desktop)
5398:             1            144  [Lai.grazie.nlp.langs.LanguageISO;
5399:             6            144  [Lai.grazie.rules.tree.CrazyParseDetector$CrazyParses;
5400:             6            144  [Lcom.intellij.lang.javascript.parsing.modifiers.JSModifiersStructureLeaf;
5401:             6            144  [Lcom.intellij.openapi.actionSystem.KeyboardShortcut;
5402:             3            144  [Lcom.intellij.openapi.components.SettingsCategory;
5403:             1            144  [Lcom.intellij.refactoring.rename.RenameHandler;
5404:             3            144  [Lcom.jediterm.terminal.TextStyle$Option;
5405:             3            144  [Lgit4idea.log.GitRefManager$RefType;
5406:             2            144  [Lio.grpc.netty.shaded.io.netty.handler.codec.http2.Http2Error;
5407:             1            144  [Lio.netty.buffer.IntPriorityQueue;
5408:             2            144  [Ljava.awt.Cursor; (java.desktop)
5409:             1            144  [Ljava.lang.invoke.VarHandle$AccessMode; (java.base@21.0.8)
5410:             2            144  [Ljava.math.BigDecimal; (java.base@21.0.8)
5411:             6            144  [Lorg.languagetool.rules.spelling.morfologik.MorfologikSpeller;
5412:             6            144  ai.grazie.detector.chain.ChainDetectorImpl$CommentedChainDetectionResult
5413:             9            144  ai.grazie.detector.utils.filter.PatternTextFilter
5414:             6            144  ai.grazie.rules.tree.NodeCorrector$$Lambda/0x0000009804bdb078
5415:             9            144  ai.grazie.rules.tree.NodePattern$$Lambda/0x0000009804c29bf8
5416:             9            144  ai.grazie.rules.tree.NodePattern$$Lambda/0x0000009804c29e50
5417:             6            144  androidx.compose.runtime.Recomposer$State
5418:             6            144  androidx.compose.ui.text.TextStyle
5419:             6            144  com.android.studio.ml.ErrorHandler$ErrorSource
5420:             6            144  com.android.studio.ml.TransformEvent$Kind
5421:             6            144  com.android.studio.ml.bot.ui.compose.timeline.agent.experimental.changesdrawer.AgentChangesDrawerState$addFileChanges$newChange$1
5422:             2            144  com.fasterxml.aalto.in.ReaderConfig
5423:             6            144  com.fasterxml.jackson.annotation.JsonAutoDetect$Visibility
5424:             6            144  com.fasterxml.jackson.core.JsonParser$NumberType
5425:             2            144  com.fasterxml.jackson.databind.ObjectMapper
5426:             9            144  com.fasterxml.jackson.databind.deser.BeanDeserializerFactory
5427:             6            144  com.goide.dfa.symbolicExecution.summaries.GoValueRestriction
5428:             3            144  com.goide.execution.GoLazyDelegatingSearchScope$myDelegate$1
5429:             3            144  com.goide.execution.testing.frameworks.gotest.GotestGenerateAction
5430:             6            144  com.goide.inspections.buildTag.GoBuildToken
5431:             3            144  com.goide.project.GoBuildTargetSettings
5432:             6            144  com.goide.psi.impl.GoFieldDefinitionImpl
5433:             6            144  com.goide.psi.impl.GoMethodSpecImpl
5434:             6            144  com.goide.psi.impl.GoTypeDeclarationImpl
5435:             3            144  com.goide.psi.impl.imports.GoImportReferenceSet
5436:             2            144  com.google.api.services.cloudcode_pa.v1internal.model.UserTier
5437:             6            144  com.google.common.cache.LocalCache$WeightedStrongValueReference
5438:             9            144  com.google.gson.Gson$1
5439:             9            144  com.google.gson.Gson$2
5440:             9            144  com.google.gson.Gson$4
5441:             9            144  com.google.gson.Gson$5
5442:             9            144  com.google.gson.internal.bind.CollectionTypeAdapterFactory
5443:             6            144  com.google.tools.intellij.aiplugin.analytics.CompletionCitationMetricsMetadata
5444:             6            144  com.google.tools.intellij.aiplugin.analytics.EditType
5445:             6            144  com.ibm.icu.impl.ICUCurrencyDisplayInfoProvider$ICUCurrencyDisplayInfo$CurrencySink$EntrypointTable
5446:             6            144  com.intellij.codeInsight.completion.OffsetKey
5447:             6            144  com.intellij.codeInsight.daemon.impl.DaemonTooltipRendererProvider
5448:             9            144  com.intellij.codeInsight.hints.SettingsKey
5449:             3            144  com.intellij.codeInsight.hints.presentation.ScaledInsetPresentation
5450:             6            144  com.intellij.codeInsight.inline.completion.editor.InlineCompletionEditorType
5451:             6            144  com.intellij.codeInsight.inline.completion.render.InlineCompletionComponentFactory$$Lambda/0x0000009804f5f750
5452:             6            144  com.intellij.codeInsight.inline.completion.suggestion.InlineCompletionVariantState$Status
5453:             3            144  com.intellij.collaboration.async.CoroutineUtilKt$combineState$2
5454:             6            144  com.intellij.completion.ml.personalization.session.SessionFactorsUtils$ElementFactor
5455:             3            144  com.intellij.completion.ngram.slp.modeling.ngram.JMModel
5456:             9            144  com.intellij.concurrency.ConcurrentHashMap$EntrySetView
5457:             6            144  com.intellij.configurationScript.providers.ReadOnlyStorage
5458:             6            144  com.intellij.database.dataSource.DatabaseDriver$Option
5459:             9            144  com.intellij.database.sql.backend.core.SqlRoutineIndex$getKeyDescriptor$1
5460:             9            144  com.intellij.database.sql.backend.core.SqlRoutineIndex$getValueExternalizer$1
5461:             6            144  com.intellij.dvcs.repo.Repository$State
5462:             3            144  com.intellij.execution.actions.ExecutorGroupActionGroup
5463:             2            144  com.intellij.execution.lineMarker.RunLineMarkerProvider$RunLineMarkerInfo
5464:             6            144  com.intellij.execution.ui.RunState
5465:             6            144  com.intellij.find.FindModel$SearchContext
5466:             6            144  com.intellij.formatting.service.AsyncDocumentFormattingService$FormattingRequestState
5467:             6            144  com.intellij.grazie.GrazieBundle$$Lambda/0x0000009802f2cb78
5468:             9            144  com.intellij.grazie.text.TextExtractor$Cache
5469:             9            144  com.intellij.htmltools.html.HtmlTagIdIndex$3
5470:             9            144  com.intellij.httpClient.http.request.index.HttpRequestHeaderIndex$HttpRequestHeadersValuesIndex$getValueExternalizer$1
5471:             9            144  com.intellij.ide.dnd.DnDSupport$DnDNativeTargetWrapper
5472:             9            144  com.intellij.ide.highlighter.custom.impl.CustomFileTypeQuoteHandler
5473:             6            144  com.intellij.ide.startup.importSettings.TransferableIdeId
5474:             6            144  com.intellij.ide.ui.UIThemeKt$createTheme$1
5475:             2            144  com.intellij.ide.v.R.vh
5476:             6            144  com.intellij.ide.vfs.VirtualFileId
5477:             2            144  com.intellij.internal.ml.catboost.NaiveCatBoostModel
5478:             6            144  com.intellij.internal.statistic.eventLog.events.ObjectListEventField
5479:             6            144  com.intellij.javascript.nodejs.ModuleType
5480:             6            144  com.intellij.javascript.nodejs.interpreter.fus.LocalInterpreterType
5481:             6            144  com.intellij.l10n.LocalizationOrder
5482:             6            144  com.intellij.lang.impl.modcommand.ModCommandActionWrapper
5483:             6            144  com.intellij.lang.javascript.library.JSBundledLibraryFolder$FileSetImpl
5484:             6            144  com.intellij.lang.javascript.library.JSBundledLibraryFolder$FileSetImpl$$Lambda/0x0000009803275250
5485:             6            144  com.intellij.lang.javascript.psi.types.JSTypeSource
5486:             9            144  com.intellij.lang.typescript.tsconfig.TypeScriptConfigIndex$2
5487:             3            144  com.intellij.openapi.application.impl.islands.IslandsTabPainter
5488:             6            144  com.intellij.openapi.diff.LineStatusMarkerDrawUtil$DiffStripeTextAttributes
5489:             6            144  com.intellij.openapi.editor.actions.CaretStopBoundary
5490:             9            144  com.intellij.openapi.editor.impl.CaretId
5491:             9            144  com.intellij.openapi.editor.impl.EditorAccessibilityCaret
5492:             9            144  com.intellij.openapi.editor.impl.EditorComponentImpl$1
5493:             9            144  com.intellij.openapi.editor.impl.EditorComponentImpl$EditorAccessibilityTextUI
5494:             9            144  com.intellij.openapi.editor.impl.EditorCopyPastProvider
5495:             9            144  com.intellij.openapi.editor.impl.EditorFilteringMarkupModelEx$$Lambda/0x00000098043dbac8
5496:             9            144  com.intellij.openapi.editor.impl.EditorGutterComponentImpl$$Lambda/0x00000098044088b8
5497:             9            144  com.intellij.openapi.editor.impl.EditorGutterComponentImpl$$Lambda/0x0000009804408b20
5498:             9            144  com.intellij.openapi.editor.impl.EditorGutterComponentImpl$$Lambda/0x0000009804408dc0
5499:             9            144  com.intellij.openapi.editor.impl.EditorGutterComponentImpl$$Lambda/0x0000009804409040
5500:             9            144  com.intellij.openapi.editor.impl.EditorGutterComponentImpl$$Lambda/0x0000009804409298
5501:             9            144  com.intellij.openapi.editor.impl.EditorGutterComponentImpl$LineNumbersRepainter
5502:             9            144  com.intellij.openapi.editor.impl.EditorId
5503:             9            144  com.intellij.openapi.editor.impl.EditorImpl$$Lambda/0x000000980437dc40
5504:             9            144  com.intellij.openapi.editor.impl.EditorImpl$$Lambda/0x000000980438e578
5505:             9            144  com.intellij.openapi.editor.impl.EditorImpl$$Lambda/0x00000098043fe660
5506:             9            144  com.intellij.openapi.editor.impl.EditorImpl$$Lambda/0x000000980440a118
5507:             9            144  com.intellij.openapi.editor.impl.EditorImpl$$Lambda/0x000000980440cba0
5508:             9            144  com.intellij.openapi.editor.impl.EditorImpl$$Lambda/0x0000009804429cc0
5509:             9            144  com.intellij.openapi.editor.impl.EditorImpl$$Lambda/0x000000980442c680
5510:             9            144  com.intellij.openapi.editor.impl.EditorImpl$1
5511:             9            144  com.intellij.openapi.editor.impl.EditorImpl$3
5512:             9            144  com.intellij.openapi.editor.impl.EditorImpl$4
5513:             9            144  com.intellij.openapi.editor.impl.EditorImpl$7
5514:             9            144  com.intellij.openapi.editor.impl.EditorImpl$9
5515:             9            144  com.intellij.openapi.editor.impl.EditorImpl$DefaultPopupHandler
5516:             9            144  com.intellij.openapi.editor.impl.EditorImpl$MyMouseAdapter
5517:             9            144  com.intellij.openapi.editor.impl.EditorImpl$MyMouseMotionListener
5518:             9            144  com.intellij.openapi.editor.impl.EditorMarkupModelImpl$$Lambda/0x00000098043d5570
5519:             9            144  com.intellij.openapi.editor.impl.EditorMarkupModelImpl$$Lambda/0x00000098043d98d8
5520:             9            144  com.intellij.openapi.editor.impl.EditorMarkupModelImpl$1
5521:             9            144  com.intellij.openapi.editor.impl.EditorMarkupModelImpl$2
5522:             9            144  com.intellij.openapi.editor.impl.EditorMarkupModelImpl$StatusComponentLayout
5523:             9            144  com.intellij.openapi.editor.impl.EditorModelImpl
5524:             9            144  com.intellij.openapi.editor.impl.EditorSettingsState$$Lambda/0x000000980438a4c0
5525:             9            144  com.intellij.openapi.editor.impl.EditorSettingsState$$Lambda/0x00000098043931d8
5526:             9            144  com.intellij.openapi.editor.impl.EditorSettingsState$$Lambda/0x0000009804393668
5527:             9            144  com.intellij.openapi.editor.impl.EditorSettingsState$$Lambda/0x000000980439d208
5528:             9            144  com.intellij.openapi.editor.impl.EditorSettingsState$$Lambda/0x000000980439dd50
5529:             9            144  com.intellij.openapi.editor.impl.EditorSettingsState$$Lambda/0x000000980439e1f8
5530:             9            144  com.intellij.openapi.editor.impl.EditorSettingsState$$Lambda/0x000000980439e8f0
5531:             9            144  com.intellij.openapi.editor.impl.EditorSettingsState$$Lambda/0x00000098043a06f0
5532:             9            144  com.intellij.openapi.editor.impl.EditorSettingsState$$Lambda/0x00000098043a3878
5533:             9            144  com.intellij.openapi.editor.impl.EditorSettingsState$6
5534:             9            144  com.intellij.openapi.editor.impl.EditorTextDrawingCallback
5535:             9            144  com.intellij.openapi.editor.impl.FocusModeModel$$Lambda/0x000000980440ecc8
5536:             9            144  com.intellij.openapi.editor.impl.FocusModeModel$2
5537:             9            144  com.intellij.openapi.editor.impl.FoldingAnchorsOverlayStrategy
5538:             9            144  com.intellij.openapi.editor.impl.HighlighterFilter
5539:             9            144  com.intellij.openapi.editor.impl.ScrollingModelImpl$1
5540:             9            144  com.intellij.openapi.editor.impl.ScrollingModelImpl$DefaultEditorSupplier$1
5541:             9            144  com.intellij.openapi.editor.impl.SettingsImpl$1
5542:             9            144  com.intellij.openapi.editor.impl.SoftWrapModelImpl$1
5543:             9            144  com.intellij.openapi.editor.impl.TrafficLightPopup$1
5544:             9            144  com.intellij.openapi.editor.impl.TrafficLightPopup$2
5545:             9            144  com.intellij.openapi.editor.impl.event.EditorEventMulticasterImpl$1
5546:             9            144  com.intellij.openapi.editor.impl.softwrap.mapping.SoftWrapApplianceManager$$Lambda/0x00000098043f8900
5547:             9            144  com.intellij.openapi.editor.impl.softwrap.mapping.SoftWrapApplianceManager$DefaultVisibleAreaWidthProvider
5548:             6            144  com.intellij.openapi.editor.impl.stickyLines.StickyLinesModelImpl$StickyLineImpl
5549:             9            144  com.intellij.openapi.editor.impl.view.EditorPainter
5550:             9            144  com.intellij.openapi.editor.impl.view.EditorSizeManager$1
5551:             2            144  com.intellij.openapi.fileEditor.impl.FileEditorManagerImpl$fileUpdateChannel$1
5552:             2            144  com.intellij.openapi.fileEditor.impl.IdeDocumentHistoryImpl
5553:             6            144  com.intellij.openapi.keymap.impl.KeyState
5554:             2            144  com.intellij.openapi.keymap.impl.MacOSDefaultKeymap
5555:             2            144  com.intellij.openapi.module.impl.ModuleComponentManager
5556:             6            144  com.intellij.openapi.util.JDOMExternalizableStringList
5557:             6            144  com.intellij.openapi.util.registry.ValueWithSource
5558:             3            144  com.intellij.openapi.vcs.changes.Change
5559:             3            144  com.intellij.openapi.vcs.ex.DocumentTracker
5560:             6            144  com.intellij.openapi.vcs.ex.DocumentTracker$Block
5561:             6            144  com.intellij.openapi.vcs.util.paths.FilePathMapping
5562:             6            144  com.intellij.openapi.vfs.CompactVirtualFileSet
5563:             6            144  com.intellij.openapi.vfs.encoding.EncodingUtil$FailReason
5564:             6            144  com.intellij.openapi.wm.impl.AbstractDroppableStripe$Companion$$Lambda/0x0000009803422a90
5565:             3            144  com.intellij.openapi.wm.impl.ToolWindowManagerImpl$registerToolWindow$3
5566:             6            144  com.intellij.openapi.wm.impl.content.ContentLabel$ContentAdditionalIcon
5567:             6            144  com.intellij.openapi.wm.impl.headertoolbar.HeaderIconUpdater
5568:             3            144  com.intellij.openapi.wm.impl.headertoolbar.ProjectToolbarWidgetAction$createCustomComponent$1$1
5569:             6            144  com.intellij.openapi.wm.impl.status.EditorBasedStatusBarPopup$2
5570:             6            144  com.intellij.openapi.wm.impl.status.StatusBarWidgetClickListener
5571:             9            144  com.intellij.patterns.XmlNamedElementPattern$XmlAttributePattern$1
5572:             2            144  com.intellij.platform.debugger.impl.backend.BackendXDebuggerManagerApi$createSessionManagerEvents$1
5573:             2            144  com.intellij.platform.debugger.impl.backend.BackendXDebuggerManagerApi$getBreakpoints$eventsFlow$1
5574:             2            144  com.intellij.platform.debugger.impl.frontend.FrontendXBreakpointManager
5575:             6            144  com.intellij.platform.diagnostic.telemetry.exporters.SpanKind
5576:             3            144  com.intellij.platform.execution.dashboard.BackendRunDashboardManagerState
5577:             6            144  com.intellij.platform.experiment.ab.impl.ABExperimentOption
5578:             6            144  com.intellij.platform.ide.diagnostic.startUpPerformanceReporter.FUSProjectHotStartUpMeasurer$MarkupType
5579:             3            144  com.intellij.platform.ide.impl.statistic.ToolWindowStateCollector$Collector$job$1
5580:             2            144  com.intellij.platform.ide.nonModalWelcomeScreen.leftPanel.WelcomeScreenLeftPanel
5581:             6            144  com.intellij.platform.instanceContainer.internal.CurrentlyInitializingInstance
5582:             3            144  com.intellij.platform.lang.lsWidget.impl.LanguageServiceWidget$registerCustomListeners$1$1
5583:             6            144  com.intellij.platform.plugins.parser.impl.elements.ActionElement$ActionElementName
5584:             6            144  com.intellij.platform.vcs.impl.shared.rpc.RepositoryId
5585:             6            144  com.intellij.platform.workspace.storage.impl.PropertyMetadata
5586:             6            144  com.intellij.polySymbols.impl.PolySymbolQualifiedKindData
5587:             9            144  com.intellij.psi.BasicInspectionVisitorBean
5588:             6            144  com.intellij.psi.codeStyle.LanguageCodeStyleSettingsProvider$SettingsType
5589:             6            144  com.intellij.psi.codeStyle.autodetect.LineIndentInfo$LineType
5590:             6            144  com.intellij.psi.impl.file.SourceRootIconProvider$FileLayerProvider$$Lambda/0x000000980454fd98
5591:             3            144  com.intellij.psi.impl.file.impl.FileManagerImpl
5592:             9            144  com.intellij.psi.impl.include.FileIncludeIndex$2
5593:             3            144  com.intellij.psi.search.ExecutionSearchScopes$1
5594:             6            144  com.intellij.psi.search.scope.packageSet.NamedScopesHolder$$Lambda/0x0000009802e4f3d0
5595:             6            144  com.intellij.psi.stubs.StubElementTypeHolderEP
5596:             6            144  com.intellij.rml.dfa.analyzes.InitialAnalysis$SubsetComparisonTuple
5597:             6            144  com.intellij.rml.dfa.impl.rml.ast.RelExprComparison$BinOp
5598:             6            144  com.intellij.rml.dfa.rml.dsl.ast.AttributeBinOp
5599:             6            144  com.intellij.rml.dfa.rml.dsl.ast.RmlDeclarationType
5600:             9            144  com.intellij.rml.dfa.rml.dsl.lang.OptionBuilder
5601:             9            144  com.intellij.spellchecker.tokenizer.CommentTokenizer
5602:             3            144  com.intellij.terminal.frontend.action.TerminalRenameTabAction
5603:             6            144  com.intellij.ui.JBAccountInfoService$LicenseeType
5604:             3            144  com.intellij.ui.components.impl.JBHtmlPaneStyleSheetRulesProvider$ControlColorStyleBuilder
5605:             3            144  com.intellij.ui.docking.impl.DockManagerImpl
5606:             6            144  com.intellij.ui.dsl.builder.DslComponentProperty
5607:             6            144  com.intellij.ui.popup.AbstractPopup$State
5608:             3            144  com.intellij.ui.popup.MovablePopup
5609:             3            144  com.intellij.ui.scale.ScaleContext
5610:             6            144  com.intellij.ui.tabs.FileColorConfiguration
5611:             2            144  com.intellij.ui.treeStructure.Tree$MySelectionModel
5612:             3            144  com.intellij.util.concurrency.ChildContext$runInChildContext$1
5613:             3            144  com.intellij.util.containers.FreezableHashMap
5614:             9            144  com.intellij.util.containers.HashSetInterner
5615:             6            144  com.intellij.util.containers.OptionalKt
5616:             9            144  com.intellij.util.indexing.ValueLessInputMapExternalizer
5617:             9            144  com.intellij.util.indexing.diagnostic.dto.JsonDateTime$Deserializer
5618:             6            144  com.intellij.util.indexing.impl.perFileVersion.PersistentSubIndexerRetriever
5619:             3            144  com.intellij.util.indexing.storage.FileBasedIndexLayoutProviderBean
5620:             6            144  com.intellij.util.text.DateFormatUtil$Period
5621:             9            144  com.intellij.util.xml.DomFileIndex$DomIndexKeyDescriptor
5622:             6            144  com.intellij.vcs.git.repo.GitOperationState
5623:             6            144  com.intellij.workspaceModel.core.fileIndex.WorkspaceFileKind
5624:             2            144  com.intellij.workspaceModel.core.fileIndex.impl.WorkspaceFileIndexDataImpl
5625:             2            144  com.intellij.workspaceModel.ide.impl.WorkspaceModelImpl
5626:             9            144  com.intellij.xml.index.SchemaTypeInheritanceIndex$2
5627:             9            144  com.intellij.xml.index.XmlNamespaceIndex$3
5628:             6            144  com.jediterm.terminal.CursorShape
5629:             6            144  com.jediterm.terminal.emulator.mouse.MouseMode
5630:             6            144  com.jetbrains.cef.remote.thrift.TConfiguration (jcef)
5631:             3            144  com.jetbrains.clones.configuration.DuplicateLanguageState
5632:             2            144  com.jetbrains.jsonSchema.widget.JsonSchemaStatusWidget
5633:             6            144  com.jetbrains.rd.util.LogLevel
5634:             2            144  com.pty4j.unix.PollfdStructureByReference
5635:             3            144  com.sun.management.internal.GarbageCollectorExtImpl (jdk.management@21.0.8)
5636:             1            144  com.sun.org.apache.xerces.internal.parsers.DOMParser (java.xml@21.0.8)
5637:             6            144  dk.brics.automaton.Transition
5638:             2            144  fleet.kernel.TransactorKt$withTransactor$2$1
5639:             6            144  fleet.kernel.rete.QueriesKt$$Lambda/0x0000009802686ce0
5640:             2            144  fleet.kernel.rete.ReteKt$withRete$2$1$1$3
5641:             6            144  fleet.kernel.rete.impl.AdaptiveMap
5642:             2            144  git4idea.branch.GitBranchIncomingOutgoingManager
5643:             3            144  git4idea.remote.hosting.GitAsyncExtensionsKt$mapToServers$1
5644:             9            144  io.grpc.netty.shaded.io.netty.handler.codec.http.HttpMethod
5645:             6            144  io.grpc.netty.shaded.io.netty.util.Recycler$2
5646:             3            144  io.ktor.client.plugins.api.Send$install$1
5647:             2            144  io.ktor.server.engine.EmbeddedServer
5648:             6            144  io.ktor.util.AttributeKey
5649:             6            144  io.ktor.util.reflect.TypeInfo
5650:             3            144  io.netty.handler.codec.DateFormatter
5651:             9            144  io.netty.handler.codec.http.HttpMethod
5652:             6            144  io.netty.util.internal.ThreadExecutorMap$2
5653:             3            144  io.opentelemetry.sdk.metrics.export.PeriodicMetricReader
5654:             6            144  io.opentelemetry.sdk.metrics.internal.view.ExplicitBucketHistogramAggregation$$Lambda/0x00000098049a8000
5655:             2            144  java.awt.MenuItem (java.desktop)
5656:             3            144  java.awt.geom.Rectangle2D$Double (java.desktop)
5657:             6            144  java.lang.Thread$State (java.base@21.0.8)
5658:             3            144  java.lang.ThreadGroup (java.base@21.0.8)
5659:             6            144  java.net.InetSocketAddress$InetSocketAddressHolder (java.base@21.0.8)
5660:             3            144  java.time.temporal.JulianFields$Field (java.base@21.0.8)
5661:             9            144  java.util.Collections$UnmodifiableMap$UnmodifiableEntrySet (java.base@21.0.8)
5662:             9            144  java.util.Hashtable$EntrySet (java.base@21.0.8)
5663:             6            144  java.util.concurrent.Executors$AutoShutdownDelegatedExecutorService (java.base@21.0.8)
5664:             6            144  java.util.regex.Pattern$$Lambda/0x80000005d (java.base@21.0.8)
5665:             6            144  java.util.zip.ZipFile$Source$Key (java.base@21.0.8)
5666:             3            144  javax.imageio.ImageTypeSpecifier$Packed (java.desktop)
5667:             6            144  javax.net.ssl.SNIHostName (java.base@21.0.8)
5668:             6            144  javax.net.ssl.SSLEngineResult$HandshakeStatus (java.base@21.0.8)
5669:             6            144  javax.swing.DefaultSingleSelectionModel (java.desktop)
5670:             6            144  javax.swing.plaf.basic.BasicPopupMenuUI$BasicMenuKeyListener (java.desktop)
5671:             6            144  javax.swing.text.JTextComponent$AccessibleJTextComponent$1 (java.desktop)
5672:             9            144  javax.swing.text.StyleConstants$ParagraphConstants (java.desktop)
5673:             6            144  javax.swing.text.html.StyleSheet$ViewAttributeSet (java.desktop)
5674:             6            144  javax.xml.datatype.DatatypeConstants$Field (java.xml@21.0.8)
5675:             6            144  jdk.internal.net.http.Http1Exchange$State (java.net.http@21.0.8)
5676:             6            144  jdk.internal.net.http.hpack.Decoder$State (java.net.http@21.0.8)
5677:             6            144  jdk.internal.perf.PerfCounter (java.base@21.0.8)
5678:             9            144  jdk.proxy2.$Proxy213 (jdk.proxy2)
5679:             9            144  jdk.proxy2.$Proxy313 (jdk.proxy2)
5680:             6            144  kotlin.coroutines.CombinedContext
5681:             6            144  kotlin.jvm.internal.Ref$LongRef
5682:             9            144  kotlin.reflect.jvm.internal.impl.serialization.deserialization.ClassDeserializer$$Lambda$0
5683:             9            144  kotlin.reflect.jvm.internal.impl.serialization.deserialization.builtins.BuiltInsResourceLoader
5684:             6            144  kotlinx.collections.immutable.implementations.persistentOrderedSet.PersistentOrderedSet
5685:             6            144  kotlinx.coroutines.StandaloneCoroutine
5686:             3            144  kotlinx.coroutines.flow.FlowKt__EmittersKt$onEmpty$$inlined$unsafeFlow$1$1
5687:             6            144  kotlinx.coroutines.flow.FlowKt__EmittersKt$onStart$$inlined$unsafeFlow$1
5688:             6            144  kotlinx.coroutines.flow.FlowKt__LimitKt$drop$2$1
5689:             6            144  kotlinx.coroutines.flow.FlowKt__ReduceKt$first$$inlined$collectWhile$2
5690:             3            144  kotlinx.coroutines.flow.FlowKt__TransformKt$runningFold$$inlined$unsafeFlow$1$1
5691:             3            144  org.apache.lucene.util.fst.FST$FSTMetadata
5692:             3            144  org.apache.lucene.util.fst.ReadWriteDataOutput
5693:             6            144  org.cef.CefApp$CefAppState (jcef)
5694:             9            144  org.editorconfig.language.index.EditorConfigIdentifierIndex$getValueExternalizer$1
5695:             2            144  org.intellij.plugins.intelliLang.inject.config.XmlTagInjection
5696:             2            144  org.intellij.plugins.markdown.lang.psi.impl.MarkdownFile
5697:             3            144  org.intellij.plugins.markdown.ui.preview.MarkdownEditorWithPreview
5698:             9            144  org.jetbrains.completion.full.line.language.supporters.BaseFullLineLanguageSupporter$$Lambda/0x000000980369a000
5699:             2            144  org.jetbrains.jewel.foundation.TextColors
5700:             3            144  org.jetbrains.jewel.foundation.theme.ThemeColorPalette
5701:             2            144  org.jetbrains.jewel.ui.component.styling.CheckboxMetrics
5702:             6            144  org.jetbrains.jewel.ui.component.styling.DividerMetrics
5703:             6            144  org.jetbrains.jewel.ui.component.styling.IconButtonStyle
5704:             6            144  org.jetbrains.jewel.ui.component.styling.ScrollbarMetrics
5705:             6            144  org.jetbrains.plugins.terminal.session.impl.dto.MouseModeDto
5706:             6            144  org.jetbrains.plugins.textmate.plist.PlistValueType
5707:             6            144  org.jetbrains.skia.paragraph.Alignment
5708:             6            144  org.jetbrains.yaml.ImportantSchema
5709:             2            144  org.languagetool.UserConfig
5710:             2            144  org.languagetool.rules.CommaWhitespaceRule
5711:             2            144  org.languagetool.rules.DoublePunctuationRule
5712:             2            144  org.languagetool.rules.EmptyLineRule
5713:             2            144  org.languagetool.rules.MultipleWhitespaceRule
5714:             2            144  org.languagetool.rules.ParagraphRepeatBeginningRule
5715:             2            144  org.languagetool.rules.PunctuationMarkAtParagraphEnd
5716:             2            144  org.languagetool.rules.PunctuationMarkAtParagraphEnd2
5717:             2            144  org.languagetool.rules.SentenceWhitespaceRule
5718:             2            144  org.languagetool.rules.UppercaseSentenceStartRule
5719:             2            144  org.languagetool.rules.WhiteSpaceAtBeginOfParagraph
5720:             2            144  org.languagetool.rules.WhiteSpaceBeforeParagraphEnd
5721:             2            144  org.languagetool.rules.en.ConsistentApostrophesRule
5722:             2            144  org.languagetool.rules.en.EnglishDashRule
5723:             2            144  org.languagetool.rules.en.EnglishSpecificCaseRule
5724:             2            144  org.languagetool.rules.en.EnglishWordRepeatBeginningRule
5725:             2            144  org.languagetool.rules.en.EnglishWordRepeatRule
5726:             2            144  org.languagetool.rules.en.WordCoherencyRule
5727:             3            144  sun.java2d.loops.DrawGlyphList$General (java.desktop)
5728:             3            144  sun.java2d.loops.DrawGlyphListAA$General (java.desktop)
5729:             1            144  sun.java2d.marlin.Dasher (java.desktop)
5730:             1            144  sun.java2d.marlin.RendererContext (java.desktop)
5731:             6            144  sun.lwawt.LWWindowPeer$PeerType (java.desktop)
5732:             2            144  sun.net.www.protocol.jar.URLJarFile (java.base@21.0.8)
5733:             3            144  sun.nio.ch.SelectionKeyImpl (java.base@21.0.8)
5734:             1            144  sun.security.pkcs11.SunPKCS11 (jdk.crypto.cryptoki@21.0.8)
5735:             6            144  sun.security.util.DisabledAlgorithmConstraints$Constraint$Operator (java.base@21.0.8)
5736:             3            144  sun.security.validator.PKIXValidator (java.base@21.0.8)
5737:             1            136  [Lcom.intellij.execution.process.UnixSignal;
5738:             1            136  [Lcom.intellij.grazie.remote.LanguageToolDescriptor;
5739:             2            136  [Lgit4idea.history.GitLogParser$GitLogOption;
5740:             1            136  [Lio.netty.channel.nio.NioIoEvent;
5741:             1            136  [Ljava.time.temporal.ChronoField; (java.base@21.0.8)
5742:             1            136  [Lkotlin.text.CharCategory;
5743:             2            136  [Lokhttp3.CipherSuite;
5744:             1            136  [Lorg.apache.xerces.impl.dv.xs.TypeValidator;
5745:             1            136  [Lorg.jetbrains.skia.BlendMode;
5746:             1            136  com.intellij.rml.dfa.analyzes.PreludeAnalysis
5747:             1            136  com.intellij.util.ui.WordWrapExtension$invoke$1
5748:             1            136  okhttp3.OkHttpClient
5749:             3            128  [Lai.grazie.nlp.langs.alphabet.Alphabet$Group;
5750:             2            128  [Lcom.github.weisj.jsvg.geometry.size.Unit;
5751:             1            128  [Lcom.goide.sdk.GoSdkVersion;
5752:             1            128  [Lcom.google.common.base.StandardSystemProperty;
5753:             1            128  [Lcom.ibm.icu.impl.UCharacterProperty$IntProperty;
5754:             2            128  [Lcom.intellij.codeInsight.hints.InlayGroup;
5755:             2            128  [Lcom.intellij.ide.v.f.v;
5756:             2            128  [Lcom.intellij.internal.statistic.eventLog.connection.StatisticsResult$ResultCode;
5757:             1            128  [Lcom.intellij.lang.javascript.template.postfix.JSPostfixTemplateProvider$JSPostfixTemplateKind;
5758:             1            128  [Lcom.intellij.ml.inline.completion.js.correctness.JSInspectionMessages;
5759:             2            128  [Lcom.intellij.openapi.vfs.impl.local.NativeFileWatcherImpl$WatcherOp;
5760:             5            128  [Lcom.intellij.uiDesigner.core.GridConstraints;
5761:             3            128  [Lcom.intellij.vcs.log.VcsRefType;
5762:             2            128  [Lcom.intellij.workspaceModel.ide.impl.legacyBridge.watcher.LegacyFileWatcher;
5763:             2            128  [Lfleet.kernel.rebase.InstructionCoder;
5764:             4            128  [Ljava.awt.Dimension; (java.desktop)
5765:             3            128  [Ljava.lang.Double; (java.base@21.0.8)
5766:             2            128  [Ljava.security.cert.CRLReason; (java.base@21.0.8)
5767:             2            128  [Ljava.time.Month; (java.base@21.0.8)
5768:             4            128  [Ljava.time.ZoneOffset; (java.base@21.0.8)
5769:             2            128  [Lorg.intellij.lang.regexp.psi.RegExpGroup$Type;
5770:             2            128  [Lsun.awt.image.BufferedImageGraphicsConfig; (java.desktop)
5771:             2            128  [Lsun.security.ssl.SSLSecretDerivation$SecretSchedule; (java.base@21.0.8)
5772:             8            128  ai.grazie.rules.tree.NodePattern$$Lambda/0x0000009804bef0e8
5773:             8            128  ai.grazie.rules.tree.NodePattern$$Lambda/0x0000009804bef340
5774:             4            128  androidx.compose.ui.geometry.Rect
5775:             8            128  androidx.compose.ui.graphics.colorspace.Rgb$Companion$$Lambda/0x0000009803716db8
5776:             8            128  androidx.compose.ui.graphics.colorspace.Rgb$Companion$$Lambda/0x0000009803717010
5777:             8            128  androidx.compose.ui.layout.HorizontalRuler$Companion$$Lambda/0x0000009803d472f0
5778:             8            128  androidx.compose.ui.layout.HorizontalRuler$Companion$$Lambda/0x0000009803d477a0
5779:             4            128  androidx.compose.ui.layout.InnermostInsetsRulers
5780:             8            128  androidx.compose.ui.layout.VerticalRuler$Companion$$Lambda/0x0000009803d46e70
5781:             8            128  androidx.compose.ui.layout.VerticalRuler$Companion$$Lambda/0x0000009803d47548
5782:             4            128  apple.laf.JRSUIConstants$Size (java.desktop)
5783:             8            128  com.android.studio.ml.metrics.CodeAddedDocumentListener
5784:             4            128  com.apple.laf.AquaIcon$FileIcon (java.desktop)
5785:             2            128  com.fasterxml.aalto.util.UriCanonicalizer$BoundedHashMap
5786:             4            128  com.fasterxml.jackson.core.StreamReadCapability
5787:             4            128  com.fasterxml.jackson.core.util.Separators$Spacing
5788:             4            128  com.fasterxml.jackson.databind.introspect.VisibilityChecker$Std
5789:             8            128  com.fasterxml.jackson.databind.ser.BeanSerializerFactory
5790:             4            128  com.fasterxml.jackson.databind.util.EnumValues
5791:             4            128  com.github.benmanes.caffeine.cache.Pacer
5792:             4            128  com.github.weisj.jsvg.f
5793:             4            128  com.goide.controlflow.instructions.GoAssignmentStatementInstruction
5794:             4            128  com.goide.controlflow.instructions.GoExpressionStatementInstruction
5795:             4            128  com.goide.dfa.symbolicExecution.interpreter.ResourceState
5796:             4            128  com.goide.documentation.GoDocLink$Type
5797:             4            128  com.goide.execution.GoConsoleFilter
5798:             8            128  com.goide.postfix.GoPostfixTemplateProvider$1
5799:             4            128  com.goide.psi.impl.GoPackage
5800:             4            128  com.goide.psi.impl.imports.GoImportReference
5801:             4            128  com.goide.util.GoBuildMatcher$MatchingCause
5802:             8            128  com.goide.util.Value
5803:             4            128  com.google.cloud.tools.intellij.analytics.MetricsEnvironmentProviderBase$MetricsEnvironment
5804:             4            128  com.google.protobuf.FieldType$Collection
5805:             8            128  com.google.tools.intellij.aiplugin.experimentation.ExperimentationFlagsServiceImpl$special$$inlined$map$1$2
5806:             2            128  com.ibm.icu.impl.Trie2_16
5807:             4            128  com.ibm.icu.impl.UCharacterProperty$NormInertBinaryProperty
5808:             4            128  com.intellij.codeInsight.codeVision.ui.CodeVisionView$$Lambda/0x000000980563e268
5809:             4            128  com.intellij.codeInsight.codeVision.ui.renderers.InlineCodeVisionInlayRenderer
5810:             2            128  com.intellij.codeInsight.daemon.LineMarkerInfo
5811:             4            128  com.intellij.codeInsight.daemon.impl.TrafficLightRenderer$DefaultUIController
5812:             4            128  com.intellij.codeInsight.editorActions.TextBlockTransferable
5813:             4            128  com.intellij.codeInsight.hints.presentation.InlayTextMetricsStamp
5814:             4            128  com.intellij.codeInsight.inline.completion.logs.InlineCompletionUsageTracker$Listener
5815:             4            128  com.intellij.codeInsight.inline.edit.InlineEditRequestExecutorImpl
5816:             2            128  com.intellij.configurationStore.ProjectStateStorageManager
5817:             4            128  com.intellij.cwm.plugin.common.tabection.CWMContentTabActionProvider$CWMUsersIcon
5818:             4            128  com.intellij.database.csv.PersistentCsvFormat
5819:             4            128  com.intellij.database.settings.DatabaseSettings$ExecOption
5820:             1            128  com.intellij.diagnostic.IdeHeartbeatEventReporterService$heartBeatRoutine$1
5821:             1            128  com.intellij.diff.statistics.DiffUsagesCollector
5822:             4            128  com.intellij.dvcs.branch.BranchStorage
5823:             2            128  com.intellij.dvcs.repo.VcsRepositoryManager
5824:             8            128  com.intellij.execution.actions.RunContextAction$$Lambda/0x00000098028438d0
5825:             2            128  com.intellij.execution.configurations.RunConfigurationOptions
5826:             4            128  com.intellij.execution.impl.EditorHyperlinkEffectSupport
5827:             2            128  com.intellij.find.impl.LangFindSettingsImpl
5828:             8            128  com.intellij.formatting.Indent$Type
5829:             4            128  com.intellij.formatting.WrapType
5830:             4            128  com.intellij.go.linter.statistics.GoLinterCounterCollector$OnboardingNotificationContext
5831:             4            128  com.intellij.grid.scripting.impl.DataLoaderPluginsManager$DataLoaderPlugin
5832:             4            128  com.intellij.ide.ProjectColors
5833:             2            128  com.intellij.ide.ReopenProjectAction
5834:             4            128  com.intellij.ide.diff.DirDiffSettings$CompareMode
5835:             8            128  com.intellij.ide.highlighter.custom.impl.StandardFileTypeRegistrar$MyCommenter
5836:             2            128  com.intellij.ide.navigationToolbar.rider.RiderMainToolbarBorderLayout
5837:             4            128  com.intellij.ide.plugins.ModuleLoadingRule
5838:             2            128  com.intellij.ide.projectView.impl.ProjectViewPane
5839:             8            128  com.intellij.ide.ui.UiThemePaletteCheckBoxScope$$Lambda/0x0000009802728000
5840:             4            128  com.intellij.ide.ui.laf.darcula.ui.DarculaDisclosureButtonListener
5841:             4            128  com.intellij.ide.ui.laf.darcula.ui.DarculaTextAreaUI$RoundedBorderSupportHandler
5842:             8            128  com.intellij.ide.ui.laf.darcula.ui.TextFieldWithPopupHandlerUI$Handler
5843:             8            128  com.intellij.ide.ui.laf.darcula.ui.ToolbarComboButtonUI$MyClickListener
5844:             8            128  com.intellij.ide.ui.laf.darcula.ui.ToolbarComboButtonUI$MyHoverListener
5845:             8            128  com.intellij.ide.util.projectWizard.ProjectSettingsStepBase$$Lambda/0x00000098040bf560
5846:             2            128  com.intellij.ide.v.R.vL
5847:             2            128  com.intellij.idea.Main$mainImpl$1
5848:             4            128  com.intellij.indexing.shared.metadata.SharedIndexIntellijMetadata
5849:             4            128  com.intellij.internal.statistic.config.eventLog.EventLogBuildType
5850:             2            128  com.intellij.internal.statistic.eventLog.LocalStatisticsFileEventLogger
5851:             4            128  com.intellij.internal.statistic.utils.EventRateThrottleResult
5852:             8            128  com.intellij.javascript.nodejs.interpreter.NodeJsInterpreterRef
5853:             4            128  com.intellij.javascript.terminal.PackageManager
5854:             4            128  com.intellij.javascript.testing.runScope.JsTestRunScope
5855:             2            128  com.intellij.kubernetes.config.KubernetesProjectOptions
5856:             4            128  com.intellij.lang.javascript.formatter.JSCodeStyleSettings$JSXAttributeValuePresentation
5857:             4            128  com.intellij.lang.javascript.psi.JSVarStatement$VarKeyword
5858:             4            128  com.intellij.lang.javascript.types.TypeScriptEmbeddedContentElementType
5859:             4            128  com.intellij.notification.NotificationDisplayType
5860:             4            128  com.intellij.notification.impl.NotificationGroupEP$DisplayType
5861:             8            128  com.intellij.openapi.actionSystem.Presentation$$Lambda/0x000000980282a4f0
5862:             4            128  com.intellij.openapi.application.impl.EdtDispatcherKind
5863:             8            128  com.intellij.openapi.command.impl.DocumentReferenceByVirtualFile
5864:             2            128  com.intellij.openapi.editor.colors.impl.DefaultColorsScheme
5865:             4            128  com.intellij.openapi.editor.colors.impl.TextAttributesReader$FontStyle
5866:             8            128  com.intellij.openapi.editor.impl.CaretModelImpl$$Lambda/0x00000098043e6200
5867:             8            128  com.intellij.openapi.editor.impl.EditorGutterComponentImpl$$Lambda/0x00000098044099e8
5868:             8            128  com.intellij.openapi.editor.impl.EditorGutterComponentImpl$1
5869:             8            128  com.intellij.openapi.editor.impl.EditorImpl$$Lambda/0x000000980442c8d8
5870:             8            128  com.intellij.openapi.editor.impl.EditorImpl$$Lambda/0x000000980442cfc8
5871:             8            128  com.intellij.openapi.editor.impl.EditorImpl$2
5872:             8            128  com.intellij.openapi.editor.impl.EditorImpl$5
5873:             8            128  com.intellij.openapi.editor.impl.EditorImpl$6
5874:             8            128  com.intellij.openapi.editor.impl.EditorImpl$EditorDocumentAdapter
5875:             8            128  com.intellij.openapi.editor.impl.EditorMarkupModelImpl$$Lambda/0x00000098043da020
5876:             8            128  com.intellij.openapi.editor.impl.EditorMarkupModelImpl$4
5877:             8            128  com.intellij.openapi.editor.impl.EditorMarkupModelImpl$6
5878:             8            128  com.intellij.openapi.editor.impl.EditorMarkupModelImpl$populateInspectionWidgetActionsFromExtensions$1
5879:             8            128  com.intellij.openapi.editor.impl.EditorSettingsState$$Lambda/0x00000098043a61f8
5880:             8            128  com.intellij.openapi.editor.impl.EditorSettingsState$$Lambda/0x00000098043a6450
5881:             8            128  com.intellij.openapi.editor.impl.EditorSettingsState$$Lambda/0x00000098043a66a8
5882:             8            128  com.intellij.openapi.editor.impl.EditorSettingsState$4
5883:             8            128  com.intellij.openapi.editor.impl.EditorSettingsState$5
5884:             8            128  com.intellij.openapi.editor.impl.FoldingPopupManager
5885:             8            128  com.intellij.openapi.editor.impl.ImmediatePainter$$Lambda/0x00000098043f94e8
5886:             8            128  com.intellij.openapi.editor.impl.event.EditorEventMulticasterImpl$2
5887:             8            128  com.intellij.openapi.editor.impl.event.EditorEventMulticasterImpl$3
5888:             8            128  com.intellij.openapi.editor.impl.view.TextLayoutCache$1
5889:             4            128  com.intellij.openapi.editor.markup.GutterIconRenderer$Alignment
5890:             4            128  com.intellij.openapi.editor.richcopy.view.RtfTransferableData
5891:             2            128  com.intellij.openapi.externalSystem.autoimport.AutoImportProjectTracker
5892:             2            128  com.intellij.openapi.externalSystem.service.project.manage.ExternalProjectsManagerImpl
5893:             4            128  com.intellij.openapi.fileEditor.impl.text.EditorHighlighterUpdater
5894:             4            128  com.intellij.openapi.fileEditor.impl.text.TextEditorComponent$$Lambda/0x00000098044b8e98
5895:             4            128  com.intellij.openapi.fileEditor.impl.text.TextEditorComponent$MyDocumentListener
5896:             4            128  com.intellij.openapi.keymap.KeymapUtil$RedispatchEventAction
5897:             4            128  com.intellij.openapi.observable.properties.AtomicProperty
5898:             2            128  com.intellij.openapi.ui.LoadingLayerAnimator
5899:             4            128  com.intellij.openapi.updateSettings.impl.ChannelStatus
5900:             4            128  com.intellij.openapi.updateSettings.impl.ExternalUpdateManager
5901:             4            128  com.intellij.openapi.vcs.StartedActivated$MySection
5902:             8            128  com.intellij.openapi.vcs.changes.ui.ChangesBrowserNode$VcsBundleTag
5903:             2            128  com.intellij.openapi.vcs.impl.projectlevelman.NewMappings
5904:             8            128  com.intellij.openapi.vfs.newvfs.persistent.PersistentFS$$Lambda/0x000000980330d498
5905:             8            128  com.intellij.openapi.vfs.newvfs.persistent.SpecializedFileAttributes$FastIntFileAttributeAccessor
5906:             8            128  com.intellij.openapi.wm.impl.DefaultCutStrategy
5907:             8            128  com.intellij.openapi.wm.impl.ToolbarComboButton$$Lambda/0x0000009802dfa7e8
5908:             4            128  com.intellij.openapi.wm.impl.content.ContentLabel$1
5909:             4            128  com.intellij.openapi.wm.impl.content.ContentLabel$ContentLabelBorder
5910:             8            128  com.intellij.openapi.wm.impl.content.ToolWindowContentUi$1$1
5911:             8            128  com.intellij.platform.debugger.impl.frontend.hotswap.HotSwapFloatingToolbarProviderKt$installPopupMenu$1
5912:             4            128  com.intellij.platform.execution.serviceView.ServiceViewManagerImpl$State
5913:             2            128  com.intellij.platform.ide.impl.presentationAssistant.PresentationAssistantState
5914:             8            128  com.intellij.platform.ide.nonModalWelcomeScreen.leftPanel.LeftPanelDisclosureButtonAction
5915:             8            128  com.intellij.platform.rpc.logger.IjLogger
5916:             2            128  com.intellij.platform.util.coroutines.flow.FlowKt$debounceBatch$1
5917:             8            128  com.intellij.platform.workspace.storage.impl.WorkspaceEntityExtensionDelegate
5918:             8            128  com.intellij.platform.workspace.storage.impl.WorkspaceEntityExtensionDelegateMutable
5919:             2            128  com.intellij.plugins.intelliLang.inject.JSTaggedLiteralInjection
5920:             4            128  com.intellij.psi.FilePropertyStringKey
5921:             8            128  com.intellij.psi.codeStyle.ExcludedFiles$State
5922:             8            128  com.intellij.psi.codeStyle.StoredOptionsContainer
5923:             8            128  com.intellij.psi.filters.XmlTextFilter
5924:             2            128  com.intellij.psi.impl.source.html.HtmlFileImpl
5925:             4            128  com.intellij.psi.impl.source.resolve.reference.PsiReferenceRegistrarImpl$2
5926:             8            128  com.intellij.psi.impl.source.resolve.reference.impl.providers.XmlBaseReferenceProvider
5927:             8            128  com.intellij.psi.tree.TokenSet$OrPredicate
5928:             4            128  com.intellij.refactoring.suggested.SuggestedRefactoringChangeCollector$EditingStartedUndoableAction
5929:             2            128  com.intellij.remoteServer.impl.configuration.deployment.DeployToServerRunConfiguration
5930:             1            128  com.intellij.rml.dfa.analyzes.MayPointsToAnalysis
5931:             4            128  com.intellij.rml.dfa.impl.rml.ast.RelExprVarEquivalence
5932:             4            128  com.intellij.rml.dfa.impl.rml.ast.StmtPrint
5933:             4            128  com.intellij.spellchecker.statistics.SpellcheckerRateTracker
5934:             4            128  com.intellij.sql.dialects.postgres.psi.stubs.PgRoutineStubElementType
5935:             2            128  com.intellij.station.core.impl.StationSocketConnectionLoop$connectWithRetries$2
5936:             4            128  com.intellij.swagger.core.SwDownloadableFileType
5937:             2            128  com.intellij.tasks.impl.TaskManagerImpl
5938:             2            128  com.intellij.tasks.impl.TaskManagerImpl$1
5939:             2            128  com.intellij.terminal.frontend.view.impl.TerminalEventsHandlerImpl
5940:             8            128  com.intellij.ui.MouseDragHelper$1
5941:             4            128  com.intellij.ui.components.DefaultLinkButtonUI
5942:             4            128  com.intellij.ui.components.DefaultLinkButtonUI$createButtonListener$1
5943:             8            128  com.intellij.ui.components.TextComponentEmptyText$1
5944:             4            128  com.intellij.ui.components.WideSelectionListCache
5945:             2            128  com.intellij.ui.tree.ui.DefaultTreeLayoutCache
5946:             2            128  com.intellij.ui.treeStructure.Tree$1
5947:             8            128  com.intellij.util.Alarm$$Lambda/0x0000009802cb61e0
5948:             4            128  com.intellij.util.concurrency.ContextCallable
5949:             4            128  com.intellij.util.concurrency.QueueProcessor
5950:             8            128  com.intellij.util.containers.WeakInterner
5951:             2            128  com.intellij.util.indexing.UnindexedFilesScannerExecutorImpl
5952:             4            128  com.intellij.util.io.BaseInputStreamReader
5953:             8            128  com.intellij.util.io.PersistentHashMapValueStorage$SyncAbleBufferedOutputStreamOverCachedFileChannel$OutputStreamOverRandomAccessFileCache
5954:             4            128  com.intellij.util.io.SimpleStringPersistentEnumerator
5955:             2            128  com.intellij.util.net.HttpConfigurable
5956:             2            128  com.intellij.vcs.git.frontend.widget.GitWidgetStateHolder$special$$inlined$flatMapLatest$1
5957:             2            128  com.intellij.vcs.log.data.index.IndexDiagnosticRunner$rootsFlow$1
5958:             4            128  com.intellij.workspaceModel.core.fileIndex.impl.ExcludedFileSet$ByCondition
5959:             4            128  com.intellij.workspaceModel.ide.impl.legacyBridge.module.roots.OrderRootsCacheBridge
5960:             4            128  com.intellij.xdebugger.impl.breakpoints.XLineBreakpointManager
5961:             4            128  com.jetbrains.T.v.v.v.C.v.j
5962:             4            128  com.jetbrains.T.v.vf
5963:             4            128  com.jetbrains.cef.remote.thrift_codegen.ClientHandlers$LoadHandler_OnLoadingStateChange_args$_Fields (jcef)
5964:             4            128  com.jetbrains.cef.remote.thrift_codegen.ClientHandlers$ResourceRequestHandler_GetCookieAccessFilter_args$_Fields (jcef)
5965:             4            128  com.jetbrains.cef.remote.thrift_codegen.ClientHandlers$ResourceRequestHandler_GetResourceHandler_args$_Fields (jcef)
5966:             4            128  com.jetbrains.cef.remote.thrift_codegen.ClientHandlers$ResourceRequestHandler_OnBeforeResourceLoad_args$_Fields (jcef)
5967:             4            128  com.jetbrains.cef.remote.thrift_codegen.RObject$_Fields (jcef)
5968:             4            128  com.jetbrains.cef.remote.thrift_codegen.Rect$_Fields (jcef)
5969:             4            128  com.jetbrains.cef.remote.thrift_codegen.Server$Browser_ExecuteJavaScript_args$_Fields (jcef)
5970:             4            128  com.jetbrains.clones.configuration.RestrictedDuplicateScope
5971:             4            128  com.jetbrains.internal.IoOverNio$Debug (java.base@21.0.8)
5972:             4            128  com.jetbrains.rd.util.lifetime.LifetimeTerminationTimeoutKind
5973:             4            128  com.jetbrains.rd.util.reactive.IViewableMap$view$1
5974:             4            128  com.jetbrains.rhizomedb.Attributes$Many
5975:             4            128  com.sun.jmx.mbeanserver.DefaultMXBeanMappingFactory$ArrayMapping (java.management@21.0.8)
5976:             4            128  com.sun.jmx.mbeanserver.DefaultMXBeanMappingFactory$EnumMapping (java.management@21.0.8)
5977:             4            128  com.sun.org.apache.xerces.internal.util.XMLResourceIdentifierImpl (java.xml@21.0.8)
5978:             8            128  com.sun.proxy.jdk.proxy1.$Proxy1 (jdk.proxy1)
5979:             2            128  com.sun.security.sasl.gsskerb.JdkSASL$ProviderService (jdk.security.jgss@21.0.8)
5980:             2            128  fleet.kernel.TransactorKt$withTransactor$2$1$1$1
5981:             4            128  fleet.kernel.rete.impl.Node
5982:             8            128  fleet.util.logging.KLogger
5983:             4            128  git4idea.remote.hosting.SingleHostedGitRepositoryConnectionManagerImpl
5984:             1            128  git4idea.repo.GitRepositoryFiles
5985:             2            128  io.grpc.netty.shaded.io.netty.buffer.PooledByteBufAllocator
5986:             2            128  io.grpc.netty.shaded.io.netty.buffer.UnpooledByteBufAllocator$InstrumentedUnpooledUnsafeDirectByteBuf
5987:             8            128  io.grpc.netty.shaded.io.netty.channel.nio.NioEventLoop$1
5988:             8            128  io.grpc.netty.shaded.io.netty.util.concurrent.FastThreadLocalRunnable
5989:             8            128  io.grpc.netty.shaded.io.netty.util.concurrent.SingleThreadEventExecutor$4
5990:             8            128  io.ktor.client.HttpClientConfig$$Lambda/0x0000009803798ff0
5991:             8            128  io.ktor.events.EventDefinition
5992:             4            128  io.ktor.network.selector.SelectInterest
5993:             4            128  io.ktor.server.routing.RouteSelectorEvaluation$Failure
5994:             2            128  io.netty.buffer.SizeClasses
5995:             2            128  io.netty.buffer.UnpooledByteBufAllocator$InstrumentedUnpooledUnsafeDirectByteBuf
5996:             2            128  io.netty.channel.ChannelOutboundBuffer
5997:             2            128  io.netty.channel.DefaultChannelPipeline$HeadContext
5998:             8            128  io.netty.channel.SingleThreadIoEventLoop$$Lambda/0x0000009802517190
5999:             8            128  io.netty.channel.SingleThreadIoEventLoop$1
6000:             8            128  io.netty.channel.nio.NioIoHandler$1
6001:             8            128  io.netty.channel.nio.NioIoOps
6002:             8            128  io.netty.channel.nio.NioIoOps$DefaultNioIoEvent
6003:             8            128  io.netty.handler.codec.http.DefaultHttpHeaders
6004:             8            128  it.unimi.dsi.fastutil.longs.Long2ObjectOpenHashMap$MapEntrySet
6005:             2            128  it.unimi.dsi.fastutil.objects.Object2BooleanOpenHashMap
6006:             8            128  it.unimi.dsi.fastutil.objects.Object2ObjectOpenHashMap$1
6007:             1            128  java.awt.EventDispatchThread (java.desktop)
6008:             2            128  java.awt.event.InvocationEvent (java.desktop)
6009:             4            128  java.lang.Enum$EnumDesc (java.base@21.0.8)
6010:             4            128  java.lang.invoke.VarHandleByteArrayAsInts$ByteBufferHandle (java.base@21.0.8)
6011:             4            128  java.lang.module.ModuleDescriptor$Modifier (java.base@21.0.8)
6012:             4            128  java.lang.module.ModuleDescriptor$Requires$Modifier (java.base@21.0.8)
6013:             2            128  java.net.SocksSocketImpl (java.base@21.0.8)
6014:             4            128  java.security.spec.PSSParameterSpec (java.base@21.0.8)
6015:             4            128  java.util.HexFormat (java.base@21.0.8)
6016:             8            128  java.util.WeakHashMap$Values (java.base@21.0.8)
6017:             8            128  java.util.concurrent.Executors$PrivilegedThreadFactory$1$1 (java.base@21.0.8)
6018:             4            128  java.util.concurrent.LinkedTransferQueue$DualNode (java.base@21.0.8)
6019:             4            128  java.util.prefs.MacOSXPreferencesFile (java.prefs@21.0.8)
6020:             8            128  java.util.regex.CharPredicates$$Lambda/0x000000980224cb10 (java.base@21.0.8)
6021:             4            128  javax.swing.ClientPropertyKey (java.desktop)
6022:             8            128  javax.swing.JTextField$ScrollRepainter (java.desktop)
6023:             2            128  javax.swing.table.TableColumn (java.desktop)
6024:             4            128  javax.swing.text.DefaultEditorKit$VerticalPageAction (java.desktop)
6025:             4            128  javax.swing.text.DefaultStyledDocument$AbstractChangeHandler$DocReference (java.desktop)
6026:             2            128  javax.swing.text.html.HTMLEditorKit (java.desktop)
6027:             1            128  javax.swing.text.html.HTMLEditorKit$HTMLFactory$BodyBlockView (java.desktop)
6028:             4            128  javax.swing.text.html.HTMLEditorKit$LinkController (java.desktop)
6029:             4            128  javax.swing.tree.DefaultMutableTreeNode (java.desktop)
6030:             4            128  jdk.internal.logger.BootstrapLogger$LoggingBackend (java.base@21.0.8)
6031:             4            128  jdk.internal.reflect.DirectMethodHandleAccessor$NativeAccessor (java.base@21.0.8)
6032:             8            128  jdk.proxy1.$Proxy150 (jdk.proxy1)
6033:             8            128  jdk.proxy1.$Proxy32 (jdk.proxy1)
6034:             8            128  jdk.proxy2.$Proxy171 (jdk.proxy2)
6035:             8            128  kotlin.jvm.internal.Ref$IntRef
6036:             8            128  kotlin.jvm.internal.Ref$ObjectRef
6037:             8            128  kotlin.reflect.jvm.internal.impl.builtins.PrimitiveType$$Lambda$0
6038:             8            128  kotlin.reflect.jvm.internal.impl.builtins.PrimitiveType$$Lambda$1
6039:             4            128  kotlin.reflect.jvm.internal.impl.builtins.UnsignedArrayType
6040:             4            128  kotlin.reflect.jvm.internal.impl.builtins.jvm.JvmBuiltInsPackageFragmentProvider
6041:             4            128  kotlin.reflect.jvm.internal.impl.km.MemberKind
6042:             4            128  kotlin.reflect.jvm.internal.impl.km.Modality
6043:             4            128  kotlin.reflect.jvm.internal.impl.load.java.Jsr305Settings
6044:             4            128  kotlin.reflect.jvm.internal.impl.load.java.descriptors.JavaMethodDescriptor$ParameterNamesStatus
6045:             8            128  kotlin.reflect.jvm.internal.impl.load.kotlin.JvmType$Primitive
6046:             4            128  kotlin.reflect.jvm.internal.impl.metadata.ProtoBuf$MemberKind
6047:             4            128  kotlin.reflect.jvm.internal.impl.metadata.ProtoBuf$Modality
6048:             4            128  kotlin.reflect.jvm.internal.impl.metadata.ProtoBuf$Type$Argument$Projection
6049:             4            128  kotlin.reflect.jvm.internal.impl.resolve.scopes.StaticScopeForKotlinEnum
6050:             4            128  kotlin.reflect.jvm.internal.impl.serialization.deserialization.descriptors.DeserializedClassDescriptor$EnumEntryClassDescriptors
6051:             4            128  kotlin.reflect.jvm.internal.impl.types.FlexibleTypeWithEnhancement
6052:             4            128  kotlinx.coroutines.flow.internal.ChannelLimitedFlowMerge
6053:             4            128  kotlinx.html.AreaShape
6054:             4            128  kotlinx.html.ThScope
6055:             8            128  kotlinx.serialization.internal.MutableSoftReference
6056:             4            128  kotlinx.serialization.json.internal.WriteMode
6057:             4            128  kotlinx.serialization.json.internal.WriteMode
6058:             2            128  org.apache.xerces.impl.xpath.regex.RegularExpression
6059:             4            128  org.intellij.plugins.intelliLang.Configuration
6060:             4            128  org.intellij.plugins.markdown.lang.lexer.MarkdownMergingLexer
6061:             2            128  org.jetbrains.jewel.foundation.theme.ThemeDefinition
6062:             4            128  org.jetbrains.jewel.ui.component.styling.DropdownStyle
6063:             2            128  org.jetbrains.jewel.ui.component.styling.LinkColors
6064:             2            128  org.jetbrains.jewel.ui.component.styling.RadioButtonColors
6065:             2            128  org.jetbrains.jewel.ui.component.styling.SegmentedControlButtonColors
6066:             4            128  org.jetbrains.jewel.ui.component.styling.TabMetrics
6067:             4            128  org.jetbrains.jewel.ui.component.styling.TabStyle
6068:             2            128  org.jetbrains.plugins.gitlab.api.GitLabProjectConnectionManager$connectionFactory$3
6069:             2            128  org.jetbrains.plugins.gitlab.mergerequest.ui.GitLabProjectViewModel
6070:             4            128  org.jetbrains.plugins.terminal.block.reworked.hyperlinks.TerminalHyperlinksModel
6071:             4            128  org.jetbrains.plugins.terminal.view.impl.MutableTerminalOutputModelImpl$HighlightingsModel
6072:             4            128  org.languagetool.rules.ml.MLServerProto$SuggestedReplacement$SuggestionType
6073:             4            128  org.languagetool.rules.spelling.morfologik.MorfologikMultiSpeller$BufferedReaderWithSource
6074:             4            128  org.languagetool.tools.Cache.ProtoResultCache$CachedResultMatch$MatchType
6075:             4            128  org.slf4j.helpers.Reporter$Level
6076:             4            128  sun.java2d.cmm.ProfileDeferralInfo (java.desktop)
6077:             2            128  sun.java2d.marlin.Helpers$PolyStack (java.desktop)
6078:             2            128  sun.java2d.metal.MTLAnyCompositeBlit (java.desktop)
6079:             1            128  sun.nio.fs.MacOSXWatchService$CFRunLoopThread (java.base@21.0.8)
6080:             2            128  sun.security.jgss.SunProvider$ProviderService (java.security.jgss@21.0.8)
6081:             2            128  sun.security.provider.SHA2$SHA256 (java.base@21.0.8)
6082:             4            128  sun.security.ssl.Finished$VerifyDataScheme (java.base@21.0.8)
6083:             4            128  sun.security.ssl.SSLTrafficKeyDerivation (java.base@21.0.8)
6084:             8            128  sun.swing.StringUIClientPropertyKey (java.desktop)
6085:             8            128  tech.units.indriya.quantity.QuantityDimension
6086:             1            120  [Lcom.goide.completion.GoMLCompletionFeatures$GoKeyword;
6087:             1            120  [Lcom.intellij.execution.configurations.ConfigurationType;
6088:             3            120  [Lcom.intellij.internal.statistic.eventLog.events.EnumEventField;
6089:             3            120  [Lcom.intellij.lang.javascript.psi.JSFunction$FunctionKind;
6090:             1            120  [Lcom.intellij.lang.javascript.types.TypeScriptTypeElementType;
6091:             5            120  [Lcom.intellij.util.indexing.diagnostic.IndexStatisticGroup$IndexingActivityType;
6092:             1            120  [Ljava.awt.SystemColor; (java.desktop)
6093:             3            120  [Ljava.lang.invoke.LambdaForm$BasicType; (java.base@21.0.8)
6094:             1            120  [Lorg.jetbrains.completion.full.line.experiments.CommonExperiments;
6095:             2            120  [Lsun.security.util.ObjectIdentifier; (java.base@21.0.8)
6096:             5            120  ai.grazie.detector.ngram.WordBloomFilter
6097:             3            120  androidx.compose.animation.core.CubicBezierEasing
6098:             5            120  androidx.compose.runtime.SnapshotMutableStateImpl
6099:             3            120  androidx.compose.runtime.snapshots.SnapshotIdSet
6100:             5            120  androidx.compose.ui.node.LayoutNode$LayoutState
6101:             5            120  androidx.compose.ui.unit.DensityImpl
6102:             5            120  androidx.lifecycle.Lifecycle$State
6103:             5            120  apple.laf.JRSUIConstants$PropertyEncoding (java.desktop)
6104:             5            120  com.android.studio.ml.SmlCodeCompletionEvent$CompletionRevisionInfo$RevisionTrigger
6105:             5            120  com.android.studio.ml.SmlCodeCompletionRequest$RelatedFileReason
6106:             5            120  com.fasterxml.jackson.annotation.JsonTypeInfo$As
6107:             5            120  com.fasterxml.jackson.annotation.Nulls
6108:             5            120  com.fasterxml.jackson.core.JsonParser$NumberTypeFP
6109:             5            120  com.fasterxml.jackson.core.type.WritableTypeId$Inclusion
6110:             5            120  com.fasterxml.jackson.core.util.BufferRecycler
6111:             5            120  com.fasterxml.jackson.databind.annotation.JsonSerialize$Inclusion
6112:             5            120  com.fasterxml.jackson.databind.util.CompactStringObjectMap
6113:             5            120  com.fasterxml.jackson.databind.util.internal.PrivateMaxEntriesMap$EntrySet
6114:             5            120  com.github.markusbernhardt.proxy.util.Logger$LogLevel
6115:             5            120  com.github.markusbernhardt.proxy.util.PlatformUtil$Desktop
6116:             5            120  com.github.markusbernhardt.proxy.util.PlatformUtil$Platform
6117:             5            120  com.goide.comments.GoCommentSpanType
6118:             5            120  com.goide.completion.GoKeywordCompletionContributor$GoTypeBeforeUnexpectedTokens
6119:             5            120  com.goide.dfa.translator.GoValueContract
6120:             5            120  com.goide.generate.GoGenerateTestActionBase$GoGenerateTestActionHandler
6121:             5            120  com.goide.inspections.GoExcludedFunctionsAndMethodsSettings
6122:             5            120  com.goide.inspections.buildTag.GoBuildElementType
6123:             5            120  com.goide.inspections.tag.GoTagValueCompletionContributor$Options
6124:             5            120  com.goide.inspections.vet.GoStandardMethodsInspection$AnonymousSignature
6125:             3            120  com.goide.postfix.GoDereferencePostfixTemplate
6126:             3            120  com.goide.postfix.GoPointerPostfixTemplate
6127:             5            120  com.goide.psi.impl.GoInterfaceTypeImpl
6128:             3            120  com.goide.sdk.GoSdkImpl
6129:             3            120  com.goide.stubs.GoTypeParamDefinitionStub
6130:             3            120  com.goide.vgo.project.workspaceModel.entities.impl.VgoModuleCacheDirectoryEntityImpl
6131:             3            120  com.google.common.base.Stopwatch
6132:             5            120  com.google.common.collect.ImmutableMapEntry$NonTerminalImmutableMapEntry
6133:             5            120  com.google.gson.internal.bind.ObjectTypeAdapter
6134:             3            120  com.ibm.icu.impl.ICUResourceBundle$WholeBundle
6135:             5            120  com.ibm.icu.number.NumberFormatter$GroupingStrategy
6136:             5            120  com.intellij.codeInsight.completion.CompletionAssertions$RangeMarkerSpy
6137:             5            120  com.intellij.codeInsight.completion.TypedEvent$TypedHandlerPhase
6138:             5            120  com.intellij.codeInsight.daemon.impl.AnalysisStatus
6139:             5            120  com.intellij.codeInsight.daemon.impl.DaemonEditorPopup
6140:             3            120  com.intellij.codeInsight.daemon.impl.SeverityRegistrar
6141:             5            120  com.intellij.codeInsight.daemon.impl.analysis.FileHighlightingSetting
6142:             5            120  com.intellij.codeInsight.editorActions.enter.EnterHandlerDelegate$Result
6143:             5            120  com.intellij.codeInsight.folding.impl.FoldingUpdate$$Lambda/0x0000009804a1f7d8
6144:             5            120  com.intellij.codeInsight.hint.TooltipGroup
6145:             5            120  com.intellij.codeInsight.hints.codeVision.CodeVisionFusProviderStorage
6146:             5            120  com.intellij.codeInsight.intention.PriorityAction$Priority
6147:             5            120  com.intellij.codeInsight.lookup.impl.LookupUsageTracker$CompletionChar
6148:             5            120  com.intellij.codeInsight.template.LiveTemplateInternalContextBean
6149:             3            120  com.intellij.configurationStore.ProjectWithModulesStoreReloadManagerImpl
6150:             3            120  com.intellij.database.DbmsExtension
6151:             5            120  com.intellij.database.dataSource.LocalDataSourceSerialization$SaveMode
6152:             5            120  com.intellij.database.settings.DatabaseSettings$ShowServicesMode
6153:             3            120  com.intellij.diagnostic.ApdexData
6154:             5            120  com.intellij.diagnostic.LongDiffer
6155:             1            120  com.intellij.diagnostic.OtelReportingEventWatcher
6156:             1            120  com.intellij.diagnostic.opentelemetry.JVMStatsToOTelReporter$ReportingService$$Lambda/0x0000009803ff2000
6157:             3            120  com.intellij.diff.tools.util.base.HighlightingLevel
6158:             5            120  com.intellij.execution.process.ProcessHandler$TasksRunner
6159:             5            120  com.intellij.execution.runToolbar.data.RWSlotManagerState
6160:             5            120  com.intellij.grazie.utils.TextStyleDomain
6161:             5            120  com.intellij.ide.ImportOldConfigsUsagesCollector$ImportOldConfigType
6162:             5            120  com.intellij.ide.plugins.newui.PluginStatus
6163:             5            120  com.intellij.ide.projectView.impl.ProjectViewImpl$MySelectInTarget
6164:             3            120  com.intellij.ide.projectView.impl.ProjectViewState
6165:             3            120  com.intellij.ide.scratch.workspace.impl.ScratchRootsEntityImpl
6166:             3            120  com.intellij.ide.ui.AntialiasingType
6167:             5            120  com.intellij.ide.ui.TargetUIType
6168:             5            120  com.intellij.ide.ui.UINumericRange
6169:             3            120  com.intellij.ide.ui.laf.LookAndFeelThemeAdapter
6170:             5            120  com.intellij.ide.ui.laf.darcula.ui.DarculaComboBoxBorder$Type
6171:             5            120  com.intellij.ide.util.TipEntity
6172:             3            120  com.intellij.indexing.shared.util.zipFs.UncompressedZipFileSystem
6173:             5            120  com.intellij.internal.statistic.eventLog.EventLogInternalApplicationInfo
6174:             5            120  com.intellij.internal.statistic.eventLog.MachineId
6175:             5            120  com.intellij.internal.statistic.eventLog.RecorderOptionProvider
6176:             5            120  com.intellij.internal.statistic.eventLog.connection.EventLogUploadSettingsClient
6177:             5            120  com.intellij.internal.statistic.eventLog.connection.metadata.EventLogMetadataLoadException$EventLogMetadataLoadErrorType
6178:             5            120  com.intellij.internal.statistic.eventLog.events.EventFields$Language$2
6179:             3            120  com.intellij.internal.statistic.eventLog.logger.StatisticsEventLogThrottleWriter
6180:             5            120  com.intellij.internal.statistic.eventLog.validator.IntellijSensitiveDataValidator
6181:             5            120  com.intellij.internal.statistic.eventLog.validator.storage.persistence.EventLogMetadataPersistence
6182:             5            120  com.intellij.internal.statistic.local.FileTypeUsageSummary
6183:             3            120  com.intellij.internal.statistic.updater.StatisticsJobsScheduler$launchStatisticsSendJob$job$1
6184:             5            120  com.intellij.internal.statistic.uploader.EventLogExternalSendConfig$ParseErrorType
6185:             3            120  com.intellij.javascript.nodejs.util.JSLinterPackage
6186:             5            120  com.intellij.javascript.nodejs.util.NodePackageDescriptorEx
6187:             5            120  com.intellij.javascript.testing.detection.CachingJsTestFileIndexDataCollector
6188:             5            120  com.intellij.javascript.testing.detection.JsTestFrameworkPackageDescriptor
6189:             3            120  com.intellij.lang.javascript.dialects.JSLanguageLevel
6190:             5            120  com.intellij.lang.javascript.dialects.JSSettingsUsagesCollector$TypeScriptServerKind
6191:             5            120  com.intellij.lang.javascript.index.JSPackageIndexInfo$Kind
6192:             5            120  com.intellij.lang.javascript.psi.JSFunction$FunctionKind
6193:             5            120  com.intellij.lang.javascript.template.postfix.JSPostfixTemplateUtils$2
6194:             5            120  com.intellij.lang.typescript.tsc.TypeScriptCompilerTransferredData
6195:             5            120  com.intellij.ml.inline.completion.impl.kit.MultilinePolicyType
6196:             5            120  com.intellij.ml.inline.completion.impl.relevance.RelevanceModelResponse$Decision
6197:             5            120  com.intellij.model.search.SearchContext
6198:             5            120  com.intellij.openapi.actionSystem.impl.MenuItemPresentationFactory
6199:             1            120  com.intellij.openapi.application.impl.ApplicationImpl
6200:             3            120  com.intellij.openapi.command.impl.FileUndoProvider
6201:             5            120  com.intellij.openapi.components.ServiceDescriptor$PreloadMode
6202:             3            120  com.intellij.openapi.components.impl.ProjectPathMacroManager
6203:             5            120  com.intellij.openapi.diagnostic.DefaultLogger
6204:             5            120  com.intellij.openapi.editor.CaretVisualAttributes$Shape
6205:             5            120  com.intellij.openapi.editor.ComponentInlayAlignment
6206:             5            120  com.intellij.openapi.editor.EditorKind
6207:             5            120  com.intellij.openapi.editor.ScrollType
6208:             5            120  com.intellij.openapi.editor.actionSystem.EditorTypedHandlerBean
6209:             5            120  com.intellij.openapi.editor.impl.multiverse.CodeInsightContextSwitcher$Controller
6210:             5            120  com.intellij.openapi.editor.impl.multiverse.CodeInsightContextSwitcher$SwitcherState$FullStateLoaded
6211:             5            120  com.intellij.openapi.editor.impl.stickyLines.StickyLinesModelImpl
6212:             5            120  com.intellij.openapi.editor.impl.stickyLines.ui.StickyLineComponents
6213:             5            120  com.intellij.openapi.editor.toolbar.floating.EditorFloatingToolbar$2
6214:             5            120  com.intellij.openapi.extensions.ExtensionDescriptor$Os
6215:             5            120  com.intellij.openapi.fileEditor.FileEditorPolicy
6216:             5            120  com.intellij.openapi.fileEditor.ex.FileEditorWithProvider
6217:             5            120  com.intellij.openapi.fileEditor.impl.FileEditorManagerImpl$EditorCompositeEntry
6218:             5            120  com.intellij.openapi.fileEditor.impl.FileEditorManagerImpl$createCompositeByEditorWithModel$1$1
6219:             3            120  com.intellij.openapi.project.SingleTaskExecutor
6220:             3            120  com.intellij.openapi.ui.ComponentWithBrowseButton$MyDoClickAction
6221:             5            120  com.intellij.openapi.ui.ExitActionType
6222:             5            120  com.intellij.openapi.util.Conditions$And
6223:             5            120  com.intellij.openapi.util.KeyWithDefaultValue$1
6224:             3            120  com.intellij.openapi.util.TimeoutCachedValue
6225:             5            120  com.intellij.openapi.util.registry.RegistryValue$$Lambda/0x0000009802b3b330
6226:             5            120  com.intellij.openapi.vcs.changes.ignore.psi.IgnoreElementType
6227:             5            120  com.intellij.openapi.vcs.impl.VcsBackgroundableActions
6228:             3            120  com.intellij.openapi.wm.impl.UnifiedToolWindowWeights
6229:             5            120  com.intellij.patterns.PsiElementPattern$12
6230:             3            120  com.intellij.platform.navbar.frontend.ui.StaticNavBarPanel$1
6231:             5            120  com.intellij.platform.plugins.parser.impl.elements.OS
6232:             5            120  com.intellij.platform.plugins.parser.impl.elements.PreloadMode
6233:             3            120  com.intellij.platform.recentFiles.backend.BackendRecentFilesModel$subscribeToBackendRecentFilesUpdates$1
6234:             3            120  com.intellij.platform.recentFiles.frontend.model.FrontendRecentFilesModel$subscribeToBackendRecentFilesUpdates$1
6235:             3            120  com.intellij.platform.util.io.storages.appendonlylog.AppendOnlyLogOverMMappedFile
6236:             3            120  com.intellij.platform.workspace.storage.impl.serialization.EntityStorageSerializerImpl
6237:             5            120  com.intellij.polySymbols.webTypes.json.ContextConfig
6238:             5            120  com.intellij.polySymbols.webTypes.json.ListReference
6239:             5            120  com.intellij.psi.codeStyle.autodetect.LineIndentInfo
6240:             3            120  com.intellij.psi.search.searches.SmartExtensionPoint
6241:             3            120  com.intellij.psi.stubs.SerializationManagerImpl
6242:             3            120  com.intellij.psi.stubs.StubSerializerEnumerator
6243:             5            120  com.intellij.rml.dfa.impl.providers.ProviderType
6244:             3            120  com.intellij.rml.dfa.impl.rml.ast.RelExprIf
6245:             5            120  com.intellij.rml.dfa.rml.dsl.ast.RmlPredefinedPredicate
6246:             5            120  com.intellij.serialization.stateProperties.CollectionStoredProperty
6247:             5            120  com.intellij.serviceContainer.ComponentManagerImpl$ContainerState
6248:             3            120  com.intellij.swagger.core.ui.SwPreviewType
6249:             5            120  com.intellij.terminal.completion.spec.ShellSuggestionType
6250:             5            120  com.intellij.textMatching.PrefixMatchingType
6251:             3            120  com.intellij.ui.BadgeIcon
6252:             3            120  com.intellij.ui.SpeedSearchBase$6
6253:             5            120  com.intellij.ui.jcef.JBCefHealthMonitor$Status
6254:             5            120  com.intellij.ui.tree.AbstractTreeWalker$State
6255:             1            120  com.intellij.util.concurrency.AppDelayQueue$TransferThread
6256:             5            120  com.intellij.util.containers.LinkedListWithSum$ItemWithValue
6257:             5            120  com.intellij.util.containers.WeakKeyWeakValueHashMap
6258:             5            120  com.intellij.util.gist.VirtualFileGistOverGistStorage
6259:             1            120  com.intellij.util.indexing.FileBasedIndexImpl
6260:             1            120  com.intellij.util.io.FilePageCache
6261:             5            120  com.intellij.util.lang.DirectByteBufferBackedInputStream
6262:             5            120  com.intellij.util.ui.ButtonlessScrollBarUI$1
6263:             5            120  com.intellij.util.ui.ButtonlessScrollBarUI$7
6264:             5            120  com.intellij.util.ui.ButtonlessScrollBarUI$8
6265:             5            120  com.intellij.util.ui.ScopeHandle
6266:             5            120  com.intellij.util.xml.impl.DomImplementationClassEP
6267:             5            120  com.intellij.xdebugger.impl.rpc.HotSwapVisibleStatus
6268:             5            120  com.jetbrains.T.v.v.v.v.c
6269:             3            120  com.jetbrains.clones.languagescope.xml.XmlIndexConfiguration
6270:             5            120  com.jetbrains.fus.reporting.model.lion3.LogEventGroup
6271:             5            120  com.jetbrains.rd.util.reactive.InterfacesKt$viewNotNull$1
6272:             5            120  com.sun.crypto.provider.DHParameters (java.base@21.0.8)
6273:             3            120  com.sun.jna.Memory$SharedMemory
6274:             1            120  com.sun.jna.internal.Cleaner$CleanerThread
6275:             3            120  com.sun.org.apache.xerces.internal.impl.dtd.XMLEntityDecl (java.xml@21.0.8)
6276:             5            120  com.sun.org.apache.xerces.internal.util.PropertyState (java.xml@21.0.8)
6277:             5            120  com.sun.org.apache.xerces.internal.utils.XMLSecurityPropertyManager$State (java.xml@21.0.8)
6278:             3            120  fleet.kernel.rete.ReteKt$tokensFlow$1
6279:             5            120  fleet.kernel.rete.impl.BroadcasterImpl$$Lambda/0x0000009802688e88
6280:             3            120  git4idea.config.GitVersion
6281:             5            120  io.grpc.ConnectivityState
6282:             5            120  io.grpc.MethodDescriptor$MethodType
6283:             3            120  io.grpc.netty.shaded.io.netty.buffer.ReadOnlyByteBuf
6284:             5            120  io.grpc.netty.shaded.io.netty.util.internal.logging.InternalLogLevel
6285:             5            120  io.ktor.http.HttpProtocolVersion
6286:             5            120  io.ktor.http.URLProtocol
6287:             1            120  io.netty.buffer.PoolArena$DirectArena
6288:             1            120  io.netty.buffer.PoolArena$HeapArena
6289:             3            120  io.netty.util.internal.ObjectPool$RecyclerObjectPool$1
6290:             5            120  io.netty.util.internal.logging.InternalLogLevel
6291:             5            120  io.opentelemetry.api.trace.SpanKind
6292:             3            120  io.opentelemetry.sdk.internal.ComponentRegistry
6293:             5            120  io.opentelemetry.sdk.resources.AutoValue_Resource
6294:             3            120  java.awt.BasicStroke (java.desktop)
6295:             5            120  java.lang.ProcessBuilder$Redirect$Type (java.base@21.0.8)
6296:             3            120  java.lang.UnsupportedOperationException (java.base@21.0.8)
6297:             1            120  java.lang.ref.Finalizer$FinalizerThread (java.base@21.0.8)
6298:             1            120  java.lang.ref.Reference$ReferenceHandler (java.base@21.0.8)
6299:             3            120  java.lang.reflect.ProxyGenerator$ProxyMethod (java.base@21.0.8)
6300:             5            120  java.net.Socket$SocketInputStream (java.base@21.0.8)
6301:             5            120  java.net.Socket$SocketOutputStream (java.base@21.0.8)
6302:             3            120  java.time.format.DateTimeFormatterBuilder$ReducedPrinterParser (java.base@21.0.8)
6303:             5            120  java.time.format.SignStyle (java.base@21.0.8)
6304:             3            120  java.time.zone.ZoneRules (java.base@21.0.8)
6305:             5            120  java.util.AbstractMap$SimpleEntry (java.base@21.0.8)
6306:             5            120  java.util.Comparators$NullComparator (java.base@21.0.8)
6307:             3            120  java.util.concurrent.CompletableFuture$UniHandle (java.base@21.0.8)
6308:             1            120  java.util.logging.LogManager$Cleaner (java.logging@21.0.8)
6309:             1            120  java.util.prefs.MacOSXPreferencesFile$3 (java.prefs@21.0.8)
6310:             5            120  java.util.stream.StreamOpFlag$Type (java.base@21.0.8)
6311:             5            120  javax.imageio.spi.PartiallyOrderedSet (java.desktop)
6312:             5            120  javax.swing.plaf.basic.BasicScrollBarUI$ScrollListener (java.desktop)
6313:             1            120  javax.swing.plaf.basic.BasicTextUI$BasicCaret (java.desktop)
6314:             3            120  jdk.internal.icu.impl.Trie2$UTrie2Header (java.base@21.0.8)
6315:             3            120  jdk.internal.math.FloatingDecimal$BinaryToASCIIBuffer (java.base@21.0.8)
6316:             5            120  jdk.internal.math.FloatingDecimal$PreparedASCIIToBinaryBuffer (java.base@21.0.8)
6317:             5            120  jdk.internal.net.http.common.DebugLogger$LoggerConfig (java.net.http@21.0.8)
6318:             5            120  kotlin.reflect.jvm.internal.impl.builtins.functions.BuiltInFictitiousFunctionClassFactory
6319:             5            120  kotlin.reflect.jvm.internal.impl.builtins.jvm.JvmBuiltInsCustomizer$$Lambda$5
6320:             5            120  kotlin.reflect.jvm.internal.impl.builtins.jvm.JvmBuiltInsCustomizer$JDKMemberStatus
6321:             5            120  kotlin.reflect.jvm.internal.impl.descriptors.NotFoundClasses$ClassRequest
6322:             3            120  kotlin.reflect.jvm.internal.impl.descriptors.impl.EmptyPackageFragmentDescriptor
6323:             5            120  kotlin.reflect.jvm.internal.impl.load.java.JavaDefaultQualifiers
6324:             5            120  kotlin.reflect.jvm.internal.impl.load.java.components.JavaAnnotationDescriptor$$Lambda$0
6325:             5            120  kotlin.reflect.jvm.internal.impl.load.java.typeEnhancement.NullabilityQualifierWithMigrationStatus
6326:             5            120  kotlin.reflect.jvm.internal.impl.serialization.deserialization.AnnotationAndConstantLoaderImpl
6327:             3            120  kotlin.reflect.jvm.internal.impl.types.Variance
6328:             5            120  kotlin.reflect.jvm.internal.impl.types.error.ErrorScope
6329:             5            120  kotlin.reflect.jvm.internal.impl.types.error.ErrorTypeConstructor
6330:             5            120  kotlinx.coroutines.CompletableDeferredImpl
6331:             3            120  kotlinx.coroutines.EventLoopImplBase$DelayedResumeTask
6332:             5            120  kotlinx.coroutines.SupervisorJobImpl
6333:             5            120  kotlinx.coroutines.flow.FlowKt__MergeKt$flatMapConcat$$inlined$map$1$2
6334:             3            120  kotlinx.coroutines.internal.LockFreeTaskQueueCore
6335:             5            120  kotlinx.coroutines.scheduling.CoroutineScheduler$WorkerState
6336:             5            120  kotlinx.coroutines.scheduling.CoroutineScheduler$WorkerState
6337:             5            120  kotlinx.serialization.internal.EnumDescriptor$$Lambda/0x0000009802530be8
6338:             5            120  kotlinx.serialization.internal.EnumSerializer
6339:             5            120  kotlinx.serialization.protobuf.internal.ProtobufTaggedEncoder$NullableMode
6340:             5            120  morfologik.stemming.Dictionary
6341:             5            120  org.apache.http.auth.AuthProtocolState
6342:             5            120  org.apache.lucene.analysis.hunspell.WordCase
6343:             5            120  org.apache.lucene.analysis.hunspell.WordContext
6344:             3            120  org.apache.xerces.impl.xs.XSParticleDecl
6345:             5            120  org.apache.xerces.impl.xs.traversers.LargeContainer
6346:             5            120  org.cef.OS$OSType (jcef)
6347:             5            120  org.cef.network.CefURLRequest$Status (jcef)
6348:             5            120  org.imgscalr.Scalr$Method
6349:             5            120  org.intellij.plugins.relaxNG.convert.SchemaType
6350:             5            120  org.intellij.terraform.config.patterns.TfPsiPatterns$propertyWithName$1
6351:             5            120  org.jetbrains.completion.full.line.impl.local.files.LocalModelsShipmentState
6352:             5            120  org.jetbrains.plugins.terminal.TerminalUtil$$Lambda/0x000000980526d2e8
6353:             5            120  org.jetbrains.plugins.terminal.fus.TerminalOpeningWay
6354:             3            120  org.jetbrains.plugins.terminal.session.impl.TerminalState
6355:             5            120  org.jetbrains.skia.PixelGeometry
6356:             5            120  org.jetbrains.skia.paragraph.DecorationLineStyle
6357:             5            120  org.jetbrains.skia.paragraph.TextStyle
6358:             3            120  org.jsoup.nodes.Entities$EscapeMode
6359:             1            120  org.zmlx.hg4idea.HgVcs
6360:             5            120  sun.awt.OSInfo$OSType (java.desktop)
6361:             1            120  sun.awt.image.ImageFetcher (java.desktop)
6362:             5            120  sun.java2d.marlin.ArrayCacheInt$Reference (java.desktop)
6363:             5            120  sun.java2d.marlin.ArrayCacheIntClean$Reference (java.desktop)
6364:             5            120  sun.java2d.marlin.TransformingPathConsumer2D$PathTracer (java.desktop)
6365:             3            120  sun.nio.ch.FileLockImpl (java.base@21.0.8)
6366:             5            120  sun.security.jca.ServiceId (java.base@21.0.8)
6367:             3            120  sun.security.ssl.CipherSuite$HashAlg (java.base@21.0.8)
6368:             3            120  sun.security.ssl.SignatureScheme$SigAlgParamSpec (java.base@21.0.8)
6369:             2            112  [Lcom.android.studio.ml.TransformService$Feature;
6370:             1            112  [Lcom.fasterxml.jackson.jr.ob.JSON$Feature;
6371:             2            112  [Lcom.github.markusbernhardt.proxy.util.PListParser$ElementType;
6372:             2            112  [Lcom.ibm.icu.text.PluralRules$Operand;
6373:             4            112  [Lcom.intellij.execution.ui.ConsoleViewContentType;
6374:             5            112  [Lcom.intellij.lang.Language;
6375:             2            112  [Lcom.intellij.platform.navbar.frontend.ui.ImageType;
6376:             1            112  [Lcom.intellij.toolWindow.ToolWindowEventSource;
6377:             1            112  [Lcom.intellij.ui.tree.ui.TreeAction;
6378:             1            112  [Ljava.awt.Desktop$Action; (java.desktop)
6379:             1            112  [Ljava.lang.reflect.AccessFlag; (java.base@21.0.8)
6380:             4            112  [Ljava.nio.file.OpenOption; (java.base@21.0.8)
6381:             2            112  [Ljava.nio.file.StandardOpenOption; (java.base@21.0.8)
6382:             2            112  [Ljava.nio.file.attribute.PosixFilePermission; (java.base@21.0.8)
6383:             2            112  [Ljava.security.CryptoPrimitive; (java.base@21.0.8)
6384:             1            112  [Ljava.time.LocalTime; (java.base@21.0.8)
6385:             1            112  [Ljavax.swing.text.html.CSS$Value; (java.desktop)
6386:             1            112  [Lkotlin.reflect.jvm.internal.impl.incremental.components.NoLookupLocation;
6387:             1            112  [Lkotlinx.html.InputType;
6388:             1            112  [Lorg.jetbrains.skia.ColorType;
6389:             1            112  [Lorg.jsoup.parser.HtmlTreeBuilderState;
6390:             2            112  [Lorg.languagetool.tagging.disambiguation.rules.DisambiguationPatternRule$DisambiguatorAction;
6391:             1            112  [Lorg.yaml.snakeyaml.tokens.Token$ID;
6392:             3            112  [Lsun.invoke.util.ValueConversions$WrapperCache; (java.base@21.0.8)
6393:             7            112  ai.grazie.nlp.patterns.AggregatedPattern
6394:             7            112  ai.grazie.rules.tree.NodePattern$$Lambda/0x0000009804bd2000
6395:             7            112  ai.grazie.rules.tree.NodePattern$$Lambda/0x0000009804bd2258
6396:             7            112  androidx.compose.runtime.SynchronizedObject
6397:             2            112  androidx.compose.ui.graphics.SkiaBackedPaint
6398:             7            112  com.apple.laf.AquaIcon$SystemIconUIResourceSingleton (java.desktop)
6399:             7            112  com.fasterxml.jackson.databind.ObjectMapper$1
6400:             2            112  com.fasterxml.jackson.databind.deser.std.EnumDeserializer
6401:             2            112  com.fasterxml.jackson.databind.type.ArrayType
6402:             7            112  com.fasterxml.jackson.module.kotlin.KotlinKeyDeserializers
6403:             7            112  com.fasterxml.jackson.module.kotlin.KotlinKeySerializers
6404:             7            112  com.fasterxml.jackson.module.kotlin.KotlinSerializers
6405:             7            112  com.goide.actions.GoIntentionBasedAction$GoIntentionBasedHandler
6406:             7            112  com.goide.completion.GoKeywordCompletionContributor$FieldNameInStructLiteral
6407:             7            112  com.goide.langInjection.GoLanguageInjectionPatterns$$Lambda/0x000000980481da88
6408:             7            112  com.goide.psi.impl.GoLightType$$Lambda/0x00000098048e9d98
6409:             2            112  com.google.api.services.cloudcode_pa.v1internal.model.PromptCitation
6410:             7            112  com.intellij.application.options.codeStyle.cache.CodeStyleCachedValueProvider$computationLock$1
6411:             7            112  com.intellij.codeInsight.controlflow.impl.ControlFlowImpl
6412:             2            112  com.intellij.codeInsight.lookup.LookupElementBuilder
6413:             2            112  com.intellij.collaboration.async.CoroutineUtilKt$mapScoped2$1$1$1$1$1
6414:             2            112  com.intellij.configurationScript.providers.MyProjectStore
6415:             7            112  com.intellij.configurationStore.XmlSerializerKt$doGetDefaultSerializationFilter$1
6416:             7            112  com.intellij.configurationStore.schemeManager.ProjectSchemeManagerFactory$$Lambda/0x0000009802e1eeb0
6417:             7            112  com.intellij.configurationStore.schemeManager.SchemeChangeApplicator
6418:             7            112  com.intellij.credentialStore.kdbx.ConstantValueCreator
6419:             2            112  com.intellij.diagnostic.IdeMessagePanel
6420:             2            112  com.intellij.find.impl.FindUsagesSettingsImpl
6421:             1            112  com.intellij.fullLine.html.HtmlFullLineSupporter
6422:             2            112  com.intellij.ide.RecentProjectManagerState
6423:             2            112  com.intellij.ide.actions.PopupInMainMenuActionGroup
6424:             2            112  com.intellij.ide.actions.SmartPopupActionGroup
6425:             2            112  com.intellij.ide.startup.impl.StartupManagerImpl
6426:             2            112  com.intellij.ide.ui.LafFlowServiceKt$flow$1
6427:             7            112  com.intellij.ide.ui.UIThemeKt$createTheme$2$$Lambda/0x0000009802740a08
6428:             2            112  com.intellij.ide.ui.laf.intellij.IntelliJCheckBoxUI
6429:             2            112  com.intellij.kubernetes.api.KubernetesApiProvider
6430:             2            112  com.intellij.kubernetes.api.settings.KubernetesApiSettings$State
6431:             2            112  com.intellij.kubernetes.splitApi.KubernetesClientContextStateKt$observeKubernetesContextChanges$1
6432:             2            112  com.intellij.lang.LanguageExtensionWithAny
6433:             2            112  com.intellij.lang.javascript.buildTools.npm.PackageJsonBuildFileManager
6434:             7            112  com.intellij.lang.javascript.stubs.serializers.JSFileStubSerializer
6435:             2            112  com.intellij.lang.typescript.library.TypeScriptLibraries
6436:             2            112  com.intellij.lang.typescript.tsconfig.TypeScriptConfigServiceImpl
6437:             7            112  com.intellij.openapi.actionSystem.Presentation$$Lambda/0x000000980282b318
6438:             7            112  com.intellij.openapi.application.CachedSingletonsRegistry$$Lambda/0x00000098021e2ff8
6439:             1            112  com.intellij.openapi.application.impl.islands.IslandsUICustomization
6440:             7            112  com.intellij.openapi.command.impl.UndoRedoSet
6441:             2            112  com.intellij.openapi.editor.colors.impl.AppConsoleFontOptions$ConsoleFontState
6442:             7            112  com.intellij.openapi.editor.impl.EditorGutterLayout$$Lambda/0x00000098044f30b8
6443:             7            112  com.intellij.openapi.editor.impl.EditorGutterLayout$$Lambda/0x00000098044f3310
6444:             7            112  com.intellij.openapi.editor.impl.EditorGutterLayout$$Lambda/0x00000098044f3568
6445:             7            112  com.intellij.openapi.editor.impl.EditorGutterLayout$$Lambda/0x00000098044f37c0
6446:             7            112  com.intellij.openapi.editor.impl.EditorGutterLayout$$Lambda/0x00000098044f3a18
6447:             7            112  com.intellij.openapi.editor.impl.EditorGutterLayout$$Lambda/0x00000098044f3c70
6448:             7            112  com.intellij.openapi.editor.impl.EditorGutterLayout$$Lambda/0x00000098044f8250
6449:             7            112  com.intellij.openapi.editor.impl.EditorGutterLayout$$Lambda/0x00000098044f84a8
6450:             7            112  com.intellij.openapi.editor.impl.EditorGutterLayout$$Lambda/0x00000098044f8700
6451:             7            112  com.intellij.openapi.editor.impl.EditorGutterLayout$$Lambda/0x00000098044f8958
6452:             7            112  com.intellij.openapi.editor.impl.EditorGutterLayout$$Lambda/0x00000098044f8bb0
6453:             7            112  com.intellij.openapi.editor.impl.EditorGutterLayout$$Lambda/0x00000098044f8e08
6454:             7            112  com.intellij.openapi.editor.impl.EditorGutterLayout$$Lambda/0x00000098044f9060
6455:             7            112  com.intellij.openapi.editor.impl.EditorGutterLayout$$Lambda/0x00000098044f92b8
6456:             7            112  com.intellij.openapi.editor.impl.EditorGutterLayout$$Lambda/0x00000098044f9510
6457:             7            112  com.intellij.openapi.editor.impl.EditorGutterLayout$$Lambda/0x00000098044f9768
6458:             7            112  com.intellij.openapi.editor.impl.EditorGutterLayout$$Lambda/0x00000098044f99c0
6459:             7            112  com.intellij.openapi.editor.impl.EditorGutterLayout$$Lambda/0x00000098044f9c18
6460:             7            112  com.intellij.openapi.editor.impl.EditorGutterLayout$$Lambda/0x00000098044f9e70
6461:             7            112  com.intellij.openapi.editor.impl.EditorGutterLayout$$Lambda/0x00000098044fa0c8
6462:             7            112  com.intellij.openapi.editor.impl.EditorGutterLayout$$Lambda/0x00000098044fa320
6463:             7            112  com.intellij.openapi.editor.impl.EditorGutterLayout$$Lambda/0x00000098044fa578
6464:             7            112  com.intellij.openapi.editor.impl.EditorGutterLayout$$Lambda/0x00000098044fa7d0
6465:             7            112  com.intellij.openapi.editor.impl.EditorGutterLayout$$Lambda/0x00000098044faa28
6466:             7            112  com.intellij.openapi.editor.impl.EditorGutterLayout$$Lambda/0x00000098044fac80
6467:             7            112  com.intellij.openapi.editor.impl.EditorGutterLayout$$Lambda/0x00000098044fb130
6468:             7            112  com.intellij.openapi.editor.impl.EditorGutterLayout$$Lambda/0x00000098044fb388
6469:             7            112  com.intellij.openapi.editor.impl.EditorGutterLayout$$Lambda/0x00000098044fb5e0
6470:             7            112  com.intellij.openapi.editor.impl.EditorImpl$8
6471:             7            112  com.intellij.openapi.editor.impl.EditorInputMethodHandleSwingThreadWrapper
6472:             2            112  com.intellij.openapi.fileEditor.impl.DockableEditorTabbedContainer
6473:             2            112  com.intellij.openapi.fileEditor.impl.FileEditorManagerImpl$fileTitleUpdateChannel$1
6474:             7            112  com.intellij.openapi.fileEditor.impl.text.FileEditorDropHandler
6475:             7            112  com.intellij.openapi.observable.dispatcher.AbstractSingleEventDispatcher2$RootDispatcher
6476:             1            112  com.intellij.openapi.progress.impl.BackgroundableProcessIndicator
6477:             2            112  com.intellij.openapi.progress.impl.TaskInfoEntityCollectorKt$collectActiveTasks$1
6478:             7            112  com.intellij.openapi.ui.ShadowAction$2
6479:             2            112  com.intellij.openapi.vcs.changes.ChangeListChange
6480:             2            112  com.intellij.openapi.vcs.changes.ChangeListWorker
6481:             2            112  com.intellij.openapi.vcs.changes.FileHolderComposite
6482:             2            112  com.intellij.openapi.vcs.impl.LineStatusTrackerManager
6483:             7            112  com.intellij.openapi.wm.ToolWindowAllowlistEP
6484:             7            112  com.intellij.openapi.wm.impl.ToolWindowImpl$UpdateBackgroundContentManager
6485:             7            112  com.intellij.openapi.wm.impl.ToolWindowImpl$createContentManager$1
6486:             7            112  com.intellij.openapi.wm.impl.ToolWindowImpl$createContentManager$6
6487:             2            112  com.intellij.openapi.wm.impl.customFrameDecorations.header.MacToolbarFrameHeader$1
6488:             2            112  com.intellij.platform.debugger.impl.backend.BackendXDependentBreakpointManagerApi$createDependencyEventsFlow$1
6489:             7            112  com.intellij.platform.diagnostic.telemetry.exporters.AnyValue
6490:             2            112  com.intellij.platform.lang.lsWidget.impl.LanguageServiceWidget
6491:             2            112  com.intellij.platform.rpc.topics.backend.BackendRemoteTopicApi$subscribe$2
6492:             2            112  com.intellij.polySymbols.webTypes.WebTypesScopeBase$WebTypesJsonOriginImpl
6493:             2            112  com.intellij.psi.codeStyle.statusbar.CodeStyleStatusBarWidget
6494:             7            112  com.intellij.psi.stubs.StubIndexEx$$Lambda/0x00000098047271c0
6495:             7            112  com.intellij.psi.stubs.StubIndexEx$$Lambda/0x0000009804727418
6496:             7            112  com.intellij.psi.tree.DefaultRoleFinder
6497:             1            112  com.intellij.rml.dfa.analyzes.VarLeakAnalysis
6498:             2            112  com.intellij.sql.editor.SqlEditorOptions
6499:             7            112  com.intellij.sql.psi.stubs.factories.SqlConstraintStubElementFactory
6500:             7            112  com.intellij.sql.psi.stubs.serializers.SqlConstraintStubSerializer
6501:             2            112  com.intellij.station.comms.common.netty.server.NettyServicesServerBase$2$1
6502:             1            112  com.intellij.terminal.backend.ObservableJediTerminal
6503:             1            112  com.intellij.terminal.frontend.view.impl.TerminalViewImpl
6504:             7            112  com.intellij.toolWindow.InternalDecoratorImpl$3
6505:             2            112  com.intellij.ui.ListSpeedSearch
6506:             2            112  com.intellij.ui.OffsetIcon
6507:             2            112  com.intellij.ui.TreeExpandableItemsHandler
6508:             7            112  com.intellij.ui.components.TabMacScrollBarUI$$Lambda/0x0000009803129568
6509:             7            112  com.intellij.ui.components.TabMacScrollBarUI$$Lambda/0x0000009803129a18
6510:             7            112  com.intellij.ui.components.TabMacScrollBarUI$$Lambda/0x0000009803129c70
6511:             7            112  com.intellij.ui.components.TabMacScrollBarUI$$Lambda/0x0000009803129ec8
6512:             7            112  com.intellij.ui.components.TabMacScrollBarUI$$Lambda/0x000000980312a120
6513:             7            112  com.intellij.ui.dsl.gridLayout.GridLayout
6514:             7            112  com.intellij.ui.tabs.impl.JBTabsImpl$$Lambda/0x0000009803108000
6515:             7            112  com.intellij.ui.tabs.impl.JBTabsImpl$$Lambda/0x000000980312c530
6516:             7            112  com.intellij.ui.tabs.impl.JBTabsImpl$1
6517:             7            112  com.intellij.ui.tabs.impl.JBTabsImpl$9
6518:             7            112  com.intellij.ui.tabs.impl.JBTabsImpl$special$$inlined$Iterable$1
6519:             7            112  com.intellij.ui.tabs.impl.TabLabel$$Lambda/0x000000980381d370
6520:             7            112  com.intellij.ui.tabs.impl.TabLabel$$Lambda/0x000000980381d5c8
6521:             7            112  com.intellij.ui.tabs.impl.TabLabel$$Lambda/0x000000980381d830
6522:             7            112  com.intellij.ui.tabs.impl.TabLabel$$Lambda/0x000000980381da88
6523:             7            112  com.intellij.ui.tabs.impl.TabLabel$1
6524:             2            112  com.intellij.util.indexing.dependenciesCache.SyntheticLibraryDescriptor
6525:             2            112  com.intellij.util.indexing.diagnostic.IndexLookupTimingsReporting$IndexOperationFusCollector$LookupAllKeysTrace
6526:             7            112  com.intellij.util.ui.AnimatedIcon$2
6527:             7            112  com.intellij.util.ui.JBValue$JBValueGroup$$Lambda/0x0000009804401e00
6528:             7            112  com.intellij.vcs.log.VcsLogProperties$VcsLogProperty
6529:             2            112  com.intellij.vcs.log.impl.IdeVcsProjectLog
6530:             2            112  com.intellij.workspaceModel.ide.impl.legacyBridge.module.ModuleBridgeImpl
6531:             2            112  com.intellij.workspaceModel.ide.impl.legacyBridge.module.ModuleManagerComponentBridge
6532:             2            112  com.intellij.workspaceModel.ide.impl.legacyBridge.module.roots.RootModelBridgeImpl
6533:             2            112  com.intellij.xdebugger.impl.XDebuggerManagerImpl
6534:             2            112  com.jetbrains.gateway.actions.GatewayExclusiveActionGroup
6535:             7            112  com.jetbrains.internal.Mapping$ProxyConversion$$Lambda/0x0000009802257f80 (java.base@21.0.8)
6536:             7            112  com.sun.jna.CallbackReference$CallbackReferenceDisposer
6537:             2            112  com.sun.org.apache.xerces.internal.util.XMLAttributesIteratorImpl (java.xml@21.0.8)
6538:             2            112  fleet.fastutil.longs.Long2ObjectOpenHashMap
6539:             2            112  fleet.kernel.TransactorKt$withTransactor$2$transactor$1$log$1
6540:             2            112  fleet.util.channels.ChannelExtKt$consumeEach$2
6541:             7            112  io.ktor.http.HttpMethod
6542:             2            112  io.ktor.server.cio.CIOApplicationEngine
6543:             2            112  io.ktor.server.cio.CIOApplicationEngine$Configuration
6544:             2            112  io.ktor.server.websocket.WebSockets
6545:             7            112  io.netty.channel.$Proxy34
6546:             2            112  io.netty.channel.DefaultChannelPipeline$TailContext
6547:             7            112  it.unimi.dsi.fastutil.ints.Int2ObjectOpenHashMap$1
6548:             2            112  java.nio.DirectIntBufferRU (java.base@21.0.8)
6549:             2            112  java.util.jar.JarFile (java.base@21.0.8)
6550:             7            112  java.util.regex.CharPredicates$$Lambda/0x0000009804154890 (java.base@21.0.8)
6551:             7            112  javax.swing.plaf.BorderUIResource (java.desktop)
6552:             7            112  javax.swing.text.StyleConstants$CharacterConstants (java.desktop)
6553:             1            112  javax.swing.text.html.BlockView (java.desktop)
6554:             1            112  javax.swing.text.html.HTMLEditorKit$HTMLFactory$1 (java.desktop)
6555:             7            112  jdk.proxy1.$Proxy154 (jdk.proxy1)
6556:             7            112  jdk.proxy1.$Proxy72 (jdk.proxy1)
6557:             7            112  jdk.proxy2.$Proxy44 (jdk.proxy2)
6558:             7            112  jdk.proxy2.$Proxy65 (jdk.proxy2)
6559:             7            112  kotlin.enums.EnumEntriesList
6560:             7            112  kotlin.reflect.jvm.internal.KPackageImpl$$Lambda$0
6561:             7            112  kotlin.reflect.jvm.internal.impl.load.java.lazy.descriptors.LazyJavaAnnotationDescriptor$$Lambda$0
6562:             7            112  kotlin.reflect.jvm.internal.impl.load.java.lazy.descriptors.LazyJavaAnnotationDescriptor$$Lambda$1
6563:             7            112  kotlin.reflect.jvm.internal.impl.load.java.lazy.descriptors.LazyJavaAnnotationDescriptor$$Lambda$2
6564:             2            112  org.intellij.plugins.markdown.xml.DefaultMarkdownFileViewProvider
6565:             2            112  org.jetbrains.jewel.foundation.OutlineColors
6566:             2            112  org.jetbrains.jewel.ui.component.styling.RadioButtonMetrics
6567:             2            112  org.jetbrains.jewel.ui.component.styling.TooltipMetrics
6568:             2            112  org.jetbrains.plugins.github.pullrequest.GHRepositoryConnectionManager$connectionFactory$3
6569:             2            112  org.jetbrains.plugins.terminal.TerminalOptionsProvider$State
6570:             7            112  org.jetbrains.plugins.terminal.block.completion.spec.ShellDataGeneratorsApiKt$$Lambda/0x000000980539b510
6571:             7            112  org.languagetool.rules.spelling.CachingWordListLoader
6572:             1            112  sun.java2d.marlin.Curve (java.desktop)
6573:             2            112  sun.java2d.metal.MTLGeneralBlit (java.desktop)
6574:             2            112  sun.java2d.metal.MTLSurfaceToSwBlit (java.desktop)
6575:             2            112  sun.security.ec.ed.EdDSAParameters (jdk.crypto.ec@21.0.8)
6576:             7            112  sun.swing.SwingUtilities2$KeyArray (java.desktop)
6577:             1            104  [Lai.grazie.nlp.patterns.Pattern;
6578:             2            104  [Lcom.google.common.collect.ImmutableMapEntry;
6579:             4            104  [Lcom.intellij.execution.filters.PatternHyperlinkPart;
6580:             2            104  [Lcom.intellij.llmInstaller.ui.promo2.AIOnboardingForbidReason;
6581:             4            104  [Lcom.intellij.platform.workspace.storage.metadata.model.FinalClassMetadata$ClassMetadata;
6582:             1            104  [Lcom.intellij.psi.impl.source.codeStyle.lineIndent.JavaLikeLangLineIndentProvider$JavaLikeElement;
6583:             1            104  [Ljava.lang.reflect.ClassFileFormatVersion; (java.base@21.0.8)
6584:             2            104  [Ljdk.xml.internal.JdkProperty$State; (java.xml@21.0.8)
6585:             1            104  [Lorg.apache.commons.imaging.ImageFormats;
6586:             1            104  [Lsun.security.ssl.SSLHandshake; (java.base@21.0.8)
6587:             1            104  [Lsun.security.ssl.SignatureScheme; (java.base@21.0.8)
6588:             2            104  [Lsun.util.logging.PlatformLogger$Level; (java.base@21.0.8)
6589:             1            104  apple.security.AppleProvider (java.base@21.0.8)
6590:             1            104  com.goide.execution.GoRunningState$1
6591:             1            104  com.goide.execution.testing.GoTestRunConfiguration
6592:             1            104  com.intellij.fullLine.go.GoFullLineSupporter
6593:             1            104  com.intellij.fullLine.terraform.TfFullLineSupporter
6594:             1            104  com.intellij.openapi.fileTypes.impl.FileTypeManagerImpl
6595:             1            104  com.intellij.openapi.vcs.statistics.VcsOptionsUsagesCollector
6596:             1            104  com.intellij.openapi.vfs.impl.local.NativeFileWatcherImpl$MyProcessHandler
6597:             1            104  com.intellij.platform.locking.impl.NestedLocksThreadingSupport
6598:             1            104  com.intellij.util.indexing.diagnostic.IndexLookupTimingsReporting$IndexOperationToOTelMetricsReporter
6599:             1            104  com.intellij.util.lang.PathClassLoader
6600:             1            104  com.intellij.util.ui.JBHtmlEditorKit$JBHtmlDocument
6601:             1            104  com.sun.crypto.provider.SunJCE (java.base@21.0.8)
6602:             1            104  com.sun.security.sasl.Provider (java.security.sasl@21.0.8)
6603:             1            104  com.sun.security.sasl.gsskerb.JdkSASL (jdk.security.jgss@21.0.8)
6604:             1            104  fleet.kernel.rete.ReteKt$withRete$2$1$1$1$1
6605:             1            104  io.netty.channel.socket.nio.NioServerDomainSocketChannel
6606:             1            104  io.netty.channel.socket.nio.NioServerSocketChannel
6607:             1            104  javax.swing.text.ParagraphView$Row (java.desktop)
6608:             1            104  jdk.internal.loader.ClassLoaders$AppClassLoader (java.base@21.0.8)
6609:             1            104  jdk.internal.loader.ClassLoaders$BootClassLoader (java.base@21.0.8)
6610:             1            104  jdk.internal.loader.ClassLoaders$PlatformClassLoader (java.base@21.0.8)
6611:             1            104  kotlin.reflect.jvm.internal.impl.descriptors.impl.ClassConstructorDescriptorImpl
6612:             1            104  kotlin.reflect.jvm.internal.impl.descriptors.impl.PropertyDescriptorImpl
6613:             1            104  org.jcp.xml.dsig.internal.dom.XMLDSigRI (java.xml.crypto@21.0.8)
6614:             1            104  sun.font.CFontConfiguration (java.desktop)
6615:             1            104  sun.security.ec.SunEC (jdk.crypto.ec@21.0.8)
6616:             1            104  sun.security.jca.ProviderList$1 (java.base@21.0.8)
6617:             1            104  sun.security.jgss.SunProvider (java.security.jgss@21.0.8)
6618:             1            104  sun.security.provider.Sun (java.base@21.0.8)
6619:             1            104  sun.security.provider.certpath.ldap.JdkLDAP (java.naming@21.0.8)
6620:             1            104  sun.security.rsa.SunRsaSign (java.base@21.0.8)
6621:             1            104  sun.security.smartcardio.SunPCSC (java.smartcardio@21.0.8)
6622:             1            104  sun.security.ssl.SunJSSE (java.base@21.0.8)
6623:             1             96  [Landroidx.compose.ui.graphics.colorspace.ColorSpace;
6624:             2             96  [Lcom.android.studio.ml.SmlCodeReportEvent$Source;
6625:             1             96  [Lcom.android.tools.idea.studiobot.Status;
6626:             2             96  [Lcom.fasterxml.jackson.annotation.JsonInclude$Include;
6627:             2             96  [Lcom.fasterxml.jackson.annotation.JsonTypeInfo$Id;
6628:             1             96  [Lcom.fasterxml.jackson.core.JsonParser$Feature;
6629:             3             96  [Lcom.fasterxml.jackson.databind.ser.impl.PropertySerializerMap$TypeAndSerializer;
6630:             2             96  [Lcom.google.common.cache.LocalCache$EntryFactory;
6631:             2             96  [Lcom.intellij.database.view.structure.DvTreeNodeRank;
6632:             2             96  [Lcom.intellij.ide.Region;
6633:             2             96  [Lcom.intellij.ide.settings.json.JsonSettingsModel$PropertyType;
6634:             3             96  [Lcom.intellij.lang.javascript.linter.JSLinterGuesser$EnableCase;
6635:             3             96  [Lcom.intellij.lang.javascript.parsing.modifiers.JSModifiersStructure;
6636:             1             96  [Lcom.intellij.lang.javascript.psi.JSLiteralExpressionKind;
6637:             3             96  [Lcom.intellij.lang.javascript.psi.JSModuleStatusOwner$ModuleStatus;
6638:             3             96  [Lcom.intellij.lang.javascript.psi.ecmal4.JSAttributeList$AccessType;
6639:             2             96  [Lcom.intellij.openapi.editor.colors.EditorFontType;
6640:             2             96  [Lcom.intellij.openapi.editor.colors.impl.TextAttributesReader$Effect;
6641:             4             96  [Lcom.intellij.openapi.wm.ToolWindowAnchor;
6642:             1             96  [Lcom.intellij.openapi.wm.ex.ToolWindowManagerListener$ToolWindowManagerEventType;
6643:             2             96  [Lcom.intellij.polySymbols.webTypes.json.JsSymbol$Kind;
6644:             2             96  [Lcom.intellij.polySymbols.webTypes.json.NameConversionRulesSingle$NameConverter;
6645:             4             96  [Lcom.intellij.ui.content.Content;
6646:             4             96  [Lcom.intellij.vcs.log.impl.VcsLogErrorHandler$Source;
6647:             1             96  [Lcom.jetbrains.T.v.D;
6648:             2             96  [Lcom.jetbrains.cef.remote.thrift_codegen.ClientHandlers$MessageRouterHandler_onQuery_args$_Fields; (jcef)
6649:             2             96  [Lcom.jetbrains.cef.remote.thrift_codegen.ClientHandlers$RenderHandler_OnPaint_args$_Fields; (jcef)
6650:             2             96  [Lcom.jetbrains.cef.remote.thrift_codegen.ClientHandlers$ResourceRequestHandler_OnResourceLoadComplete_args$_Fields; (jcef)
6651:             3             96  [Lcom.jetbrains.cef.remote.thrift_codegen.ResponseData$_Fields; (jcef)
6652:             2             96  [Lcom.jetbrains.cef.remote.thrift_codegen.Server$Browser_SendMouseEvent_args$_Fields; (jcef)
6653:             1             96  [Lcom.jetbrains.jsonSchema.fus.JsonSchemaFusCountedFeature;
6654:             3             96  [Lcom.jetbrains.rdserver.actions.ActionTimestamp;
6655:             3             96  [Lcom.sun.org.apache.xerces.internal.util.XMLAttributesImpl$Attribute; (java.xml@21.0.8)
6656:             2             96  [Lio.opentelemetry.api.common.AttributeType;
6657:             2             96  [Lio.opentelemetry.sdk.metrics.data.MetricDataType;
6658:             2             96  [Ljava.lang.System$Logger$Level; (java.base@21.0.8)
6659:             2             96  [Ljava.math.MathContext; (java.base@21.0.8)
6660:             2             96  [Ljava.time.DayOfWeek; (java.base@21.0.8)
6661:             4             96  [Ljava.util.concurrent.locks.ReentrantLock; (java.base@21.0.8)
6662:             2             96  [Lkotlin.reflect.jvm.internal.impl.builtins.PrimitiveType;
6663:             4             96  [Lkotlin.reflect.jvm.internal.impl.descriptors.PackageFragmentProviderOptimized;
6664:             4             96  [Lkotlin.reflect.jvm.internal.impl.descriptors.deserialization.ClassDescriptorFactory;
6665:             2             96  [Lkotlin.reflect.jvm.internal.impl.metadata.ProtoBuf$Class$Kind;
6666:             1             96  [Lkotlin.reflect.jvm.internal.impl.util.Checks;
6667:             1             96  [Lorg.apache.xerces.impl.xpath.regex.RegularExpression;
6668:             1             96  [Lorg.jetbrains.jps.model.java.JdkVersionDetector$Variant;
6669:             1             96  [Lorg.jetbrains.skia.SurfaceColorFormat;
6670:             3             96  [Lorg.languagetool.rules.ml.MLServerProto$SuggestedReplacement$SuggestionType;
6671:             2             96  [Lorg.languagetool.rules.patterns.Match$CaseConversion;
6672:             3             96  [Lorg.languagetool.tools.Cache.ProtoResultCache$CachedResultMatch$MatchType;
6673:             2             96  [Lorg.zmlx.hg4idea.HgFileStatusEnum;
6674:             1             96  [Lsun.font.CompositeFont; (java.desktop)
6675:             1             96  [Lsun.font.FileFont; (java.desktop)
6676:             2             96  [Lsun.security.provider.certpath.OCSPResponse$ResponseStatus; (java.base@21.0.8)
6677:             1             96  [Lsun.util.locale.BaseLocale; (java.base@21.0.8)
6678:             1             96  [[Ljava.lang.Byte; (java.base@21.0.8)
6679:             6             96  ai.grazie.nlp.patterns.LambdaMatchPattern
6680:             6             96  ai.grazie.nlp.patterns.ext.AbbreviationPatterns$MatchingParameters
6681:             6             96  ai.grazie.nlp.patterns.ext.AbbreviationPatterns$createPunctPattern$1
6682:             4             96  ai.grazie.rules.StyleFlavor
6683:             6             96  ai.grazie.rules.tree.NodeCorrector$$Lambda/0x0000009804bdae00
6684:             6             96  ai.grazie.rules.tree.NodePattern$$Lambda/0x0000009804befa40
6685:             6             96  ai.grazie.rules.tree.NodePattern$$Lambda/0x0000009804bf6850
6686:             6             96  ai.grazie.rules.tree.NodePattern$$Lambda/0x0000009804c2ba30
6687:             4             96  ai.grazie.rules.tree.NodePattern$$Lambda/0x0000009804c33928
6688:             4             96  ai.grazie.spell.suggestion.filter.feature.RadiusSuggestionFilter
6689:             2             96  androidx.collection.LruCache
6690:             3             96  androidx.compose.foundation.layout.FillElement
6691:             6             96  androidx.compose.runtime.OpaqueKey
6692:             4             96  androidx.compose.runtime.collection.MutableVector
6693:             4             96  androidx.compose.runtime.composer.InvalidationResult
6694:             4             96  androidx.compose.runtime.internal.ThreadMap
6695:             4             96  androidx.compose.ui.focus.CustomDestinationResult
6696:             4             96  androidx.compose.ui.focus.FocusStateImpl
6697:             4             96  androidx.compose.ui.graphics.TransformShader
6698:             4             96  androidx.compose.ui.graphics.vector.PathNode$RelativeHorizontalTo
6699:             4             96  androidx.compose.ui.node.Invalidation
6700:             4             96  androidx.compose.ui.text.FontHinting
6701:             4             96  androidx.compose.ui.text.FontRasterizationSettings
6702:             4             96  androidx.compose.ui.text.font.GenericFontFamily
6703:             4             96  androidx.compose.ui.text.style.ColorStyle
6704:             3             96  apple.laf.JRSUIConstants$AlignmentHorizontal (java.desktop)
6705:             3             96  apple.laf.JRSUIConstants$AlignmentVertical (java.desktop)
6706:             4             96  com.android.studio.ml.bot.configuration.ContextSharingMode
6707:             2             96  com.android.studio.ml.completion.SmlInlineCompletionStatusBarWidgetFactory$Widget
6708:             4             96  com.android.tools.idea.studiobot.AiExcludeService$ExclusionStatus
6709:             3             96  com.anthropic.code.plugin.terminal.ClaudeFilePathFilter
6710:             3             96  com.apple.laf.AquaFileChooserUI$CancelSelectionAction (java.desktop)
6711:             4             96  com.apple.laf.AquaPainter$AquaSingleImagePainter (java.desktop)
6712:             4             96  com.apple.laf.AquaUtilControlSize$SizeDescriptor (java.desktop)
6713:             2             96  com.fasterxml.aalto.in.ByteBasedPNameTable
6714:             4             96  com.fasterxml.aalto.util.UriCanonicalizer$CanonicalKey
6715:             4             96  com.fasterxml.jackson.annotation.JsonCreator$Mode
6716:             3             96  com.fasterxml.jackson.annotation.JsonInclude$Value
6717:             4             96  com.fasterxml.jackson.annotation.JsonProperty$Access
6718:             2             96  com.fasterxml.jackson.core.util.Separators
6719:             4             96  com.fasterxml.jackson.databind.cfg.CoercionAction
6720:             4             96  com.fasterxml.jackson.databind.cfg.ConstructorDetector
6721:             4             96  com.fasterxml.jackson.databind.cfg.ConstructorDetector$SingleArgConstructor
6722:             3             96  com.fasterxml.jackson.databind.ser.impl.PropertySerializerMap$Double
6723:             4             96  com.fasterxml.jackson.databind.ser.impl.ReadOnlyClassToSerializerMap
6724:             2             96  com.fasterxml.jackson.databind.ser.std.CollectionSerializer
6725:             6             96  com.fasterxml.jackson.databind.ser.std.ToStringSerializer
6726:             2             96  com.github.benmanes.caffeine.cache.BoundedLocalCache$BoundedLocalAsyncLoadingCache
6727:             3             96  com.github.benmanes.caffeine.cache.PDMS
6728:             4             96  com.github.benmanes.caffeine.cache.UnboundedLocalCache$UnboundedLocalManualCache
6729:             3             96  com.github.weisj.jsvg.I
6730:             3             96  com.github.weisj.jsvg.J
6731:             3             96  com.github.weisj.jsvg.b
6732:             2             96  com.goide.codeInsight.GoCodeInsightSettings
6733:             4             96  com.goide.comments.GoCommentWordReference
6734:             4             96  com.goide.completion.GoStructLiteralCompletion$Variants
6735:             6             96  com.goide.controlflow.GoControlFlowProvider$$Lambda/0x000000980490bab8
6736:             3             96  com.goide.execution.GoBuildingRunConfiguration$Kind
6737:             4             96  com.goide.formatter.GoLineIndentProvider$GoElement
6738:             3             96  com.goide.formatter.settings.GoCodeStyleSettings$ImportSorting
6739:             3             96  com.goide.inspections.GoPrintFunctionsInspection$PlaceholderPart
6740:             4             96  com.goide.inspections.buildTag.GoBuildDirectiveOptions
6741:             4             96  com.goide.inspections.core.GoCallableDescriptorSet
6742:             4             96  com.goide.intentions.expressions.structLiteral.GoFillStructOptions
6743:             2             96  com.goide.postfix.GoAssignAppendPostfixTemplate
6744:             2             96  com.goide.postfix.GoNotExpressionPostfixTemplate
6745:             2             96  com.goide.postfix.GoNotNilIfConditionWithEmptyBlockPostfixTemplate
6746:             2             96  com.goide.postfix.GoNotNilStatementPostfixTemplate
6747:             6             96  com.goide.postfix.GoPostfixTemplateExpressionCondition$GoNonVoidExpression
6748:             2             96  com.goide.postfix.reterr.GoErrorExpressionNotNilReturnPostfixTemplate
6749:             2             96  com.goide.postfix.reterr.GoErrorVariableNotNilReturnPostfixTemplate
6750:             4             96  com.goide.psi.impl.GoAddExprImpl
6751:             4             96  com.goide.psi.impl.GoAssignOpImpl
6752:             4             96  com.goide.psi.impl.GoAssignmentStatementImpl
6753:             4             96  com.goide.psi.impl.GoConstraintTermImpl
6754:             6             96  com.goide.psi.impl.GoPsiImplUtil$$Lambda/0x000000980578e840
6755:             6             96  com.goide.psi.impl.GoPsiUtil$$Lambda/0x00000098048f0270
6756:             4             96  com.goide.refactor.GoNameSuggestionProvider$Option
6757:             3             96  com.goide.stubs.GoBackendElementTypeFactory$2
6758:             4             96  com.goide.usages.GoUseScopeOptimizer$$Lambda/0x0000009805735828
6759:             1             96  com.goide.util.GoExecutor$3$3
6760:             4             96  com.goide.util.GoExecutor$ExecutionResult$Status
6761:             2             96  com.goide.vendor.GoVendorDirectoriesCollector$1
6762:             4             96  com.goide.vgo.VgoModulesAware$1
6763:             4             96  com.goide.vgo.mod.psi.impl.VgoImportModuleNameReference
6764:             3             96  com.google.api.client.http.javanet.NetHttpTransport
6765:             2             96  com.google.api.services.cloudcode_pa.v1internal.model.PrivacyNotice
6766:             3             96  com.google.cloud.tools.intellij.service.EndpointOverrideUrl
6767:             4             96  com.google.cloud.tools.intellij.util.CloudCodePlatform
6768:             6             96  com.google.common.base.CharMatcher$Is
6769:             6             96  com.google.common.cache.LocalCache$LocalManualCache
6770:             4             96  com.google.common.collect.AbstractIterator$State
6771:             6             96  com.google.common.collect.Count
6772:             2             96  com.google.common.collect.EnumMultiset
6773:             4             96  com.google.common.collect.EvictingQueue
6774:             2             96  com.google.common.collect.HashBiMap$BiEntry
6775:             4             96  com.google.common.collect.ImmutableMapEntry
6776:             3             96  com.google.common.io.BaseEncoding$Base64Encoding
6777:             4             96  com.google.gson.ReflectionAccessFilter$FilterResult
6778:             6             96  com.google.protobuf.GeneratedMessageLite$DefaultInstanceBasedParser
6779:             4             96  com.google.tools.intellij.aiplugin.experimentation.ExperimentationFlagsServiceKt$nonDefaultValueUpdates$$inlined$map$1
6780:             4             96  com.google.tools.intellij.aiplugin.experimentation.ExperimentationFlagsServiceKt$nonDefaultValueUpdates$$inlined$map$1$2
6781:             2             96  com.google.tools.intellij.aiplugin.state.AiPluginSettings
6782:             1             96  com.google.tools.intellij.aiplugin.tier.UserTierService
6783:             4             96  com.google.tools.intellij.aiplugin.transform.FinishChangesFloatingToolbarProvider$register$1$invokeSuspend$$inlined$map$1
6784:             4             96  com.google.tools.intellij.aiplugin.transform.FinishChangesFloatingToolbarProvider$register$1$invokeSuspend$$inlined$map$1$2
6785:             3             96  com.google.tools.intellij.aiplugin.transform.discover.FinishChangesDiscoverabilityEditorInlay
6786:             4             96  com.ibm.icu.impl.CurrencyData$CurrencySpacingInfo$SpacingPattern
6787:             4             96  com.ibm.icu.impl.ICUResourceBundle$OpenType
6788:             4             96  com.ibm.icu.impl.number.Modifier$Signum
6789:             4             96  com.ibm.icu.impl.number.Padder$PadPosition
6790:             3             96  com.ibm.icu.number.Precision$SignificantRounderImpl
6791:             3             96  com.ibm.icu.number.UnlocalizedNumberFormatter
6792:             4             96  com.ibm.icu.text.DisplayContext$Type
6793:             3             96  com.ibm.icu.text.ListFormatter
6794:             2             96  com.ibm.icu.text.PluralRules$RangeConstraint
6795:             3             96  com.ibm.icu.text.PluralRules$Rule
6796:             4             96  com.ibm.icu.util.BytesTrie$Result
6797:             4             96  com.intellij.application.options.ReplacePathToMacroMap
6798:             6             96  com.intellij.application.options.codeStyle.cache.CodeStyleCachingServiceImpl$VirtualFileGetter
6799:             4             96  com.intellij.clouds.kubernetes.frontend.editor.floatingToolbar.FileNameChangeListener
6800:             4             96  com.intellij.clouds.kubernetes.frontend.editor.floatingToolbar.KubernetesFloatingToolbarProvider$register$4
6801:             4             96  com.intellij.clouds.kubernetes.frontend.editor.floatingToolbar.KubernetesFloatingToolbarProvider$register$7
6802:             4             96  com.intellij.codeHighlighting.TextEditorHighlightingPassRegistrar$Anchor
6803:             4             96  com.intellij.codeInsight.codeVision.CodeVisionHost$$Lambda/0x00000098044379b8
6804:             4             96  com.intellij.codeInsight.codeVision.CodeVisionHost$subscribeForContextChanged$1
6805:             2             96  com.intellij.codeInsight.codeVision.settings.CodeVisionSettingsLiveModel
6806:             4             96  com.intellij.codeInsight.codeVision.ui.CodeVisionView$$Lambda/0x000000980563e010
6807:             2             96  com.intellij.codeInsight.codeVision.ui.model.AdditionalCodeVisionEntry
6808:             4             96  com.intellij.codeInsight.codeVision.ui.renderers.painters.CodeVisionListPainter
6809:             3             96  com.intellij.codeInsight.codeVision.ui.renderers.painters.CodeVisionScaledIconPainter
6810:             4             96  com.intellij.codeInsight.codeVision.ui.renderers.painters.CodeVisionStringPainter
6811:             4             96  com.intellij.codeInsight.daemon.impl.ErrorCountStorage$HighlightKey
6812:             4             96  com.intellij.codeInsight.daemon.impl.LineMarkersPass$Mode
6813:             4             96  com.intellij.codeInsight.daemon.impl.TrafficLightStatusItemMetadata
6814:             3             96  com.intellij.codeInsight.highlighting.PassRunningAssert
6815:             4             96  com.intellij.codeInsight.hints.CodeAuthorClickHandler
6816:             4             96  com.intellij.codeInsight.hints.ParameterHintsUpdater$InlayUpdateInfo$Action
6817:             3             96  com.intellij.codeInsight.hints.parameters.ParameterHintsExcludeListConfig
6818:             3             96  com.intellij.codeInsight.hints.presentation.LineCenteredInset
6819:             3             96  com.intellij.codeInsight.hints.presentation.TextInlayPresentation
6820:             3             96  com.intellij.codeInsight.hints.presentation.WithAttributesPresentation
6821:             4             96  com.intellij.codeInsight.inline.completion.InlineCompletion$$Lambda/0x0000009804445b20
6822:             4             96  com.intellij.codeInsight.inline.completion.InlineCompletionHandlerImpl$createSessionManager$1
6823:             4             96  com.intellij.codeInsight.inline.completion.listeners.typing.InlineCompletionTypingSessionTracker
6824:             4             96  com.intellij.codeInsight.inline.completion.logs.InlineCompletionLogsListener
6825:             4             96  com.intellij.codeInsight.inline.completion.logs.InlineCompletionUsageTracker$InvokedEvents$Outcome
6826:             4             96  com.intellij.codeInsight.inline.completion.logs.UserFactorsListener$Holder
6827:             4             96  com.intellij.codeInsight.inline.completion.logs.statistics.CompletionFinishType
6828:             3             96  com.intellij.codeInsight.inline.completion.logs.statistics.TimeBetweenTypingComponent$State$DailyData
6829:             4             96  com.intellij.codeInsight.inline.completion.onboarding.InlineCompletionOnboardingListener
6830:             4             96  com.intellij.codeInsight.inline.completion.suggestion.InlineCompletionVariant$Snapshot$State
6831:             4             96  com.intellij.codeInsight.lookup.AutoCompletionPolicy
6832:             4             96  com.intellij.codeInsight.lookup.impl.LookupUsageTracker$FinishType
6833:             6             96  com.intellij.codeInsight.multiverse.EditorSelectedContextsPredicate
6834:             4             96  com.intellij.codeInspection.NonAsciiCharactersInspection$PsiElementKind
6835:             2             96  com.intellij.codeInspection.ex.Dynamic_inspectionsKt$dynamicInspectionsFlow$$inlined$flatMapLatest$1
6836:             2             96  com.intellij.codeInspection.ex.Dynamic_inspectionsKt$dynamicInspectionsFlow$epUpdatedFlow$1
6837:             2             96  com.intellij.codeInspection.ex.ProjectInspectionToolRegistrar$updateInspectionProfilesSubscription$1
6838:             3             96  com.intellij.collaboration.async.CoroutineUtilKt$mapScoped2$1$1$1$1
6839:             3             96  com.intellij.completion.ngram.slp.modeling.ngram.JMModel$JMMConfig
6840:             4             96  com.intellij.configurationStore.TypeMarker
6841:             3             96  com.intellij.configurationStore.schemeManager.ProjectSchemeManagerFactory
6842:             4             96  com.intellij.configurationStore.statistic.eventLog.FeatureUsageSettingsEventPrinter
6843:             4             96  com.intellij.configurationStore.statistic.eventLog.FeatureUsageSettingsEvents
6844:             2             96  com.intellij.configurationStore.statistic.eventLog.FeatureUsageSettingsEvents$1
6845:             4             96  com.intellij.configurationStore.statistic.eventLog.FeatureUsageSettingsEvents$2
6846:             4             96  com.intellij.credentialStore.ProviderType
6847:             2             96  com.intellij.cwm.plugin.common.tabection.CWMSingleUserAction
6848:             2             96  com.intellij.cwm.plugin.following.FollowMeManagerService
6849:             3             96  com.intellij.database.actions.ActionStatus
6850:             3             96  com.intellij.database.dataSource.DataSourceStorage$2
6851:             3             96  com.intellij.database.dataSource.DataSourceStorageLocal
6852:             3             96  com.intellij.database.dataSource.srcStorage.DbSrcFileSystemCore$ItemType
6853:             2             96  com.intellij.database.datagrid.AggregatorWidget
6854:             2             96  com.intellij.database.datagrid.GridPositionWidget
6855:             4             96  com.intellij.database.datagrid.GridWidget$1
6856:             4             96  com.intellij.database.dialects.mssql.MsDialect
6857:             3             96  com.intellij.database.model.properties.DataTypeFactory$Variant
6858:             4             96  com.intellij.database.settings.DataGridSettings$PagingDisplayMode
6859:             2             96  com.intellij.database.util.RunnableWithDebounce$1
6860:             3             96  com.intellij.database.view.ui.KnownCloudProviderPlugins
6861:             2             96  com.intellij.diagnostic.IdeMessagePanel$IdeMessageAction
6862:             4             96  com.intellij.diagnostic.JitWatcher$CompilerState
6863:             3             96  com.intellij.diff.tools.util.breadcrumbs.BreadcrumbsPlacement
6864:             3             96  com.intellij.docker.DockerServerRuntimesManager
6865:             3             96  com.intellij.docker.splitApi.FrontendDockerServerRuntimesManager
6866:             4             96  com.intellij.execution.configurations.RunConfigurationSingletonPolicy
6867:             4             96  com.intellij.execution.executors.ExecutorGroup$ProxyExecutor
6868:             3             96  com.intellij.execution.filters.PatternBasedFileHyperlinkFilter
6869:             3             96  com.intellij.execution.filters.PatternHyperlinkFormat
6870:             4             96  com.intellij.execution.filters.PatternHyperlinkPart
6871:             3             96  com.intellij.execution.impl.RCInArbitraryFileManager
6872:             3             96  com.intellij.execution.impl.RunConfigurationListManagerHelper
6873:             4             96  com.intellij.execution.impl.statistics.RunConfigurationUsageTriggerCollector$RunConfigurationFinishType
6874:             3             96  com.intellij.execution.process.AnsiTerminalEmulator$BlinkSpeed
6875:             3             96  com.intellij.execution.process.AnsiTerminalEmulator$FrameType
6876:             3             96  com.intellij.execution.process.AnsiTerminalEmulator$Underline
6877:             3             96  com.intellij.execution.process.AnsiTerminalEmulator$Weight
6878:             4             96  com.intellij.execution.process.ProcessEvent
6879:             4             96  com.intellij.execution.process.ProcessHandler$State
6880:             3             96  com.intellij.execution.process.ProcessOutputType
6881:             4             96  com.intellij.execution.process.ProcessWaitFor
6882:             1             96  com.intellij.execution.ui.RunContentDescriptor
6883:             4             96  com.intellij.execution.ui.layout.PlaceInGrid
6884:             2             96  com.intellij.execution.ui.layout.impl.TabImpl
6885:             2             96  com.intellij.find.SearchReplaceComponent$CloseAction
6886:             4             96  com.intellij.formatting.WrapImpl$Type
6887:             3             96  com.intellij.grazie.rule.ParsedSentence
6888:             4             96  com.intellij.grazie.spellcheck.dictionary.ExtendedWordListWithFrequency
6889:             6             96  com.intellij.grazie.text.RuleGroup
6890:             4             96  com.intellij.grazie.text.TextContent$TextDomain
6891:             2             96  com.intellij.httpClient.http.request.run.config.HttpRequestRunConfiguration$Settings
6892:             2             96  com.intellij.ide.GeneralSettingsState
6893:             4             96  com.intellij.ide.IdeCustomizableActionHelper
6894:             1             96  com.intellij.ide.IdeKeyboardFocusManager
6895:             4             96  com.intellij.ide.actions.StretchSplitAction$StretchDirection
6896:             6             96  com.intellij.ide.actions.ToolWindowMoveAction$$Lambda/0x0000009805c8fac8
6897:             6             96  com.intellij.ide.actions.ToolWindowMoveAction$$Lambda/0x0000009805c8fd20
6898:             2             96  com.intellij.ide.browsers.BrowserFamily
6899:             3             96  com.intellij.ide.browsers.ReloadMode
6900:             6             96  com.intellij.ide.impl.DataValidators$$Lambda/0x0000009802c0eb08
6901:             3             96  com.intellij.ide.plugins.DependencyCollectorBean
6902:             4             96  com.intellij.ide.plugins.PluginNode$Status
6903:             4             96  com.intellij.ide.projectView.NodeSortKey
6904:             6             96  com.intellij.ide.projectView.impl.AbstractProjectViewPane$5
6905:             6             96  com.intellij.ide.projectView.impl.ProjectViewImpl$$Lambda/0x00000098032ab510
6906:             4             96  com.intellij.ide.rpc.DocumentId
6907:             1             96  com.intellij.ide.scratch.ScratchTreeStructureProvider$MyRootNode$1$1
6908:             3             96  com.intellij.ide.ui.MainMenuDisplayMode
6909:             4             96  com.intellij.ide.ui.UiThemePaletteScopeManager$configureIcons$1
6910:             3             96  com.intellij.ide.ui.laf.darcula.ui.DarculaProgressBarBorder
6911:             4             96  com.intellij.ide.util.treeView.TreeState$MultiplePathsVisitor$PathMatch
6912:             2             96  com.intellij.ide.v.R.vI
6913:             2             96  com.intellij.ide.v.R.vd
6914:             4             96  com.intellij.indexing.shared.metadata.SharedIndexGenerationStatistics
6915:             3             96  com.intellij.indexing.shared.platform.api.IndexInfrastructureCapability
6916:             4             96  com.intellij.indexing.shared.platform.api.SharedIndexStats
6917:             2             96  com.intellij.internal.ml.ngram.VocabularyWithLimit
6918:             4             96  com.intellij.internal.performance.LatencyDistributionRecord
6919:             4             96  com.intellij.internal.performance.LatencyDistributionRecordKey
6920:             1             96  com.intellij.internal.statistic.collectors.fus.os.SystemRuntimeCollector
6921:             3             96  com.intellij.internal.statistic.eventLog.FileData
6922:             3             96  com.intellij.internal.statistic.eventLog.events.StringEventField$ValidatedByDictionary
6923:             4             96  com.intellij.internal.statistic.eventLog.logger.EventsRateResultType
6924:             4             96  com.intellij.internal.statistic.eventLog.validator.SimpleDictionaryStorage
6925:             4             96  com.intellij.internal.statistic.local.LanguageUsageStatisticsProviderImpl$SimpleLanguageUsageStatistics
6926:             4             96  com.intellij.internal.statistic.uploader.events.ExternalSystemEventType
6927:             3             96  com.intellij.internal.statistic.utils.EventsIdentityWindowThrottle
6928:             3             96  com.intellij.javascript.nodejs.library.node_modules.NodeModulesRequestMerger
6929:             2             96  com.intellij.javascript.nodejs.library.yarn.pnp.YarnPnpManager
6930:             2             96  com.intellij.javascript.nodejs.packageJson.PackageJsonFileEditorTracker
6931:             2             96  com.intellij.javascript.nodejs.packageJson.notification.PackageJsonUpdateNotifier
6932:             4             96  com.intellij.javascript.nodejs.util.NodePackage
6933:             3             96  com.intellij.json.formatter.JsonCodeStyleSettings$PropertyAlignment
6934:             2             96  com.intellij.kubernetes.splitApi.KubernetesClientContextStateKt$observeKubeconfigState$1
6935:             2             96  com.intellij.kubernetes.splitApi.KubernetesClientContextStateKt$observeKubernetesClientState$1
6936:             2             96  com.intellij.kubernetes.splitApi.SyncPublisher$event$1$subscribe$innerHandler$1
6937:             4             96  com.intellij.lang.ParserDefinition$SpaceRequirements
6938:             4             96  com.intellij.lang.javascript.BasicElementTypeFactory
6939:             3             96  com.intellij.lang.javascript.formatter.JSCodeStyleSettings$PathMappingOption
6940:             6             96  com.intellij.lang.javascript.index.JSImplicitElementsIndex$2
6941:             2             96  com.intellij.lang.javascript.library.JSLibraryMappings
6942:             3             96  com.intellij.lang.javascript.linter.JSLinterGuesser$EnableCase
6943:             4             96  com.intellij.lang.javascript.parsing.ExpressionParser$BinaryParsingState
6944:             4             96  com.intellij.lang.javascript.parsing.modifiers.JSModifiersStructure$JSModifiersParseResult
6945:             6             96  com.intellij.lang.javascript.parsing.modifiers.JSOneOfModifiersStructure
6946:             4             96  com.intellij.lang.javascript.psi.JSModuleStatusOwner$ModuleStatus
6947:             4             96  com.intellij.lang.javascript.psi.JSQualifiedNameImpl
6948:             4             96  com.intellij.lang.javascript.psi.JSTestFileType
6949:             4             96  com.intellij.lang.javascript.psi.ecmal4.JSAttributeList$AccessType
6950:             4             96  com.intellij.lang.javascript.psi.types.JSTypeContext
6951:             2             96  com.intellij.lang.javascript.template.postfix.JSNotExpressionPostfixTemplate
6952:             4             96  com.intellij.lang.typescript.compiler.TypeScriptCompilerSettings$TypeScriptCompilerVersionType
6953:             2             96  com.intellij.lang.typescript.library.TypeScriptServiceDirectoryWatcher
6954:             3             96  com.intellij.lang.typescript.settings.exclude.TypeScriptExcludeManager$State
6955:             4             96  com.intellij.llmInstaller.AIAssistantToolWindowFactory$LastToolWindowState
6956:             4             96  com.intellij.llmInstaller.InstallationState
6957:             4             96  com.intellij.microservices.endpoints.EndpointsViewListener$ChangeType
6958:             4             96  com.intellij.ml.inline.completion.features.correctness.EnrichmentTool$Aspect
6959:             4             96  com.intellij.ml.inline.completion.impl.inline.tracking.MLCompletionImplicitRejectionListener
6960:             4             96  com.intellij.ml.inline.completion.impl.kit.MidLineInvocationPolicy
6961:             4             96  com.intellij.ml.inline.completion.impl.logs.ProposalFeatures$CorrectnessState
6962:             4             96  com.intellij.model.SideEffectGuard$EffectType
6963:             3             96  com.intellij.notification.NotificationAnnouncingMode
6964:             4             96  com.intellij.notification.NotificationType
6965:             4             96  com.intellij.openapi.actionSystem.KeepPopupOnPerform
6966:             2             96  com.intellij.openapi.actionSystem.impl.ActionManagerImpl$MyTimer$2$1
6967:             4             96  com.intellij.openapi.actionSystem.impl.ActionManagerImplKt$$Lambda/0x00000098025806c8
6968:             3             96  com.intellij.openapi.actionSystem.impl.ActionPopupMenuImpl
6969:             4             96  com.intellij.openapi.actionSystem.impl.ActionToolbarImpl$getCustomComponent$ToolbarClicksCollectorListener
6970:             4             96  com.intellij.openapi.application.impl.ImmediateEdtCoroutineDispatcher
6971:             4             96  com.intellij.openapi.client.ClientType
6972:             3             96  com.intellij.openapi.command.impl.SharedAdjustableUndoableActionsHolder
6973:             4             96  com.intellij.openapi.components.RoamingType
6974:             4             96  com.intellij.openapi.editor.CaretStateTransferableData
6975:             3             96  com.intellij.openapi.editor.CaretVisualAttributes$Weight
6976:             4             96  com.intellij.openapi.editor.Inlay$Placement
6977:             1             96  com.intellij.openapi.editor.impl.EditorComponentImpl$AccessibleEditorComponentImpl
6978:             4             96  com.intellij.openapi.editor.impl.multiverse.CodeInsightContextSwitcher$Controller$special$$inlined$filter$1
6979:             4             96  com.intellij.openapi.editor.impl.multiverse.CodeInsightContextSwitcher$Controller$special$$inlined$filter$1$2
6980:             6             96  com.intellij.openapi.editor.impl.zombie.FingerprintedExternalizer
6981:             4             96  com.intellij.openapi.editor.markup.AnalyzingType
6982:             4             96  com.intellij.openapi.editor.markup.TextAttributesEffectsBuilder$EffectSlot
6983:             4             96  com.intellij.openapi.editor.richcopy.model.ColorRegistry
6984:             4             96  com.intellij.openapi.editor.richcopy.model.FontNameRegistry
6985:             4             96  com.intellij.openapi.externalSystem.autoimport.ExternalSystemModificationType
6986:             4             96  com.intellij.openapi.externalSystem.autoimport.ExternalSystemSettingsFilesModificationContext$ReloadStatus
6987:             4             96  com.intellij.openapi.externalSystem.autoimport.ProjectRefreshFloatingProvider$register$1
6988:             2             96  com.intellij.openapi.externalSystem.autoimport.ProjectSettingsTracker
6989:             2             96  com.intellij.openapi.externalSystem.autoimport.ProjectSettingsTracker$SettingsFilesAsyncSupplier$supplier$1
6990:             4             96  com.intellij.openapi.externalSystem.autoimport.ProjectStatus
6991:             2             96  com.intellij.openapi.externalSystem.service.project.manage.SourceFolderManagerImpl
6992:             4             96  com.intellij.openapi.externalSystem.service.ui.completion.cache.BasicLocalCache$CachedValue
6993:             3             96  com.intellij.openapi.fileEditor.TextEditorWithPreview$Layout
6994:             6             96  com.intellij.openapi.fileEditor.impl.EditorComposite$$Lambda/0x0000009803a59098
6995:             6             96  com.intellij.openapi.fileEditor.impl.EditorCompositePanel$1
6996:             6             96  com.intellij.openapi.fileEditor.impl.EditorCompositePanel$2
6997:             6             96  com.intellij.openapi.fileEditor.impl.EditorTabbedContainerKt$$Lambda/0x0000009803805490
6998:             2             96  com.intellij.openapi.fileEditor.impl.EditorsSplitters$iconUpdateChannel$1
6999:             3             96  com.intellij.openapi.fileEditor.impl.LoadTextUtil$SevenBitCharset
7000:             2             96  com.intellij.openapi.fileEditor.impl.MyFocusTraversalPolicy
7001:             3             96  com.intellij.openapi.fileEditor.impl.text.PsiAwareTextEditorProvider$PsiAwareEditorWrapper
7002:             4             96  com.intellij.openapi.fileEditor.impl.text.TextEditorComponent$MyDocumentListener$$Lambda/0x00000098044b8c40
7003:             4             96  com.intellij.openapi.fileEditor.impl.text.TextEditorComponent$MyFileTypeListener
7004:             4             96  com.intellij.openapi.fileEditor.impl.text.TextEditorComponent$MyVirtualFileListener
7005:             3             96  com.intellij.openapi.fileEditor.impl.text.TextEditorPsiDataRule$$Lambda/0x00000098044f12e8
7006:             3             96  com.intellij.openapi.fileEditor.impl.text.TextEditorPsiDataRule$$Lambda/0x00000098044f1780
7007:             3             96  com.intellij.openapi.fileEditor.impl.text.TextEditorPsiDataRule$$Lambda/0x00000098044f19d8
7008:             3             96  com.intellij.openapi.fileEditor.impl.text.TextEditorPsiDataRule$$Lambda/0x00000098044f1c30
7009:             3             96  com.intellij.openapi.fileEditor.impl.text.TextEditorPsiDataRule$$Lambda/0x00000098044f1e88
7010:             3             96  com.intellij.openapi.fileEditor.impl.text.TextEditorPsiDataRule$$Lambda/0x00000098044f20e0
7011:             3             96  com.intellij.openapi.fileEditor.impl.text.TextEditorPsiDataRule$$Lambda/0x00000098044f2338
7012:             6             96  com.intellij.openapi.fileTypes.WildcardFileNameMatcher$SuffixMatcher
7013:             4             96  com.intellij.openapi.options.advanced.AdvancedSettingType
7014:             2             96  com.intellij.openapi.progress.impl.TaskInfoEntityCollectorKt$collectActiveTasks$1$2
7015:             3             96  com.intellij.openapi.project.DumbServiceImpl$DumbStateImpl
7016:             3             96  com.intellij.openapi.project.DumbServiceMergingTaskQueue
7017:             4             96  com.intellij.openapi.project.SingleTaskExecutor$RunState
7018:             4             96  com.intellij.openapi.roots.SyntheticLibrary$ExcludeFileCondition$$Lambda/0x00000098032604c0
7019:             2             96  com.intellij.openapi.roots.impl.ProjectRootManagerComponent$addRootsToWatch$2$job$1
7020:             3             96  com.intellij.openapi.ui.MessageType
7021:             4             96  com.intellij.openapi.ui.Splitter$DividerPositionStrategy
7022:             4             96  com.intellij.openapi.ui.popup.Balloon$Position
7023:             4             96  com.intellij.openapi.util.Conditions$Or
7024:             4             96  com.intellij.openapi.util.IconLoader$getTransparentIcon$1
7025:             6             96  com.intellij.openapi.util.LowMemoryWatcher$$Lambda/0x0000009802d5f780
7026:             4             96  com.intellij.openapi.util.MutualMap
7027:             4             96  com.intellij.openapi.util.NotNullLazyValue$4
7028:             3             96  com.intellij.openapi.util.ZipperUpdater
7029:             1             96  com.intellij.openapi.vcs.ExternallyAddedFilesProcessorImpl
7030:             1             96  com.intellij.openapi.vcs.ProjectConfigurationFilesProcessorImpl
7031:             4             96  com.intellij.openapi.vcs.changes.Change$Type
7032:             4             96  com.intellij.openapi.vcs.changes.SwitchedFileHolder
7033:             2             96  com.intellij.openapi.vcs.changes.UpdateRequestsQueue
7034:             4             96  com.intellij.openapi.vcs.changes.VirtualFileHolder
7035:             1             96  com.intellij.openapi.vcs.changes.ignore.IgnoreFilesProcessorImpl
7036:             6             96  com.intellij.openapi.vcs.changes.ignore.lang.IgnoreParserDefinition
7037:             2             96  com.intellij.openapi.vcs.changes.shelf.ShelveChangesManager
7038:             4             96  com.intellij.openapi.vcs.changes.ui.VcsToolWindowFactory$init$3
7039:             6             96  com.intellij.openapi.vcs.ex.LineStatusMarkerRenderer$MarkerData
7040:             4             96  com.intellij.openapi.vcs.history.HistoryCacheWithRevisionKey
7041:             4             96  com.intellij.openapi.vcs.impl.VcsInitialization$Status
7042:             4             96  com.intellij.openapi.vcs.impl.projectlevelman.PersistentVcsShowConfirmationOptionImpl
7043:             2             96  com.intellij.openapi.vcs.roots.VcsRootProblemNotifier
7044:             3             96  com.intellij.openapi.vcs.telemetry.VcsBackendTelemetrySpan$LogHistory
7045:             4             96  com.intellij.openapi.vfs.CharsetToolkit$GuessedEncoding
7046:             4             96  com.intellij.openapi.vfs.VirtualFileSystem$$Lambda/0x0000009803d667a8
7047:             2             96  com.intellij.openapi.vfs.encoding.EncodingProjectManagerImpl
7048:             3             96  com.intellij.openapi.vfs.encoding.EncodingProjectManagerImpl$BOMForNewUTF8Files
7049:             1             96  com.intellij.openapi.vfs.newvfs.persistent.PersistentFSLoader
7050:             4             96  com.intellij.openapi.wm.ToolWindowAnchor
7051:             4             96  com.intellij.openapi.wm.ToolWindowType
7052:             4             96  com.intellij.openapi.wm.impl.KeyState
7053:             4             96  com.intellij.openapi.wm.impl.PainterHelper$MyImagePainter$ImageLoadSettings
7054:             6             96  com.intellij.openapi.wm.impl.ToolWindowManagerImpl$$Lambda/0x00000098033fe2b8
7055:             2             96  com.intellij.openapi.wm.impl.ToolWindowManagerStateImpl
7056:             6             96  com.intellij.openapi.wm.impl.customFrameDecorations.header.toolbar.HeaderToolbarButtonLook
7057:             6             96  com.intellij.openapi.wm.impl.status.EditorBasedStatusBarPopup$3
7058:             3             96  com.intellij.openapi.wm.impl.status.EditorBasedStatusBarPopup$WidgetState
7059:             2             96  com.intellij.openapi.wm.impl.status.EncodingPanel
7060:             2             96  com.intellij.openapi.wm.impl.status.IconPresentationComponent$1
7061:             2             96  com.intellij.openapi.wm.impl.status.IconPresentationComponent$2$1
7062:             4             96  com.intellij.openapi.wm.impl.status.IdeStatusBarImplKt$$Lambda/0x000000980352d4a0
7063:             4             96  com.intellij.openapi.wm.impl.status.IdeStatusBarImplKt$$Lambda/0x000000980352fb08
7064:             2             96  com.intellij.openapi.wm.impl.status.LineSeparatorPanel
7065:             2             96  com.intellij.openapi.wm.impl.status.widget.StatusBarWidgetsManager
7066:             2             96  com.intellij.openapi.wm.impl.status.widget.StatusBarWidgetsManager$dataContext$1$currentFileEditor$2$1
7067:             4             96  com.intellij.openapi.wm.impl.status.widget.StatusBarWidgetsManagerKt$createWidget$1
7068:             2             96  com.intellij.packageDependencies.DependencyValidationManagerImpl
7069:             4             96  com.intellij.patterns.VirtualFilePattern
7070:             4             96  com.intellij.patterns.XmlAttributeValuePattern$3
7071:             4             96  com.intellij.patterns.compiler.PatternCompilerImpl
7072:             4             96  com.intellij.platform.buildData.productInfo.ProductInfoLayoutItemKind
7073:             2             96  com.intellij.platform.debugger.impl.backend.XBreakpointDtoUtilsKt$toRpc$2$2
7074:             2             96  com.intellij.platform.debugger.impl.frontend.FrontendXBreakpointManager$initializeBreakpoints$1$1
7075:             2             96  com.intellij.platform.debugger.impl.frontend.FrontendXBreakpointProxy
7076:             2             96  com.intellij.platform.debugger.impl.frontend.FrontendXDebuggerManager$currentSession$1$1
7077:             2             96  com.intellij.platform.debugger.impl.frontend.FrontendXDebuggerManager$initSessions$1$1
7078:             4             96  com.intellij.platform.debugger.impl.frontend.RegistrationStatus
7079:             2             96  com.intellij.platform.debugger.impl.frontend.hotswap.FrontendHotSwapManager$frontendStatusFlow$1$1$1
7080:             4             96  com.intellij.platform.debugger.impl.frontend.hotswap.HotSwapFloatingToolbarProvider$$Lambda/0x0000009804655958
7081:             6             96  com.intellij.platform.debugger.impl.rpc.XLineBreakpointTypeInfo
7082:             4             96  com.intellij.platform.diagnostic.telemetry.impl.IntelliJTracerImpl
7083:             4             96  com.intellij.platform.diagnostic.telemetry.impl.IntelliJTracerImpl$traceReporter$1
7084:             4             96  com.intellij.platform.eel.EelExecPosixApi$PosixEnvironmentVariablesOptions$Mode
7085:             2             96  com.intellij.platform.execution.dashboard.splitApi.frontend.FrontendRunDashboardManager
7086:             3             96  com.intellij.platform.execution.serviceView.ServiceModel
7087:             2             96  com.intellij.platform.ide.bootstrap.PrintStreamLogger
7088:             4             96  com.intellij.platform.ide.diagnostic.startUpPerformanceReporter.FUSProjectHotStartUpMeasurer$ProjectsType
7089:             2             96  com.intellij.platform.ide.nonModalWelcomeScreen.actions.WelcomeScreenProxyAction
7090:             4             96  com.intellij.platform.ide.nonModalWelcomeScreen.leftPanel.LeftPanelDisclosureButtonAction$$Lambda/0x000000980338a020
7091:             2             96  com.intellij.platform.navbar.frontend.NavBarRootPaneExtension$component$1
7092:             2             96  com.intellij.platform.navbar.frontend.NavBarService$1$1
7093:             2             96  com.intellij.platform.navbar.frontend.NavBarService$createNavBarPanel$1
7094:             2             96  com.intellij.platform.navbar.frontend.NavBarService$createNavBarPanel$2
7095:             2             96  com.intellij.platform.navbar.frontend.NavBarService$createNavBarPanel$3
7096:             4             96  com.intellij.platform.plugins.parser.impl.elements.ModuleLoadingRule
7097:             2             96  com.intellij.platform.project.backend.module.ModuleStateApiImpl$getModulesUpdateEvents$flow$1
7098:             2             96  com.intellij.platform.recentFiles.backend.BackendRecentFileEventsModel
7099:             4             96  com.intellij.platform.recentFiles.shared.FileChangeKind
7100:             4             96  com.intellij.platform.rpc.topics.impl.ProjectRemoteTopicImpl
7101:             4             96  com.intellij.platform.split.connection.SessionEndedReason
7102:             4             96  com.intellij.platform.util.progress.StepState
7103:             4             96  com.intellij.platform.workspace.jps.JpsProjectConfigLocation$DirectoryBased
7104:             4             96  com.intellij.platform.workspace.jps.entities.DependencyScope
7105:             3             96  com.intellij.platform.workspace.jps.entities.impl.ContentRootEntityData
7106:             3             96  com.intellij.platform.workspace.jps.entities.impl.ModuleEntityData
7107:             4             96  com.intellij.platform.workspace.storage.ConnectionId$ConnectionType
7108:             6             96  com.intellij.platform.workspace.storage.impl.IntIdGenerator
7109:             4             96  com.intellij.platform.workspace.storage.impl.containers.BidirectionalLongSetMap
7110:             4             96  com.intellij.platform.workspace.storage.impl.containers.PersistentBidirectionalMapImpl
7111:             4             96  com.intellij.platform.workspace.storage.impl.external.ImmutableExternalEntityMappingImpl
7112:             2             96  com.intellij.plugins.watcher.model.ProjectTasksOptions
7113:             4             96  com.intellij.polySymbols.context.impl.PolyContextKindRulesImpl
7114:             2             96  com.intellij.polySymbols.webTypes.WebTypesEmbeddedDefinitionsLoader$DefaultWebTypesScope$1$1
7115:             3             96  com.intellij.polySymbols.webTypes.json.ContextKindConfig
7116:             6             96  com.intellij.polySymbols.webTypes.json.GenericCssContributions$MyDeserializer
7117:             3             96  com.intellij.polySymbols.webTypes.json.HtmlAttributeValue$Kind
7118:             3             96  com.intellij.polySymbols.webTypes.json.WebTypes$DescriptionMarkup
7119:             3             96  com.intellij.profiler.CommonProfilerUiOptions$TabNameFormat
7120:             4             96  com.intellij.profiler.DefaultProfilerExecutorGroup$ProfilerExecutorSettings
7121:             1             96  com.intellij.profiler.statistics.ProfilerSettingsStatisticsCollector
7122:             3             96  com.intellij.psi.codeStyle.CodeStyleSettings$QuoteStyle
7123:             3             96  com.intellij.psi.codeStyle.CommonCodeStyleSettings$WrapOnTyping
7124:             2             96  com.intellij.psi.codeStyle.ProjectCodeStyleSettingsManager
7125:             4             96  com.intellij.psi.filters.ClassFilter
7126:             3             96  com.intellij.psi.impl.PsiModificationTrackerImpl
7127:             4             96  com.intellij.psi.impl.PsiModificationTrackerImpl$$Lambda/0x0000009803e33510
7128:             3             96  com.intellij.psi.impl.PsiToDocumentSynchronizer
7129:             6             96  com.intellij.psi.impl.source.CharTableImpl
7130:             4             96  com.intellij.psi.impl.source.resolve.reference.UrlReferenceContributor$1
7131:             4             96  com.intellij.psi.stubs.SerializedStubTreeDataExternalizer
7132:             4             96  com.intellij.psi.stubs.StubInconsistencyReporter$StubTreeAndIndexDoNotMatchSource
7133:             6             96  com.intellij.psi.tree.DefaultRoleFinder$$Lambda/0x00000098024b94b0
7134:             4             96  com.intellij.remoteDev.OsRegistryConfigProvider
7135:             3             96  com.intellij.remoteServer.impl.configuration.deployment.DeployToServerConfigurationType$SingletonTypeConfigurationFactory
7136:             4             96  com.intellij.rml.dfa.AnalysisPass
7137:             2             96  com.intellij.searchEverywhereMl.ranking.core.features.ActionsGlobalStatisticsFields
7138:             4             96  com.intellij.semantic.SemKey
7139:             4             96  com.intellij.serviceContainer.LightServiceInstanceSupport
7140:             4             96  com.intellij.settingsSync.core.config.SyncStatus
7141:             4             96  com.intellij.spellchecker.quickfixes.SaveTo
7142:             3             96  com.intellij.sql.dialects.postgres.psi.stubs.PgSequenceStubElementType
7143:             3             96  com.intellij.sql.psi.SqlIdentifierKeywordTokenType
7144:             3             96  com.intellij.sql.psi.SqlKeywordTokenType
7145:             3             96  com.intellij.sql.psi.stubs.elementTypes.SqlUseDatabaseStatementElementType
7146:             6             96  com.intellij.sql.psi.stubs.factories.SqlTableStubElementFactory
7147:             6             96  com.intellij.sql.psi.stubs.factories.SqlTriggerDefinitionStubElementFactory
7148:             6             96  com.intellij.sql.psi.stubs.serializers.SqlTableStubSerializer
7149:             6             96  com.intellij.sql.psi.stubs.serializers.SqlTriggerDefinitionStubSerializer
7150:             2             96  com.intellij.station.comms.common.netty.server.NettyServicesServerBase$3$1
7151:             2             96  com.intellij.swagger.core.visualEditing.SwVisualEditingActionsService$lineRangesTreeStorage$1
7152:             4             96  com.intellij.tasks.TaskType
7153:             3             96  com.intellij.terminal.TerminalUiSettingsManager$CursorShape
7154:             3             96  com.intellij.terminal.backend.TerminalShellIntegrationController$Param
7155:             2             96  com.intellij.terminal.frontend.action.SendShortcutToTerminalAction
7156:             2             96  com.intellij.terminal.frontend.toolwindow.impl.TerminalDockContainer$Companion$install$1
7157:             2             96  com.intellij.terminal.frontend.view.impl.TerminalCursorPainter
7158:             2             96  com.intellij.terminal.frontend.view.impl.TerminalCursorPainter$paintStaticCursor$1
7159:             4             96  com.intellij.toolWindow.ImageCache
7160:             4             96  com.intellij.toolWindow.InternalDecoratorImpl$Mode
7161:             4             96  com.intellij.toolWindow.MoreSquareStripeButton$$Lambda/0x0000009802aab178
7162:             4             96  com.intellij.toolWindow.ToolWindowDescriptor$ToolWindowAnchor
7163:             4             96  com.intellij.toolWindow.ToolWindowProperty
7164:             2             96  com.intellij.tools.BaseToolManager$1
7165:             2             96  com.intellij.ui.BadgeDotProvider
7166:             4             96  com.intellij.ui.JBAccountInfoService$LicensePack
7167:             2             96  com.intellij.ui.ListFocusTraversalPolicy
7168:             2             96  com.intellij.ui.ListSpeedSearch$MySelectAllAction
7169:             3             96  com.intellij.ui.SpeedSearchComparator
7170:             3             96  com.intellij.ui.components.JBHtmlPaneStyleConfiguration$ElementKind
7171:             4             96  com.intellij.ui.components.JBScrollPane$Alignment
7172:             4             96  com.intellij.ui.components.JBScrollPane$Flip
7173:             2             96  com.intellij.ui.components.ThinMacScrollBarUI
7174:             4             96  com.intellij.ui.components.TwoSideComponent$CommonToolbarLayout
7175:             4             96  com.intellij.ui.components.WideSelectionListUI$1
7176:             4             96  com.intellij.ui.dsl.builder.impl.DslComponentPropertyInternal
7177:             4             96  com.intellij.ui.dsl.gridLayout.HorizontalAlign
7178:             4             96  com.intellij.ui.dsl.gridLayout.VerticalAlign
7179:             3             96  com.intellij.ui.icons.StrokeKt$getStrokePatcher$1
7180:             6             96  com.intellij.ui.jcef.DisposeHelper
7181:             4             96  com.intellij.ui.jcef.JBCefBrowserBase$LoadDeferrer
7182:             6             96  com.intellij.ui.jcef.JcefShortcutProvider$$Lambda/0x0000009804d62a08
7183:             4             96  com.intellij.ui.jcef.PropertiesHelper
7184:             4             96  com.intellij.ui.paint.LinePainter2D$StrokeType
7185:             6             96  com.intellij.ui.popup.PopupFactoryImpl$ActionItem$$Lambda/0x000000980406cbd0
7186:             4             96  com.intellij.ui.popup.PopupPositionManager$Position
7187:             4             96  com.intellij.ui.popup.list.SelectablePanel$Side
7188:             4             96  com.intellij.ui.tabs.JBTabsPosition
7189:             6             96  com.intellij.ui.tabs.impl.JBTabsImpl$$Lambda/0x000000980312ad40
7190:             4             96  com.intellij.ui.tabs.impl.JBTabsImpl$$Lambda/0x0000009805eea958
7191:             4             96  com.intellij.ui.tree.LeafState
7192:             4             96  com.intellij.ui.tree.TreeVisitor$Action
7193:             3             96  com.intellij.ui.tree.ui.ClassicPainter
7194:             2             96  com.intellij.util.Alarm$Request$schedule$1
7195:             3             96  com.intellij.util.LineSeparator
7196:             6             96  com.intellij.util.MethodInvocator
7197:             4             96  com.intellij.util.animation.Animation$Phase
7198:             4             96  com.intellij.util.animation.CubicBezierEasing
7199:             4             96  com.intellij.util.containers.BidirectionalMap
7200:             3             96  com.intellij.util.containers.IntObjectLRUMap$MapEntry
7201:             4             96  com.intellij.util.containers.TreeNodeProcessingResult
7202:             3             96  com.intellij.util.containers.WeakKeyWeakValueHashMap$WeakValueReference
7203:             4             96  com.intellij.util.containers.WeakValueHashMap
7204:             4             96  com.intellij.util.diff.DiffTree$CompareResult
7205:             3             96  com.intellij.util.indexing.InitialScanningSkipReporter$NotSeenIdsBasedFullScanningDecision
7206:             4             96  com.intellij.util.indexing.diagnostic.StorageDiagnosticData$$Lambda/0x000000980278ac50
7207:             6             96  com.intellij.util.indexing.events.ProjectDirtyFiles
7208:             6             96  com.intellij.util.indexing.impl.perFileVersion.PersistentSubIndexerVersionEnumerator$MyEnumerator
7209:             4             96  com.intellij.util.io.BaseDataReader$$Lambda/0x00000098027b99e8
7210:             3             96  com.intellij.util.io.storage.HeavyProcessLatch$Type
7211:             1             96  com.intellij.util.lang.UrlClassLoader
7212:             4             96  com.intellij.util.messages.Topic$BroadcastDirection
7213:             3             96  com.intellij.util.text.ByteArrayCharSequence
7214:             4             96  com.intellij.util.ui.UIUtil$ComponentStyle
7215:             4             96  com.intellij.util.ui.tree.ExpandOnDoubleClick
7216:             4             96  com.intellij.util.ui.tree.TreeModelAdapter$EventType
7217:             3             96  com.intellij.util.ui.update.LazyUiDisposableKt$lazyUiDisposable$1
7218:             4             96  com.intellij.util.ui.update.UiNotifyConnector$Companion$doWhenFirstShown$connector$1
7219:             4             96  com.intellij.util.xmlb.SmartSerializer
7220:             4             96  com.intellij.util.xmlb.TextBinding
7221:             4             96  com.intellij.vcs.DefaultVcsSymlinkResolver$Mode
7222:             2             96  com.intellij.vcs.git.frontend.widget.GitWidgetStateHolder$state$1
7223:             1             96  com.intellij.vcs.log.data.VcsLogStorageImpl$MyPersistentBTreeEnumerator
7224:             3             96  com.intellij.vcs.log.impl.VcsRefImpl
7225:             4             96  com.intellij.vcs.log.visible.FilterKind
7226:             4             96  com.intellij.workspaceModel.core.fileIndex.DependencyDescription$OnChild
7227:             4             96  com.intellij.workspaceModel.core.fileIndex.impl.NonExistingFileSetKind
7228:             2             96  com.intellij.workspaceModel.core.fileIndex.impl.WorkspaceFileIndexDataImpl$packageDirectoryCache$1
7229:             2             96  com.intellij.workspaceModel.core.fileIndex.impl.WorkspaceFileIndexDataImpl$packageDirectoryCache$2
7230:             4             96  com.intellij.workspaceModel.core.fileIndex.impl.WorkspaceFileInternalInfo$NonWorkspace
7231:             3             96  com.intellij.workspaceModel.ide.impl.IdeVirtualFileUrlManagerImpl
7232:             2             96  com.intellij.workspaceModel.ide.impl.WorkspaceModelCacheImpl
7233:             4             96  com.intellij.workspaceModel.ide.impl.legacyBridge.watcher.EntitySourceFileWatcher
7234:             2             96  com.intellij.xdebugger.impl.BreakpointManagerState
7235:             4             96  com.jediterm.core.Platform
7236:             4             96  com.jediterm.terminal.emulator.charset.GraphicSet
7237:             4             96  com.jediterm.terminal.emulator.mouse.MouseFormat
7238:             4             96  com.jetbrains.T.v.v.v.C.Z
7239:             4             96  com.jetbrains.T.v.v.v.C.v.L
7240:             4             96  com.jetbrains.T.v.v.v.C.v.Z
7241:             4             96  com.jetbrains.cef.remote.RemoteJavaObjectFactory (jcef)
7242:             2             96  com.jetbrains.cef.remote.network.RemoteRequestContext (jcef)
7243:             6             96  com.jetbrains.cef.remote.thrift.Logger (jcef)
7244:             3             96  com.jetbrains.cef.remote.thrift_codegen.ClientHandlers$LoadHandler_OnLoadEnd_args$_Fields (jcef)
7245:             3             96  com.jetbrains.cef.remote.thrift_codegen.ClientHandlers$LoadHandler_OnLoadStart_args$_Fields (jcef)
7246:             3             96  com.jetbrains.cef.remote.thrift_codegen.ClientHandlers$RenderHandler_GetScreenPoint_args$_Fields (jcef)
7247:             3             96  com.jetbrains.cef.remote.thrift_codegen.ClientHandlers$ResourceHandler_ProcessRequest_args$_Fields (jcef)
7248:             3             96  com.jetbrains.cef.remote.thrift_codegen.ClientHandlers$ResourceHandler_ReadResponse_args$_Fields (jcef)
7249:             3             96  com.jetbrains.cef.remote.thrift_codegen.Rect (jcef)
7250:             3             96  com.jetbrains.cef.remote.thrift_codegen.ResponseData$_Fields (jcef)
7251:             3             96  com.jetbrains.cef.remote.thrift_codegen.Server$Browser_Create_args$_Fields (jcef)
7252:             3             96  com.jetbrains.cef.remote.thrift_codegen.Server$MessageRouter_AddHandler_args$_Fields (jcef)
7253:             3             96  com.jetbrains.cef.remote.thrift_codegen.Server$SchemeHandlerFactory_Register_args$_Fields (jcef)
7254:             3             96  com.jetbrains.fus.reporting.model.config.v4.ConfigurationVersion
7255:             4             96  com.jetbrains.ls.responses.Action
7256:             2             96  com.jetbrains.ls.responses.License
7257:             3             96  com.jetbrains.plugins.webDeployment.config.PublishConfig$TraceLevel
7258:             2             96  com.jetbrains.plugins.webDeployment.ui.DefaultServerStatusBarWidgetFactory$DefaultServerWidget
7259:             4             96  com.jetbrains.rd.util.collections.SynchronizedList
7260:             4             96  com.jetbrains.rd.util.lifetime.LifetimeStatus
7261:             4             96  com.jetbrains.rd.util.reactive.IViewableMap$adviseAddRemove$1
7262:             4             96  com.jetbrains.rd.util.reactive.ViewableSet
7263:             4             96  com.jetbrains.rd.util.string.RName
7264:             2             96  com.jetbrains.rdserver.daemon.RdServerEditorTracker
7265:             4             96  com.jetbrains.rhizomedb.DB
7266:             4             96  com.jetbrains.rhizomedb.QueryCache$QueryCacheData
7267:             4             96  com.jetbrains.rhizomedb.impl.ArrayWithEditor
7268:             3             96  com.sun.jna.Structure$AutoAllocated
7269:             2             96  com.sun.org.apache.xerces.internal.impl.XMLDocumentFragmentScannerImpl$ElementStack (java.xml@21.0.8)
7270:             1             96  com.sun.org.apache.xerces.internal.impl.dtd.XMLDTDProcessor (java.xml@21.0.8)
7271:             3             96  com.sun.org.apache.xerces.internal.utils.XMLSecurityManager$NameMap (java.xml@21.0.8)
7272:             3             96  dk.brics.automaton.State
7273:             1             96  fleet.kernel.TransactorKt$withTransactor$2$1$1$1$1$1
7274:             2             96  fleet.kernel.TransactorKt$withTransactor$2$1$3
7275:             6             96  fleet.kernel.rebase.LocalInstructionCoder
7276:             3             96  fleet.kernel.rete.impl.ObservableMatchKt$observable$1$2
7277:             3             96  fleet.kernel.rete.impl.ReteNetworkImpl$observeQuery$5$1$$Lambda/0x0000009802689f18
7278:             4             96  fleet.multiplatform.shims.ThreadLocalElement
7279:             2             96  fleet.util.async.FlowExtKt$conflateReduce$1
7280:             2             96  fleet.util.async.JobExtKt$use$1
7281:             2             96  fleet.util.async.JobExtKt$use$2
7282:             3             96  git4idea.GitContentRevision
7283:             2             96  git4idea.annotate.GitFileAnnotation$CommitInfo
7284:             3             96  git4idea.config.GitIncomingCheckStrategy
7285:             3             96  git4idea.config.UpdateMethod
7286:             4             96  git4idea.remote.GitRemoteUrlCoordinates
7287:             4             96  git4idea.remote.hosting.GitAsyncExtensionsKt$gitRemotesFlow$1$$Lambda/0x0000009803475508
7288:             4             96  git4idea.remote.hosting.GitAsyncExtensionsKt$gitRemotesFlow$1$$Lambda/0x0000009803476520
7289:             4             96  git4idea.remote.hosting.ValidatingHostedGitRepositoryConnectionFactory
7290:             2             96  git4idea.remote.hosting.ui.RepositoryAndAccountSelectorViewModelBase$missingCredentialsState$1
7291:             2             96  git4idea.remote.hosting.ui.RepositoryAndAccountSelectorViewModelBase$submitAvailableState$1
7292:             4             96  git4idea.statistics.RepositoryAvailability
7293:             4             96  io.grpc.ChannelLogger$ChannelLogLevel
7294:             4             96  io.grpc.InternalChannelz$ChannelTrace$Event$Severity
7295:             4             96  io.grpc.internal.ClientStreamListener$RpcProgress
7296:             3             96  io.grpc.netty.shaded.io.netty.buffer.EmptyByteBuf
7297:             3             96  io.grpc.netty.shaded.io.netty.handler.codec.CodecOutputList$CodecOutputLists
7298:             4             96  io.grpc.netty.shaded.io.netty.util.ResourceLeakDetector$Level
7299:             6             96  io.grpc.netty.shaded.io.netty.util.internal.ObjectPool$RecyclerObjectPool
7300:             3             96  io.grpc.netty.shaded.io.netty.util.internal.RecyclableArrayList
7301:             6             96  io.ktor.events.EventDefinition
7302:             1             96  io.ktor.server.cio.backend.HttpServerKt$httpServer$acceptJob$1
7303:             2             96  io.ktor.server.engine.EmbeddedServer$engine$1
7304:             2             96  io.ktor.server.engine.EnginePipeline
7305:             6             96  io.ktor.util.ConcurrentSafeAttributes
7306:             2             96  io.netty.channel.AbstractChannel$CloseFuture
7307:             2             96  io.netty.channel.DefaultChannelPipeline
7308:             4             96  io.netty.channel.DefaultChannelPipeline$AddStrategy
7309:             3             96  io.netty.channel.MultiThreadIoEventLoopGroup
7310:             4             96  io.netty.channel.VoidChannelPromise
7311:             3             96  io.netty.handler.codec.CodecOutputList$CodecOutputLists
7312:             4             96  io.netty.handler.codec.http.DefaultHttpHeadersFactory
7313:             4             96  io.netty.util.ResourceLeakDetector$Level
7314:             6             96  io.netty.util.concurrent.FastThreadLocalRunnable
7315:             6             96  io.netty.util.concurrent.SingleThreadEventExecutor$5
7316:             4             96  io.netty.util.internal.DefaultPriorityQueue
7317:             3             96  io.opentelemetry.sdk.metrics.internal.aggregator.DoubleLastValueAggregator$Handle
7318:             3             96  io.opentelemetry.sdk.metrics.internal.aggregator.LongLastValueAggregator$Handle
7319:             6             96  io.opentelemetry.sdk.metrics.internal.exemplar.HistogramExemplarReservoir$HistogramCellSelector
7320:             6             96  io.opentelemetry.sdk.metrics.internal.exemplar.LongToDoubleExemplarReservoir
7321:             3             96  io.opentelemetry.sdk.metrics.internal.export.RegisteredReader
7322:             3             96  io.opentelemetry.sdk.trace.AnchoredClock
7323:             3             96  io.opentelemetry.sdk.trace.data.AutoValue_ImmutableEventData
7324:             6             96  it.unimi.dsi.fastutil.ints.Int2IntOpenHashMap$MapEntrySet
7325:             4             96  java.awt.Dialog$ModalityType (java.desktop)
7326:             3             96  java.awt.color.ICC_ProfileRGB (java.desktop)
7327:             2             96  java.io.BufferedReader (java.base@21.0.8)
7328:             2             96  java.io.PrintStream (java.base@21.0.8)
7329:             2             96  java.io.RandomAccessFile (java.base@21.0.8)
7330:             3             96  java.lang.ProcessHandleImpl$1 (java.base@21.0.8)
7331:             3             96  java.lang.Runtime$Version (java.base@21.0.8)
7332:             3             96  java.lang.constant.DynamicConstantDesc$AnonymousDynamicConstantDesc (java.base@21.0.8)
7333:             3             96  java.lang.invoke.VarHandleByteArrayAsChars$ArrayHandle (java.base@21.0.8)
7334:             3             96  java.lang.invoke.VarHandleByteArrayAsLongs$ByteBufferHandle (java.base@21.0.8)
7335:             2             96  java.lang.invoke.VarHandleReferences$FieldStaticReadWrite (java.base@21.0.8)
7336:             6             96  java.net.InetSocketAddress (java.base@21.0.8)
7337:             4             96  java.nio.file.FileVisitResult (java.base@21.0.8)
7338:             4             96  java.nio.file.StandardWatchEventKinds$StdWatchEventKind (java.base@21.0.8)
7339:             2             96  java.text.ChoiceFormat (java.base@21.0.8)
7340:             4             96  java.text.Normalizer$Form (java.base@21.0.8)
7341:             4             96  java.time.format.DateTimeFormatterBuilder$OffsetIdPrinterParser (java.base@21.0.8)
7342:             4             96  java.time.format.DateTimeFormatterBuilder$SettingsParser (java.base@21.0.8)
7343:             4             96  java.time.format.DateTimeTextProvider$LocaleStore (java.base@21.0.8)
7344:             4             96  java.util.Collections$UnmodifiableList (java.base@21.0.8)
7345:             2             96  java.util.Locale$Category (java.base@21.0.8)
7346:             3             96  java.util.PriorityQueue (java.base@21.0.8)
7347:             2             96  java.util.concurrent.ConcurrentHashMap$TreeBin (java.base@21.0.8)
7348:             6             96  java.util.concurrent.Executors$AutoShutdownDelegatedExecutorService$$Lambda/0x000000980206f540 (java.base@21.0.8)
7349:             3             96  java.util.concurrent.Executors$PrivilegedThreadFactory (java.base@21.0.8)
7350:             3             96  java.util.concurrent.ScheduledThreadPoolExecutor$DelayedWorkQueue (java.base@21.0.8)
7351:             4             96  java.util.regex.Pattern$Qtype (java.base@21.0.8)
7352:             3             96  java.util.stream.MatchOps$MatchKind (java.base@21.0.8)
7353:             4             96  java.util.stream.StreamShape (java.base@21.0.8)
7354:             3             96  javax.management.MBeanConstructorInfo (java.management@21.0.8)
7355:             2             96  javax.management.openmbean.TabularType (java.management@21.0.8)
7356:             4             96  javax.net.ssl.SSLEngineResult$Status (java.base@21.0.8)
7357:             4             96  javax.swing.GroupLayout$Alignment (java.desktop)
7358:             1             96  javax.swing.ToolTipManager (java.desktop)
7359:             2             96  javax.swing.TransferHandler$DropHandler (java.desktop)
7360:             4             96  javax.swing.UIManager$LookAndFeelInfo (java.desktop)
7361:             6             96  javax.swing.plaf.basic.BasicPopupMenuUI$BasicPopupMenuListener (java.desktop)
7362:             2             96  javax.swing.plaf.basic.BasicTreeUI$Handler (java.desktop)
7363:             4             96  javax.swing.text.PlainView$FPMethodArgs (java.desktop)
7364:             4             96  javax.swing.text.StyledEditorKit$1 (java.desktop)
7365:             3             96  javax.swing.text.StyledEditorKit$AlignmentAction (java.desktop)
7366:             3             96  javax.swing.text.StyledEditorKit$FontFamilyAction (java.desktop)
7367:             4             96  javax.xml.bind.annotation.XmlAccessType
7368:             2             96  jdk.internal.icu.util.CodePointTrie$Fast16 (java.base@21.0.8)
7369:             1             96  jdk.internal.jimage.ImageReader$SharedImageReader (java.base@21.0.8)
7370:             6             96  jdk.internal.loader.ClassLoaderValue (java.base@21.0.8)
7371:             3             96  jdk.internal.loader.NativeLibraries$Unloader (java.base@21.0.8)
7372:             2             96  jdk.internal.loader.URLClassPath$JarLoader (java.base@21.0.8)
7373:             4             96  jdk.internal.net.http.Http1Response$State (java.net.http@21.0.8)
7374:             3             96  jdk.internal.net.http.common.DebugLogger (java.net.http@21.0.8)
7375:             3             96  jdk.internal.net.http.hpack.HPACK$Logger$Level (java.net.http@21.0.8)
7376:             3             96  jdk.internal.util.ClassFileDumper (java.base@21.0.8)
7377:             4             96  jdk.internal.util.OperatingSystem (java.base@21.0.8)
7378:             4             96  jdk.jfr.internal.SecuritySupport$SafePath (jdk.jfr@21.0.8)
7379:             6             96  jdk.proxy2.$Proxy175 (jdk.proxy2)
7380:             6             96  jdk.proxy2.$Proxy176 (jdk.proxy2)
7381:             6             96  jdk.proxy2.$Proxy38 (jdk.proxy2)
7382:             4             96  kotlin.SafePublicationLazyImpl
7383:             4             96  kotlin.reflect.KParameter$Kind
7384:             4             96  kotlin.reflect.jvm.internal.KPackageImpl$Data$$Lambda$2
7385:             4             96  kotlin.reflect.jvm.internal.KPackageImpl$Data$$Lambda$4
7386:             4             96  kotlin.reflect.jvm.internal.impl.builtins.jvm.JvmBuiltInClassDescriptorFactory
7387:             4             96  kotlin.reflect.jvm.internal.impl.builtins.jvm.JvmBuiltInClassDescriptorFactory$$Lambda$0
7388:             4             96  kotlin.reflect.jvm.internal.impl.builtins.jvm.JvmBuiltIns$$Lambda$0
7389:             4             96  kotlin.reflect.jvm.internal.impl.builtins.jvm.JvmBuiltInsCustomizer$$Lambda$0
7390:             4             96  kotlin.reflect.jvm.internal.impl.descriptors.CallableMemberDescriptor$Kind
7391:             4             96  kotlin.reflect.jvm.internal.impl.descriptors.Modality
7392:             6             96  kotlin.reflect.jvm.internal.impl.descriptors.annotations.BuiltInAnnotationDescriptor$$Lambda$0
7393:             4             96  kotlin.reflect.jvm.internal.impl.km.KmVersionRequirementVersionKind
7394:             6             96  kotlin.reflect.jvm.internal.impl.km.internal.extensions.KmExtensionType
7395:             6             96  kotlin.reflect.jvm.internal.impl.km.jvm.internal.JvmTypeParameterExtension
7396:             4             96  kotlin.reflect.jvm.internal.impl.load.java.AnnotationTypeQualifierResolver
7397:             4             96  kotlin.reflect.jvm.internal.impl.load.java.JavaTypeEnhancementState
7398:             3             96  kotlin.reflect.jvm.internal.impl.load.java.ReportLevel
7399:             3             96  kotlin.reflect.jvm.internal.impl.load.java.SpecialGenericSignatures$SpecialSignatureInfo
7400:             3             96  kotlin.reflect.jvm.internal.impl.load.java.SpecialGenericSignatures$TypeSafeBarrierDescription
7401:             4             96  kotlin.reflect.jvm.internal.impl.load.java.lazy.LazyJavaPackageFragmentProvider
7402:             4             96  kotlin.reflect.jvm.internal.impl.load.kotlin.JavaClassDataFinder
7403:             3             96  kotlin.reflect.jvm.internal.impl.metadata.ProtoBuf$Effect$EffectType
7404:             3             96  kotlin.reflect.jvm.internal.impl.metadata.ProtoBuf$Effect$InvocationKind
7405:             3             96  kotlin.reflect.jvm.internal.impl.metadata.ProtoBuf$Expression$ConstantValue
7406:             3             96  kotlin.reflect.jvm.internal.impl.metadata.ProtoBuf$QualifiedNameTable$QualifiedName$Kind
7407:             3             96  kotlin.reflect.jvm.internal.impl.metadata.ProtoBuf$TypeParameter$Variance
7408:             3             96  kotlin.reflect.jvm.internal.impl.metadata.ProtoBuf$VersionRequirement$Level
7409:             3             96  kotlin.reflect.jvm.internal.impl.metadata.ProtoBuf$VersionRequirement$VersionKind
7410:             4             96  kotlin.reflect.jvm.internal.impl.metadata.deserialization.Flags$EnumLiteFlagField
7411:             3             96  kotlin.reflect.jvm.internal.impl.metadata.jvm.JvmProtoBuf$StringTableTypes$Record$Operation
7412:             3             96  kotlin.reflect.jvm.internal.impl.renderer.AnnotationArgumentsRenderingPolicy
7413:             6             96  kotlin.reflect.jvm.internal.impl.resolve.calls.inference.CapturedTypeConstructorKt$$Lambda$0
7414:             6             96  kotlin.reflect.jvm.internal.impl.resolve.constants.StringValue
7415:             4             96  kotlin.reflect.jvm.internal.impl.resolve.jvm.JavaDescriptorResolver
7416:             4             96  kotlin.reflect.jvm.internal.impl.serialization.deserialization.AnnotatedCallableKind
7417:             4             96  kotlin.reflect.jvm.internal.impl.serialization.deserialization.descriptors.DeserializedClassDescriptor$EnumEntryClassDescriptors$$Lambda$0
7418:             4             96  kotlin.reflect.jvm.internal.impl.types.TypeConstructorSubstitution$Companion$createByConstructorsMap$1
7419:             3             96  kotlin.reflect.jvm.internal.impl.types.model.TypeVariance
7420:             4             96  kotlin.reflect.jvm.internal.impl.util.ValueParameterCountCheck$AtLeast
7421:             4             96  kotlinx.coroutines.CoroutineName
7422:             4             96  kotlinx.coroutines.CoroutineStart
7423:             4             96  kotlinx.coroutines.CoroutineStart
7424:             4             96  kotlinx.coroutines.ExecutorCoroutineDispatcherImpl
7425:             3             96  kotlinx.coroutines.InvokeOnCompletion
7426:             3             96  kotlinx.coroutines.LazyDeferredCoroutine
7427:             4             96  kotlinx.coroutines.NodeList
7428:             4             96  kotlinx.coroutines.flow.FlowKt__TransformKt$runningFold$$inlined$unsafeFlow$1
7429:             2             96  kotlinx.coroutines.flow.FlowKt__ZipKt$combine$$inlined$combineUnsafe$FlowKt__ZipKt$2$2
7430:             2             96  kotlinx.coroutines.flow.StartedWhileSubscribed$command$1
7431:             4             96  kotlinx.coroutines.selects.TrySelectDetailedResult
7432:             3             96  kotlinx.html.ButtonFormEncType
7433:             3             96  kotlinx.html.ButtonType
7434:             3             96  kotlinx.html.CommandType
7435:             3             96  kotlinx.html.Dir
7436:             3             96  kotlinx.html.Draggable
7437:             3             96  kotlinx.html.FormEncType
7438:             3             96  kotlinx.html.IframeSandbox
7439:             3             96  kotlinx.html.InputFormEncType
7440:             4             96  kotlinx.serialization.internal.ClassValueReferences
7441:             3             96  kotlinx.serialization.protobuf.ProtoIntegerType
7442:             3             96  morfologik.stemming.DictionaryAttribute
7443:             4             96  okhttp3.ConnectionSpec
7444:             3             96  org.apache.http.conn.ssl.DefaultHostnameVerifier$HostNameType
7445:             4             96  org.apache.xerces.impl.xpath.regex.Token$ParenToken
7446:             4             96  org.apache.xerces.impl.xpath.regex.Token$UnionToken
7447:             4             96  org.h2.mvstore.MVMap$Decision
7448:             4             96  org.imgscalr.Scalr$Mode
7449:             1             96  org.intellij.images.util.imageio.CommonsImagingImageReaderSpi
7450:             3             96  org.intellij.markdown.flavours.gfm.TablesGeneratingProvider$Alignment
7451:             4             96  org.intellij.markdown.flavours.gfm.lexer._GFMLexer$ParseDelimited
7452:             4             96  org.intellij.markdown.html.TransparentInlineHolderProvider
7453:             6             96  org.intellij.plugins.intelliLang.Configuration$$Lambda/0x000000980474fb38
7454:             6             96  org.intellij.plugins.intelliLang.Configuration$$Lambda/0x000000980474fd90
7455:             6             96  org.intellij.plugins.intelliLang.Configuration$$Lambda/0x00000098047a0298
7456:             4             96  org.intellij.plugins.intelliLang.Configuration$DfaOption
7457:             4             96  org.intellij.plugins.markdown.lang.MarkdownLazyElementType
7458:             4             96  org.intellij.plugins.markdown.lang.lexer.MarkdownLexerAdapter
7459:             3             96  org.intellij.plugins.markdown.settings.MarkdownCodeInsightSettings$ListNumberingType
7460:             2             96  org.intellij.plugins.markdown.ui.floating.MarkdownFloatingToolbar
7461:             4             96  org.intellij.plugins.markdown.ui.preview.PreviewStaticServer$$Lambda/0x0000009804d6ac28
7462:             2             96  org.intellij.plugins.markdown.ui.preview.jcef.MarkdownJCEFHtmlPanel$4
7463:             2             96  org.intellij.plugins.markdown.ui.preview.jcef.impl.JcefBrowserPipeImpl$1
7464:             2             96  org.intellij.plugins.markdown.ui.preview.jcef.impl.JcefUtilKt$waitForLoad$1
7465:             3             96  org.intellij.terraform.hil.ILLanguageInjector$Type
7466:             4             96  org.jdom.Namespace
7467:             4             96  org.jdom.output.Format$TextMode
7468:             1             96  org.jetbrains.completion.full.line.css.CssFullLineSupporter
7469:             4             96  org.jetbrains.completion.full.line.impl.local.LocalGeneratorsCache$GeneratorState
7470:             3             96  org.jetbrains.completion.full.line.impl.local.files.DownloadModelConsentPolicy
7471:             2             96  org.jetbrains.completion.full.line.language.formatters.CodeFormatterBase$filters$2$1$1
7472:             4             96  org.jetbrains.concurrency.PromiseValue
7473:             2             96  org.jetbrains.jewel.ui.component.styling.ComboBoxMetrics
7474:             2             96  org.jetbrains.jewel.ui.component.styling.HorizontalProgressBarColors
7475:             2             96  org.jetbrains.jewel.ui.component.styling.MenuItemMetrics
7476:             2             96  org.jetbrains.jewel.ui.component.styling.MenuMetrics
7477:             4             96  org.jetbrains.jewel.ui.component.styling.SimpleListItemStyle
7478:             2             96  org.jetbrains.jewel.ui.component.styling.SpeedSearchColors
7479:             4             96  org.jetbrains.jewel.ui.component.styling.SplitButtonMetrics
7480:             4             96  org.jetbrains.jewel.ui.component.styling.SplitButtonStyle
7481:             2             96  org.jetbrains.jewel.ui.component.styling.TooltipColors
7482:             3             96  org.jetbrains.nativecerts.mac.SecurityFramework$OSStatus
7483:             3             96  org.jetbrains.nativecerts.mac.SecurityFramework$SecTrustSettingsDomain
7484:             2             96  org.jetbrains.plugins.github.pullrequest.ui.GHPRProjectViewModel
7485:             2             96  org.jetbrains.plugins.gitlab.mergerequest.ui.GitLabProjectViewModel$selectorVm$1$1
7486:             4             96  org.jetbrains.plugins.terminal.JBTerminalSystemSettingsProvider
7487:             3             96  org.jetbrains.plugins.terminal.TerminalEngine
7488:             4             96  org.jetbrains.plugins.terminal.fus.TerminalCommandUsageStatistics$CommandData
7489:             4             96  org.jetbrains.plugins.terminal.session.impl.dto.MouseFormatDto
7490:             4             96  org.jetbrains.plugins.terminal.util.ShellType
7491:             3             96  org.jetbrains.plugins.textmate.Constants$CaptureKey
7492:             4             96  org.jetbrains.plugins.textmate.bundles.BundleType
7493:             4             96  org.jetbrains.plugins.textmate.language.preferences.IndentAction
7494:             2             96  org.jetbrains.qodana.QodanaIntelliJYamlState
7495:             2             96  org.jetbrains.qodana.coroutines.FlowKt$vfsChangesMapFlow$1
7496:             2             96  org.jetbrains.qodana.inspectionKts.KtsInspectionsManager$inspectionFilesFlow$1
7497:             4             96  org.jetbrains.skia.ColorAlphaType
7498:             4             96  org.jetbrains.skia.FilterTileMode
7499:             4             96  org.jetbrains.skia.FontHinting
7500:             4             96  org.jetbrains.skia.PathFillMode
7501:             4             96  org.jetbrains.skia.Shader
7502:             4             96  org.jetbrains.skia.paragraph.HeightMode
7503:             3             96  org.jetbrains.skiko.GpuPriority
7504:             3             96  org.jsoup.select.CombiningEvaluator$And
7505:             4             96  org.languagetool.rules.en.AvsAnRule$Determiner
7506:             3             96  org.languagetool.rules.patterns.RuleSet$2
7507:             3             96  org.yaml.snakeyaml.DumperOptions$FlowStyle
7508:             4             96  org.yaml.snakeyaml.nodes.NodeId
7509:             1             96  sun.awt.image.GifImageDecoder (java.desktop)
7510:             3             96  sun.awt.image.OffScreenImageSource (java.desktop)
7511:             4             96  sun.java2d.StateTrackable$State (java.desktop)
7512:             4             96  sun.java2d.marlin.ArrayCacheDouble$Reference (java.desktop)
7513:             1             96  sun.java2d.marlin.Dasher$LengthIterator (java.desktop)
7514:             3             96  sun.java2d.marlin.OffHeapArray (java.desktop)
7515:             2             96  sun.java2d.marlin.TransformingPathConsumer2D$DeltaTransformFilter (java.desktop)
7516:             4             96  sun.java2d.metal.MTLContext$MTLContextCaps (java.desktop)
7517:             4             96  sun.java2d.metal.MTLGraphicsConfig$MTLGCDisposerRecord (java.desktop)
7518:             6             96  sun.java2d.pipe.AAShapePipe (java.desktop)
7519:             6             96  sun.java2d.pipe.TextRenderer (java.desktop)
7520:             4             96  sun.lwawt.macosx.CImage$$Lambda/0x0000009804c78d98 (java.desktop)
7521:             2             96  sun.lwawt.macosx.CMenu (java.desktop)
7522:             2             96  sun.lwawt.macosx.CMenuItem (java.desktop)
7523:             3             96  sun.nio.ch.FileKey (java.base@21.0.8)
7524:             3             96  sun.nio.ch.FileLockTable$FileLockReference (java.base@21.0.8)
7525:             6             96  sun.nio.ch.NioSocketImpl$$Lambda/0x00000098030de330 (java.base@21.0.8)
7526:             6             96  sun.nio.fs.UnixFileAttributes$UnixAsBasicFileAttributes (java.base@21.0.8)
7527:             6             96  sun.reflect.generics.reflectiveObjects.GenericArrayTypeImpl (java.base@21.0.8)
7528:             4             96  sun.security.ssl.CipherType (java.base@21.0.8)
7529:             3             96  sun.security.ssl.ECPointFormatsExtension$ECPointFormat (java.base@21.0.8)
7530:             3             96  sun.security.ssl.SSLMasterKeyDerivation (java.base@21.0.8)
7531:             3             96  sun.security.ssl.SSLTrafficKeyDerivation$KeySchedule (java.base@21.0.8)
7532:             3             96  sun.security.util.DisabledAlgorithmConstraints (java.base@21.0.8)
7533:             4             96  sun.security.util.DisabledAlgorithmConstraints$UsageConstraint (java.base@21.0.8)
7534:             6             96  sun.security.util.math.intpoly.IntegerPolynomial$Limb (java.base@21.0.8)
7535:             3             88  [Lcom.intellij.codeInsight.inline.completion.logs.PhasedLogs;
7536:             1             88  [Lcom.intellij.find.findUsages.FindUsagesHandlerFactory;
7537:             1             88  [Lcom.intellij.ide.startup.importSettings.jb.IDEData;
7538:             2             88  [Lcom.intellij.openapi.editor.colors.ColorKey;
7539:             4             88  [Lcom.intellij.openapi.module.Module;
7540:             4             88  [Lcom.intellij.psi.impl.source.resolve.reference.impl.providers.FileReference;
7541:             3             88  [Lcom.jetbrains.cef.remote.thrift_codegen.RObject$_Fields; (jcef)
7542:             1             88  [Lcom.sun.jna.platform.mac.CoreFoundation$CFNumberType;
7543:             3             88  [Lio.netty.util.concurrent.EventExecutor;
7544:             1             88  [Lio.opencensus.trace.Status$CanonicalCode;
7545:             1             88  [Ljava.awt.geom.AffineTransform; (java.desktop)
7546:             1             88  [Ljava.lang.ConditionalSpecialCasing$Entry; (java.base@21.0.8)
7547:             2             88  [Ljava.time.LocalDateTime; (java.base@21.0.8)
7548:             2             88  [Ljava.util.Map; (java.base@21.0.8)
7549:             4             88  [Ljavax.swing.tree.TreePath; (java.desktop)
7550:             1             88  [Lkotlin.reflect.jvm.internal.impl.protobuf.WireFormat$FieldType;
7551:             2             88  [Lkotlinx.serialization.protobuf.internal.ProtoWireType;
7552:             1             88  [Lorg.apache.lucene.util.automaton.RegExp$Kind;
7553:             1             88  [Lorg.languagetool.rules.Categories;
7554:             2             88  [Lsun.security.jca.ProviderConfig; (java.base@21.0.8)
7555:             1             88  [Lsun.security.ssl.CipherSuite$KeyExchange; (java.base@21.0.8)
7556:             1             88  com.goide.dfa.analysis.GoVarInvalidatedAnalysis
7557:             1             88  com.goide.dfa.analysis.extensions.GoPreludeExtension
7558:             1             88  com.intellij.execution.process.OSProcessHandler$Silent
7559:             1             88  com.intellij.execution.runners.ExecutionEnvironment
7560:             1             88  com.intellij.openapi.client.LocalAppSessionImpl
7561:             1             88  com.intellij.platform.diagnostic.telemetry.impl.OtlpService$process$1
7562:             1             88  com.intellij.ui.tabs.impl.JBTabsImpl$AccessibleJBTabsImpl
7563:             1             88  com.intellij.util.indexing.diagnostic.StorageDiagnosticData$$Lambda/0x0000009802780530
7564:             1             88  com.intellij.util.ui.JBHtmlEditorKit
7565:             1             88  com.intellij.vcs.log.data.VcsLogData
7566:             1             88  com.jediterm.terminal.model.TerminalTextBuffer
7567:             1             88  com.sun.imageio.plugins.bmp.BMPImageReaderSpi (java.desktop)
7568:             1             88  com.sun.imageio.plugins.bmp.BMPImageWriterSpi (java.desktop)
7569:             1             88  com.sun.imageio.plugins.gif.GIFImageReaderSpi (java.desktop)
7570:             1             88  com.sun.imageio.plugins.gif.GIFImageWriterSpi (java.desktop)
7571:             1             88  com.sun.imageio.plugins.jpeg.JPEGImageReaderSpi (java.desktop)
7572:             1             88  com.sun.imageio.plugins.jpeg.JPEGImageWriterSpi (java.desktop)
7573:             1             88  com.sun.imageio.plugins.png.PNGImageReaderSpi (java.desktop)
7574:             1             88  com.sun.imageio.plugins.png.PNGImageWriterSpi (java.desktop)
7575:             1             88  com.sun.imageio.plugins.tiff.TIFFImageReaderSpi (java.desktop)
7576:             1             88  com.sun.imageio.plugins.tiff.TIFFImageWriterSpi (java.desktop)
7577:             1             88  com.sun.imageio.plugins.wbmp.WBMPImageReaderSpi (java.desktop)
7578:             1             88  com.sun.imageio.plugins.wbmp.WBMPImageWriterSpi (java.desktop)
7579:             1             88  io.grpc.netty.shaded.io.grpc.netty.NettyChannelBuilder$NettyTransportFactory
7580:             1             88  io.ktor.http.Url
7581:             1             88  io.netty.buffer.PoolChunk
7582:             1             88  java.awt.Menu (java.desktop)
7583:             1             88  java.awt.PopupMenu (java.desktop)
7584:             1             88  java.lang.invoke.BoundMethodHandle$Species_LLLLLLLLLLLLL (java.base@21.0.8)
7585:             1             88  java.util.logging.FileHandler (java.logging@21.0.8)
7586:             1             88  javax.swing.JScrollPane$AccessibleJScrollPane (java.desktop)
7587:             1             88  javax.swing.JViewport$AccessibleJViewport (java.desktop)
7588:             1             88  javax.swing.text.html.parser.DTD (java.desktop)
7589:             1             88  org.intellij.images.util.imageio.svg.SvgImageReaderSpi
7590:             1             88  org.intellij.plugins.markdown.settings.MarkdownSettingsState
7591:             1             88  org.intellij.terraform.hcl._HCLLexer
7592:             1             88  org.languagetool.language.AmericanEnglish
7593:             1             88  org.languagetool.language.AustralianEnglish
7594:             1             88  org.languagetool.language.BritishEnglish
7595:             1             88  org.languagetool.language.CanadianEnglish
7596:             1             88  org.languagetool.language.NewZealandEnglish
7597:             1             88  org.languagetool.language.SouthAfricanEnglish
7598:             1             88  sun.java2d.marlin.MarlinCache (java.desktop)
7599:             1             88  sun.java2d.marlin.TransformingPathConsumer2D$PathClipFilter (java.desktop)
7600:             1             88  sun.java2d.metal.MTLSurfaceData$MTLLayerSurfaceData (java.desktop)
7601:             1             88  sun.lwawt.macosx.CPlatformWindow (java.desktop)
7602:             1             88  sun.reflect.misc.MethodUtil (java.base@21.0.8)
7603:             1             80  [Landroidx.compose.runtime.internal.WeakReference;
7604:             3             80  [Lcom.fasterxml.jackson.annotation.JsonSubTypes$Type;
7605:             2             80  [Lcom.fasterxml.jackson.annotation.JsonTypeInfo$As;
7606:             2             80  [Lcom.fasterxml.jackson.databind.annotation.JsonSerialize$Inclusion;
7607:             2             80  [Lcom.github.weisj.jsvg.k;
7608:             2             80  [Lcom.intellij.codeInsight.daemon.impl.HighlightVisitor;
7609:             2             80  [Lcom.intellij.codeInsight.intention.PriorityAction$Priority;
7610:             2             80  [Lcom.intellij.ide.ui.TargetUIType;
7611:             2             80  [Lcom.intellij.internal.statistic.eventLog.connection.metadata.EventLogMetadataLoadException$EventLogMetadataLoadErrorType;
7612:             2             80  [Lcom.intellij.internal.statistic.uploader.EventLogExternalSendConfig$ParseErrorType;
7613:             2             80  [Lcom.intellij.lang.javascript.index.JSPackageIndexInfo$Kind;
7614:             1             80  [Lcom.intellij.openapi.vfs.newvfs.persistent.FileRecordLock$Segment;
7615:             2             80  [Lcom.intellij.polySymbols.webTypes.json.Priority$PriorityLevel;
7616:             1             80  [Lcom.intellij.profiler.statistics.ProfilerUsageTriggerCollector$WelcomePanelActionFusDescriptor;
7617:             3             80  [Lcom.intellij.psi.search.scope.packageSet.NamedScope;
7618:             1             80  [Lcom.intellij.rml.dfa.analyzes.input.DomainTypes;
7619:             1             80  [Lcom.intellij.rml.dfa.ir.IrLocationKind;
7620:             4             80  [Lcom.intellij.semantic.SemKey;
7621:             2             80  [Lcom.intellij.util.text.DateFormatUtil$Period;
7622:             2             80  [Lcom.jetbrains.cef.remote.thrift_codegen.ClientHandlers$LoadHandler_OnLoadError_args$_Fields; (jcef)
7623:             2             80  [Lcom.jetbrains.cef.remote.thrift_codegen.ClientHandlers$RequestHandler_GetResourceRequestHandler_args$_Fields; (jcef)
7624:             2             80  [Lcom.jetbrains.cef.remote.thrift_codegen.ClientHandlers$RequestHandler_OnBeforeBrowse_args$_Fields; (jcef)
7625:             2             80  [Lcom.jetbrains.cef.remote.thrift_codegen.ClientHandlers$ResourceRequestHandler_OnResourceResponse_args$_Fields; (jcef)
7626:             2             80  [Lcom.jetbrains.cef.remote.thrift_codegen.ScreenInfo$_Fields; (jcef)
7627:             2             80  [Lcom.sun.xml.bind.v2.model.impl.ClassInfoImpl$SecondaryAnnotation;
7628:             1             80  [Lcom.sun.xml.bind.v2.util.QNameMap$Entry;
7629:             1             80  [Ldk.brics.automaton.RegExp$Kind;
7630:             2             80  [Lio.grpc.ConnectivityState;
7631:             1             80  [Lio.grpc.netty.shaded.io.netty.handler.codec.http.HttpMethod$EnumNameMap$Node;
7632:             2             80  [Lio.grpc.netty.shaded.io.netty.handler.codec.http.HttpStatusClass;
7633:             1             80  [Lio.netty.handler.codec.http.HttpMethod$EnumNameMap$Node;
7634:             2             80  [Lio.netty.handler.codec.http.HttpStatusClass;
7635:             1             80  [Lit.unimi.dsi.fastutil.ints.Int2LongMap;
7636:             2             80  [Ljava.lang.OutOfMemoryError; (java.base@21.0.8)
7637:             2             80  [Ljava.nio.charset.Charset; (java.base@21.0.8)
7638:             1             80  [Ljava.time.temporal.ChronoUnit; (java.base@21.0.8)
7639:             1             80  [Ljava.util.concurrent.ForkJoinPool$WorkQueue; (java.base@21.0.8)
7640:             2             80  [Ljava.util.stream.StreamOpFlag$Type; (java.base@21.0.8)
7641:             1             80  [Ljdk.jfr.internal.LogTag; (jdk.jfr@21.0.8)
7642:             2             80  [Lkotlin.reflect.jvm.internal.impl.load.java.AnnotationQualifierApplicabilityType;
7643:             2             80  [Lkotlin.reflect.jvm.internal.impl.metadata.ProtoBuf$Visibility;
7644:             2             80  [Lmorfologik.fsa.FSAFlags;
7645:             2             80  [Lorg.cef.network.CefURLRequest$Status; (jcef)
7646:             1             80  [Lorg.languagetool.ToneTag;
7647:             1             80  [Lsun.security.ssl.SSLCipher; (java.base@21.0.8)
7648:             2             80  [[Ljava.lang.invoke.MethodHandle; (java.base@21.0.8)
7649:             1             80  [[Z (java.base@21.0.8)
7650:             5             80  ai.grazie.nlp.tokenizer.word.HeuristicWordTokenizer
7651:             5             80  ai.grazie.rules.common.CommonPatterns$$Lambda/0x0000009804bf5c98
7652:             5             80  ai.grazie.rules.tree.NodePattern$$Lambda/0x0000009804bfd000
7653:             5             80  ai.grazie.rules.tree.NodePattern$$Lambda/0x0000009804bfd258
7654:             5             80  ai.grazie.rules.tree.NodePointer$$Lambda/0x0000009804bdd3b0
7655:             2             80  ai.grazie.spell.language.LanguageModel
7656:             2             80  androidx.collection.MutableIntObjectMap
7657:             2             80  androidx.collection.MutableObjectIntMap
7658:             1             80  androidx.compose.foundation.lazy.LazyListMeasureResult
7659:             2             80  androidx.compose.runtime.RecomposeScopeImpl
7660:             2             80  androidx.compose.ui.graphics.colorspace.Connector
7661:             2             80  com.android.studio.ml.ActiveOnboardingProviderImpl
7662:             2             80  com.android.studio.ml.completion.SmlInlineCompletionStatusBarWidgetFactory$Widget$special$$inlined$flatMapLatest$1
7663:             2             80  com.android.studio.ml.templates.PromptTemplatesManager$TemplatesState
7664:             2             80  com.anthropic.code.plugin.services.PluginUpdateService$checkForUpdatesAsync$1
7665:             2             80  com.fasterxml.jackson.core.Version
7666:             2             80  com.fasterxml.jackson.databind.ObjectWriter
7667:             2             80  com.fasterxml.jackson.databind.deser.std.NumberDeserializers$BooleanDeserializer
7668:             2             80  com.fasterxml.jackson.databind.deser.std.NumberDeserializers$DoubleDeserializer
7669:             2             80  com.fasterxml.jackson.databind.deser.std.NumberDeserializers$IntegerDeserializer
7670:             2             80  com.fasterxml.jackson.databind.deser.std.NumberDeserializers$LongDeserializer
7671:             2             80  com.github.benmanes.caffeine.cache.References$SoftValueReference
7672:             5             80  com.goide.completion.GoLiteralCompletionContributor$LiteralCompletionProvider
7673:             2             80  com.goide.dfa.inspections.GoResourceLeakInspection
7674:             1             80  com.goide.dfa.symbolicExecution.metrics.GoDfaOtlMetrics$Companion$$Lambda/0x000000980489c000
7675:             1             80  com.goide.dlv.DlvSettings$State
7676:             5             80  com.goide.microservices.declarations.HttpMethodResolution$FromArgument
7677:             5             80  com.goide.postfix.GoPostfixTemplateExpressionCondition$GoErrorExpression
7678:             2             80  com.goide.vgo.VgoStatusTracker
7679:             2             80  com.goide.vgo.project.VgoModulesRegistry
7680:             2             80  com.goide.vgo.project.workspaceModel.entities.impl.VgoStandaloneModuleEntityImpl
7681:             2             80  com.google.api.services.cloudcode_pa.v1internal.model.Int32List
7682:             2             80  com.google.api.services.cloudcode_pa.v1internal.model.StringList
7683:             5             80  com.google.common.cache.LocalCache$LocalLoadingCache
7684:             2             80  com.google.common.collect.RegularImmutableMap
7685:             2             80  com.google.tools.intellij.aiplugin.completion.SuggestionManager
7686:             2             80  com.google.tools.intellij.aiplugin.completion.SuggestionManager$connectToFlags$$inlined$flatMapLatest$1
7687:             2             80  com.google.tools.intellij.aiplugin.outlines.OutlinesStartupActivity$execute$2
7688:             5             80  com.google.tools.intellij.aiplugin.recitation.RecitationGutterActionFactoryListener$editorCreated$listener$1
7689:             2             80  com.google.tools.intellij.aiplugin.verification.AiPluginStatusVerificationService$startAuthStateListener$1
7690:             2             80  com.ibm.icu.impl.Trie2$UTrie2Header
7691:             2             80  com.intellij.application.options.emmet.EmmetOptions
7692:             2             80  com.intellij.codeInsight.codeVision.CodeVisionHost
7693:             5             80  com.intellij.codeInsight.codeVision.CodeVisionModel
7694:             2             80  com.intellij.codeInsight.codeVision.settings.CodeVisionSettings$State
7695:             2             80  com.intellij.codeInsight.completion.SingleInsertionDeclarativeInsertHandler
7696:             5             80  com.intellij.codeInsight.daemon.impl.HighlightInfoUpdaterImpl$1
7697:             2             80  com.intellij.codeInsight.daemon.impl.TextEditorHighlightingPassRegistrarImpl
7698:             5             80  com.intellij.codeInsight.folding.impl.EditorFoldingInfo
7699:             2             80  com.intellij.codeInsight.hints.InlayHintsSettings$State
7700:             5             80  com.intellij.codeInsight.hints.codeVision.DaemonBoundCodeVisionCacheService$FileCache
7701:             2             80  com.intellij.codeInsight.inline.completion.logs.statistics.CompletionFinishedTypeComponent$State$DailyData
7702:             2             80  com.intellij.codeInsight.multiverse.CodeInsightContextManagerImpl
7703:             5             80  com.intellij.configurationScript.ConfigurationFileManager$$Lambda/0x0000009802eb96e8
7704:             2             80  com.intellij.configurationScript.inspection.ExternallyConfigurableProjectInspectionProfileManager
7705:             5             80  com.intellij.configurationStore.CompoundStreamProvider
7706:             2             80  com.intellij.cwm.plugin.telephony.BackendTelephonyManager
7707:             1             80  com.intellij.database.console.runConfiguration.DatabaseScriptRunConfigurationOptions
7708:             2             80  com.intellij.database.dataSource.DataSourceStorage$Prj
7709:             5             80  com.intellij.database.dataSource.LoadingState$Holder
7710:             5             80  com.intellij.database.dialects.base.TypeHelper$PgTypeHelper
7711:             1             80  com.intellij.database.dialects.mssql.testing.tsqlt.TSqltRunConfigurationOptions
7712:             1             80  com.intellij.database.dialects.oracle.testing.utplsql.UtPlSqlRunConfigurationOptions
7713:             2             80  com.intellij.database.psi.DbPsiFacadeImpl
7714:             2             80  com.intellij.database.util.RunnableWithDebounce$1$1
7715:             1             80  com.intellij.diagnostic.IdeaFreezeReporter$uiFreezeStarted$1
7716:             5             80  com.intellij.docker.agent.ServicesRegistrar$Key
7717:             2             80  com.intellij.docker.splitApi.FrontendDockerServerRuntimesManager$1$1
7718:             2             80  com.intellij.docker.splitApi.FrontendDockerServerRuntimesManager$2$1
7719:             2             80  com.intellij.dvcs.branch.DvcsBranchSettings
7720:             2             80  com.intellij.dvcs.branch.GroupingKey
7721:             2             80  com.intellij.execution.actions.CreateAction
7722:             5             80  com.intellij.execution.actions.ExecutorAction$$Lambda/0x0000009802841460
7723:             5             80  com.intellij.execution.actions.ExecutorAction$$Lambda/0x00000098028416b8
7724:             5             80  com.intellij.execution.actions.ExecutorAction$$Lambda/0x0000009802841910
7725:             2             80  com.intellij.execution.impl.ConsoleViewImpl$ClearThisConsoleAction
7726:             2             80  com.intellij.execution.impl.ConsoleViewImpl$HyperlinkNavigationAction
7727:             5             80  com.intellij.execution.process.ProcessHandler$2
7728:             1             80  com.intellij.execution.process.ProcessIOExecutorService
7729:             2             80  com.intellij.execution.target.LanguageRuntimeType$VolumeDescriptor
7730:             2             80  com.intellij.execution.ui.RedesignedRunWidgetKt$createRunActionToolbar$group$1
7731:             2             80  com.intellij.execution.ui.layout.impl.ViewImpl
7732:             2             80  com.intellij.featureStatistics.CompletionStatistics
7733:             2             80  com.intellij.featureStatistics.CumulativeStatistics
7734:             1             80  com.intellij.featureStatistics.fusCollectors.OsDataCollector
7735:             2             80  com.intellij.find.SearchReplaceComponent$ModeAction
7736:             2             80  com.intellij.find.SearchReplaceComponent$TransferFocusAction
7737:             2             80  com.intellij.find.SearchReplaceComponent$TransferFocusBackwardAction
7738:             2             80  com.intellij.find.editorHeaderActions.ToggleMatchCase
7739:             1             80  com.intellij.grazie.GrazieConfig$State
7740:             2             80  com.intellij.grazie.spellcheck.engine.GrazieSpellCheckerEngine
7741:             5             80  com.intellij.httpClient.http.request.scripts.HttpClientHandlerApiDefinitionFilesHolderKt$$Lambda/0x00000098032cc238
7742:             2             80  com.intellij.ide.GeneratedSourceFileChangeTrackerImpl
7743:             2             80  com.intellij.ide.actions.ToggleDistractionFreeModeAction
7744:             2             80  com.intellij.ide.bookmark.BookmarksManagerImpl
7745:             1             80  com.intellij.ide.dnd.DnDManagerImpl
7746:             2             80  com.intellij.ide.project.impl.BaseProjectDirectoriesImpl
7747:             1             80  com.intellij.ide.projectView.impl.nodes.ExternalLibrariesNode
7748:             1             80  com.intellij.ide.projectView.impl.nodes.ProjectViewProjectNode
7749:             1             80  com.intellij.ide.scratch.ScratchTreeStructureProvider$MyProjectNode
7750:             1             80  com.intellij.ide.scratch.ScratchTreeStructureProvider$MyRootNode
7751:             5             80  com.intellij.ide.ui.laf.LookAndFeelThemeAdapterKt$$Lambda/0x0000009802763c58
7752:             1             80  com.intellij.ide.util.projectWizard.WizardContext
7753:             2             80  com.intellij.ide.v.R.Te
7754:             2             80  com.intellij.ide.v.R.Tt
7755:             2             80  com.intellij.indexing.shared.platform.api.AttachChunkResult$Success$Indexes
7756:             2             80  com.intellij.indexing.shared.platform.impl.StubSharedIndexExtension
7757:             2             80  com.intellij.indexing.shared.ultimate.project.ProjectSharedIndexInfo
7758:             2             80  com.intellij.internal.ml.FeaturesInfo
7759:             2             80  com.intellij.internal.ml.ngram.NGramRecentTokensSequence
7760:             5             80  com.intellij.internal.statistic.eventLog.EventLogInternalApplicationInfo$1
7761:             5             80  com.intellij.internal.statistic.eventLog.FilteredEventMergeStrategy
7762:             5             80  com.intellij.internal.statistic.eventLog.StatisticsEventLoggerProvider$1
7763:             5             80  com.intellij.internal.statistic.eventLog.StatsAppConnectionSettings
7764:             5             80  com.intellij.internal.statistic.eventLog.validator.rules.impl.RecorderDataValidator
7765:             5             80  com.intellij.internal.statistic.eventLog.validator.storage.EventLogServerMetadataLoader
7766:             2             80  com.intellij.javascript.debugger.settings.JavaScriptDebuggerSettings
7767:             1             80  com.intellij.javascript.nodejs.monorepo.JSProjectConfigurationStateUsagesCollector
7768:             2             80  com.intellij.javascript.nodejs.packageJson.PackageJsonDependenciesExternalUpdateManager
7769:             2             80  com.intellij.javascript.nodejs.packageJson.PackageJsonFileManager
7770:             1             80  com.intellij.kubernetes.api.settings.KubernetesApiGlobalSettings$GlobalState
7771:             2             80  com.intellij.kubernetes.splitApi.AbstractKubernetesSynchronizedStateMap$subscribe$1$clone$1$1
7772:             2             80  com.intellij.kubernetes.ui.notifications.KubernetesSuggestClusterConfigurationPanel$SubscriptionService$apiInitJob$1
7773:             2             80  com.intellij.lang.javascript.buildTools.grunt.GruntfileManager
7774:             2             80  com.intellij.lang.javascript.buildTools.gulp.GulpfileManager
7775:             2             80  com.intellij.lang.javascript.config.graph.JSConfigGraphCache
7776:             2             80  com.intellij.lang.javascript.library.JSLibraryManager
7777:             2             80  com.intellij.lang.javascript.library.JSPredefinedLibrariesData
7778:             2             80  com.intellij.lang.javascript.linter.eslint.EslintState
7779:             2             80  com.intellij.lang.javascript.linter.eslint.service.EslintLanguageServiceManager
7780:             2             80  com.intellij.lang.javascript.modules.remote.JSRemoteModulesUsagesDetector
7781:             2             80  com.intellij.lang.javascript.service.JSLanguageServiceBase$aliveChecker$1
7782:             2             80  com.intellij.lang.javascript.template.postfix.JSForInPostfixTemplate
7783:             2             80  com.intellij.lang.typescript.lsp.TypeScriptGoLspService
7784:             2             80  com.intellij.largeFilesEditor.encoding.LargeFileEncodingWidget
7785:             5             80  com.intellij.notification.Notifications$Bus$$Lambda/0x0000009805a93ed8
7786:             5             80  com.intellij.notification.Notifications$Bus$$Lambda/0x0000009805a94130
7787:             2             80  com.intellij.openapi.actionSystem.impl.FloatingToolbar$1
7788:             2             80  com.intellij.openapi.actionSystem.impl.FloatingToolbar$1$1
7789:             5             80  com.intellij.openapi.actionSystem.toolbarLayout.RightActionsAdjusterStrategyWrapper
7790:             5             80  com.intellij.openapi.application.impl.ModalityStateEx
7791:             2             80  com.intellij.openapi.application.impl.islands.IslandsGradientPainter
7792:             2             80  com.intellij.openapi.editor.actions.ScrollToTheEndToolbarAction
7793:             5             80  com.intellij.openapi.editor.event.EditorMouseEventArea
7794:             5             80  com.intellij.openapi.editor.ex.util.ShortBasedStorage
7795:             5             80  com.intellij.openapi.editor.impl.EditorImpl$EditorInputMethodListener
7796:             5             80  com.intellij.openapi.editor.impl.EditorMarkupModelImpl$TrafficLightButton$$Lambda/0x00000098049c3178
7797:             5             80  com.intellij.openapi.editor.impl.EditorMarkupModelImpl$TrafficLightButton$2
7798:             2             80  com.intellij.openapi.externalSystem.autoimport.AutoImportProjectTracker$ProjectData
7799:             2             80  com.intellij.openapi.externalSystem.autoimport.ProjectSettingsTracker$SettingsFilesAsyncSupplier$supplier$2
7800:             5             80  com.intellij.openapi.externalSystem.autoimport.ProjectStatus$Stamp
7801:             2             80  com.intellij.openapi.externalSystem.configurationStore.ExternalSystemStreamProviderFactory
7802:             2             80  com.intellij.openapi.fileEditor.impl.EditorWindow
7803:             2             80  com.intellij.openapi.fileEditor.impl.EditorsSplitters$special$$inlined$flatMapLatest$1
7804:             2             80  com.intellij.openapi.fileEditor.impl.FileEditorManagerImpl$1$invokeSuspend$$inlined$flatMapLatest$1
7805:             2             80  com.intellij.openapi.fileEditor.impl.FileEditorManagerImpl$1$invokeSuspend$$inlined$flatMapLatest$2
7806:             2             80  com.intellij.openapi.fileEditor.impl.FileEditorManagerImpl$special$$inlined$flatMapLatest$1
7807:             2             80  com.intellij.openapi.fileEditor.impl.FileEditorManagerImpl$special$$inlined$flatMapLatest$2
7808:             5             80  com.intellij.openapi.fileEditor.impl.text.PsiAwareTextEditorImplKt$createPsiAwareTextEditorComponent$1
7809:             5             80  com.intellij.openapi.fileEditor.impl.text.PsiAwareTextEditorProvider$createInitTask$1$1$$Lambda/0x000000980462fb98
7810:             2             80  com.intellij.openapi.fileEditor.impl.text.TextEditorImpl$2$1
7811:             2             80  com.intellij.openapi.fileTypes.FileTypeExtension
7812:             1             80  com.intellij.openapi.progress.impl.BridgeTaskSupport$toBridgeIndicator$1
7813:             1             80  com.intellij.openapi.progress.impl.BridgeTaskSupport$withBridgeBackgroundProgress$2
7814:             1             80  com.intellij.openapi.progress.util.ProgressIndicatorBase
7815:             1             80  com.intellij.openapi.progress.util.ProgressWindow$MyDelegate
7816:             2             80  com.intellij.openapi.roots.impl.ProjectRootManagerImpl$fileTypesChanged$1
7817:             2             80  com.intellij.openapi.roots.impl.ProjectRootManagerImpl$rootsChanged$1
7818:             2             80  com.intellij.openapi.ui.ComponentWithBrowseButton$1
7819:             2             80  com.intellij.openapi.ui.LoadingDecorator
7820:             5             80  com.intellij.openapi.ui.UiUtils$$Lambda/0x000000980331b960
7821:             5             80  com.intellij.openapi.util.RecursionManager$1
7822:             5             80  com.intellij.openapi.util.ThreadLocalCachedByteArray
7823:             2             80  com.intellij.openapi.util.WindowStateServiceImpl$CachedState
7824:             2             80  com.intellij.openapi.vcs.changes.ChangeListManagerSerialization$RevisionSide
7825:             2             80  com.intellij.openapi.vcs.changes.VcsDirtyScopeManagerImpl
7826:             2             80  com.intellij.openapi.vcs.changes.conflicts.ChangelistConflictTracker
7827:             2             80  com.intellij.openapi.vcs.impl.FileStatusManagerImpl
7828:             2             80  com.intellij.openapi.vcs.impl.LineStatusTrackerManager$MyBaseRevisionLoader
7829:             2             80  com.intellij.openapi.vcs.impl.VcsEP
7830:             2             80  com.intellij.openapi.vcs.impl.VcsInitialization
7831:             2             80  com.intellij.openapi.vcs.impl.VcsInitialization$future$1
7832:             2             80  com.intellij.openapi.vcs.impl.projectlevelman.FileWatchRequestModifier
7833:             1             80  com.intellij.openapi.vfs.newvfs.RefreshProgress
7834:             1             80  com.intellij.openapi.vfs.newvfs.persistent.FSRecordsImpl
7835:             2             80  com.intellij.openapi.wm.impl.IdeFrameImpl$1
7836:             2             80  com.intellij.openapi.wm.impl.IdeGlassPaneImplKt$executeOnCancelInEdt$1
7837:             2             80  com.intellij.openapi.wm.impl.ProjectFrameCustomHeaderHelper
7838:             2             80  com.intellij.openapi.wm.impl.ProjectFrameCustomHeaderHelper$1
7839:             2             80  com.intellij.openapi.wm.impl.ProjectFrameCustomHeaderHelper$toolbarCreator$1
7840:             2             80  com.intellij.openapi.wm.impl.ProjectFrameCustomHeaderHelperKt$createMacAwareMenuBar$1
7841:             2             80  com.intellij.openapi.wm.impl.ProjectFrameHelper$createStatusBar$1
7842:             2             80  com.intellij.openapi.wm.impl.ToolbarCreator
7843:             2             80  com.intellij.openapi.wm.impl.headertoolbar.MainToolbar$1
7844:             2             80  com.intellij.openapi.wm.impl.status.ColumnSelectionModePanel
7845:             2             80  com.intellij.openapi.wm.impl.status.InfoAndProgressPanel$removeProgressRequests$1
7846:             2             80  com.intellij.openapi.wm.impl.welcomeScreen.recentProjects.RecentProjectItem
7847:             2             80  com.intellij.packageChecker.inspection.VulnerableLibrariesLocalInspection
7848:             2             80  com.intellij.platform.buildData.productInfo.CustomCommandLaunchData
7849:             1             80  com.intellij.platform.buildData.productInfo.ProductInfoData
7850:             2             80  com.intellij.platform.debugger.impl.backend.XBreakpointDtoUtilsKt$toRpc$2$1
7851:             2             80  com.intellij.platform.debugger.impl.backend.hotswap.BackendXDebuggerHotSwapApi$currentSessionStatus$2
7852:             2             80  com.intellij.platform.debugger.impl.frontend.FrontendInlineBreakpointsCache
7853:             2             80  com.intellij.platform.debugger.impl.frontend.FrontendXBreakpointProxy$1
7854:             2             80  com.intellij.platform.debugger.impl.frontend.FrontendXBreakpointProxy$1$1
7855:             2             80  com.intellij.platform.debugger.impl.frontend.FrontendXDebuggerManager
7856:             2             80  com.intellij.platform.debugger.impl.frontend.FrontendXDebuggerManager$currentSession$1
7857:             2             80  com.intellij.platform.debugger.impl.frontend.FrontendXDependentBreakpointManagerProxy$1$1
7858:             2             80  com.intellij.platform.diagnostic.telemetry.exporters.RollingFileSupplier
7859:             1             80  com.intellij.platform.diagnostic.telemetry.impl.OtlpService$process$1$finished$1$1
7860:             5             80  com.intellij.platform.execution.dashboard.splitApi.RunDashboardSettingsDto
7861:             2             80  com.intellij.platform.execution.dashboard.splitApi.frontend.RunDashboardUiManagerImpl
7862:             5             80  com.intellij.platform.feedback.InIdeFeedbackSurveyType
7863:             2             80  com.intellij.platform.ide.bootstrap.OutputStreamLogger
7864:             2             80  com.intellij.platform.ide.bootstrap.kernel.KernelKt$startKernel$2$1
7865:             2             80  com.intellij.platform.ide.bootstrap.kernel.KernelKt$startKernel$2$1$1
7866:             2             80  com.intellij.platform.ide.menu.PeerBasedIdeMenuBarHelper
7867:             2             80  com.intellij.platform.ide.nonModalWelcomeScreen.actions.CreateEmptyFileAction
7868:             2             80  com.intellij.platform.ide.nonModalWelcomeScreen.actions.WelcomeScreenHiddenAction
7869:             2             80  com.intellij.platform.ide.nonModalWelcomeScreen.leftPanel.WelcomeScreenLeftTabActionNew
7870:             2             80  com.intellij.platform.navbar.frontend.ui.NavBarItemComponent$1
7871:             2             80  com.intellij.platform.navbar.frontend.ui.NewNavBarPanel$handleItems$2
7872:             2             80  com.intellij.platform.navbar.frontend.ui.StaticNavBarPanel$1$1
7873:             2             80  com.intellij.platform.navbar.frontend.vm.impl.NavBarVmImpl$handleSelectionChange$2
7874:             2             80  com.intellij.platform.navbar.monolith.MonolithNavbarServiceDelegate$activityFlow$1
7875:             1             80  com.intellij.platform.recentFiles.backend.BackendRecentFileEventsModel$processOrderChangeEvents$1
7876:             2             80  com.intellij.platform.recentFiles.frontend.Switcher
7877:             2             80  com.intellij.platform.recentFiles.frontend.model.RecentFileModelSynchronizer$execute$2$1
7878:             2             80  com.intellij.platform.recentFiles.frontend.model.RecentFileModelSynchronizer$execute$3$1
7879:             2             80  com.intellij.platform.recentFiles.frontend.model.RecentFileModelSynchronizer$execute$4$1
7880:             2             80  com.intellij.platform.rpc.topics.frontend.FrontendRemoteTopicListenersRegistry$1$1
7881:             1             80  com.intellij.platform.util.io.storages.blobstorage.StreamlinedBlobStorageOverMMappedFile
7882:             5             80  com.intellij.platform.workspace.storage.EntityType$$Lambda/0x00000098035d04f8
7883:             1             80  com.intellij.platform.workspace.storage.impl.MutableEntityStorageImpl
7884:             1             80  com.intellij.platform.workspace.storage.impl.MutableEntityStorageImpl$Companion$$Lambda/0x0000009802bd4f00
7885:             2             80  com.intellij.polySymbols.js.nodejs.PackageJsonPolySymbolsRegistryManager
7886:             2             80  com.intellij.polySymbols.webTypes.json.Css
7887:             5             80  com.intellij.polySymbols.webTypes.json.GenericJsContributions$MyDeserializer
7888:             5             80  com.intellij.polySymbols.webTypes.json.Reference
7889:             5             80  com.intellij.polySymbols.webTypes.json.TypeList$MyDeserializer
7890:             2             80  com.intellij.psi.impl.source.PostprocessReformattingAspectImpl$LangPomModel
7891:             5             80  com.intellij.psi.impl.source.resolve.reference.ArbitraryPlaceUrlReferenceProvider
7892:             1             80  com.intellij.psi.stubs.StubUpdatingIndexStorage
7893:             2             80  com.intellij.refactoring.suggested.SuggestedRefactoringChangeListener
7894:             1             80  com.intellij.rml.dfa.analyzes.InitialAnalysis
7895:             1             80  com.intellij.rml.dfa.analyzes.NullDereferenceAnalysis
7896:             2             80  com.intellij.spellchecker.SpellCheckerManager
7897:             5             80  com.intellij.sql.psi.stubs.factories.SqlTableKeyStubElementFactory
7898:             5             80  com.intellij.sql.psi.stubs.serializers.SqlTableKeyStubSerializer
7899:             2             80  com.intellij.station.core.services.IdeStationServerService$1$1
7900:             2             80  com.intellij.structuralsearch.inspection.SSBasedInspection
7901:             2             80  com.intellij.swagger.core.settings.SwaggerSettingsState
7902:             2             80  com.intellij.terminal.backend.hyperlinks.BackendTerminalHyperlinkHighlighter
7903:             2             80  com.intellij.terminal.backend.hyperlinks.BackendTerminalHyperlinkHighlighter$2
7904:             2             80  com.intellij.terminal.frontend.toolwindow.impl.TerminalTitleUtilsKt$addListener$2
7905:             2             80  com.intellij.terminal.frontend.view.impl.TerminalCursorPainter$1
7906:             2             80  com.intellij.terminal.frontend.view.impl.TerminalCursorPainter$3
7907:             2             80  com.intellij.terminal.frontend.view.impl.TerminalCursorPainter$updateCursor$1
7908:             2             80  com.intellij.terminal.frontend.view.impl.TerminalEditorFactory$createEditor$1
7909:             2             80  com.intellij.terminal.frontend.view.impl.TerminalEventDispatcher
7910:             2             80  com.intellij.terminal.frontend.view.impl.TerminalViewImplKt$cursorOffsetFlow$1
7911:             1             80  com.intellij.textMatching.PrefixMatchingUtil$PrefixMatchingScores
7912:             2             80  com.intellij.ui.FilteringSpeedSearch
7913:             5             80  com.intellij.ui.JBColor$$Lambda/0x00000098026574f8
7914:             5             80  com.intellij.ui.MouseDragHelper$$Lambda/0x0000009802ae0b60
7915:             2             80  com.intellij.ui.jcef.JBCefInputMethodAdapter
7916:             5             80  com.intellij.ui.speedSearch.SpeedSearchSupply$$Lambda/0x000000980335dd30
7917:             2             80  com.intellij.ui.tabs.impl.JBEditorTabsBorder
7918:             5             80  com.intellij.ui.tabs.impl.JBTabsImpl$$Lambda/0x0000009805edec68
7919:             5             80  com.intellij.ui.tabs.impl.JBTabsImpl$$Lambda/0x0000009805edeec0
7920:             5             80  com.intellij.ui.tabs.impl.JBTabsImpl$$Lambda/0x0000009805edfb38
7921:             2             80  com.intellij.util.Alarm$Request
7922:             5             80  com.intellij.util.ConcurrencyUtil$$Lambda/0x00000098022f7c18
7923:             2             80  com.intellij.util.FieldAccessor
7924:             5             80  com.intellij.util.SingleAlarm$Companion$$Lambda/0x0000009803ef16a8
7925:             1             80  com.intellij.util.concurrency.AppScheduledExecutorService$BackendThreadPoolExecutor
7926:             2             80  com.intellij.util.indexing.PerProjectIndexingQueue$estimatedFilesCount$$inlined$flatMapLatest$1
7927:             5             80  com.intellij.util.indexing.diagnostic.dto.JsonFileSize$Deserializer
7928:             2             80  com.intellij.util.indexing.projectFilter.ProjectIndexableFilesFilterHealthCheck
7929:             2             80  com.intellij.util.lang.UrlClassLoader$Builder
7930:             5             80  com.intellij.util.ui.ButtonlessScrollBarUI$2
7931:             5             80  com.intellij.util.ui.ButtonlessScrollBarUI$3
7932:             5             80  com.intellij.util.ui.ButtonlessScrollBarUI$4
7933:             5             80  com.intellij.util.ui.ButtonlessScrollBarUI$5
7934:             5             80  com.intellij.util.ui.ButtonlessScrollBarUI$6
7935:             5             80  com.intellij.util.ui.ButtonlessScrollBarUI$WeakListener
7936:             2             80  com.intellij.util.ui.EmptyIcon$EmptyIconUIResource
7937:             2             80  com.intellij.util.ui.ShowingScopeKt$showingScope$2
7938:             2             80  com.intellij.util.ui.ShowingScopeKt$showingScope$3$1$1
7939:             2             80  com.intellij.vcs.git.branch.GitInOutStateHolder$1$1
7940:             2             80  com.intellij.vcs.git.repo.GitRepositoriesHolder$subscribeToRepoEvents$2$1
7941:             2             80  com.intellij.vcs.git.repo.GitRepositoryColorsHolder$1$1
7942:             1             80  com.intellij.vcs.log.impl.IdeVcsLogManager
7943:             2             80  com.intellij.vcs.log.util.StorageId$Directory
7944:             2             80  com.intellij.webcore.libraries.ScriptingLibraryTable
7945:             1             80  com.intellij.workspaceModel.ide.impl.WorkspaceModelImpl$Companion$$Lambda/0x0000009802ac4050
7946:             2             80  com.intellij.workspaceModel.ide.impl.legacyBridge.module.ModuleDependencyIndexImpl
7947:             2             80  com.intellij.workspaceModel.ide.impl.legacyBridge.module.ModuleDependencyIndexImpl$JdkChangeListener
7948:             2             80  com.intellij.workspaceModel.ide.impl.legacyBridge.module.roots.ContentEntryBridge
7949:             2             80  com.intellij.xdebugger.impl.InlayRunToCursorEditorListener
7950:             2             80  com.intellij.xdebugger.impl.XDebuggerState
7951:             2             80  com.intellij.xdebugger.impl.pinned.items.XDebuggerPinToTopManager
7952:             5             80  com.jetbrains.fus.reporting.configuration.RemoteConfigurationClient$$Lambda/0x00000098029b96e8
7953:             5             80  com.jetbrains.fus.reporting.connection.JavaHttpClient
7954:             5             80  com.jetbrains.fus.reporting.serialization.FusKotlinSerializer
7955:             2             80  com.jetbrains.performancePlugin.ProjectInitializationDiagnosticServiceImpl
7956:             1             80  com.jetbrains.rd.util.threading.SingleThreadSchedulerBase$executor$1
7957:             1             80  com.jetbrains.rdserver.ui.actionPopupMenu.BackendActionManager
7958:             2             80  com.sun.jmx.mbeanserver.DefaultMXBeanMappingFactory$TabularMapping (java.management@21.0.8)
7959:             2             80  com.sun.org.apache.xerces.internal.impl.XMLDocumentFragmentScannerImpl$ElementStack2 (java.xml@21.0.8)
7960:             2             80  com.sun.org.apache.xerces.internal.impl.dtd.XMLDTDDescription (java.xml@21.0.8)
7961:             2             80  com.sun.org.apache.xerces.internal.impl.validation.ValidationState (java.xml@21.0.8)
7962:             5             80  com.sun.proxy.jdk.proxy1.$Proxy2 (jdk.proxy1)
7963:             5             80  com.sun.proxy.jdk.proxy1.$Proxy73 (jdk.proxy1)
7964:             2             80  fleet.kernel.rete.impl.ReteNetworkImpl$queryScope$1
7965:             2             80  fleet.kernel.rete.impl.ReteNetworkImplKt$subscriptionScope$1$1
7966:             1             80  fleet.util.async.FlowExtKt$conflateReduce$1$1
7967:             2             80  fleet.util.channels.ChannelExtKt$consumeAll$3
7968:             2             80  fleet.util.channels.ChannelExtKt$consumeEach$2$1$1
7969:             1             80  git4idea.annotate.GitFileAnnotation
7970:             2             80  git4idea.commit.signing.GpgAgentConfigurator$init$2$1
7971:             2             80  git4idea.remote.hosting.GitAsyncExtensionsKt$discoverServers$1$1
7972:             1             80  io.grpc.internal.DnsNameResolver
7973:             2             80  io.ktor.server.application.ServerConfig
7974:             2             80  io.ktor.server.engine.BaseApplicationResponse$Companion$setupSendPipeline$1
7975:             2             80  io.ktor.server.engine.DefaultEnginePipelineKt$defaultEnginePipeline$1
7976:             1             80  io.ktor.server.routing.RoutingRoot
7977:             5             80  io.ktor.util.internal.Symbol
7978:             2             80  io.netty.bootstrap.ServerBootstrap$ServerBootstrapAcceptor
7979:             2             80  io.netty.buffer.ReadOnlyByteBuf
7980:             2             80  io.netty.channel.nio.AbstractNioMessageChannel$NioMessageUnsafe
7981:             2             80  io.netty.handler.codec.http.HttpVersion
7982:             2             80  io.netty.util.Signal
7983:             2             80  it.unimi.dsi.fastutil.objects.Object2IntMaps$UnmodifiableMap
7984:             1             80  it.unimi.dsi.fastutil.objects.Object2ObjectLinkedOpenHashMap
7985:             1             80  java.awt.DefaultKeyboardFocusManager (java.desktop)
7986:             1             80  java.awt.EventQueue (java.desktop)
7987:             2             80  java.awt.image.RescaleOp (java.desktop)
7988:             2             80  java.lang.ExceptionInInitializerError (java.base@21.0.8)
7989:             2             80  java.lang.ModuleLayer (java.base@21.0.8)
7990:             2             80  java.lang.invoke.VarHandleBytes$FieldInstanceReadWrite (java.base@21.0.8)
7991:             2             80  java.lang.invoke.VarHandleInts$Array (java.base@21.0.8)
7992:             2             80  java.lang.module.Configuration (java.base@21.0.8)
7993:             2             80  java.lang.ref.NativeReferenceQueue (java.base@21.0.8)
7994:             2             80  java.nio.channels.Channels$ReadableByteChannelImpl (java.base@21.0.8)
7995:             5             80  java.nio.channels.FileChannel$MapMode (java.base@21.0.8)
7996:             2             80  java.time.format.DateTimeFormatterBuilder$ZoneTextPrinterParser (java.base@21.0.8)
7997:             5             80  java.util.Collections$ReverseComparator2 (java.base@21.0.8)
7998:             5             80  java.util.logging.ErrorManager (java.logging@21.0.8)
7999:             5             80  java.util.regex.CharPredicates$$Lambda/0x0000009804171e90 (java.base@21.0.8)
8000:             5             80  java.util.zip.ZipFile$Source$ChannelFileAccessor (java.base@21.0.8)
8001:             2             80  javax.imageio.ImageTypeSpecifier$Interleaved (java.desktop)
8002:             2             80  javax.swing.JToggleButton$ToggleButtonModel (java.desktop)
8003:             1             80  javax.swing.RepaintManager (java.desktop)
8004:             5             80  javax.swing.plaf.IconUIResource (java.desktop)
8005:             5             80  javax.swing.plaf.basic.BasicScrollBarUI$Handler (java.desktop)
8006:             1             80  jdk.internal.event.X509CertificateEvent (java.base@21.0.8)
8007:             2             80  jdk.internal.loader.URLClassPath (java.base@21.0.8)
8008:             5             80  jdk.proxy2.$Proxy106 (jdk.proxy2)
8009:             5             80  jdk.proxy2.$Proxy138 (jdk.proxy2)
8010:             5             80  jdk.proxy2.$Proxy167 (jdk.proxy2)
8011:             5             80  jdk.proxy2.$Proxy188 (jdk.proxy2)
8012:             5             80  jdk.proxy2.$Proxy231 (jdk.proxy2)
8013:             5             80  jdk.proxy2.$Proxy311 (jdk.proxy2)
8014:             5             80  jdk.proxy2.$Proxy33 (jdk.proxy2)
8015:             5             80  jdk.proxy2.$Proxy43 (jdk.proxy2)
8016:             5             80  jdk.proxy2.$Proxy54 (jdk.proxy2)
8017:             5             80  kotlin.reflect.jvm.internal.ClassValueCache
8018:             1             80  kotlin.reflect.jvm.internal.KMutableProperty0Impl
8019:             5             80  kotlin.reflect.jvm.internal.impl.builtins.KotlinBuiltIns$1
8020:             5             80  kotlin.reflect.jvm.internal.impl.builtins.KotlinBuiltIns$2
8021:             5             80  kotlin.reflect.jvm.internal.impl.builtins.KotlinBuiltIns$3
8022:             5             80  kotlin.reflect.jvm.internal.impl.descriptors.NotFoundClasses$$Lambda$0
8023:             5             80  kotlin.reflect.jvm.internal.impl.descriptors.NotFoundClasses$$Lambda$1
8024:             5             80  kotlin.reflect.jvm.internal.impl.descriptors.impl.ModuleDescriptorImpl$$Lambda$0
8025:             2             80  kotlin.reflect.jvm.internal.impl.load.java.components.JavaRetentionAnnotationDescriptor
8026:             2             80  kotlin.reflect.jvm.internal.impl.load.java.components.JavaTargetAnnotationDescriptor
8027:             5             80  kotlin.reflect.jvm.internal.impl.serialization.deserialization.DeserializedClassDataFinder
8028:             2             80  kotlin.reflect.jvm.internal.impl.serialization.deserialization.MemberDeserializer$$Lambda$5
8029:             1             80  kotlin.reflect.jvm.internal.impl.serialization.deserialization.builtins.BuiltInSerializerProtocol
8030:             5             80  kotlinx.coroutines.DisposeOnCancel
8031:             2             80  kotlinx.coroutines.debug.internal.ConcurrentWeakMap$Core
8032:             5             80  kotlinx.coroutines.flow.FlowKt__MergeKt$flattenConcat$1$1
8033:             2             80  kotlinx.coroutines.flow.FlowKt__ShareKt$launchSharing$1$1
8034:             5             80  kotlinx.coroutines.flow.FlowKt__TransformKt$filterNotNull$$inlined$unsafeTransform$1$2
8035:             5             80  kotlinx.serialization.internal.InlineClassDescriptorKt$InlinePrimitiveDescriptor$1
8036:             5             80  kotlinx.serialization.json.JsonElementSerializersKt$defer$1
8037:             2             80  kotlinx.serialization.modules.SerialModuleImpl
8038:             2             80  okhttp3.CacheControl
8039:             2             80  org.intellij.plugins.markdown.extensions.jcef.commandRunner.CommandRunnerExtension
8040:             2             80  org.jdom.output.Format
8041:             5             80  org.jetbrains.completion.full.line.js.supporters.BaseJSDialectFullLineSupporter$$Lambda/0x00000098037b84a0
8042:             5             80  org.jetbrains.completion.full.line.js.supporters.BaseJSDialectFullLineSupporter$$Lambda/0x00000098037ba000
8043:             5             80  org.jetbrains.completion.full.line.js.supporters.BaseJSDialectFullLineSupporter$$Lambda/0x00000098037ba6f8
8044:             1             80  org.jetbrains.completion.full.line.language.supporters.FullLineLanguageSupporter$Companion$DUMB$1
8045:             2             80  org.jetbrains.jewel.foundation.BorderColors
8046:             2             80  org.jetbrains.jewel.foundation.GlobalColors
8047:             2             80  org.jetbrains.jewel.ui.component.styling.CheckboxColors
8048:             2             80  org.jetbrains.jewel.ui.component.styling.ChipMetrics
8049:             2             80  org.jetbrains.jewel.ui.component.styling.MenuColors
8050:             2             80  org.jetbrains.jewel.ui.component.styling.PopupContainerColors
8051:             2             80  org.jetbrains.jewel.ui.component.styling.PopupContainerMetrics
8052:             1             80  org.jetbrains.jewel.ui.component.styling.ScrollbarVisibility$AlwaysVisible
8053:             2             80  org.jetbrains.jewel.ui.component.styling.SearchMatchColors
8054:             2             80  org.jetbrains.jewel.ui.component.styling.SliderMetrics
8055:             2             80  org.jetbrains.plugins.github.pullrequest.GHRepositoryConnectionManager
8056:             2             80  org.jetbrains.plugins.github.util.GHHostedRepositoriesManager$knownRepositoriesFlow$1$2
8057:             2             80  org.jetbrains.plugins.github.util.GHHostedRepositoriesManager$knownRepositoriesFlow$1$discoveredServersFlow$1
8058:             2             80  org.jetbrains.plugins.github.util.GHHostedRepositoriesManager$knownRepositoriesFlow$1$discoveredServersFlow$2
8059:             2             80  org.jetbrains.plugins.github.util.GHHostedRepositoriesManager$knownRepositoriesFlow$1$serversFlow$1
8060:             2             80  org.jetbrains.plugins.gitlab.mergerequest.GitLabMergeRequestsPreferences
8061:             1             80  org.jetbrains.plugins.terminal.block.completion.spec.dsl.ShellCommandContextImpl$createSubcommandsGenerator$1
8062:             1             80  org.jetbrains.plugins.terminal.block.completion.spec.impl.ShellCommandSpecImpl
8063:             2             80  org.jetbrains.plugins.terminal.block.hyperlinks.CompositeFilterWrapper
8064:             2             80  org.jetbrains.plugins.terminal.block.hyperlinks.CompositeFilterWrapper$2
8065:             2             80  org.jetbrains.plugins.terminal.block.hyperlinks.CompositeFilterWrapper$2$1
8066:             2             80  org.jetbrains.plugins.terminal.block.output.TerminalOutputEditorInputMethodSupport
8067:             5             80  org.jetbrains.plugins.terminal.session.ShellNameImpl
8068:             2             80  org.jetbrains.qodana.go.GoCoverageInspection
8069:             2             80  org.jetbrains.qodana.inspectionKts.KtsInspectionsManager
8070:             1             80  org.jetbrains.qodana.stats.QodanaPluginStatsStateCollector
8071:             5             80  org.jsoup.select.Evaluator$Tag
8072:             2             80  org.languagetool.LtBuildInfo
8073:             1             80  org.languagetool.noop.NoopLanguage
8074:             1             80  org.languagetool.synthesis.en.EnglishSynthesizer
8075:             2             80  org.languagetool.tagging.disambiguation.MultiWordChunker
8076:             1             80  org.languagetool.tokenizers.SimpleSentenceTokenizer$AnyLanguage
8077:             1             80  org.languagetool.tools.Cache.ProtoResultCache$CachedResultMatch
8078:             1             80  sun.font.GlyphList (java.desktop)
8079:             2             80  sun.java2d.pipe.AAShapePipe$TileState (java.desktop)
8080:             2             80  sun.lwawt.macosx.LWCToolkit$AppleSpecificColor (java.desktop)
8081:             2             80  sun.management.MemoryManagerImpl (java.management@21.0.8)
8082:             5             80  sun.nio.ch.NioSocketImpl$1 (java.base@21.0.8)
8083:             5             80  sun.nio.ch.NioSocketImpl$2 (java.base@21.0.8)
8084:             2             80  sun.security.ec.XECParameters (jdk.crypto.ec@21.0.8)
8085:             2             80  sun.security.rsa.RSAUtil$KeyType (java.base@21.0.8)
8086:             5             80  sun.security.ssl.SSLCipher$T10BlockReadCipherGenerator (java.base@21.0.8)
8087:             5             80  sun.security.ssl.SSLCipher$T10BlockWriteCipherGenerator (java.base@21.0.8)
8088:             2             80  sun.swing.PrintColorUIResource (java.desktop)
8089:             2             80  sun.util.calendar.Era (java.base@21.0.8)
8090:             1             80  sun.util.cldr.CLDRLocaleProviderAdapter (java.base@21.0.8)
8091:             1             80  sun.util.locale.provider.JRELocaleProviderAdapter (java.base@21.0.8)
8092:             1             72  [Lcom.fasterxml.jackson.core.JsonGenerator$Feature;
8093:             1             72  [Lcom.fasterxml.jackson.databind.type.LogicalType;
8094:             1             72  [Lcom.goide.completion.GoMLCompletionFeatures$GoNamedElementKind;
8095:             1             72  [Lcom.intellij.codeInsight.inline.completion.logs.InlineCompletionUsageTracker$ShownEvents$FinishType;
8096:             1             72  [Lcom.intellij.diagnostic.ActivityCategory;
8097:             3             72  [Lcom.intellij.execution.filters.PatternHyperlinkFormat;
8098:             1             72  [Lcom.intellij.llmInstaller.ui.promo2.AIPromoWindowStatistics$PromoNotShownReason;
8099:             3             72  [Lcom.intellij.openapi.ui.ThreeComponentsSplitter$Divider;
8100:             1             72  [Lcom.intellij.openapi.vcs.telemetry.VcsBackendTelemetrySpan$LogData;
8101:             3             72  [Lcom.intellij.openapi.wm.ex.ProgressIndicatorEx;
8102:             2             72  [Lcom.intellij.rml.dfa.rml.dsl.ast.RmlDeclarationType;
8103:             3             72  [Lcom.intellij.util.containers.CounterCell;
8104:             1             72  [Lcom.jediterm.terminal.emulator.charset.CharacterSet;
8105:             1             72  [Lcom.jetbrains.cef.remote.browser.RemoteClient$HandlerMasks; (jcef)
8106:             3             72  [Lcom.jetbrains.cef.remote.thrift_codegen.ResponseHeaders$_Fields; (jcef)
8107:             1             72  [Lcom.jetbrains.gateway.ssh.IntelliJPlatformProduct;
8108:             4             72  [Lio.grpc.netty.shaded.io.netty.util.AsciiString;
8109:             2             72  [Ljava.lang.Runnable; (java.base@21.0.8)
8110:             1             72  [Ljavax.imageio.ImageTypeSpecifier; (java.desktop)
8111:             1             72  [Ljavax.management.openmbean.SimpleType; (java.management@21.0.8)
8112:             1             72  [Ljdk.internal.net.http.Http1HeaderParser$State; (java.net.http@21.0.8)
8113:             1             72  [Lkotlin.reflect.jvm.internal.impl.metadata.ProtoBuf$Annotation$Argument$Value$Type;
8114:             1             72  [Lkotlin.reflect.jvm.internal.impl.renderer.DescriptorRendererModifier;
8115:             2             72  [Lokhttp3.Protocol;
8116:             1             72  [Lokhttp3.internal.http2.ErrorCode;
8117:             3             72  [Lorg.apache.xerces.impl.xs.XSGroupDecl;
8118:             3             72  [Lsun.security.ssl.EphemeralKeyManager$EphemeralKeyPair; (java.base@21.0.8)
8119:             3             72  ai.grazie.detector.LanguageDetector$Type
8120:             3             72  ai.grazie.nlp.patterns.Pattern$before$1
8121:             3             72  ai.grazie.rules.tree.NodeCorrector$$Lambda/0x0000009804c29980
8122:             3             72  ai.grazie.rules.tree.NodePattern$$Lambda/0x0000009804c30978
8123:             3             72  ai.grazie.spell.dictionary.RuleDictionary$Result
8124:             3             72  ai.grazie.utils.mpp.Platform
8125:             3             72  androidx.compose.foundation.layout.Direction
8126:             3             72  androidx.compose.runtime.DynamicProvidableCompositionLocal
8127:             3             72  androidx.compose.runtime.internal.SnapshotThreadLocal
8128:             3             72  androidx.compose.ui.FeatureFlag
8129:             3             72  androidx.compose.ui.LayerType
8130:             3             72  androidx.compose.ui.input.pointer.PointerEventPass
8131:             3             72  androidx.compose.ui.node.LayoutNode$UsageByParent
8132:             3             72  androidx.compose.ui.text.FontSmoothing
8133:             3             72  androidx.compose.ui.text.PlatformTextStyle
8134:             3             72  androidx.compose.ui.unit.TextUnitType
8135:             3             72  com.android.studio.ml.TransformEvent$Phase
8136:             1             72  com.android.studio.ml.bot.configuration.StudioBotAppSettingsImpl$State
8137:             3             72  com.android.studio.ml.bot.ui.onboarding.OnboardingState$State
8138:             3             72  com.android.studio.ml.completion.SmlInlineCompletionEventListenerServiceImpl$Listener
8139:             3             72  com.android.studio.ml.completion.metrics.SmlInlineCompletionMetricsServiceImpl
8140:             3             72  com.android.studio.ml.deprecation.DeprecationPolicy$DeprecationStatus
8141:             3             72  com.android.studio.ml.metrics.AiCodeEditingActionListener$CodeEditingAction
8142:             3             72  com.android.studio.ml.suggestion.controls.viewmodel.DiffStyle
8143:             3             72  com.android.studio.ml.templates.PromptTemplatesManager$StoredPromptTemplate
8144:             3             72  com.android.tools.idea.studiobot.util.Diffs$LineType
8145:             1             72  com.apple.eawt._AppEventHandler (java.desktop)
8146:             1             72  com.apple.laf.AquaFileChooserUI$MacListSelectionModel (java.desktop)
8147:             1             72  com.apple.laf.AquaFileSystemModel (java.desktop)
8148:             3             72  com.apple.laf.AquaListUI$ComponentPainter (java.desktop)
8149:             3             72  com.fasterxml.jackson.annotation.OptBoolean
8150:             3             72  com.fasterxml.jackson.core.Base64Variant$PaddingReadBehaviour
8151:             1             72  com.fasterxml.jackson.core.util.InternCache
8152:             3             72  com.fasterxml.jackson.databind.annotation.JsonSerialize$Typing
8153:             3             72  com.fasterxml.jackson.databind.jsontype.PolymorphicTypeValidator$Validity
8154:             3             72  com.fasterxml.jackson.databind.ser.impl.PropertySerializerMap$Multi
8155:             3             72  com.fasterxml.jackson.databind.ser.std.NumberSerializer
8156:             3             72  com.fasterxml.jackson.databind.util.AccessPattern
8157:             3             72  com.github.markusbernhardt.proxy.selector.misc.BufferedProxySelector$CacheScope
8158:             3             72  com.github.markusbernhardt.proxy.selector.whitelist.HostnameFilter$Mode
8159:             3             72  com.github.weisj.jsvg.bk$a
8160:             3             72  com.github.weisj.jsvg.g$a
8161:             3             72  com.github.weisj.jsvg.parser.SeparatorMode
8162:             3             72  com.goide.GoOsManager$OS
8163:             3             72  com.goide.codeInsight.imports.GoManualImportDetector$CommandType
8164:             3             72  com.goide.completion.GoAutoImportInsertHandler
8165:             3             72  com.goide.dfa.inspections.GoDfaConstantConditionInspection
8166:             3             72  com.goide.dfa.inspections.GoDfaErrorMayBeNotNilInspection
8167:             3             72  com.goide.dfa.inspections.GoDfaNilDereferenceInspection
8168:             3             72  com.goide.dfa.inspections.GoMaybeNilInspection
8169:             3             72  com.goide.dfa.symbolicExecution.common.GoParameterNilability
8170:             3             72  com.goide.dfa.symbolicExecution.solver.GoSummarySolver$RestrictionStatus
8171:             3             72  com.goide.dfa.symbolicExecution.solver.GoValueDomain
8172:             3             72  com.goide.dfaApi.GoNilability
8173:             3             72  com.goide.execution.GoModuleBasedConfiguration
8174:             1             72  com.goide.execution.application.GoApplicationRunningState
8175:             3             72  com.goide.inspections.GoMissingTrailingCommaInspection
8176:             3             72  com.goide.intentions.declarations.GoRefactorDeclarationsUtil$VarOrConstSpecInfo$Type
8177:             3             72  com.goide.project.GoModuleSettings$GoModuleSettingsState
8178:             3             72  com.goide.psi.impl.GoConstraintElemImpl
8179:             3             72  com.goide.psi.impl.GoLiteralImpl
8180:             3             72  com.goide.psi.impl.GoPsiImplUtil$ChannelDirection
8181:             3             72  com.goide.psi.impl.GoStructTypeImpl
8182:             3             72  com.goide.psi.impl.GoTypeParamDefinitionImpl
8183:             3             72  com.goide.psi.impl.GoTypeParameterDeclarationImpl
8184:             3             72  com.goide.psi.impl.GoTypeParameterImpl
8185:             3             72  com.goide.psi.impl.GoTypeParametersImpl
8186:             3             72  com.goide.sdk.GoSdkUtil$FeatureSupported
8187:             3             72  com.goide.util.GoCommandLineParameter$PathParameter
8188:             1             72  com.goide.util.GoExecutor$3
8189:             3             72  com.goide.vgo.VgoOptimizedModuleInfoProviderImpl$Companion$ExecutionMode
8190:             3             72  com.goide.vgo.configuration.VgoProjectSettings$VgoProjectSettingsState
8191:             1             72  com.google.api.services.cloudcode_pa.v1internal.model.LoadCodeAssistResponse
8192:             3             72  com.google.common.collect.HashBiMap$Inverse
8193:             3             72  com.google.gson.Strictness
8194:             3             72  com.google.tools.intellij.aiplugin.experimentation.ExperimentationFlagsService$FlagsState
8195:             3             72  com.google.tools.intellij.aiplugin.startup.StartupWindowLauncher$LaunchType
8196:             3             72  com.ibm.icu.impl.CurrencyData$CurrencySpacingInfo$SpacingType
8197:             3             72  com.ibm.icu.impl.SimpleCache
8198:             3             72  com.ibm.icu.impl.number.PatternStringUtils$PatternSignType
8199:             3             72  com.ibm.icu.text.ListFormatter$StaticHandler
8200:             3             72  com.ibm.icu.text.ListFormatter$Type
8201:             3             72  com.ibm.icu.text.ListFormatter$Width
8202:             3             72  com.ibm.icu.text.PluralRules$DecimalQuantitySamples
8203:             3             72  com.ibm.icu.util.CodePointTrie$ValueWidth
8204:             3             72  com.ibm.icu.util.UResourceBundle$RootType
8205:             3             72  com.intellij.DynamicBundle$LanguageBundleEP
8206:             3             72  com.intellij.GetPolicy
8207:             3             72  com.intellij.codeInsight.actions.ReaderModeProvider$ReaderMode
8208:             3             72  com.intellij.codeInsight.completion.CompletionProgressIndicator$LookupAppearancePolicy
8209:             3             72  com.intellij.codeInsight.completion.CompletionType
8210:             3             72  com.intellij.codeInsight.completion.command.configuration.CommandCompletionEnabled
8211:             3             72  com.intellij.codeInsight.daemon.impl.CanISilentlyChange$Result
8212:             3             72  com.intellij.codeInsight.daemon.impl.DaemonListeners$$Lambda/0x0000009802eb4c10
8213:             3             72  com.intellij.codeInsight.daemon.impl.HighlightInfoType$HighlightInfoTypeSeverityByKey
8214:             3             72  com.intellij.codeInsight.daemon.impl.HighlightingNecromancer$GraveDecision
8215:             3             72  com.intellij.codeInsight.daemon.impl.HighlightingNecromancer$Status
8216:             3             72  com.intellij.codeInsight.daemon.impl.WolfPassFactory
8217:             1             72  com.intellij.codeInsight.documentation.DocumentationManager
8218:             3             72  com.intellij.codeInsight.editorActions.SmartBackspaceMode
8219:             3             72  com.intellij.codeInsight.editorActions.TypedHandlerDelegate$Result
8220:             3             72  com.intellij.codeInsight.folding.impl.UpdateFoldRegionsOperation$ApplyDefaultStateMode
8221:             3             72  com.intellij.codeInsight.highlighting.ReadWriteAccessDetector$Access
8222:             3             72  com.intellij.codeInsight.hints.codeVision.CodeVisionProviderBase$ClickHandler
8223:             3             72  com.intellij.codeInsight.inline.completion.render.InlineCompletionFoldingManager
8224:             3             72  com.intellij.codeInsight.inline.completion.render.InlineCompletionSoftWrapManager
8225:             3             72  com.intellij.codeInsight.inline.completion.shortcut.InlineCompletionShortcutHintState
8226:             3             72  com.intellij.codeInsight.intention.impl.preview.IntentionPreviewDiffResult$HighlightingType
8227:             3             72  com.intellij.codeInsight.lookup.CharFilter$Result
8228:             3             72  com.intellij.codeInsight.lookup.LookupFocusDegree
8229:             3             72  com.intellij.codeInsight.template.impl.ConstantNode
8230:             3             72  com.intellij.collaboration.ui.codereview.diff.DiscussionsViewOption
8231:             3             72  com.intellij.completion.ml.common.CommonLocationFeatures$CaseSensitivity
8232:             3             72  com.intellij.completion.ngram.slp.modeling.ngram.NGramModel$Config
8233:             3             72  com.intellij.configurationStore.FileStorageAnnotation
8234:             3             72  com.intellij.configurationStore.StateLoadPolicy
8235:             3             72  com.intellij.conversion.ConversionResultImpl
8236:             3             72  com.intellij.database.csv.CsvRecordFormat$QuotationPolicy
8237:             3             72  com.intellij.database.dataSource.DataSourceStorage$1
8238:             3             72  com.intellij.database.dataSource.SchemaControl
8239:             3             72  com.intellij.database.datagrid.RowSortOrder$Type
8240:             3             72  com.intellij.database.introspection.DBIntrospectionOptions$SourceLoading
8241:             3             72  com.intellij.database.settings.DataGridSettings$AutoTransposeMode
8242:             3             72  com.intellij.database.settings.DatabaseSettings$SplitScriptMode
8243:             3             72  com.intellij.database.util.Casing
8244:             3             72  com.intellij.database.view.DatabaseColorManager$LocalColors
8245:             1             72  com.intellij.diagnostic.DialogAppender
8246:             3             72  com.intellij.diagnostic.MessagePool$State
8247:             3             72  com.intellij.diagnostic.StackframeShrinkVerdict
8248:             3             72  com.intellij.diagnostic.WindowsDefenderChecker$ProjectStatus
8249:             3             72  com.intellij.diagnostic.logs.DebugLogLevel
8250:             3             72  com.intellij.diagnostic.opentelemetry.SafepointBean$$Lambda/0x0000009803fee2e0
8251:             3             72  com.intellij.diff.comparison.ComparisonPolicy
8252:             3             72  com.intellij.diff.impl.DiffSettingsHolder$IncludeInNavigationHistory
8253:             1             72  com.intellij.diff.tools.external.ExternalDiffSettings
8254:             3             72  com.intellij.docker.DockerComposeRemoveImagesOnDown
8255:             3             72  com.intellij.docker.agent.DockerAgentDeploymentConfig$PullImage
8256:             3             72  com.intellij.dvcs.branch.DvcsSyncSettings$Value
8257:             3             72  com.intellij.execution.ExecutorActionStatus
8258:             3             72  com.intellij.execution.configurations.GeneralCommandLine$ParentEnvironmentType
8259:             3             72  com.intellij.execution.filters.PatternBasedFileHyperlinkRawDataFinder
8260:             3             72  com.intellij.execution.impl.RunConfigurationLevel
8261:             3             72  com.intellij.execution.impl.RunManagerImpl$idToType$1
8262:             3             72  com.intellij.execution.impl.TemplateDifferenceHelper
8263:             1             72  com.intellij.execution.runToolbar.RunToolbarSlotManager
8264:             3             72  com.intellij.execution.target.value.DeferredTargetValue
8265:             1             72  com.intellij.execution.ui.layout.impl.GridCellImpl$GridCellTabs$1
8266:             3             72  com.intellij.externalProcessAuthHelper.AuthenticationMode
8267:             3             72  com.intellij.featureStatistics.FeatureUsageEvent$Intention
8268:             3             72  com.intellij.featureStatistics.ProductivityFeaturesRegistryImpl$ApplicabilityFiltersData
8269:             3             72  com.intellij.featureStatistics.ProductivityFeaturesRegistryImpl$ConfigurationSource
8270:             3             72  com.intellij.featureStatistics.fusCollectors.EAPUsageCollector$LicenceType
8271:             3             72  com.intellij.featureStatistics.fusCollectors.FileEditorCollector$EmptyStateCause
8272:             3             72  com.intellij.featureStatistics.fusCollectors.FileEditorCollector$MarkupGraveEvent
8273:             3             72  com.intellij.find.findUsages.FindUsagesHandlerFactory$OperationMode
8274:             3             72  com.intellij.find.usages.api.UsageAccess
8275:             3             72  com.intellij.formatting.ChildAttributes
8276:             1             72  com.intellij.formatting.FormatterImpl
8277:             3             72  com.intellij.formatting.FormatterTagHandler$FormatterTag
8278:             3             72  com.intellij.formatting.FormattingMode
8279:             3             72  com.intellij.formatting.service.FormattingService$Feature
8280:             1             72  com.intellij.grazie.ide.fus.GrazieFUSState
8281:             3             72  com.intellij.grazie.ide.inspection.grammar.GrazieInspection$Grammar
8282:             3             72  com.intellij.grazie.ide.inspection.grammar.GrazieInspection$Style
8283:             3             72  com.intellij.grazie.rule.SentenceTokenizer$Sentence
8284:             3             72  com.intellij.grazie.text.CachedResults
8285:             3             72  com.intellij.grazie.text.TextContent$ExclusionKind
8286:             3             72  com.intellij.grazie.text.TextContentImpl$TokenKind
8287:             3             72  com.intellij.grazie.text.TreeRuleChecker$1Cached
8288:             3             72  com.intellij.history.ActivityId
8289:             3             72  com.intellij.ide.ApplicationActivationStateManagerState
8290:             3             72  com.intellij.ide.FullProjectAvatarPresentation
8291:             3             72  com.intellij.ide.GeneralSettings$PropertyNames
8292:             1             72  com.intellij.ide.HelpTooltipManager
8293:             1             72  com.intellij.ide.IdeTooltipManager
8294:             3             72  com.intellij.ide.NativeIconProvider$Ext
8295:             3             72  com.intellij.ide.ProcessCloseConfirmation
8296:             3             72  com.intellij.ide.RegionUrlMapper$RegionMapping$PatternReplacement
8297:             3             72  com.intellij.ide.browsers.DefaultBrowserPolicy
8298:             3             72  com.intellij.ide.fileTemplates.impl.FileTemplatesLoaderKt$$Lambda/0x0000009804c914c8
8299:             3             72  com.intellij.ide.gdpr.ConsentOptions$Permission
8300:             3             72  com.intellij.ide.plugins.ModuleVisibility
8301:             3             72  com.intellij.ide.plugins.PluginModuleVisibilityCheckOption
8302:             3             72  com.intellij.ide.plugins.newui.EventHandler$SelectionType
8303:             3             72  com.intellij.ide.plugins.newui.PluginDetailsPageComponent$EmptyState
8304:             3             72  com.intellij.ide.projectView.impl.ProjectViewPreloadMode
8305:             3             72  com.intellij.ide.scratch.ScratchFileService$Option
8306:             3             72  com.intellij.ide.settings.RemoteSettingInfo$Endpoint
8307:             3             72  com.intellij.ide.todo.TodoPanelSettings
8308:             3             72  com.intellij.ide.ui.laf.MouseDragSelectionEventHandler$DragSelectionMode
8309:             3             72  com.intellij.ide.ui.laf.darcula.ui.DarculaComboBoxUI$4
8310:             3             72  com.intellij.ide.ui.laf.darcula.ui.DarculaComboBoxUI$CustomComboPopup$1
8311:             3             72  com.intellij.ide.ui.laf.darcula.ui.DarculaComboBoxUI$CustomComboPopup$2
8312:             3             72  com.intellij.ide.ui.laf.intellij.IdeaPopupMenuUI
8313:             3             72  com.intellij.ide.v.R.T3
8314:             3             72  com.intellij.ide.v.R.Th
8315:             3             72  com.intellij.indexing.shared.download.IndexDownloadConsentDecision
8316:             3             72  com.intellij.indexing.shared.platform.api.IndexInfrastructureOs
8317:             3             72  com.intellij.indexing.shared.util.zipFs.TraceableFileChannel
8318:             3             72  com.intellij.internal.statistic.IdeActivityState
8319:             3             72  com.intellij.internal.statistic.collectors.fus.actions.persistence.ActionsEventLogGroup$ActionIdEventField
8320:             3             72  com.intellij.internal.statistic.collectors.fus.settings.ProxySettingsCollector$ProxyType
8321:             3             72  com.intellij.internal.statistic.eventLog.AtomicLazyValue
8322:             3             72  com.intellij.internal.statistic.eventLog.CountingOutputStream
8323:             3             72  com.intellij.internal.statistic.eventLog.EventLogRecorderConfiguration$2
8324:             3             72  com.intellij.internal.statistic.eventLog.StatisticsEventLogFileWriter
8325:             3             72  com.intellij.internal.statistic.eventLog.StatisticsEventLogFileWriter$$Lambda/0x0000009802901c00
8326:             3             72  com.intellij.internal.statistic.eventLog.StatisticsFileEventLogger$FusEvent
8327:             3             72  com.intellij.internal.statistic.eventLog.connection.metadata.EventLogMetadataParseException$EventLogMetadataParseErrorType
8328:             3             72  com.intellij.internal.statistic.eventLog.events.ClassListEventField
8329:             3             72  com.intellij.internal.statistic.eventLog.logger.StatisticsEventLogThrottleWriter$1
8330:             3             72  com.intellij.internal.statistic.eventLog.validator.rules.impl.AllowedItemsResourceWeakRefStorage
8331:             3             72  com.intellij.javascript.debugger.autoAttach.JSDebuggerUrlFilter
8332:             3             72  com.intellij.javascript.debugger.settings.CustomObjectPresentationState
8333:             3             72  com.intellij.javascript.nodejs.library.node_modules.NodeModulesDirectoryManager$2
8334:             3             72  com.intellij.javascript.testing.detection.JsTestFrameworkApiDesign
8335:             3             72  com.intellij.kubernetes.editor.floatingToolbar.KubernetesFloatingToolbarVisibility
8336:             3             72  com.intellij.kubernetes.splitApi.KubernetesClientContextState
8337:             3             72  com.intellij.lang.documentation.ide.ui.PopupUpdateEvent$ContentUpdateKind
8338:             3             72  com.intellij.lang.javascript.buildTools.npm.NpmCommandRunAnythingProvider
8339:             3             72  com.intellij.lang.javascript.buildTools.npm.NpmScriptRunAnythingProvider
8340:             3             72  com.intellij.lang.javascript.formatter.JSCodeStyleSettings$TrailingCommaOption
8341:             3             72  com.intellij.lang.javascript.formatter.JSCodeStyleSettings$UseExplicitExtension
8342:             3             72  com.intellij.lang.javascript.formatter.JSCodeStyleSettings$UseImportType
8343:             3             72  com.intellij.lang.javascript.index.flags.EnumStructureElement
8344:             3             72  com.intellij.lang.javascript.index.flags.NullableEnumStructureElement
8345:             3             72  com.intellij.lang.javascript.library.JSBundledLibraryFolder$RefreshStatus
8346:             3             72  com.intellij.lang.javascript.parsing.ExpressionParser$ParseLeftHandSideExpressionOptions
8347:             3             72  com.intellij.lang.javascript.parsing.FunctionParser$Context
8348:             3             72  com.intellij.lang.javascript.parsing.JSParseResult
8349:             3             72  com.intellij.lang.javascript.psi.JSElementBase$ClassOrInterface
8350:             3             72  com.intellij.lang.javascript.psi.types.JSContext
8351:             3             72  com.intellij.lang.javascript.psi.types.JSRecursiveTypeVisitor$Checks
8352:             3             72  com.intellij.lang.javascript.psi.types.JSTypeSource$SourceLanguage
8353:             3             72  com.intellij.lang.javascript.service.ide.JSLanguageServiceEditorListenerBase$FileEditorEventType
8354:             3             72  com.intellij.lang.parameterInfo.ParameterInfoUIContextEx$Flag
8355:             3             72  com.intellij.lang.typescript.compiler.languageService.TypeScriptLanguageServiceUtil$TypeScriptUseServiceState
8356:             3             72  com.intellij.lang.typescript.lsp.BaseLspTypeScriptService$BaseLspTypeScriptServiceEvaluationSupport
8357:             3             72  com.intellij.llmInstaller.ui.promo2.RemoteFeatureDisablerVerdict
8358:             3             72  com.intellij.ml.inline.completion.impl.configuration.RedCodePolicy
8359:             3             72  com.intellij.ml.inline.completion.impl.relevance.FilterModelState
8360:             3             72  com.intellij.modcommand.Presentation$HighlightingKind
8361:             3             72  com.intellij.model.psi.impl.LanguageReferenceProviders
8362:             3             72  com.intellij.notification.impl.NotificationCollector$NotificationSeverity
8363:             3             72  com.intellij.openapi.actionSystem.impl.ActionPopupMenuImpl$MyMenu$MyPopupMenuListener
8364:             3             72  com.intellij.openapi.actionSystem.toolbarLayout.AutoLayoutStrategy
8365:             3             72  com.intellij.openapi.actionSystem.toolbarLayout.Kind
8366:             3             72  com.intellij.openapi.application.CoroutineSupport$UiDispatcherKind
8367:             3             72  com.intellij.openapi.application.EdtReplacementThread
8368:             3             72  com.intellij.openapi.application.impl.BulkArrayQueue
8369:             3             72  com.intellij.openapi.application.impl.EdtDispatcherKind$LockBehavior
8370:             3             72  com.intellij.openapi.application.impl.islands.IslandsTabPainterAdapter
8371:             3             72  com.intellij.openapi.client.ClientProjectSessionsManager
8372:             3             72  com.intellij.openapi.command.UndoConfirmationPolicy
8373:             3             72  com.intellij.openapi.command.impl.MentionOnlyUndoableAction
8374:             3             72  com.intellij.openapi.command.impl.MovementAvailability
8375:             3             72  com.intellij.openapi.command.impl.UndoClientState$OperationInProgress
8376:             3             72  com.intellij.openapi.command.impl.UndoCommandListener
8377:             3             72  com.intellij.openapi.command.impl.UndoSharedState
8378:             3             72  com.intellij.openapi.components.StateStorageChooserEx$Resolution
8379:             3             72  com.intellij.openapi.diagnostic.FrequentEventDetector$Level
8380:             3             72  com.intellij.openapi.diagnostic.IdeaLogRecordFormatter
8381:             3             72  com.intellij.openapi.editor.EditorSettings$LineNumerationType
8382:             3             72  com.intellij.openapi.editor.GenericLineWrapPositionStrategy$WrapCondition
8383:             3             72  com.intellij.openapi.editor.HoverPopupContext$Relation
8384:             3             72  com.intellij.openapi.editor.actions.CaretStopOptionsTransposed
8385:             3             72  com.intellij.openapi.editor.actions.lists.TrailingComma
8386:             3             72  com.intellij.openapi.editor.ex.BidiTextDirection
8387:             3             72  com.intellij.openapi.editor.ex.EditorGutterFreePainterAreaState
8388:             3             72  com.intellij.openapi.editor.impl.softwrap.SoftWrapAppliancePlaces
8389:             3             72  com.intellij.openapi.editor.markup.CustomHighlighterOrder
8390:             3             72  com.intellij.openapi.editor.markup.LineMarkerRendererEx$Position
8391:             3             72  com.intellij.openapi.externalSystem.autoimport.ExternalSystemProjectTrackerSettings$AutoReloadType
8392:             3             72  com.intellij.openapi.externalSystem.autoimport.ExternalSystemRefreshStatus
8393:             3             72  com.intellij.openapi.externalSystem.autoimport.ExternalSystemSettingsFilesModificationContext$Event
8394:             3             72  com.intellij.openapi.externalSystem.service.project.manage.ExternalProjectsState
8395:             3             72  com.intellij.openapi.fileEditor.DoublingEventListenerDelegate
8396:             3             72  com.intellij.openapi.fileEditor.FileEditorStateLevel
8397:             3             72  com.intellij.openapi.fileEditor.MyListenersMultimap
8398:             3             72  com.intellij.openapi.fileEditor.TextEditorWithPreview$TextEditorWithPreviewUi
8399:             3             72  com.intellij.openapi.fileEditor.impl.FileEditorManagerImpl$OpenMode
8400:             3             72  com.intellij.openapi.fileEditor.impl.text.TextEditorPsiDataRule$$Lambda/0x00000098044efbd8
8401:             3             72  com.intellij.openapi.fileEditor.impl.text.TextEditorPsiDataRule$$Lambda/0x00000098044f06f8
8402:             3             72  com.intellij.openapi.fileEditor.impl.text.TextEditorPsiDataRule$$Lambda/0x00000098044f0950
8403:             3             72  com.intellij.openapi.fileEditor.impl.text.TextEditorPsiDataRule$$Lambda/0x00000098044f1090
8404:             3             72  com.intellij.openapi.fileEditor.impl.text.TextEditorPsiDataRuleKt$getIdeView$1
8405:             1             72  com.intellij.openapi.module.impl.scopes.ModuleWithDependenciesScope
8406:             3             72  com.intellij.openapi.observable.operation.core.ObservableOperationStatus
8407:             3             72  com.intellij.openapi.options.SchemeState
8408:             3             72  com.intellij.openapi.progress.EmptyProgressIndicatorBase$RunState
8409:             3             72  com.intellij.openapi.progress.impl.CoreProgressManager$CheckCanceledBehavior
8410:             3             72  com.intellij.openapi.progress.util.TooManyUsagesStatus$Status
8411:             3             72  com.intellij.openapi.project.DumbServiceBalloon
8412:             3             72  com.intellij.openapi.project.MergingQueueGuiSuspender
8413:             3             72  com.intellij.openapi.project.SingleTaskExecutor$IsRunningStateFlow
8414:             3             72  com.intellij.openapi.project.configuration.HeadlessLogging$SeverityKind
8415:             1             72  com.intellij.openapi.project.impl.DefaultProjectImpl
8416:             3             72  com.intellij.openapi.roots.OrderEnumerationHandler$AddDependencyType
8417:             3             72  com.intellij.openapi.roots.impl.OrderEnumeratorBase$ProcessEntryActionType
8418:             3             72  com.intellij.openapi.ui.DialogWrapper$IdeModalityType
8419:             3             72  com.intellij.openapi.ui.JBPopupMenu$MyLayout$1
8420:             3             72  com.intellij.openapi.ui.Splitter$LackOfSpaceStrategy
8421:             3             72  com.intellij.openapi.ui.panel.ProgressPanel$State
8422:             3             72  com.intellij.openapi.ui.popup.PopupCornerType
8423:             1             72  com.intellij.openapi.updateSettings.impl.UpdateOptions
8424:             3             72  com.intellij.openapi.util.KeyWithDefaultValue$2
8425:             3             72  com.intellij.openapi.util.NullableLazyValue$1
8426:             3             72  com.intellij.openapi.util.io.FileAttributes$CaseSensitivity
8427:             3             72  com.intellij.openapi.util.registry.RegistryValueSource
8428:             3             72  com.intellij.openapi.vcs.VcsShowConfirmationOption$Value
8429:             3             72  com.intellij.openapi.vcs.changes.IgnoreSettingsType
8430:             1             72  com.intellij.openapi.vcs.changes.ignore.psi.IgnoreFile
8431:             3             72  com.intellij.openapi.vcs.changes.shelf.ShelveChangesManager$State
8432:             3             72  com.intellij.openapi.vcs.ex.DocumentTracker$FreezeHelper
8433:             3             72  com.intellij.openapi.vcs.ex.LineStatusTrackerBase$MyBlockOperations
8434:             3             72  com.intellij.openapi.vcs.ex.LineTracker
8435:             3             72  com.intellij.openapi.vcs.ex.LocalLineStatusTrackerImpl$MyClientIdsDocumentTrackerHandler
8436:             3             72  com.intellij.openapi.vcs.ex.LocalLineStatusTrackerImpl$MyInnerRangesDocumentTrackerHandler
8437:             3             72  com.intellij.openapi.vcs.impl.LineStatusTrackerManager$MyTrackerStateListener
8438:             3             72  com.intellij.openapi.vcs.impl.LineStatusTrackerManager$TrackerData
8439:             3             72  com.intellij.openapi.vfs.VFileProperty
8440:             3             72  com.intellij.openapi.vfs.VersionManagingFileSystem$VersioningType
8441:             1             72  com.intellij.openapi.vfs.newvfs.persistent.PersistentFSImpl
8442:             1             72  com.intellij.openapi.vfs.newvfs.persistent.mapped.content.VFSContentStorageOverMMappedFile
8443:             3             72  com.intellij.openapi.wm.ex.WindowManagerEx$WindowShadowMode
8444:             3             72  com.intellij.openapi.wm.impl.DesktopLayout
8445:             3             72  com.intellij.openapi.wm.impl.IdeBackgroundUtil$Fill
8446:             1             72  com.intellij.openapi.wm.impl.ProjectFrameCustomHeaderHelper$5$1
8447:             3             72  com.intellij.openapi.wm.impl.content.TabContentLayout$TabsDrawMode
8448:             3             72  com.intellij.openapi.wm.impl.customFrameDecorations.header.toolbar.ShowMode
8449:             3             72  com.intellij.openapi.wm.impl.simpleTitleParts.VMOOption
8450:             3             72  com.intellij.openapi.wm.impl.status.InfoAndProgressPanel$AutoscrollLimit
8451:             3             72  com.intellij.openapi.wm.impl.status.Position
8452:             3             72  com.intellij.openapi.wm.impl.welcomeScreen.collapsedActionGroup.CollapsibleGroupHeaderSeparator$GroupHeaderSeparatorState
8453:             3             72  com.intellij.platform.debugger.impl.frontend.hotswap.HotSwapButtonStatus
8454:             3             72  com.intellij.platform.debugger.impl.rpc.XBreakpointTypeSerializableStandardPanels
8455:             3             72  com.intellij.platform.eel.fs.EelFileInfo$CaseSensitivity
8456:             3             72  com.intellij.platform.eel.fs.EelFileSystemApi$FileChangeType
8457:             3             72  com.intellij.platform.eel.fs.EelFileSystemApi$SymlinkPolicy
8458:             3             72  com.intellij.platform.eel.fs.EelOpenedFile$SeekWhence
8459:             3             72  com.intellij.platform.execution.dashboard.backend.RunDashboardConfigurationsListener
8460:             3             72  com.intellij.platform.ide.bootstrap.OutputStreamLogger$SkipRedirectErrorManager
8461:             3             72  com.intellij.platform.ide.impl.statistic.ToolWindowStateCollector$Collector
8462:             3             72  com.intellij.platform.ide.impl.statistic.ToolWindowStateCollector$Collector$job$1$1
8463:             3             72  com.intellij.platform.plugins.parser.impl.elements.ModuleVisibility
8464:             1             72  com.intellij.platform.recentFiles.backend.BackendRecentFileEventsModel$processFileUpdateEvents$1
8465:             3             72  com.intellij.platform.recentFiles.backend.BackendRecentFilesModel$subscribeToBackendRecentFilesUpdates$2
8466:             3             72  com.intellij.platform.recentFiles.frontend.model.FrontendRecentFilesModel$subscribeToBackendRecentFilesUpdates$2
8467:             3             72  com.intellij.platform.recentFiles.shared.RecentFileKind
8468:             3             72  com.intellij.platform.settings.MapSettingSerializerDescriptor
8469:             3             72  com.intellij.platform.settings.SetResultResolution
8470:             3             72  com.intellij.platform.settings.SettingDescriptorFactoryImpl
8471:             3             72  com.intellij.platform.settings.local.SettingsControllerMediator
8472:             3             72  com.intellij.platform.syntax.psi.ElementTypeConverterImpl
8473:             3             72  com.intellij.platform.util.io.storages.intmultimaps.extendiblehashmap.ExtendibleMapFactory$NotClosedProperlyAction
8474:             3             72  com.intellij.platform.util.io.storages.mmapped.MMappedFileStorageFactory$IfNotPageAligned
8475:             3             72  com.intellij.platform.workspace.jps.JpsProjectFileEntitySource$ExactFile
8476:             1             72  com.intellij.platform.workspace.jps.serialization.impl.JpsProjectSerializersImpl
8477:             3             72  com.intellij.platform.workspace.storage.impl.VirtualFileNameStore
8478:             3             72  com.intellij.platform.workspace.storage.impl.serialization.StorageInternerImpl
8479:             3             72  com.intellij.platform.workspace.storage.query.CollectionQuery$EachOfType
8480:             3             72  com.intellij.polySymbols.PolySymbolEnabledLanguage$PolySymbolSupportInLanguageEP
8481:             3             72  com.intellij.polySymbols.references.impl.PolySymbolLanguageReferenceProviders
8482:             3             72  com.intellij.polySymbols.search.impl.PolySymbolPsiSourcedSymbolHostClassEP
8483:             3             72  com.intellij.polySymbols.webTypes.json.Contributions
8484:             3             72  com.intellij.protobuf.ide.settings.PbTextLanguageSettings$State
8485:             3             72  com.intellij.psi.codeStyle.NameUtil$MatchingCaseSensitivity
8486:             3             72  com.intellij.psi.impl.search.PsiSearchHelperImpl$Options
8487:             3             72  com.intellij.psi.impl.search.PsiSearchHelperImpl$QueryRequestsRunResult
8488:             3             72  com.intellij.psi.search.ExecutionSearchScopes$1$$Lambda/0x0000009805ec1f58
8489:             3             72  com.intellij.psi.search.PsiSearchHelper$SearchCostResult
8490:             3             72  com.intellij.psi.stubs.SerializedStubTree$DeserializedIndexedStubs$RestoreState
8491:             3             72  com.intellij.psi.stubs.StubList$ChildrenStorage
8492:             3             72  com.intellij.psi.stubs.StubSerializationHelper
8493:             3             72  com.intellij.psi.stubs.StubUpdatingIndex
8494:             3             72  com.intellij.psi.tree.TokenSet$$Lambda/0x0000009805cead28
8495:             3             72  com.intellij.refactoring.suggested.SuggestedRefactoringState$ErrorLevel
8496:             3             72  com.intellij.remoteServer.configuration.deployment.SingletonDeploymentSourceType$SingletonDeploymentSource
8497:             3             72  com.intellij.rml.dfa.AnalysisOptions$CheckMode
8498:             3             72  com.intellij.rml.dfa.AnalysisOptions$InlineVarsMode
8499:             3             72  com.intellij.rml.dfa.BaseRelationKind
8500:             1             72  com.intellij.rml.dfa.analyzes.AliasAnalysis
8501:             3             72  com.intellij.rml.dfa.impl.transform.PathSensitiveCfgProcessorImpl$SplitMode
8502:             3             72  com.intellij.rml.dfa.rml.dsl.ast.RmlAssignStatement$OperationType
8503:             3             72  com.intellij.rml.dfa.rml.dsl.ast.RmlBinaryExpr$RelationBinOp
8504:             1             72  com.intellij.sh.run.ShRunConfiguration
8505:             3             72  com.intellij.spellchecker.dictionary.Dictionary$LookupStatus
8506:             3             72  com.intellij.spellchecker.inspections.SpellCheckingInspection$SpellCheckingScope
8507:             3             72  com.intellij.spellchecker.state.ProjectDictionaryState
8508:             1             72  com.intellij.sql.dialects.cockroach.CRoachDialect
8509:             1             72  com.intellij.sql.dialects.db2.Db2LUWDialect
8510:             1             72  com.intellij.sql.dialects.db2.iseries.Db2ISDialect
8511:             1             72  com.intellij.sql.dialects.db2.zos.Db2ZOSDialect
8512:             1             72  com.intellij.sql.dialects.greenplum.GPlumDialect
8513:             1             72  com.intellij.sql.dialects.maria.MariaDialect
8514:             1             72  com.intellij.sql.dialects.mssql.AzureDialect
8515:             1             72  com.intellij.sql.dialects.mssql.MsDialect
8516:             1             72  com.intellij.sql.dialects.mysql.MysqlDialect
8517:             1             72  com.intellij.sql.dialects.postgres.PgDialect
8518:             1             72  com.intellij.sql.dialects.redshift.RsDialect
8519:             3             72  com.intellij.sql.psi.SqlLazyElementTypeImpl$ReparseType
8520:             3             72  com.intellij.tasks.ChangeListInfo
8521:             3             72  com.intellij.tasks.impl.TaskProjectConfiguration
8522:             3             72  com.intellij.terminal.completion.spec.ShellFileInfo$Type
8523:             3             72  com.intellij.toolWindow.FocusTask
8524:             3             72  com.intellij.ui.BalloonLayoutData$Type
8525:             3             72  com.intellij.ui.JBAccountInfoService$LicenseKind
8526:             1             72  com.intellij.ui.LicensingFacade
8527:             3             72  com.intellij.ui.LightweightHint$HintMode
8528:             3             72  com.intellij.ui.components.JBViewport$ViewBorder
8529:             3             72  com.intellij.ui.components.panels.HorizontalLayout$Group
8530:             3             72  com.intellij.ui.components.panels.ListLayout$Alignment
8531:             3             72  com.intellij.ui.content.ContentManagerEvent$ContentOperation
8532:             3             72  com.intellij.ui.docking.impl.DockManagerImpl$busyObject$1
8533:             3             72  com.intellij.ui.dsl.builder.BottomGap
8534:             1             72  com.intellij.ui.dsl.builder.IntelliJSpacingConfiguration
8535:             3             72  com.intellij.ui.dsl.builder.RowLayout
8536:             3             72  com.intellij.ui.dsl.builder.TopGap
8537:             3             72  com.intellij.ui.icons.IconAndColorCacheKey
8538:             3             72  com.intellij.ui.icons.RowIcon$Alignment
8539:             3             72  com.intellij.ui.popup.PopupComponentFactory$PopupType
8540:             3             72  com.intellij.ui.scale.DerivedScaleType
8541:             3             72  com.intellij.ui.scale.ScaleType
8542:             3             72  com.intellij.ui.stripe.ErrorStripePainter$Alignment
8543:             3             72  com.intellij.ui.tabs.impl.JBTabsImpl$$Lambda/0x000000980312b498
8544:             3             72  com.intellij.ui.tabs.impl.JBTabsImpl$addTimerUpdate$1$1
8545:             3             72  com.intellij.ui.tabs.impl.TabLabel$ActionsPosition
8546:             3             72  com.intellij.util.Alarm$ThreadToUse
8547:             3             72  com.intellij.util.TakeWhileInclusiveSequence$NextState
8548:             3             72  com.intellij.util.ThreeState
8549:             3             72  com.intellij.util.containers.ContainerUtil$MergeResult
8550:             3             72  com.intellij.util.containers.JBIterator$Do
8551:             3             72  com.intellij.util.containers.TreeTraversal$BiOrderIt$Order
8552:             3             72  com.intellij.util.containers.prefixTree.PrefixTreeImpl$TraverseDecision
8553:             3             72  com.intellij.util.indexing.AdditionalIndexableFileSet
8554:             3             72  com.intellij.util.indexing.FileIndexingStateWithExplanation$FileIndexingState
8555:             3             72  com.intellij.util.indexing.ProjectEntityIndexingService$Change
8556:             3             72  com.intellij.util.indexing.RebuildStatus
8557:             3             72  com.intellij.util.indexing.UnindexedFilesScannerExecutorImpl$nextTaskExecutionAllowed$ExecutorState
8558:             3             72  com.intellij.util.indexing.dependencies.IsFileChangedResult
8559:             3             72  com.intellij.util.indexing.diagnostic.IndexLookupTimingsReporting$LookupOperation
8560:             3             72  com.intellij.util.indexing.diagnostic.IndexesEvaluated
8561:             3             72  com.intellij.util.indexing.events.DirtyFiles
8562:             3             72  com.intellij.util.indexing.impl.UpdatedEntryProcessor$UpdateKind
8563:             3             72  com.intellij.util.indexing.projectFilter.FilterActionCancellationReason
8564:             3             72  com.intellij.util.io.PersistentStringEnumerator
8565:             3             72  com.intellij.util.io.PowerStatus
8566:             3             72  com.intellij.util.ui.Centerizer$TYPE
8567:             3             72  com.intellij.util.ui.ExtendableHTMLViewFactory
8568:             1             72  com.intellij.util.ui.JBHtmlEditorKit$StyleSheetCompressionThreshold
8569:             3             72  com.intellij.util.ui.UIUtil$FontSize
8570:             3             72  com.intellij.util.xmlb.CompactCollectionBinding
8571:             3             72  com.intellij.vcs.commit.CommitModeManager
8572:             3             72  com.intellij.vcs.log.data.CurrentBranchConditionCache$State
8573:             3             72  com.intellij.vcs.log.impl.VcsLogTabLocation
8574:             3             72  com.intellij.webcore.libraries.ScriptingLibraryModel$LibraryLevel
8575:             3             72  com.intellij.xdebugger.breakpoints.SuspendPolicy
8576:             3             72  com.intellij.xdebugger.breakpoints.XBreakpointType$StandardPanels
8577:             1             72  com.intellij.xdebugger.impl.breakpoints.BreakpointsStatisticsCollector
8578:             3             72  com.intellij.xdebugger.impl.settings.XDebuggerDataViewSettings
8579:             3             72  com.intellij.xdebugger.impl.settings.XDebuggerGeneralSettings
8580:             3             72  com.jediterm.core.typeahead.TypeAheadTerminalModel$ShellType
8581:             3             72  com.jetbrains.T.v.v.v.C.y
8582:             3             72  com.jetbrains.cef.remote.thrift.server.TThreadPoolServer$WorkerProcess (jcef)
8583:             3             72  com.jetbrains.clones.languagescope.JSDuplicateScope
8584:             3             72  com.jetbrains.fus.reporting.model.config.v4.ConfigurationMajorBuildVersionBorder
8585:             3             72  com.jetbrains.fus.reporting.model.config.v4.ConfigurationReleaseFilter
8586:             3             72  com.jetbrains.ide.model.uiautomation.BeToolWindowState
8587:             3             72  com.jetbrains.jsonSchema.widget.JsonSchemaStatusWidget$WidgetStatus
8588:             3             72  com.jetbrains.ls.responses.ResponseCode
8589:             3             72  com.jetbrains.plugins.webDeployment.config.PublishConfig$PromptOnRemoteOverwrite
8590:             3             72  com.jetbrains.rd.framework.base.BindState
8591:             1             72  com.jetbrains.rd.framework.impl.RdOptionalProperty
8592:             1             72  com.jetbrains.rd.framework.impl.RdProperty
8593:             3             72  com.jetbrains.rd.ide.model.IconSource
8594:             3             72  com.jetbrains.rd.platform.codeWithMe.settings.LazySettingsStorage
8595:             3             72  com.jetbrains.rd.util.BitSlice$Companion$bool$1
8596:             3             72  com.jetbrains.rd.util.reactive.OptProperty
8597:             3             72  com.jetbrains.rhizomedb.DbContext
8598:             3             72  com.jetbrains.rhizomedb.Indexing
8599:             3             72  com.jetbrains.rhizomedb.RefFlags
8600:             1             72  com.pty4j.unix.UnixPtyProcess
8601:             1             72  com.sun.org.apache.xerces.internal.impl.XMLEntityScanner (java.xml@21.0.8)
8602:             3             72  com.sun.xml.bind.v2.model.core.ID
8603:             1             72  fleet.kernel.TransactorKt$subscribe$2
8604:             1             72  fleet.kernel.TransactorKt$subscribe$2$1
8605:             1             72  fleet.kernel.TransactorKt$withTransactor$2
8606:             1             72  fleet.kernel.TransactorKt$withTransactor$2$1$1$1$1
8607:             3             72  fleet.kernel.rebase.ClientClock
8608:             3             72  fleet.kernel.rete.QueriesKt$$Lambda/0x00000098026522a8
8609:             3             72  fleet.kernel.rete.QueriesKt$$Lambda/0x00000098026564c0
8610:             3             72  fleet.kernel.rete.QueriesKt$each$1$1
8611:             3             72  fleet.kernel.rete.ReteKt$$Lambda/0x000000980265faf8
8612:             3             72  fleet.kernel.rete.impl.AdaptiveSet
8613:             3             72  fleet.kernel.rete.impl.BroadcasterImpl
8614:             3             72  fleet.kernel.rete.impl.InternedQuery
8615:             3             72  fleet.kernel.rete.impl.ObserverNode
8616:             3             72  fleet.kernel.rete.impl.PosponedVarsKt$$Lambda/0x000000980268a890
8617:             3             72  fleet.kernel.rete.impl.ReteNetworkImpl$$Lambda/0x000000980268b468
8618:             3             72  fleet.kernel.rete.impl.ReteNetworkImpl$queryScope$1$$Lambda/0x0000009802686000
8619:             3             72  fleet.multiplatform.shims.DispatcherPriority
8620:             1             72  fleet.util.async.FlowExtKt$conflateReduce$1$1$1$conflated$1
8621:             3             72  git4idea.FsMonitor
8622:             3             72  git4idea.RoundedUserCountEventField
8623:             3             72  git4idea.commands.GitCommand$LockingPolicy
8624:             3             72  git4idea.config.GitVcsApplicationSettings$AnnotateDetectMovementsOption
8625:             3             72  git4idea.index.ContentVersion
8626:             3             72  git4idea.push.GitPushTargetType
8627:             3             72  git4idea.repo.CopyOnWriteFilePathSet
8628:             1             72  git4idea.repo.GitRepositoryImpl
8629:             1             72  git4idea.vfs.GitVFSListener
8630:             3             72  io.grpc.CallOptions$Key
8631:             3             72  io.grpc.SecurityLevel
8632:             3             72  io.grpc.TlsChannelCredentials$Feature
8633:             3             72  io.grpc.TlsServerCredentials$Feature
8634:             3             72  io.grpc.internal.ManagedChannelImpl$ResolutionState
8635:             3             72  io.grpc.netty.shaded.io.grpc.netty.NegotiationType
8636:             3             72  io.grpc.netty.shaded.io.netty.buffer.UnreleasableByteBuf
8637:             3             72  io.grpc.netty.shaded.io.netty.handler.codec.http2.HpackDecoder$HeaderType
8638:             3             72  io.grpc.netty.shaded.io.netty.handler.codec.http2.HpackUtil$IndexType
8639:             3             72  io.grpc.netty.shaded.io.netty.handler.codec.http2.Http2Exception$ShutdownHint
8640:             1             72  io.ktor.client.HttpClient
8641:             1             72  io.ktor.server.application.Application
8642:             3             72  io.netty.channel.ChannelMetadata
8643:             3             72  io.netty.util.Recycler$2
8644:             3             72  io.opentelemetry.api.trace.StatusCode
8645:             3             72  io.opentelemetry.sdk.internal.ScopeConfiguratorBuilder
8646:             3             72  io.opentelemetry.sdk.metrics.SdkMeterProvider$LeasedMetricProducer
8647:             3             72  io.opentelemetry.sdk.metrics.SdkMeterProvider$SdkCollectionRegistration
8648:             3             72  io.opentelemetry.sdk.metrics.export.PeriodicMetricReader$Scheduled
8649:             3             72  io.opentelemetry.sdk.metrics.internal.view.ViewRegistry
8650:             3             72  io.opentelemetry.sdk.trace.SdkSpan$EndState
8651:             3             72  io.opentelemetry.sdk.trace.data.AutoValue_ImmutableStatusData
8652:             3             72  io.opentelemetry.sdk.trace.samplers.AutoValue_ImmutableSamplingResult
8653:             3             72  io.opentelemetry.sdk.trace.samplers.SamplingDecision
8654:             1             72  it.unimi.dsi.fastutil.longs.Long2LongOpenHashMap
8655:             3             72  it.unimi.dsi.fastutil.objects.ObjectArrayList
8656:             3             72  java.awt.Dialog$ModalExclusionType (java.desktop)
8657:             3             72  java.awt.EventFilter$FilterAction (java.desktop)
8658:             3             72  java.awt.GraphicsDevice$WindowTranslucency (java.desktop)
8659:             3             72  java.awt.Window$Type (java.desktop)
8660:             3             72  java.awt.Window$WindowDisposerRecord (java.desktop)
8661:             3             72  java.awt.image.FilteredImageSource (java.desktop)
8662:             3             72  java.io.InputStreamReader (java.base@21.0.8)
8663:             3             72  java.lang.ProcessHandleImpl$ExitCompletion (java.base@21.0.8)
8664:             3             72  java.lang.ProcessImpl$LaunchMechanism (java.base@21.0.8)
8665:             3             72  java.lang.StackStreamFactory$WalkerState (java.base@21.0.8)
8666:             3             72  java.lang.StackWalker$Option (java.base@21.0.8)
8667:             3             72  java.lang.WeakPairMap (java.base@21.0.8)
8668:             3             72  java.lang.annotation.RetentionPolicy (java.base@21.0.8)
8669:             3             72  java.lang.invoke.MethodHandleImpl$ArrayAccess (java.base@21.0.8)
8670:             3             72  java.lang.invoke.MethodHandleImpl$TableSwitchCacheKey (java.base@21.0.8)
8671:             3             72  java.net.Proxy$Type (java.base@21.0.8)
8672:             3             72  java.net.StandardProtocolFamily (java.base@21.0.8)
8673:             3             72  java.net.http.HttpClient$Redirect (java.net.http@21.0.8)
8674:             3             72  java.nio.file.AccessMode (java.base@21.0.8)
8675:             3             72  java.nio.file.FileTreeWalker$EventType (java.base@21.0.8)
8676:             3             72  java.nio.file.StandardCopyOption (java.base@21.0.8)
8677:             3             72  java.security.SecurityPermission (java.base@21.0.8)
8678:             3             72  java.security.cert.CertificateFactory (java.base@21.0.8)
8679:             3             72  java.time.format.ResolverStyle (java.base@21.0.8)
8680:             3             72  java.util.Base64$Encoder (java.base@21.0.8)
8681:             3             72  java.util.Collections$3 (java.base@21.0.8)
8682:             3             72  java.util.stream.Collector$Characteristics (java.base@21.0.8)
8683:             3             72  java.util.zip.ZipCoder$Comparison (java.base@21.0.8)
8684:             3             72  javax.accessibility.AccessibleRelation (java.desktop)
8685:             3             72  javax.swing.border.CompoundBorder (java.desktop)
8686:             3             72  javax.swing.plaf.basic.BasicComboBoxEditor$UIResource (java.desktop)
8687:             3             72  javax.swing.plaf.basic.BasicComboBoxUI$DefaultKeySelectionManager (java.desktop)
8688:             1             72  javax.swing.plaf.basic.BasicEditorPaneUI$StyleSheetUIResource (java.desktop)
8689:             3             72  javax.swing.plaf.basic.BasicRootPaneUI$RootPaneInputMap (java.desktop)
8690:             3             72  javax.swing.text.DefaultEditorKit$BeginLineAction (java.desktop)
8691:             3             72  javax.swing.text.DefaultEditorKit$BeginParagraphAction (java.desktop)
8692:             3             72  javax.swing.text.DefaultEditorKit$BeginWordAction (java.desktop)
8693:             3             72  javax.swing.text.DefaultEditorKit$DefaultKeyTypedAction (java.desktop)
8694:             3             72  javax.swing.text.DefaultEditorKit$EndLineAction (java.desktop)
8695:             3             72  javax.swing.text.DefaultEditorKit$EndParagraphAction (java.desktop)
8696:             3             72  javax.swing.text.DefaultEditorKit$EndWordAction (java.desktop)
8697:             3             72  javax.swing.text.StyleContext$SmallAttributeSet (java.desktop)
8698:             3             72  javax.swing.text.html.CSS$LengthUnit (java.desktop)
8699:             3             72  jdk.internal.icu.util.CodePointTrie$ValueWidth (java.base@21.0.8)
8700:             3             72  jdk.internal.math.FloatingDecimal$ExceptionalBinaryToASCIIBuffer (java.base@21.0.8)
8701:             3             72  jdk.internal.misc.Signal (java.base@21.0.8)
8702:             3             72  jdk.internal.net.http.ResponseContent$ChunkState (java.net.http@21.0.8)
8703:             3             72  jdk.internal.net.http.common.SubscriberWrapper$SchedulingAction (java.net.http@21.0.8)
8704:             3             72  kotlin.DeprecationLevel
8705:             3             72  kotlin.LazyThreadSafetyMode
8706:             3             72  kotlin.LazyThreadSafetyMode
8707:             3             72  kotlin.SynchronizedLazyImpl
8708:             3             72  kotlin.annotation.AnnotationRetention
8709:             3             72  kotlin.comparisons.ComparisonsKt__ComparisonsKt$$Lambda/0x0000009802f56520
8710:             3             72  kotlin.coroutines.intrinsics.CoroutineSingletons
8711:             3             72  kotlin.reflect.KVariance
8712:             1             72  kotlin.reflect.jvm.internal.KProperty0Impl
8713:             3             72  kotlin.reflect.jvm.internal.impl.builtins.jvm.JvmBuiltIns$Kind
8714:             3             72  kotlin.reflect.jvm.internal.impl.km.KmVariance
8715:             3             72  kotlin.reflect.jvm.internal.impl.km.KmVersionRequirementLevel
8716:             3             72  kotlin.reflect.jvm.internal.impl.load.java.lazy.types.JavaTypeFlexibility
8717:             3             72  kotlin.reflect.jvm.internal.impl.load.java.typeEnhancement.NullabilityQualifier
8718:             3             72  kotlin.reflect.jvm.internal.impl.load.java.typeEnhancement.TypeComponentPosition
8719:             3             72  kotlin.reflect.jvm.internal.impl.renderer.OverrideRenderingPolicy
8720:             3             72  kotlin.reflect.jvm.internal.impl.renderer.ParameterNameRenderingPolicy
8721:             3             72  kotlin.reflect.jvm.internal.impl.renderer.PropertyAccessorRenderingPolicy
8722:             3             72  kotlin.reflect.jvm.internal.impl.resolve.ExternalOverridabilityCondition$Contract
8723:             3             72  kotlin.reflect.jvm.internal.impl.resolve.ExternalOverridabilityCondition$Result
8724:             3             72  kotlin.reflect.jvm.internal.impl.resolve.OverridingUtil$OverrideCompatibilityInfo$Result
8725:             3             72  kotlin.reflect.jvm.internal.impl.resolve.constants.ArrayValue
8726:             3             72  kotlin.reflect.jvm.internal.impl.storage.LockBasedStorageManager$NotValue
8727:             3             72  kotlin.reflect.jvm.internal.impl.types.TypeCheckerState$LowerCapturedTypePolicy
8728:             3             72  kotlin.reflect.jvm.internal.impl.types.TypeSubstitutor$VarianceConflictType
8729:             3             72  kotlin.reflect.jvm.internal.impl.types.model.CaptureStatus
8730:             3             72  kotlinx.coroutines.channels.BufferOverflow
8731:             3             72  kotlinx.coroutines.flow.FlowKt__EmittersKt$onEmpty$$inlined$unsafeFlow$1
8732:             3             72  kotlinx.coroutines.flow.FlowKt__EmittersKt$onEmpty$1$1
8733:             3             72  kotlinx.coroutines.flow.FlowKt__TransformKt$runningFold$1$1
8734:             3             72  kotlinx.coroutines.flow.SharingCommand
8735:             1             72  kotlinx.coroutines.scheduling.CoroutineScheduler
8736:             3             72  kotlinx.serialization.cbor.CborConfiguration
8737:             3             72  kotlinx.serialization.internal.PrimitiveSerialDescriptor
8738:             3             72  kotlinx.serialization.json.ClassDiscriminatorMode
8739:             3             72  kotlinx.serialization.json.ClassDiscriminatorMode
8740:             1             72  morfologik.stemming.DictionaryLookup
8741:             3             72  org.apache.http.HttpVersion
8742:             3             72  org.apache.http.conn.util.DomainType
8743:             3             72  org.apache.http.impl.cookie.RFC6265CookieSpecProvider$CompatibilityLevel
8744:             3             72  org.apache.lucene.analysis.hunspell.AffixCondition$$Lambda/0x0000009803ac4a60
8745:             3             72  org.apache.lucene.analysis.hunspell.ModifyingSuggester$GradedSuggestions
8746:             3             72  org.apache.lucene.analysis.hunspell.TimeoutPolicy
8747:             3             72  org.apache.lucene.analysis.hunspell.WordCase$CharCase
8748:             3             72  org.apache.lucene.store.ReadAdvice
8749:             3             72  org.apache.lucene.util.fst.FST
8750:             3             72  org.apache.lucene.util.fst.FST$INPUT_TYPE
8751:             1             72  org.apache.xerces.impl.xs.models.XSDFACM
8752:             3             72  org.intellij.markdown.parser.markerblocks.MarkerBlock$ProcessingResult
8753:             3             72  org.intellij.plugins.intelliLang.Configuration$InstrumentationType
8754:             3             72  org.intellij.plugins.intelliLang.util.StringMatcher$Any
8755:             3             72  org.intellij.terraform.hcl._HCLLexer$StringType
8756:             3             72  org.intellij.terraform.hcl.formatter.PropertyAlignment
8757:             1             72  org.intellij.terraform.hil._HILLexer
8758:             3             72  org.jetbrains.completion.full.line.impl.hardware.FullLineHardwareInfoService$CompatibilityState
8759:             3             72  org.jetbrains.completion.full.line.language.BlockType
8760:             3             72  org.jetbrains.completion.full.line.language.TrimPolicy
8761:             3             72  org.jetbrains.completion.full.line.language.supporters.FormatterType
8762:             3             72  org.jetbrains.concurrency.Promise$State
8763:             3             72  org.jetbrains.ide.HttpRequestHandler$OriginCheckResult
8764:             3             72  org.jetbrains.io.SubServer
8765:             3             72  org.jetbrains.jewel.foundation.Stroke$Alignment
8766:             3             72  org.jetbrains.jewel.foundation.theme.ThemeIconData
8767:             3             72  org.jetbrains.jewel.ui.component.styling.TooltipAutoHideBehavior
8768:             1             72  org.jetbrains.plugins.github.pullrequest.ui.selector.GHRepositoryAndAccountSelectorViewModel
8769:             3             72  org.jetbrains.plugins.terminal.TerminalFontSettingsService$$Lambda/0x0000009803e2d6b0
8770:             3             72  org.jetbrains.plugins.terminal.block.completion.spec.ShellCommandSpecConflictStrategy
8771:             3             72  org.jetbrains.plugins.terminal.block.prompt.TerminalPromptStyle
8772:             3             72  org.jetbrains.plugins.terminal.block.reworked.hyperlinks.ParsingState
8773:             3             72  org.jetbrains.plugins.terminal.fus.TerminalCommandCompletionMode
8774:             3             72  org.jetbrains.plugins.terminal.fus.TerminalNonToolWindowFocus
8775:             3             72  org.jetbrains.skia.ColorSpace
8776:             3             72  org.jetbrains.skia.FontEdging
8777:             3             72  org.jetbrains.skia.FontSlant
8778:             3             72  org.jetbrains.skia.MipmapMode
8779:             3             72  org.jetbrains.skia.PaintMode
8780:             3             72  org.jetbrains.skia.PaintStrokeJoin
8781:             3             72  org.jetbrains.skiko.FrameBuffering
8782:             3             72  org.jsoup.internal.SoftPool
8783:             3             72  org.jsoup.nodes.Document$QuirksMode
8784:             3             72  org.jsoup.nodes.Entities$CoreCharset
8785:             3             72  org.languagetool.JLanguageTool$Mode
8786:             3             72  org.languagetool.JLanguageTool$ParagraphHandling
8787:             3             72  org.languagetool.SimpleInputSentence
8788:             3             72  org.languagetool.markup.TextPart$Type
8789:             3             72  org.languagetool.rules.AbstractSimpleReplaceRule2$CaseSensitivy
8790:             3             72  org.languagetool.rules.RuleMatch$Type
8791:             3             72  org.languagetool.rules.SuggestedReplacement$SuggestionType
8792:             3             72  org.languagetool.rules.patterns.Match$IncludeRange
8793:             3             72  org.languagetool.synthesis.ManualSynthesizer
8794:             1             72  org.languagetool.tools.Cache.ProtoResultCache$CachedRule
8795:             3             72  org.yaml.snakeyaml.comments.CommentType
8796:             3             72  sun.awt.AppContext$State (java.desktop)
8797:             3             72  sun.awt.util.IdentityArrayList (java.desktop)
8798:             3             72  sun.font.SunLayoutEngine$FaceRef (java.desktop)
8799:             3             72  sun.java2d.MacOSFlags$PropertyState (java.desktop)
8800:             3             72  sun.java2d.SunGraphicsEnvironment$LogDisplay (java.desktop)
8801:             3             72  sun.management.ManagementFactoryHelper$1 (java.management@21.0.8)
8802:             3             72  sun.net.www.protocol.http.HttpURLConnection$TunnelState (java.base@21.0.8)
8803:             3             72  sun.nio.ch.FileLockTable (java.base@21.0.8)
8804:             3             72  sun.security.provider.NativePRNG$Variant (java.base@21.0.8)
8805:             3             72  sun.security.provider.certpath.OCSP$RevocationStatus$CertStatus (java.base@21.0.8)
8806:             3             72  sun.security.ssl.ClientAuthType (java.base@21.0.8)
8807:             3             72  sun.security.ssl.EphemeralKeyManager (java.base@21.0.8)
8808:             3             72  sun.security.validator.EndEntityChecker (java.base@21.0.8)
8809:             3             72  sun.util.locale.provider.LocaleServiceProviderPool (java.base@21.0.8)
8810:             1             72  training.featuresSuggester.suggesters.LineCommentingSuggester
8811:             1             64  [Lai.grazie.rules.document.Delimiter;
8812:             2             64  [Lcom.android.studio.ml.bot.configuration.ContextSharingMode;
8813:             2             64  [Lcom.fasterxml.jackson.annotation.JsonCreator$Mode;
8814:             1             64  [Lcom.fasterxml.jackson.annotation.JsonFormat$Feature;
8815:             1             64  [Lcom.fasterxml.jackson.annotation.JsonFormat$Shape;
8816:             2             64  [Lcom.fasterxml.jackson.annotation.JsonProperty$Access;
8817:             2             64  [Lcom.fasterxml.jackson.annotation.OptBoolean;
8818:             2             64  [Lcom.fasterxml.jackson.databind.annotation.JsonSerialize$Typing;
8819:             1             64  [Lcom.fasterxml.jackson.databind.node.IntNode;
8820:             1             64  [Lcom.github.weisj.jsvg.E;
8821:             2             64  [Lcom.github.weisj.jsvg.I;
8822:             2             64  [Lcom.github.weisj.jsvg.J;
8823:             1             64  [Lcom.github.weisj.jsvg.L;
8824:             2             64  [Lcom.github.weisj.jsvg.b;
8825:             2             64  [Lcom.github.weisj.jsvg.g$a;
8826:             2             64  [Lcom.goide.refactor.GoNameSuggestionProvider$Option;
8827:             1             64  [Lcom.goide.util.GoBuildMatcher$MatchingReason;
8828:             2             64  [Lcom.goide.vgo.VgoOptimizedModuleInfoProviderImpl$Companion$ExecutionMode;
8829:             1             64  [Lcom.google.api.client.json.JsonToken;
8830:             2             64  [Lcom.ibm.icu.impl.number.Modifier$Signum;
8831:             2             64  [Lcom.ibm.icu.impl.number.PatternStringUtils$PatternSignType;
8832:             1             64  [Lcom.ibm.icu.text.DisplayContext;
8833:             4             64  [Lcom.intellij.codeInsight.editorActions.FoldingData;
8834:             1             64  [Lcom.intellij.codeInspection.ProblemHighlightType;
8835:             1             64  [Lcom.intellij.completion.ml.experiments.CommonExperiments;
8836:             2             64  [Lcom.intellij.database.dataSource.SchemaControl;
8837:             1             64  [Lcom.intellij.database.model.ObjectKind;
8838:             2             64  [Lcom.intellij.execution.ui.layout.PlaceInGrid;
8839:             3             64  [Lcom.intellij.featureStatistics.ApplicabilityFilter;
8840:             2             64  [Lcom.intellij.formatting.WrapImpl$Type;
8841:             2             64  [Lcom.intellij.formatting.service.FormattingService$Feature;
8842:             1             64  [Lcom.intellij.fullLine.go.GoExperiments;
8843:             2             64  [Lcom.intellij.grazie.text.TextContent$TextDomain;
8844:             2             64  [Lcom.intellij.grid.scripting.impl.ScriptedTableFileEditorProvider$OpenDetectedTables;
8845:             1             64  [Lcom.intellij.ide.actions.TabNavigationActionBase$NavigationType;
8846:             2             64  [Lcom.intellij.ide.ui.laf.darcula.DarculaUIUtil$Outline;
8847:             2             64  [Lcom.intellij.indexing.shared.platform.api.IndexInfrastructureCapability;
8848:             2             64  [Lcom.intellij.indexing.shared.platform.api.IndexInfrastructureOs;
8849:             2             64  [Lcom.intellij.internal.statistic.eventLog.connection.metadata.EventLogMetadataParseException$EventLogMetadataParseErrorType;
8850:             2             64  [Lcom.intellij.internal.statistic.eventLog.events.PrimitiveEventField;
8851:             1             64  [Lcom.intellij.internal.statistic.eventLog.validator.ValidationResultType;
8852:             2             64  [Lcom.intellij.lang.documentation.DocumentationSettings$InlineCodeHighlightingMode;
8853:             2             64  [Lcom.intellij.lang.javascript.parsing.ExpressionParser$ParseLeftHandSideExpressionOptions;
8854:             2             64  [Lcom.intellij.lang.javascript.parsing.modifiers.JSModifiersStructure$JSModifiersParseResult;
8855:             2             64  [Lcom.intellij.lang.javascript.psi.JSTestFileType;
8856:             2             64  [Lcom.intellij.lang.javascript.psi.JSVarStatement$VarKeyword;
8857:             2             64  [Lcom.intellij.lang.surroundWith.Surrounder;
8858:             2             64  [Lcom.intellij.llmInstaller.AIAssistantToolWindowFactory$LastToolWindowState;
8859:             2             64  [Lcom.intellij.model.SideEffectGuard$EffectType;
8860:             2             64  [Lcom.intellij.notification.impl.NotificationGroupEP$DisplayType;
8861:             2             64  [Lcom.intellij.openapi.components.RoamingType;
8862:             2             64  [Lcom.intellij.openapi.editor.EditorSettings$LineNumerationType;
8863:             2             64  [Lcom.intellij.openapi.editor.colors.impl.TextAttributesReader$FontStyle;
8864:             2             64  [Lcom.intellij.openapi.editor.impl.CopiedFromEmptySelectionPasteMode;
8865:             2             64  [Lcom.intellij.openapi.editor.impl.softwrap.SoftWrapAppliancePlaces;
8866:             2             64  [Lcom.intellij.openapi.externalSystem.autoimport.ExternalSystemProjectTrackerSettings$AutoReloadType;
8867:             2             64  [Lcom.intellij.openapi.fileTypes.ex.FileTypeIdentifiableByVirtualFile;
8868:             2             64  [Lcom.intellij.openapi.fileTypes.impl.FileTypeOverrider;
8869:             2             64  [Lcom.intellij.openapi.util.Key;
8870:             2             64  [Lcom.intellij.openapi.vcs.changes.conflicts.ChangelistConflictResolution;
8871:             2             64  [Lcom.intellij.platform.buildData.productInfo.ProductInfoLayoutItemKind;
8872:             2             64  [Lcom.intellij.platform.workspace.jps.entities.DependencyScope;
8873:             2             64  [Lcom.intellij.platform.workspace.storage.ConnectionId$ConnectionType;
8874:             2             64  [Lcom.intellij.polySymbols.webTypes.json.HtmlAttributeValue$Kind;
8875:             2             64  [Lcom.intellij.polySymbols.webTypes.json.WebTypes$DescriptionMarkup;
8876:             1             64  [Lcom.intellij.psi.impl.PsiTreeChangeEventImpl$PsiEventType;
8877:             2             64  [Lcom.intellij.psi.impl.search.PsiSearchHelperImpl$Options;
8878:             2             64  [Lcom.intellij.sql.editor.SqlEditorOptions$QualificationType;
8879:             2             64  [Lcom.intellij.toolWindow.ToolWindowDescriptor$ToolWindowAnchor;
8880:             2             64  [Lcom.intellij.ui.JBAccountInfoService$LicenseKind;
8881:             2             64  [Lcom.intellij.ui.dsl.gridLayout.VerticalAlign;
8882:             2             64  [Lcom.intellij.ui.scale.ScaleType;
8883:             1             64  [Lcom.intellij.ui.stripe.ErrorStripePainter$Value;
8884:             2             64  [Lcom.intellij.util.ThreeState;
8885:             2             64  [Lcom.intellij.workspaceModel.core.fileIndex.DependencyDescription;
8886:             2             64  [Lcom.intellij.xdebugger.breakpoints.XBreakpointType$StandardPanels;
8887:             2             64  [Lcom.jetbrains.cef.remote.thrift_codegen.ClientHandlers$LoadHandler_OnLoadEnd_args$_Fields; (jcef)
8888:             2             64  [Lcom.jetbrains.cef.remote.thrift_codegen.ClientHandlers$LoadHandler_OnLoadStart_args$_Fields; (jcef)
8889:             2             64  [Lcom.jetbrains.cef.remote.thrift_codegen.ClientHandlers$LoadHandler_OnLoadingStateChange_args$_Fields; (jcef)
8890:             2             64  [Lcom.jetbrains.cef.remote.thrift_codegen.ClientHandlers$RenderHandler_GetScreenPoint_args$_Fields; (jcef)
8891:             2             64  [Lcom.jetbrains.cef.remote.thrift_codegen.ClientHandlers$ResourceHandler_ProcessRequest_args$_Fields; (jcef)
8892:             2             64  [Lcom.jetbrains.cef.remote.thrift_codegen.ClientHandlers$ResourceHandler_ReadResponse_args$_Fields; (jcef)
8893:             2             64  [Lcom.jetbrains.cef.remote.thrift_codegen.ClientHandlers$ResourceRequestHandler_GetCookieAccessFilter_args$_Fields; (jcef)
8894:             2             64  [Lcom.jetbrains.cef.remote.thrift_codegen.ClientHandlers$ResourceRequestHandler_GetResourceHandler_args$_Fields; (jcef)
8895:             2             64  [Lcom.jetbrains.cef.remote.thrift_codegen.ClientHandlers$ResourceRequestHandler_OnBeforeResourceLoad_args$_Fields; (jcef)
8896:             2             64  [Lcom.jetbrains.cef.remote.thrift_codegen.Rect$_Fields; (jcef)
8897:             2             64  [Lcom.jetbrains.cef.remote.thrift_codegen.Server$Browser_Create_args$_Fields; (jcef)
8898:             2             64  [Lcom.jetbrains.cef.remote.thrift_codegen.Server$Browser_ExecuteJavaScript_args$_Fields; (jcef)
8899:             2             64  [Lcom.jetbrains.cef.remote.thrift_codegen.Server$MessageRouter_AddHandler_args$_Fields; (jcef)
8900:             2             64  [Lcom.jetbrains.cef.remote.thrift_codegen.Server$SchemeHandlerFactory_Register_args$_Fields; (jcef)
8901:             2             64  [Lcom.jetbrains.ls.responses.Action;
8902:             2             64  [Lcom.jetbrains.ls.responses.ResponseCode;
8903:             2             64  [Lcom.jetbrains.rd.util.lifetime.LifetimeStatus;
8904:             2             64  [Lcom.jetbrains.rd.util.lifetime.LifetimeTerminationTimeoutKind;
8905:             2             64  [Lcom.sun.org.apache.xerces.internal.utils.XMLSecurityPropertyManager$State; (java.xml@21.0.8)
8906:             2             64  [Lgit4idea.repo.RecentProjectsShowBranchMode;
8907:             2             64  [Lgit4idea.util.GitTextConvMode;
8908:             2             64  [Lio.grpc.TlsChannelCredentials$Feature;
8909:             2             64  [Lio.grpc.TlsServerCredentials$Feature;
8910:             2             64  [Lio.ktor.network.selector.SelectInterest;
8911:             1             64  [Lio.ktor.util.date.Month;
8912:             1             64  [Lio.netty.handler.codec.http.HttpObjectDecoder$State;
8913:             2             64  [Ljava.awt.Queue; (java.desktop)
8914:             1             64  [Ljava.awt.event.FocusEvent$Cause; (java.desktop)
8915:             2             64  [Ljava.lang.StackWalker$Option; (java.base@21.0.8)
8916:             4             64  [Ljava.lang.Throwable; (java.base@21.0.8)
8917:             2             64  [Ljava.lang.annotation.RetentionPolicy; (java.base@21.0.8)
8918:             1             64  [Ljava.lang.invoke.MethodHandleImpl$Intrinsic; (java.base@21.0.8)
8919:             2             64  [Ljava.net.StandardProtocolFamily; (java.base@21.0.8)
8920:             2             64  [Ljava.nio.charset.CoderResult; (java.base@21.0.8)
8921:             2             64  [Ljava.util.concurrent.atomic.AtomicInteger; (java.base@21.0.8)
8922:             2             64  [Ljava.util.stream.Collector$Characteristics; (java.base@21.0.8)
8923:             2             64  [Ljdk.internal.util.OperatingSystem; (java.base@21.0.8)
8924:             2             64  [Lkotlin.DeprecationLevel;
8925:             2             64  [Lkotlin.annotation.AnnotationRetention;
8926:             2             64  [Lkotlin.reflect.jvm.internal.impl.metadata.ProtoBuf$MemberKind;
8927:             2             64  [Lkotlin.reflect.jvm.internal.impl.metadata.ProtoBuf$Modality;
8928:             1             64  [Lkotlinx.html.LinkAs;
8929:             2             64  [Lmorfologik.stemming.EncoderType;
8930:             1             64  [Lorg.jdom.AttributeType;
8931:             1             64  [Lorg.jetbrains.completion.full.line.js.JSExperiments;
8932:             1             64  [Lorg.jetbrains.plugins.terminal.fus.TerminalSettingsStateCollector$BooleanOptions;
8933:             2             64  [Lorg.jetbrains.plugins.textmate.language.preferences.IndentAction;
8934:             1             64  [Lorg.jetbrains.skia.svg.SVGLengthUnit;
8935:             2             64  [Lorg.languagetool.rules.RuleMatch$Type;
8936:             2             64  [Lorg.languagetool.rules.SuggestedReplacement$SuggestionType;
8937:             2             64  [Lorg.languagetool.rules.patterns.Match$IncludeRange;
8938:             1             64  [Lorg.yaml.snakeyaml.events.Event$ID;
8939:             1             64  [Lsun.reflect.annotation.TypeAnnotation$TypeAnnotationTarget; (java.base@21.0.8)
8940:             2             64  [Lsun.security.ssl.SSLTrafficKeyDerivation$KeySchedule; (java.base@21.0.8)
8941:             2             64  [Lsun.security.validator.CADistrustPolicy; (java.base@21.0.8)
8942:             1             64  ai.grazie.detector.ngram.NgramDetector
8943:             1             64  ai.grazie.rules.en.SerialComma$2
8944:             4             64  ai.grazie.rules.tree.NodePattern$$Lambda/0x0000009804bf7910
8945:             4             64  ai.grazie.rules.tree.NodePattern$$Lambda/0x0000009804bf7b68
8946:             2             64  ai.grazie.rules.tree.Parameter
8947:             2             64  ai.grazie.spell.GrazieSpeller$UserConfig$Dictionary
8948:             2             64  ai.grazie.spell.GrazieSplittingSpeller$UserConfig
8949:             2             64  androidx.collection.MutableScatterSet
8950:             2             64  androidx.compose.animation.core.AnimationVector3D
8951:             2             64  androidx.compose.animation.core.AnimationVector4D
8952:             1             64  androidx.compose.runtime.snapshots.GlobalSnapshot
8953:             1             64  androidx.compose.ui.geometry.RoundRect
8954:             1             64  androidx.compose.ui.graphics.painter.ColorPainter
8955:             4             64  androidx.compose.ui.text.PlatformParagraphStyle
8956:             2             64  androidx.compose.ui.text.font.TypefaceRequest
8957:             4             64  androidx.savedstate.SavedState
8958:             1             64  apple.security.AppleProvider$ProviderService (java.base@21.0.8)
8959:             2             64  com.android.tools.idea.studiobot.ExcludeFileName
8960:             2             64  com.anthropic.code.plugin.services.MCPService
8961:             2             64  com.anthropic.code.plugin.settings.PluginSettings$State
8962:             1             64  com.apple.laf.AquaFileView$3 (java.desktop)
8963:             4             64  com.apple.laf.AquaImageFactory$IconUIResourceSingleton (java.desktop)
8964:             4             64  com.apple.laf.AquaImageFactory$NamedImageSingleton (java.desktop)
8965:             2             64  com.fasterxml.aalto.in.ReaderConfig$EncodingContext
8966:             2             64  com.fasterxml.aalto.util.XmlCharTypes
8967:             2             64  com.fasterxml.jackson.core.StreamWriteCapability
8968:             2             64  com.fasterxml.jackson.core.io.ContentReference
8969:             4             64  com.fasterxml.jackson.core.util.JacksonFeatureSet
8970:             1             64  com.fasterxml.jackson.databind.ObjectReader
8971:             2             64  com.fasterxml.jackson.databind.ObjectWriter$GeneratorSettings
8972:             2             64  com.fasterxml.jackson.databind.cfg.EnumFeature
8973:             2             64  com.fasterxml.jackson.databind.ser.std.EnumSerializer
8974:             2             64  com.fasterxml.jackson.databind.ser.std.NumberSerializers$DoubleSerializer
8975:             2             64  com.fasterxml.jackson.databind.ser.std.NumberSerializers$IntegerSerializer
8976:             2             64  com.fasterxml.jackson.databind.ser.std.NumberSerializers$LongSerializer
8977:             2             64  com.fasterxml.jackson.databind.type.TypeFactory
8978:             2             64  com.goide.codeInsight.imports.GoImportsSettings
8979:             4             64  com.goide.comments.GoCommentReferenceResolver$$Lambda/0x00000098047015d0
8980:             4             64  com.goide.completion.GoKeywordCompletionContributor$GoInTypeSwitchAssertion
8981:             4             64  com.goide.completion.GoKeywordCompletionContributor$GoNotInsideReceiver
8982:             2             64  com.goide.controlflow.instructions.GoDeferStatementInstruction
8983:             4             64  com.goide.formatter.settings.GoCommentsWithoutLeadingSpace
8984:             1             64  com.goide.ide.GoNewProjectStep
8985:             2             64  com.goide.ide.welcomeScreen.GoWelcomeScreenOpenFileNotificationProvider
8986:             4             64  com.goide.index.GoImportIndexBase$$Lambda/0x000000980270f638
8987:             2             64  com.goide.inspections.GoUnusedCallResultInspection
8988:             4             64  com.goide.postfix.GoPostfixTemplateExpressionCondition$GoNumericExpression
8989:             2             64  com.goide.project.GoModuleLibrariesService
8990:             2             64  com.goide.project.GoProjectLibrariesService
8991:             2             64  com.goide.project.GoScopesProvider$GoProjectAndVendorScope
8992:             2             64  com.goide.psi.impl.GoLightType$LightSliceType
8993:             2             64  com.goide.psi.impl.GoLightType$LightUntypedBoolType
8994:             2             64  com.goide.psi.impl.GoLightType$LightUntypedIntType
8995:             2             64  com.goide.psi.impl.GoLightType$LightUntypedStringType
8996:             4             64  com.goide.psi.impl.GoPsiImplUtil$$Lambda/0x00000098048ed230
8997:             4             64  com.goide.psi.impl.GoPsiUtil$$Lambda/0x00000098048eb138
8998:             2             64  com.goide.sdk.GoSdkService
8999:             2             64  com.goide.vendor.GoVendorDirectoriesCollector
9000:             2             64  com.goide.vendor.GoVendoredFileChangeTracker
9001:             2             64  com.goide.vgo.VgoAsyncModulesAware
9002:             2             64  com.goide.vgo.VgoIntegrationManager$VgoIntegrationState
9003:             1             64  com.goide.vgo.mod.psi.VgoFile
9004:             2             64  com.goide.vgo.project.VgoPackageFactory$1
9005:             1             64  com.google.common.cache.CacheStats
9006:             2             64  com.google.common.collect.RegularImmutableSet
9007:             2             64  com.google.common.hash.MessageDigestHashFunction
9008:             2             64  com.google.common.io.BaseEncoding$StandardBaseEncoding
9009:             1             64  com.google.protobuf.CodedInputStream$ArrayDecoder
9010:             2             64  com.google.tools.intellij.aiplugin.AiPluginModel
9011:             4             64  com.google.tools.intellij.aiplugin.experimentation.ExperimentationFlagsServiceKt$nonDefaultValueUpdates$$inlined$filter$1
9012:             4             64  com.google.tools.intellij.aiplugin.experimentation.ExperimentationFlagsServiceKt$nonDefaultValueUpdates$$inlined$filter$1$2
9013:             1             64  com.google.tools.intellij.aiplugin.notification.AiPluginNotificationService
9014:             4             64  com.google.tools.intellij.aiplugin.transform.FinishChangesFloatingToolbarProvider$register$1$2
9015:             2             64  com.ibm.icu.impl.ICUResourceBundleReader$Table16
9016:             1             64  com.ibm.icu.impl.UCharacterProperty
9017:             2             64  com.ibm.icu.impl.UCharacterProperty$MathCompatBinaryProperty
9018:             2             64  com.ibm.icu.impl.locale.BaseLocale
9019:             2             64  com.ibm.icu.impl.number.PropertiesAffixPatternProvider
9020:             1             64  com.ibm.icu.text.NumberFormatServiceShim$NFService
9021:             1             64  com.intellij.application.options.codeStyle.cache.CodeStyleCachingServiceImpl$2
9022:             2             64  com.intellij.application.options.editor.WebEditorOptions
9023:             4             64  com.intellij.clouds.kubernetes.frontend.editor.floatingToolbar.KubernetesFloatingToolbarProvider$$Lambda/0x000000980464c920
9024:             4             64  com.intellij.clouds.kubernetes.frontend.editor.floatingToolbar.KubernetesFloatingToolbarProvider$$Lambda/0x0000009804650000
9025:             4             64  com.intellij.clouds.kubernetes.frontend.editor.floatingToolbar.KubernetesFloatingToolbarProvider$register$3$2
9026:             4             64  com.intellij.clouds.kubernetes.frontend.editor.floatingToolbar.KubernetesFloatingToolbarProvider$register$5
9027:             4             64  com.intellij.clouds.kubernetes.frontend.editor.floatingToolbar.MyPopupMenuListener
9028:             1             64  com.intellij.codeInsight.actions.ReaderModeSettingsImpl$State
9029:             4             64  com.intellij.codeInsight.codeVision.CodeVisionHost$$Lambda/0x0000009804579cc0
9030:             4             64  com.intellij.codeInsight.codeVision.CodeVisionHost$subscribeForDocumentChanges$1
9031:             4             64  com.intellij.codeInsight.codeVision.EditorCodeVisionContext$$Lambda/0x0000009804435cb0
9032:             2             64  com.intellij.codeInsight.codeVision.ui.model.ProjectCodeVisionModel
9033:             4             64  com.intellij.codeInsight.codeVision.ui.renderers.CodeVisionInlayRendererBase$$Lambda/0x000000980563bca8
9034:             4             64  com.intellij.codeInsight.codeVision.ui.renderers.painters.DelimiterPainter
9035:             2             64  com.intellij.codeInsight.codeVision.ui.renderers.providers.TextCodeVisionEntryPainter
9036:             2             64  com.intellij.codeInsight.completion.OffsetMap
9037:             2             64  com.intellij.codeInsight.daemon.DaemonCodeAnalyzerSettingsImpl
9038:             2             64  com.intellij.codeInsight.daemon.impl.DaemonListeners
9039:             4             64  com.intellij.codeInsight.daemon.impl.ErrorCountStorage
9040:             2             64  com.intellij.codeInsight.daemon.impl.PsiChangeHandler
9041:             4             64  com.intellij.codeInsight.daemon.impl.TrafficLightRenderer$DefaultUIController$$Lambda/0x000000980462ef60
9042:             4             64  com.intellij.codeInsight.daemon.impl.TrafficLightRenderer$init$1$1
9043:             2             64  com.intellij.codeInsight.daemon.impl.WolfTheProblemSolverImpl
9044:             2             64  com.intellij.codeInsight.daemon.impl.actions.GotoElementUnderCaretUsageBase$Direction
9045:             4             64  com.intellij.codeInsight.daemon.impl.analysis.encoding.XmlEncodingReferenceProvider
9046:             4             64  com.intellij.codeInsight.editorActions.FoldingTransferableData
9047:             2             64  com.intellij.codeInsight.editorActions.ReaderModeFileEditorListener$fileOpenedSync$1
9048:             2             64  com.intellij.codeInsight.editorActions.XmlTagNameSynchronizerImpl
9049:             4             64  com.intellij.codeInsight.inline.completion.InlineCompletion$$Lambda/0x00000098044458c8
9050:             4             64  com.intellij.codeInsight.inline.completion.InlineCompletion$$Lambda/0x000000980444abf0
9051:             4             64  com.intellij.codeInsight.inline.completion.InlineCompletionHandler$$Lambda/0x000000980444ded8
9052:             4             64  com.intellij.codeInsight.inline.completion.InlineCompletionHandler$InlineCompletionState
9053:             4             64  com.intellij.codeInsight.inline.completion.InlineCompletionNoSuggestionsListener
9054:             4             64  com.intellij.codeInsight.inline.completion.listeners.InlineCompletionFocusListener
9055:             4             64  com.intellij.codeInsight.inline.completion.listeners.InlineCompletionSelectionListener
9056:             4             64  com.intellij.codeInsight.inline.completion.listeners.InlineEditorMouseListener
9057:             4             64  com.intellij.codeInsight.inline.completion.listeners.typing.InlineCompletionDocumentListener
9058:             4             64  com.intellij.codeInsight.inline.completion.listeners.typing.InlineCompletionTypingSessionTracker$TypingSessionCaretListener
9059:             4             64  com.intellij.codeInsight.inline.completion.logs.TypingSpeedTracker$KeyListener
9060:             4             64  com.intellij.codeInsight.inline.completion.logs.UserFactorsListener
9061:             2             64  com.intellij.codeInsight.inline.completion.logs.statistics.PrefixLengthComponent$State$DailyData
9062:             4             64  com.intellij.codeInsight.inline.completion.tooltip.InlineCompletionTooltipProvokerMouseListener
9063:             1             64  com.intellij.codeInsight.intention.impl.CachedIntentions
9064:             1             64  com.intellij.codeInsight.intention.impl.IntentionHintComponent$MyComponentHint
9065:             2             64  com.intellij.codeInsight.template.postfix.settings.PostfixTemplatesSettings
9066:             2             64  com.intellij.codeInspection.NonAsciiCharactersInspection
9067:             2             64  com.intellij.codeInspection.RedundantSuppressInspection
9068:             2             64  com.intellij.codeInspection.ex.InspectionToolRegistrar$registerInspections$1
9069:             2             64  com.intellij.codeInspection.ex.ProjectInspectionToolRegistrar
9070:             2             64  com.intellij.codeInspection.htmlInspections.HtmlUnknownAttributeInspection
9071:             2             64  com.intellij.codeInspection.htmlInspections.HtmlUnknownBooleanAttributeInspection
9072:             2             64  com.intellij.codeInspection.htmlInspections.HtmlUnknownTagInspection
9073:             1             64  com.intellij.completion.ml.ngram.ModelRunnerWithCache
9074:             1             64  com.intellij.completion.ml.ngram.ModelRunnerWithCache$FilePath2Tokens
9075:             4             64  com.intellij.configurationStore.ComponentStoreWithExtraComponents$$Lambda/0x000000980230b880
9076:             2             64  com.intellij.configurationStore.DotIdeaProjectStoreDescriptor
9077:             4             64  com.intellij.configurationStore.statistic.eventLog.ConfigurationStateExtractor
9078:             2             64  com.intellij.core.CoreProjectScopeBuilder$ContentSearchScope
9079:             2             64  com.intellij.coverage.CoverageDataManagerImpl
9080:             1             64  com.intellij.cwm.plugin.common.tabection.CodeWithMeTabAction
9081:             2             64  com.intellij.cwm.plugin.ports.CwmPortForwardingToolWindowManager
9082:             2             64  com.intellij.cwm.v.v.C.D
9083:             2             64  com.intellij.database.dataSource.DataSourceModelStorageImpl$Prj
9084:             2             64  com.intellij.database.dataSource.DataSourcePerFileMappingsImpl
9085:             2             64  com.intellij.database.dataSource.DataSourceStorageShared$Prj
9086:             4             64  com.intellij.database.datagrid.GridWidget$$Lambda/0x0000009803030a78
9087:             4             64  com.intellij.database.dialects.base.TypeHelper$MsTypeHelper
9088:             2             64  com.intellij.database.dialects.oracle.debugger.SteppingMode
9089:             1             64  com.intellij.database.dialects.sqlite.sql.SqliteDialect
9090:             1             64  com.intellij.database.model.DataType
9091:             4             64  com.intellij.database.model.LengthUnit
9092:             1             64  com.intellij.diagnostic.PerformanceWatcherImpl
9093:             2             64  com.intellij.diagnostic.fus.EdtLockAggregatingListener$Recorder
9094:             1             64  com.intellij.diagnostic.fus.FusReportingEventWatcher
9095:             4             64  com.intellij.diff.tools.external.ExternalDiffSettings$$Lambda/0x000000980553b6f8
9096:             2             64  com.intellij.diff.util.Side
9097:             2             64  com.intellij.execution.ExecutionTargetManagerImpl
9098:             2             64  com.intellij.execution.Platform
9099:             2             64  com.intellij.execution.impl.AsyncFilterRunner
9100:             2             64  com.intellij.execution.impl.ConsoleViewImpl$2
9101:             2             64  com.intellij.execution.impl.ConsoleViewImpl$ClearRunnable
9102:             2             64  com.intellij.execution.impl.ConsoleViewUtil$NullEditorHighlighter
9103:             2             64  com.intellij.execution.impl.EditorHyperlinkSupport
9104:             2             64  com.intellij.execution.impl.EditorTextDecorationApplierImpl
9105:             2             64  com.intellij.execution.impl.TokenBuffer
9106:             2             64  com.intellij.execution.process.AnsiStreamingLexer
9107:             1             64  com.intellij.execution.runners.RunContentBuilder
9108:             1             64  com.intellij.execution.runners.RunContentBuilder$3
9109:             2             64  com.intellij.execution.ui.RunContentManagerImpl
9110:             4             64  com.intellij.execution.ui.layout.impl.GridCellImpl$$Lambda/0x0000009805ee7528
9111:             4             64  com.intellij.execution.ui.layout.impl.GridCellImpl$1
9112:             4             64  com.intellij.execution.ui.layout.impl.GridCellImpl$2
9113:             2             64  com.intellij.facet.impl.FacetEventsPublisher
9114:             4             64  com.intellij.find.SearchReplaceComponent$11
9115:             4             64  com.intellij.find.SearchTextArea$$Lambda/0x0000009804d8f4a0
9116:             4             64  com.intellij.find.SearchTextArea$$Lambda/0x0000009804d8f730
9117:             4             64  com.intellij.find.SearchTextArea$2
9118:             4             64  com.intellij.find.SearchTextArea$4
9119:             4             64  com.intellij.find.SearchTextArea$5
9120:             1             64  com.intellij.go.linter.GoLinterTrafficLightRendererContributor$createRenderer$1
9121:             2             64  com.intellij.grazie.spellcheck.async.WordListLoader
9122:             4             64  com.intellij.html.impl.providers.MicrodataReferenceProvider
9123:             4             64  com.intellij.htmltools.codeInsight.daemon.impl.analysis.encoding.HtmlHttpEquivEncodingReferenceProvider
9124:             4             64  com.intellij.htmltools.xml.util.HtmlReferenceProvider
9125:             4             64  com.intellij.htmltools.xml.util.HtmlReferenceProvider$1
9126:             2             64  com.intellij.httpClient.http.request.run.config.HttpRequestRunType
9127:             2             64  com.intellij.httpClient.http.security.HttpUrlsUsageInspection
9128:             1             64  com.intellij.ide.IdeDependentActionGroup
9129:             2             64  com.intellij.ide.LocalProjectIconKey
9130:             1             64  com.intellij.ide.RecentProjectsManagerBase$2$1
9131:             2             64  com.intellij.ide.bookmark.BookmarksManagerImpl$Group
9132:             2             64  com.intellij.ide.browsers.chrome.ChromeSettings
9133:             2             64  com.intellij.ide.lightEdit.LightEditConfiguration
9134:             2             64  com.intellij.ide.plugins.PluginEnableDisableAction
9135:             2             64  com.intellij.ide.plugins.PluginEnabledState
9136:             1             64  com.intellij.ide.plugins.newui.PluginManagerSession
9137:             4             64  com.intellij.ide.projectView.impl.IdeViewForProjectViewPane
9138:             2             64  com.intellij.ide.projectView.impl.ProjectViewImpl$MyAutoScrollFromSourceHandler
9139:             2             64  com.intellij.ide.projectView.impl.ProjectViewSharedSettings
9140:             4             64  com.intellij.ide.scratch.ScratchFileServiceImpl$FilePresentation
9141:             2             64  com.intellij.ide.scratch.ScratchesNamedScope
9142:             1             64  com.intellij.ide.ui.laf.LafManagerImpl
9143:             2             64  com.intellij.ide.ui.laf.darcula.DarculaTableHeaderUI
9144:             4             64  com.intellij.ide.ui.laf.darcula.ui.DarculaDisclosureButtonBorder
9145:             4             64  com.intellij.ide.ui.laf.darcula.ui.DarculaDisclosureButtonUI$ComponentHoverListener
9146:             4             64  com.intellij.ide.ui.laf.darcula.ui.DarculaDisclosureButtonUI$MouseHoverListener
9147:             4             64  com.intellij.ide.ui.laf.darcula.ui.DarculaTextAreaUI$RoundedBorderSupportHandler$1
9148:             4             64  com.intellij.ide.ui.laf.darcula.ui.DarculaTextAreaUI$RoundedBorderSupportHandler$2
9149:             4             64  com.intellij.ide.ui.laf.darcula.ui.DarculaTextAreaUI$RoundedBorderSupportHandler$3
9150:             1             64  com.intellij.idea.SystemHealthMonitor$monitorDiskSpace$1
9151:             2             64  com.intellij.indexing.shared.download.ShadeIndexDumbModeTracker
9152:             2             64  com.intellij.indexing.shared.platform.api.AttachChunkResult$Success
9153:             2             64  com.intellij.indexing.shared.platform.impl.BundledSharedIndexProvider
9154:             4             64  com.intellij.indexing.shared.platform.impl.HashBasedMapReduceIndex$3
9155:             4             64  com.intellij.indexing.shared.platform.impl.HashBasedMapReduceIndex$3$1
9156:             2             64  com.intellij.indexing.shared.platform.impl.SharedIndexStorageUtil$$Lambda/0x0000009803730800
9157:             2             64  com.intellij.indexing.shared.platform.impl.SingleChunkReadonlyZipStorage
9158:             2             64  com.intellij.indexing.shared.platform.impl.StubSharedIndexExtension$StubBuilderVersionFilter
9159:             2             64  com.intellij.indexing.shared.platform.impl.layout.FileBasedSharedStubIndexLocation
9160:             2             64  com.intellij.indexing.shared.ultimate.project.ProjectSharedIndexState
9161:             4             64  com.intellij.internal.ml.catboost.CatBoostJarCompletionModelProvider$$Lambda/0x0000009804fe22a0
9162:             2             64  com.intellij.internal.ml.ngram.NGramRecentTokens
9163:             1             64  com.intellij.internal.statistic.collectors.fus.fileTypes.ProjectStructureUsageCollector
9164:             1             64  com.intellij.internal.statistic.collectors.fus.ui.FontSizeInfoUsageCollector
9165:             2             64  com.intellij.internal.statistic.eventLog.events.EnumListEventField
9166:             2             64  com.intellij.internal.statistic.eventLog.events.RegexpIntEventField
9167:             2             64  com.intellij.internal.statistic.eventLog.events.ShortAnonymizedEventField
9168:             2             64  com.intellij.internal.statistic.eventLog.events.StringListEventField$ValidatedByRegexp
9169:             1             64  com.intellij.javaee.ExternalResourceManagerExImpl
9170:             2             64  com.intellij.javascript.debugger.activity.NextJsRunConfigKind
9171:             2             64  com.intellij.javascript.nodejs.interpreter.NodeJsInterpreterManager
9172:             2             64  com.intellij.javascript.nodejs.packageJson.workspaceModel.PackageJsonEntityManager
9173:             4             64  com.intellij.javascript.nodejs.util.NodePackage$$Lambda/0x00000098036095c8
9174:             4             64  com.intellij.kubernetes.KubernetesUsageTriggerCollector$KubernetesEventWrapper
9175:             2             64  com.intellij.kubernetes.splitApi.BackendKubernetesApiProviderStateHolder
9176:             2             64  com.intellij.kubernetes.splitApi.BackendKubernetesSynchronizedStateMap
9177:             4             64  com.intellij.lang.cacheBuilder.WordOccurrence$Kind
9178:             2             64  com.intellij.lang.css.CssDialectMappings
9179:             4             64  com.intellij.lang.folding.CompositeFoldingBuilder
9180:             4             64  com.intellij.lang.javascript.BackendElementTypeMap
9181:             2             64  com.intellij.lang.javascript.buildTools.base.JsbtSortingMode
9182:             1             64  com.intellij.lang.javascript.flow.FlowJSElementTypesKt$flowJSElementTypes$2$1
9183:             2             64  com.intellij.lang.javascript.library.JSPredefinedLibraryMappings
9184:             2             64  com.intellij.lang.javascript.library.LibraryCommitChangesMerger
9185:             2             64  com.intellij.lang.javascript.library.typings.TypeScriptExternalDefinitionsService
9186:             2             64  com.intellij.lang.javascript.modules.remote.JSRemoteModulesLibraryManager
9187:             2             64  com.intellij.lang.javascript.modules.remote.JSRemoteModulesLibraryManager$JSRemoteLibrariesSnapshot
9188:             4             64  com.intellij.lang.javascript.psi.types.JSTypeSerializer$createListSerializer$1
9189:             4             64  com.intellij.lang.javascript.stubs.serializers.TypeScriptEmbeddedContentStubSerializer
9190:             2             64  com.intellij.lang.typescript.library.TypeScriptLibraryProviderImpl
9191:             2             64  com.intellij.llmInstaller.ui.promo2.AIOnboardingPromoWindowAdvisorState
9192:             2             64  com.intellij.ml.inline.completion.impl.inline.tracking.MLCompletionUsageTracker
9193:             2             64  com.intellij.navigation.NavigatorWithinProject$NavigationKeyPrefix
9194:             4             64  com.intellij.openapi.actionSystem.Anchor
9195:             2             64  com.intellij.openapi.actionSystem.PressureShortcut
9196:             4             64  com.intellij.openapi.actionSystem.impl.ActionButtonWithText$$Lambda/0x0000009804672cc0
9197:             4             64  com.intellij.openapi.actionSystem.impl.ActionManagerImplKt$$Lambda/0x000000980248e000
9198:             2             64  com.intellij.openapi.actionSystem.impl.MacGestureAdapter
9199:             2             64  com.intellij.openapi.actionSystem.impl.PreCachedDataContext
9200:             2             64  com.intellij.openapi.application.impl.islands.IslandsTabTheme
9201:             4             64  com.intellij.openapi.editor.actions.CaretStop
9202:             1             64  com.intellij.openapi.editor.colors.impl.EmptyColorScheme
9203:             4             64  com.intellij.openapi.editor.impl.EditorCopyPasteHelperImpl$CopyPasteOptionsTransferableData
9204:             4             64  com.intellij.openapi.editor.impl.stickyLines.StickyLinesManager$$Lambda/0x000000980440e818
9205:             2             64  com.intellij.openapi.editor.impl.stickyLines.VisualStickyLine
9206:             2             64  com.intellij.openapi.externalSystem.autoimport.ExternalSystemProjectId
9207:             2             64  com.intellij.openapi.externalSystem.autoimport.ProjectSettingsTracker$SettingsFilesAsyncSupplier
9208:             2             64  com.intellij.openapi.externalSystem.autoimport.ProjectSettingsTracker$SettingsFilesStatus
9209:             4             64  com.intellij.openapi.externalSystem.autoimport.ProjectStatus$ProjectState$Synchronized
9210:             2             64  com.intellij.openapi.externalSystem.autoimport.changes.AsyncFileChangesListener
9211:             2             64  com.intellij.openapi.externalSystem.autoimport.settings.BackgroundAsyncSupplier
9212:             2             64  com.intellij.openapi.externalSystem.autolink.UnlinkedProjectSettings$State
9213:             4             64  com.intellij.openapi.externalSystem.service.project.manage.ExternalProjectsManagerImpl$CompositeRunnable
9214:             4             64  com.intellij.openapi.externalSystem.service.ui.completion.cache.BasicLocalCache
9215:             1             64  com.intellij.openapi.fileChooser.ex.FileTextFieldImpl
9216:             2             64  com.intellij.openapi.fileEditor.impl.EditorTabbedContainer
9217:             2             64  com.intellij.openapi.fileEditor.impl.EditorTabbedContainerDragOutDelegate
9218:             2             64  com.intellij.openapi.fileEditor.impl.EditorTabbedContainerTransferHandler
9219:             2             64  com.intellij.openapi.fileEditor.impl.MyTransferHandler
9220:             4             64  com.intellij.openapi.fileEditor.impl.text.EditorHighlighterUpdater$1
9221:             4             64  com.intellij.openapi.fileEditor.impl.text.EditorHighlighterUpdater$2
9222:             4             64  com.intellij.openapi.fileEditor.impl.text.EditorHighlighterUpdater$3
9223:             4             64  com.intellij.openapi.fileEditor.impl.text.EditorHighlighterUpdater$MyFileTypeListener
9224:             4             64  com.intellij.openapi.fileTypes.FileTypeEditorHighlighterProviders$1
9225:             1             64  com.intellij.openapi.fileTypes.impl.FileTypeDetectionService
9226:             1             64  com.intellij.openapi.keymap.impl.keyGestures.KeyboardGestureProcessor
9227:             2             64  com.intellij.openapi.module.impl.LoadedModulesListStorage
9228:             2             64  com.intellij.openapi.module.impl.ModulePointerManagerImpl
9229:             1             64  com.intellij.openapi.progress.util.ProgressDialog
9230:             2             64  com.intellij.openapi.project.ExternalStorageConfiguration
9231:             2             64  com.intellij.openapi.project.IncompleteDependenciesService$DependenciesState
9232:             2             64  com.intellij.openapi.project.IncompleteDependenciesServiceImpl
9233:             2             64  com.intellij.openapi.project.SmartModeScheduler
9234:             4             64  com.intellij.openapi.rd.util.UserDataHolderKt$userData$2
9235:             2             64  com.intellij.openapi.roots.PersistentOrderRootType
9236:             2             64  com.intellij.openapi.roots.impl.DirectoryIndexImpl
9237:             2             64  com.intellij.openapi.roots.impl.PackageDirectoryCacheImpl
9238:             4             64  com.intellij.openapi.ui.SimpleToolWindowPanel$$Lambda/0x000000980327a740
9239:             4             64  com.intellij.openapi.ui.SimpleToolWindowPanel$$Lambda/0x000000980327a998
9240:             4             64  com.intellij.openapi.ui.SimpleToolWindowPanel$1
9241:             2             64  com.intellij.openapi.updateSettings.impl.PluginsConfiguration
9242:             2             64  com.intellij.openapi.updateSettings.impl.pluginsAdvertisement.PluginAdvertiserServiceImpl
9243:             2             64  com.intellij.openapi.util.NullableLazyValue$3
9244:             4             64  com.intellij.openapi.util.ThreadLocalCachedIntArray
9245:             2             64  com.intellij.openapi.vcs.VcsApplicationSettings
9246:             2             64  com.intellij.openapi.vcs.VcsConfiguration$StandardConfirmation
9247:             4             64  com.intellij.openapi.vcs.VcsKey
9248:             2             64  com.intellij.openapi.vcs.changes.ChangeListScheduler
9249:             2             64  com.intellij.openapi.vcs.changes.ChangeListWorker$ListData
9250:             2             64  com.intellij.openapi.vcs.changes.ChangeListsIndexes$Data
9251:             2             64  com.intellij.openapi.vcs.changes.Modifier
9252:             2             64  com.intellij.openapi.vcs.changes.ui.ChangesViewContentManager
9253:             4             64  com.intellij.openapi.vcs.ex.ChangelistsLocalLineStatusTracker$ChangeListMarker
9254:             2             64  com.intellij.openapi.vcs.impl.ContentRevisionCache$Key
9255:             2             64  com.intellij.openapi.vcs.impl.ModuleVcsDetector
9256:             2             64  com.intellij.openapi.vcs.impl.ProjectLevelVcsManagerImpl
9257:             2             64  com.intellij.openapi.vcs.impl.projectlevelman.AllVcses
9258:             2             64  com.intellij.openapi.vcs.impl.projectlevelman.OptionsAndConfirmations
9259:             1             64  com.intellij.openapi.vcs.statistics.VcsUsagesCollector
9260:             4             64  com.intellij.openapi.vcs.util.paths.RecursiveFilePathSet
9261:             2             64  com.intellij.openapi.vfs.impl.FilePartNodeRoot
9262:             1             64  com.intellij.openapi.vfs.impl.VirtualFilePointerContainerImpl
9263:             1             64  com.intellij.openapi.vfs.impl.local.LocalFileSystemImpl
9264:             1             64  com.intellij.openapi.vfs.newvfs.impl.VfsData
9265:             2             64  com.intellij.openapi.wm.impl.FrameHeaderHelper$Decorated
9266:             1             64  com.intellij.openapi.wm.impl.ProjectWindowActionGroup
9267:             4             64  com.intellij.openapi.wm.impl.SquareStripeButtonLook
9268:             2             64  com.intellij.openapi.wm.impl.content.ContentTabLabel$CloseContentTabAction
9269:             4             64  com.intellij.openapi.wm.impl.headertoolbar.HeaderClickTransparentListener
9270:             4             64  com.intellij.openapi.wm.impl.simpleTitleParts.SimpleTitleInfoProvider$$Lambda/0x0000009803e95360
9271:             2             64  com.intellij.openapi.wm.impl.status.PositionPanel
9272:             2             64  com.intellij.openapi.wm.impl.status.ProcessPopup
9273:             2             64  com.intellij.openapi.wm.impl.status.ProgressSetChangeEvent
9274:             1             64  com.intellij.openapi.wm.impl.welcomeScreen.collapsedActionGroup.CollapsibleGroupedListSelectionModel
9275:             2             64  com.intellij.patterns.TreeElementPattern$10
9276:             2             64  com.intellij.platform.debugger.impl.frontend.FrontendXBreakpointTypesManager
9277:             2             64  com.intellij.platform.debugger.impl.frontend.FrontendXDependentBreakpointManagerProxy
9278:             1             64  com.intellij.platform.debugger.impl.frontend.editor.XDebuggerLineChangeHandler$1$1
9279:             2             64  com.intellij.platform.debugger.impl.rpc.XBreakpointDto
9280:             2             64  com.intellij.platform.execution.dashboard.BackendLuxedRunDashboardContentManager
9281:             4             64  com.intellij.platform.ide.core.permissions.impl.IdePermission
9282:             2             64  com.intellij.platform.ide.impl.presentationAssistant.KeymapKind
9283:             2             64  com.intellij.platform.ide.menu.MacMenuBarKt$createMacMenuBar$facade$1
9284:             1             64  com.intellij.platform.ide.nonModalWelcomeScreen.rightTab.WelcomeScreenRightTabVirtualFile
9285:             2             64  com.intellij.platform.lsp.impl.LspServerManagerImpl
9286:             2             64  com.intellij.platform.navbar.NavBarItemPresentationData
9287:             2             64  com.intellij.platform.navbar.frontend.NavBarService
9288:             1             64  com.intellij.platform.navbar.frontend.NavBarService$contextItems$1
9289:             1             64  com.intellij.platform.navbar.frontend.ui.StaticNavBarPanelKt$staticNavBarPanel$handleWindow$2
9290:             2             64  com.intellij.platform.navbar.frontend.vm.impl.NavBarVmImpl$NavBarItemVmImpl
9291:             4             64  com.intellij.platform.project.ProjectId
9292:             2             64  com.intellij.platform.recentFiles.backend.BackendRecentFilesMutableState
9293:             2             64  com.intellij.platform.recentFiles.frontend.model.FrontendRecentFilesMutableState
9294:             2             64  com.intellij.platform.settings.SettingDescriptorTemplateFactoryImpl
9295:             2             64  com.intellij.platform.settings.SettingImpl
9296:             2             64  com.intellij.platform.settings.local.Measurer
9297:             1             64  com.intellij.platform.trialPromotion.common.TrialStateService
9298:             1             64  com.intellij.platform.util.coroutines.flow.IncrementalUpdateFlowProducer$getIncrementalUpdateFlow$1$1$emit$1
9299:             2             64  com.intellij.platform.util.io.storages.intmultimaps.Int2IntMultimap
9300:             2             64  com.intellij.platform.workspace.storage.impl.MutableEntityFamily
9301:             2             64  com.intellij.platform.workspace.storage.impl.StorageSnapshotCache
9302:             2             64  com.intellij.platform.workspace.storage.impl.VersionedStorageChangeImpl
9303:             4             64  com.intellij.platform.workspace.storage.impl.containers.Int2IntWithDefaultMap
9304:             2             64  com.intellij.platform.workspace.storage.impl.containers.MutableNonNegativeIntIntMultiMap$ByList
9305:             2             64  com.intellij.platform.workspace.storage.metadata.model.FinalClassMetadata$EnumClassMetadata
9306:             2             64  com.intellij.polySymbols.context.impl.PolyContextDiscoveryInfo$CachedData
9307:             2             64  com.intellij.polySymbols.query.impl.PolySymbolQueryExecutorFactoryImpl
9308:             1             64  com.intellij.polySymbols.webTypes.WebTypesEmbeddedDefinitionsLoader$DefaultWebTypesScope
9309:             4             64  com.intellij.polySymbols.webTypes.json.GenericHtmlContributions$MyDeserializer
9310:             4             64  com.intellij.polySymbols.webTypes.json.NamePatternRoot
9311:             2             64  com.intellij.profile.codeInspection.ProjectInspectionProfileManagerState
9312:             1             64  com.intellij.profiler.CommonProfilerUiOptions
9313:             2             64  com.intellij.psi.codeStyle.CodeStyleSettings$HtmlTagNewLineStyle
9314:             4             64  com.intellij.psi.css.impl.util.CssInHtmlClassOrIdReferenceProvider
9315:             4             64  com.intellij.psi.css.impl.util.CssInHtmlReferenceProvider$CssInHtmlElementFilter
9316:             4             64  com.intellij.psi.css.impl.util.CssReferenceProvider
9317:             4             64  com.intellij.psi.css.impl.util.CssReferenceProvider$CssReferenceFilter
9318:             4             64  com.intellij.psi.css.impl.util.references.providers.CssAttributeReferenceProvider
9319:             4             64  com.intellij.psi.css.impl.util.references.providers.CssClassReferenceProvider
9320:             4             64  com.intellij.psi.css.impl.util.references.providers.CssCustomPropertyReferenceProvider
9321:             4             64  com.intellij.psi.css.impl.util.references.providers.CssDeclarationReferenceProvider
9322:             2             64  com.intellij.psi.impl.smartPointers.SmartPointerManagerImpl
9323:             2             64  com.intellij.psi.impl.source.PostprocessReformattingAspectImpl$Context
9324:             1             64  com.intellij.psi.impl.source.PsiPlainTextFileImpl
9325:             2             64  com.intellij.psi.impl.source.resolve.ResolveCache$2
9326:             4             64  com.intellij.psi.impl.source.resolve.reference.PsiReferenceRegistrarImpl$$Lambda/0x0000009804878a88
9327:             4             64  com.intellij.psi.impl.source.resolve.reference.impl.providers.DtdReferencesProvider
9328:             4             64  com.intellij.psi.impl.source.resolve.reference.impl.providers.DtdReferencesProvider$2
9329:             4             64  com.intellij.psi.impl.source.resolve.reference.impl.providers.IdReferenceProvider
9330:             4             64  com.intellij.psi.impl.source.resolve.reference.impl.providers.IdReferenceProvider$1
9331:             4             64  com.intellij.psi.impl.source.resolve.reference.impl.providers.SchemaReferencesProvider
9332:             4             64  com.intellij.psi.impl.source.resolve.reference.impl.providers.URIReferenceProvider
9333:             2             64  com.intellij.psi.search.GlobalSearchScope$FilesScope
9334:             2             64  com.intellij.psi.search.IndexPattern
9335:             2             64  com.intellij.psi.search.ProjectScopeBuilderImpl$1
9336:             2             64  com.intellij.psi.search.ProjectScopeBuilderImpl$3
9337:             2             64  com.intellij.psi.search.ProjectScopeImpl
9338:             2             64  com.intellij.psi.search.scope.packageSet.NamedScopeManager
9339:             2             64  com.intellij.refactoring.suggested.SuggestedRefactoringAvailabilityIndicator
9340:             1             64  com.intellij.rml.dfa.analyzes.ConstantConditionLocalAnalysis
9341:             2             64  com.intellij.searchEverywhereMl.ranking.core.features.ActionsGlobalStatisticsContextFields
9342:             2             64  com.intellij.spellchecker.settings.SpellCheckerSettings
9343:             2             64  com.intellij.spellchecker.state.AppDictionaryState
9344:             2             64  com.intellij.sql.database.SqlDataSourceManager
9345:             2             64  com.intellij.sql.dialects.SqlDialectMappings
9346:             1             64  com.intellij.sql.dialects.bigquery.BigQueryDialect
9347:             1             64  com.intellij.sql.dialects.cassandra.CassDialect
9348:             1             64  com.intellij.sql.dialects.clickhouse.CHouseDialect
9349:             1             64  com.intellij.sql.dialects.couchbase.CouchbaseDialect
9350:             1             64  com.intellij.sql.dialects.derby.DerbyDialect
9351:             1             64  com.intellij.sql.dialects.dynamo.DynamoDialect
9352:             1             64  com.intellij.sql.dialects.exasol.ExaDialect
9353:             1             64  com.intellij.sql.dialects.generic.GenericDialect
9354:             1             64  com.intellij.sql.dialects.h2.H2Dialect
9355:             1             64  com.intellij.sql.dialects.hive.HiveDialect
9356:             1             64  com.intellij.sql.dialects.hsql.HsqlDialect
9357:             1             64  com.intellij.sql.dialects.mongo.MongoSqlDialect
9358:             1             64  com.intellij.sql.dialects.netsuite.NetSuiteDialect
9359:             1             64  com.intellij.sql.dialects.oracle.OraDialect
9360:             1             64  com.intellij.sql.dialects.oraplus.OraPlusDialect
9361:             4             64  com.intellij.sql.dialects.postgres.PgDialectBase$$Lambda/0x0000009802fa1a78
9362:             1             64  com.intellij.sql.dialects.redis.RedisDialect
9363:             1             64  com.intellij.sql.dialects.snowflake.SFlakeDialect
9364:             1             64  com.intellij.sql.dialects.spark.DatabricksDialect
9365:             1             64  com.intellij.sql.dialects.spark.SparkDialect
9366:             1             64  com.intellij.sql.dialects.sql92.Sql92Dialect
9367:             1             64  com.intellij.sql.dialects.sybase.AseDialect
9368:             1             64  com.intellij.sql.dialects.vertica.VertDialect
9369:             2             64  com.intellij.sql.psi.SqlFileResolveMode
9370:             2             64  com.intellij.sql.psi.stubs.elementTypes.SqlSpecificChildStubElementType
9371:             2             64  com.intellij.sql.psi.stubs.elementTypes.SqlSynonymDefinitionElementType
9372:             2             64  com.intellij.station.comms.common.api.KotlinCodec
9373:             1             64  com.intellij.swagger.core.codegen.SwaggerCodegenRunConfiguration
9374:             2             64  com.intellij.swagger.core.visualEditing.SwVisualEditingActionsService
9375:             1             64  com.intellij.terminal.backend.StateAwareTerminalSession
9376:             1             64  com.intellij.terminal.backend.TerminalOutputKt$createTerminalOutputFlow$1
9377:             2             64  com.intellij.terminal.backend.TerminalSessionPersistedTab
9378:             2             64  com.intellij.terminal.backend.TerminalTabsManager
9379:             2             64  com.intellij.terminal.backend.hyperlinks.BackendTerminalHyperlinkFacade
9380:             2             64  com.intellij.terminal.frontend.toolwindow.impl.TerminalToolWindowTabsManagerImpl
9381:             2             64  com.intellij.terminal.frontend.view.hyperlinks.FrontendTerminalHyperlinkFacade
9382:             2             64  com.intellij.terminal.frontend.view.impl.TerminalCursorPainter$EmptyBlockCursorRenderer
9383:             2             64  com.intellij.terminal.frontend.view.impl.TerminalViewImpl$configureOutputEditor$1
9384:             4             64  com.intellij.toolWindow.ResizeStripeManager$1
9385:             2             64  com.intellij.toolWindow.ToolWindowPaneNewButtonManager
9386:             2             64  com.intellij.toolWindow.ToolWindowSetInitializer
9387:             4             64  com.intellij.toolWindow.ToolWindowToolbar$$Lambda/0x0000009802aace20
9388:             4             64  com.intellij.toolWindow.ToolWindowToolbar$$Lambda/0x0000009802aad078
9389:             4             64  com.intellij.toolWindow.ToolWindowToolbar$init$3
9390:             1             64  com.intellij.ui.ActionCenterBalloonLayout
9391:             2             64  com.intellij.ui.AnimatedIcon$FS
9392:             4             64  com.intellij.ui.BadgeIconSupplier$$Lambda/0x0000009802ecab20
9393:             4             64  com.intellij.ui.BadgeIconSupplier$$Lambda/0x0000009802ecafd0
9394:             4             64  com.intellij.ui.BadgeIconSupplier$$Lambda/0x0000009802ecb228
9395:             4             64  com.intellij.ui.BadgeIconSupplier$$Lambda/0x0000009802ecb480
9396:             2             64  com.intellij.ui.DeferredIconImpl$DeferredIconAfterReplace
9397:             2             64  com.intellij.ui.EditorNotificationsImpl
9398:             2             64  com.intellij.ui.LicensingFacade$ProductLicenseData
9399:             4             64  com.intellij.ui.PopupHandler$$Lambda/0x000000980464edc0
9400:             2             64  com.intellij.ui.SearchTextField$MyModel
9401:             2             64  com.intellij.ui.ShadowJava2DPainter$Type
9402:             4             64  com.intellij.ui.components.ActionLink$$Lambda/0x00000098031fa118
9403:             4             64  com.intellij.ui.components.DynamicColor$$Lambda/0x00000098031f8dc0
9404:             1             64  com.intellij.ui.components.JBList$1
9405:             2             64  com.intellij.ui.components.ScrollBarPainter$ThinScrollBarThumb
9406:             4             64  com.intellij.ui.components.WideSelectionListCache$$Lambda/0x0000009803ebd630
9407:             4             64  com.intellij.ui.components.WideSelectionListCache$listDataListener$1
9408:             2             64  com.intellij.ui.components.fields.ExtendableTextComponent$Extension$1
9409:             4             64  com.intellij.ui.icons.IconWrapperWithToolTipComposite
9410:             2             64  com.intellij.ui.jcef.JBCefJSQuery
9411:             2             64  com.intellij.ui.jcef.JBCefJSQuery$1
9412:             2             64  com.intellij.ui.mac.MacMainFrameDecorator
9413:             2             64  com.intellij.ui.tabs.FileColorsModel
9414:             4             64  com.intellij.ui.tabs.impl.JBDefaultTabsBorder
9415:             2             64  com.intellij.ui.tree.ui.DefaultControl
9416:             2             64  com.intellij.util.CachedValuesManagerImpl
9417:             4             64  com.intellij.util.concurrency.QueueProcessor$$Lambda/0x0000009803632748
9418:             2             64  com.intellij.util.containers.UnsafeWeakList
9419:             1             64  com.intellij.util.indexing.RegisteredIndexes
9420:             1             64  com.intellij.util.indexing.UnindexedFilesScannerExecutorImpl$1
9421:             1             64  com.intellij.util.indexing.diagnostic.IndexLookupTimingsReporting$IndexOperationFusCollector$LookupStubEntriesByKeyTrace
9422:             2             64  com.intellij.util.indexing.diagnostic.IndexStatisticGroup$IndexingActivityType
9423:             1             64  com.intellij.util.indexing.diagnostic.StorageDiagnosticData$setupIndexingReporting$2
9424:             4             64  com.intellij.util.io.BaseDataReader$$Lambda/0x00000098027ba3b0
9425:             2             64  com.intellij.util.rdct.ItemsList
9426:             4             64  com.intellij.util.ui.ButtonlessScrollBarUI$$Lambda/0x00000098044b2a00
9427:             4             64  com.intellij.util.ui.update.UiNotifyConnector$Companion$doWhenFirstShown$2
9428:             4             64  com.intellij.util.xmlb.SmartSerializer$1
9429:             4             64  com.intellij.v.C.v.z
9430:             2             64  com.intellij.vcs.git.repo.GitRepositoriesHolder
9431:             4             64  com.intellij.vcs.github.ultimate.features.context.ActionYamlPatternsKt$yamlKeysPattern$1
9432:             2             64  com.intellij.vcs.log.data.DataPack
9433:             2             64  com.intellij.vcs.log.data.RefsModel
9434:             1             64  com.intellij.vcs.log.data.VcsLogRefresherImpl
9435:             2             64  com.intellij.vcs.log.graph.PermanentGraph$SortType
9436:             2             64  com.intellij.vcs.log.impl.VcsLogApplicationSettings$State
9437:             4             64  com.intellij.vcs.rpc.ProjectScopeRpcHelper$projectScopedCallbackFlow$2$1$$Lambda/0x00000098037c34e8
9438:             4             64  com.intellij.workspaceModel.core.fileIndex.DependencyDescription$OnReference
9439:             4             64  com.intellij.workspaceModel.core.fileIndex.impl.MultipleStoredWorkspaceFileSets
9440:             2             64  com.intellij.workspaceModel.core.fileIndex.impl.NonIncrementalContributors
9441:             4             64  com.intellij.workspaceModel.core.fileIndex.impl.NonIncrementalContributors$$Lambda/0x0000009803260a68
9442:             2             64  com.intellij.workspaceModel.ide.impl.legacyBridge.facet.FacetModelBridge
9443:             2             64  com.intellij.workspaceModel.ide.impl.legacyBridge.library.ProjectLibraryTableBridgeImpl
9444:             2             64  com.intellij.workspaceModel.ide.impl.legacyBridge.module.roots.InheritedSdkOrderEntryBridge
9445:             2             64  com.intellij.workspaceModel.ide.impl.legacyBridge.module.roots.ModuleRootComponentBridge
9446:             2             64  com.intellij.workspaceModel.ide.impl.legacyBridge.module.roots.ModuleSourceOrderEntryBridge
9447:             2             64  com.intellij.workspaceModel.ide.impl.legacyBridge.module.roots.VersionedCache
9448:             2             64  com.intellij.workspaceModel.ide.impl.legacyBridge.watcher.VirtualFileUrlWatcher
9449:             2             64  com.intellij.xdebugger.impl.PinToTopManagerState
9450:             2             64  com.intellij.xdebugger.impl.WatchesManagerState
9451:             2             64  com.intellij.xdebugger.impl.XDebuggerWatchesManager
9452:             2             64  com.intellij.xdebugger.impl.breakpoints.XDependentBreakpointManager
9453:             4             64  com.intellij.xml.util.XmlEnumeratedValueReferenceProvider
9454:             4             64  com.intellij.xml.util.XmlEnumeratedValueReferenceProvider$1
9455:             4             64  com.intellij.xml.util.XmlPrefixReferenceProvider
9456:             4             64  com.intellij.xml.util.XmlReferenceContributor$1
9457:             1             64  com.jetbrains.cef.remote.CefServer (jcef)
9458:             2             64  com.jetbrains.cef.remote.thrift.protocol.TBinaryProtocol$Factory (jcef)
9459:             1             64  com.jetbrains.cef.remote.thrift.server.TThreadPoolServer (jcef)
9460:             2             64  com.jetbrains.cef.remote.thrift_codegen.ClientHandlers$FocusHandler_OnSetFocus_args$_Fields (jcef)
9461:             2             64  com.jetbrains.cef.remote.thrift_codegen.ClientHandlers$LifeSpanHandler_OnAfterCreated_args$_Fields (jcef)
9462:             2             64  com.jetbrains.cef.remote.thrift_codegen.ClientHandlers$ResourceHandler_GetResponseHeaders_args$_Fields (jcef)
9463:             2             64  com.jetbrains.cef.remote.thrift_codegen.Point$_Fields (jcef)
9464:             2             64  com.jetbrains.cef.remote.thrift_codegen.ResponseHeaders$_Fields (jcef)
9465:             2             64  com.jetbrains.cef.remote.thrift_codegen.Server$Browser_LoadURL_args$_Fields (jcef)
9466:             2             64  com.jetbrains.cef.remote.thrift_codegen.Server$Browser_StartNativeCreation_args$_Fields (jcef)
9467:             2             64  com.jetbrains.cef.remote.thrift_codegen.Server$MessageRouter_Create_args$_Fields (jcef)
9468:             2             64  com.jetbrains.cef.remote.thrift_codegen.Server$MessageRouter_RemoveHandler_args$_Fields (jcef)
9469:             2             64  com.jetbrains.cef.remote.thrift_codegen.Server$MessageRouter_RemoveMessageRouterFromBrowser_args$_Fields (jcef)
9470:             2             64  com.jetbrains.cef.remote.thrift_codegen.Server$QueryCallback_Success_args$_Fields (jcef)
9471:             2             64  com.jetbrains.cef.remote.thrift_codegen.Server$connectTcp_args$_Fields (jcef)
9472:             2             64  com.jetbrains.clones.DuplicateInspection
9473:             4             64  com.jetbrains.clones.configuration.IntProperty
9474:             2             64  com.jetbrains.fus.reporting.configuration.RegionCode
9475:             2             64  com.jetbrains.plugins.webDeployment.config.PublishConfig
9476:             2             64  com.jetbrains.plugins.webDeployment.config.WebServersConfigManagerBaseImpl$ProjectInstance
9477:             2             64  com.jetbrains.plugins.webDeployment.conflicts.RemoteChangeNotifier
9478:             2             64  com.jetbrains.rd.framework.Serializers
9479:             4             64  com.jetbrains.rd.util.PlatformDependentKt$$Lambda/0x00000098023ecf78
9480:             2             64  com.jetbrains.rdserver.terminal.BackendTerminalRunner
9481:             2             64  com.jetbrains.rdserver.toolWindow.BackendServerToolWindowManager$ActiveClientsTracker
9482:             2             64  com.jetbrains.rdserver.ui.BackendUserFocusManager
9483:             2             64  com.jetbrains.rdserver.undo.BackendUndoManager
9484:             2             64  com.jetbrains.rhizomedb.Novelty
9485:             4             64  com.jetbrains.rhizomedb.QueryCache
9486:             2             64  com.sun.jna.Memory
9487:             2             64  com.sun.org.apache.xerces.internal.impl.dtd.XMLElementDecl (java.xml@21.0.8)
9488:             2             64  com.sun.org.apache.xerces.internal.utils.XMLSecurityPropertyManager$Property (java.xml@21.0.8)
9489:             2             64  dk.brics.automaton.Automaton
9490:             1             64  fleet.kernel.TransactorKt$withTransactor$2$1$1
9491:             1             64  fleet.kernel.rete.ReteKt$withRete$2$1$1
9492:             2             64  fleet.kernel.rete.impl.FlatMapKt$$Lambda/0x0000009802683ad0
9493:             4             64  fleet.kernel.rete.impl.Node$$Lambda/0x0000009802660d80
9494:             4             64  fleet.multiplatform.shims.ThreadLocalKey
9495:             4             64  fleet.util.VectorClock
9496:             2             64  git4idea.GitStandardRemoteBranch
9497:             1             64  git4idea.GitVcs
9498:             1             64  git4idea.actions.GitAbortOperationAction$CherryPick
9499:             1             64  git4idea.actions.GitAbortOperationAction$Merge
9500:             1             64  git4idea.actions.GitAbortOperationAction$Revert
9501:             1             64  git4idea.actions.GitRepositoryStateActionGroup$Merge
9502:             1             64  git4idea.actions.GitRepositoryStateActionGroup$Rebase
9503:             2             64  git4idea.config.GitVcsApplicationSettings$State
9504:             2             64  git4idea.repo.GitCommitTemplateTracker
9505:             2             64  git4idea.repo.GitRepositoryManager
9506:             2             64  git4idea.stash.GitStashTracker
9507:             2             64  io.grpc.InternalLogId
9508:             2             64  io.grpc.netty.shaded.io.netty.util.concurrent.DefaultThreadFactory
9509:             1             64  io.grpc.netty.shaded.io.netty.util.concurrent.GlobalEventExecutor
9510:             1             64  io.grpc.netty.shaded.io.netty.util.concurrent.ScheduledFutureTask
9511:             2             64  io.ktor.client.HttpClientConfig
9512:             1             64  io.ktor.client.engine.cio.CIOEngine
9513:             2             64  io.ktor.client.plugins.api.ClientPluginBuilder
9514:             2             64  io.ktor.network.tls.SecretExchangeType
9515:             2             64  io.ktor.server.engine.ApplicationEnvironmentImplJvm
9516:             2             64  io.netty.buffer.EmptyByteBuf
9517:             1             64  io.netty.buffer.PooledByteBufAllocator
9518:             2             64  io.netty.channel.DefaultChannelId
9519:             2             64  io.netty.channel.nio.NioIoHandler$DefaultNioRegistration
9520:             1             64  io.netty.channel.socket.nio.NioServerDomainSocketChannel$NioDomainServerSocketChannelConfig
9521:             1             64  io.netty.channel.socket.nio.NioServerSocketChannel$NioServerSocketChannelConfig
9522:             2             64  io.netty.util.AttributeKey
9523:             2             64  io.netty.util.Signal$SignalConstant
9524:             1             64  io.netty.util.concurrent.GlobalEventExecutor
9525:             2             64  io.opentelemetry.sdk.common.CompletableResultCode
9526:             2             64  io.opentelemetry.sdk.metrics.SdkLongHistogram
9527:             1             64  it.unimi.dsi.fastutil.doubles.Double2ObjectOpenHashMap
9528:             1             64  it.unimi.dsi.fastutil.longs.Long2IntOpenHashMap
9529:             4             64  it.unimi.dsi.fastutil.longs.Long2ObjectOpenHashMap$KeySet
9530:             4             64  it.unimi.dsi.fastutil.objects.Object2ObjectOpenCustomHashMap$MapEntrySet
9531:             4             64  it.unimi.dsi.fastutil.objects.ObjectSets$UnmodifiableSet
9532:             1             64  it.unimi.dsi.fastutil.objects.Reference2ObjectOpenHashMap
9533:             2             64  java.awt.DisplayMode (java.desktop)
9534:             2             64  java.awt.GridLayout (java.desktop)
9535:             4             64  java.awt.ImageCapabilities (java.desktop)
9536:             2             64  java.awt.Window$CustomTitleBar (java.desktop)
9537:             2             64  java.awt.color.ICC_Profile (java.desktop)
9538:             1             64  java.awt.image.ColorConvertOp (java.desktop)
9539:             2             64  java.io.ClassCache$1 (java.base@21.0.8)
9540:             2             64  java.lang.invoke.MethodHandles$Lookup$ClassOption (java.base@21.0.8)
9541:             2             64  java.lang.management.MemoryType (java.management@21.0.8)
9542:             2             64  java.lang.ref.ReferenceQueue$Null (java.base@21.0.8)
9543:             4             64  java.net.UnixDomainSocketAddress (java.base@21.0.8)
9544:             4             64  java.security.spec.NamedParameterSpec (java.base@21.0.8)
9545:             2             64  java.time.temporal.IsoFields$Unit (java.base@21.0.8)
9546:             2             64  java.util.PropertyPermission (java.base@21.0.8)
9547:             4             64  java.util.concurrent.ConcurrentSkipListSet (java.base@21.0.8)
9548:             1             64  java.util.logging.LogManager$RootLogger (java.logging@21.0.8)
9549:             2             64  java.util.zip.ZipFile (java.base@21.0.8)
9550:             2             64  javax.crypto.JceSecurity$WeakIdentityWrapper (java.base@21.0.8)
9551:             1             64  javax.swing.BufferStrategyPaintManager (java.desktop)
9552:             1             64  javax.swing.MultiUIDefaults (java.desktop)
9553:             2             64  javax.swing.TransferHandler$TransferSupport (java.desktop)
9554:             2             64  javax.swing.border.BevelBorder (java.desktop)
9555:             2             64  javax.swing.plaf.basic.BasicButtonUI$SelectNextBtn (java.desktop)
9556:             2             64  javax.swing.plaf.basic.BasicButtonUI$SelectPreviousBtn (java.desktop)
9557:             1             64  javax.swing.plaf.basic.BasicHTML$BasicEditorKit (java.desktop)
9558:             1             64  javax.swing.text.DefaultStyledDocument$ElementBuffer (java.desktop)
9559:             2             64  javax.swing.text.Segment (java.desktop)
9560:             4             64  javax.swing.text.StyleConstants (java.desktop)
9561:             4             64  javax.swing.text.StyleConstants$FontConstants (java.desktop)
9562:             4             64  javax.swing.text.StyledEditorKit$AttributeTracker (java.desktop)
9563:             4             64  javax.swing.text.html.CSSBorder (java.desktop)
9564:             4             64  jdk.internal.util.Preconditions$4 (java.base@21.0.8)
9565:             2             64  jdk.jfr.internal.jfc.JFC$KnownConfiguration (jdk.jfr@21.0.8)
9566:             4             64  jdk.proxy2.$Proxy116 (jdk.proxy2)
9567:             4             64  jdk.proxy2.$Proxy21 (jdk.proxy2)
9568:             4             64  jdk.proxy2.$Proxy24 (jdk.proxy2)
9569:             4             64  jdk.proxy2.$Proxy249 (jdk.proxy2)
9570:             4             64  jdk.proxy2.$Proxy37 (jdk.proxy2)
9571:             4             64  jdk.proxy2.$Proxy6 (jdk.proxy2)
9572:             4             64  jdk.proxy2.$Proxy98 (jdk.proxy2)
9573:             4             64  kotlin.collections.AbstractMap$values$1
9574:             4             64  kotlin.reflect.jvm.internal.KPackageImpl$Data$$Lambda$0
9575:             4             64  kotlin.reflect.jvm.internal.KPackageImpl$Data$$Lambda$1
9576:             4             64  kotlin.reflect.jvm.internal.KPackageImpl$Data$$Lambda$3
9577:             4             64  kotlin.reflect.jvm.internal.impl.builtins.ReflectionTypes$$Lambda$0
9578:             4             64  kotlin.reflect.jvm.internal.impl.builtins.jvm.JvmBuiltIns$$Lambda$2
9579:             4             64  kotlin.reflect.jvm.internal.impl.builtins.jvm.JvmBuiltInsCustomizer$$Lambda$1
9580:             4             64  kotlin.reflect.jvm.internal.impl.builtins.jvm.JvmBuiltInsCustomizer$$Lambda$2
9581:             4             64  kotlin.reflect.jvm.internal.impl.builtins.jvm.JvmBuiltInsCustomizer$$Lambda$3
9582:             4             64  kotlin.reflect.jvm.internal.impl.descriptors.runtime.components.ReflectJavaClassFinder
9583:             4             64  kotlin.reflect.jvm.internal.impl.load.java.JavaTypeEnhancementState$Companion$$Lambda$0
9584:             4             64  kotlin.reflect.jvm.internal.impl.load.java.Jsr305Settings$$Lambda$0
9585:             4             64  kotlin.reflect.jvm.internal.impl.load.java.lazy.SingleModuleClassResolver
9586:             4             64  kotlin.reflect.jvm.internal.impl.load.java.typeEnhancement.JavaTypeEnhancement
9587:             4             64  kotlin.reflect.jvm.internal.impl.load.java.typeEnhancement.SignatureEnhancement
9588:             4             64  kotlin.reflect.jvm.internal.impl.load.kotlin.AbstractBinaryClassAnnotationAndConstantLoader$$Lambda$0
9589:             4             64  kotlin.reflect.jvm.internal.impl.load.kotlin.DeserializationComponentsForJavaKt$makeLazyJavaPackageFragmentProvider$javaResolverComponents$1
9590:             4             64  kotlin.reflect.jvm.internal.impl.load.kotlin.DeserializedDescriptorResolver
9591:             2             64  kotlin.reflect.jvm.internal.impl.resolve.OverridingUtil
9592:             4             64  kotlin.reflect.jvm.internal.impl.resolve.scopes.StaticScopeForKotlinEnum$$Lambda$0
9593:             4             64  kotlin.reflect.jvm.internal.impl.resolve.scopes.StaticScopeForKotlinEnum$$Lambda$1
9594:             4             64  kotlin.reflect.jvm.internal.impl.serialization.deserialization.AbstractDeserializedPackageFragmentProvider$$Lambda$0
9595:             4             64  kotlin.reflect.jvm.internal.impl.serialization.deserialization.descriptors.DeserializedClassDescriptor$EnumEntryClassDescriptors$$Lambda$1
9596:             1             64  kotlin.reflect.jvm.internal.impl.types.error.ErrorClassDescriptor
9597:             2             64  kotlinx.coroutines.EventLoopImplBase$DelayedRunnableTask
9598:             2             64  kotlinx.coroutines.LazyStandaloneCoroutine
9599:             2             64  kotlinx.coroutines.ResumeOnCompletion
9600:             2             64  kotlinx.coroutines.debug.internal.ConcurrentWeakMap
9601:             4             64  kotlinx.coroutines.flow.FlowKt__DelayKt$sample$2$values$1$1
9602:             4             64  kotlinx.coroutines.internal.ContextScope
9603:             1             64  kotlinx.coroutines.scheduling.CoroutineScheduler
9604:             4             64  kotlinx.datetime.Instant
9605:             2             64  kotlinx.html.ImgLoading
9606:             2             64  kotlinx.html.ScriptCrossorigin
9607:             1             64  kotlinx.serialization.internal.PluginGeneratedSerialDescriptor
9608:             1             64  org.apache.xerces.impl.xs.SchemaGrammar$XSAnyType
9609:             2             64  org.apache.xerces.impl.xs.XSModelGroupImpl
9610:             2             64  org.apache.xerces.impl.xs.XSWildcardDecl
9611:             2             64  org.h2.mvstore.FreeSpaceBitSet
9612:             2             64  org.intellij.lang.regexp.inspection.custom.CustomRegExpInspection
9613:             4             64  org.intellij.plugins.intelliLang.LanguageInjectionConfigBean
9614:             4             64  org.intellij.plugins.intelliLang.references.InjectedReferencesContributor$1
9615:             2             64  org.intellij.plugins.markdown.extensions.common.BaseStylesExtension
9616:             2             64  org.intellij.plugins.markdown.extensions.jcef.ProcessLinksExtension
9617:             4             64  org.intellij.plugins.markdown.highlighting.MarkdownSyntaxHighlighter
9618:             1             64  org.intellij.plugins.markdown.settings.MarkdownCodeInsightSettings$State
9619:             2             64  org.intellij.plugins.markdown.ui.preview.jcef.MarkdownPreviewSearchSession
9620:             2             64  org.intellij.plugins.markdown.ui.preview.jcef.impl.JcefBrowserPipeImpl
9621:             2             64  org.intellij.terraform.hcl.formatter.LineCommenterPrefix
9622:             2             64  org.jetbrains.completion.full.line.settings.GeneralState
9623:             4             64  org.jetbrains.concurrency.DonePromise
9624:             2             64  org.jetbrains.jewel.ui.component.FixedCursorPoint
9625:             2             64  org.jetbrains.jewel.ui.component.styling.CircularProgressStyle
9626:             2             64  org.jetbrains.jewel.ui.component.styling.DefaultBannerStyles
9627:             4             64  org.jetbrains.jewel.ui.component.styling.DropdownIcons
9628:             2             64  org.jetbrains.jewel.ui.component.styling.HorizontalProgressBarStyle
9629:             2             64  org.jetbrains.jewel.ui.component.styling.InlineBannerStyles
9630:             2             64  org.jetbrains.jewel.ui.component.styling.LazyTreeIcons
9631:             2             64  org.jetbrains.jewel.ui.component.styling.LazyTreeMetrics
9632:             2             64  org.jetbrains.jewel.ui.component.styling.LinkMetrics
9633:             2             64  org.jetbrains.jewel.ui.component.styling.LinkStyle
9634:             2             64  org.jetbrains.jewel.ui.component.styling.MenuStyle
9635:             1             64  org.jetbrains.jewel.ui.component.styling.ScrollbarVisibility$WhenScrolling
9636:             2             64  org.jetbrains.jewel.ui.component.styling.SegmentedControlButtonMetrics
9637:             2             64  org.jetbrains.jewel.ui.component.styling.SegmentedControlColors
9638:             4             64  org.jetbrains.jewel.ui.component.styling.TabIcons
9639:             2             64  org.jetbrains.jewel.ui.component.styling.TextAreaMetrics
9640:             2             64  org.jetbrains.jewel.ui.component.styling.TextFieldMetrics
9641:             4             64  org.jetbrains.jps.model.JpsElementChildRole
9642:             2             64  org.jetbrains.plugins.gitlab.api.GitLabProjectConnectionManager
9643:             4             64  org.jetbrains.plugins.gitlab.api.GitLabServerPath
9644:             2             64  org.jetbrains.plugins.gitlab.mergerequest.GitLabMergeRequestsPreferences$SettingsState
9645:             2             64  org.jetbrains.plugins.terminal.EnvironmentVariablesDataOptions
9646:             2             64  org.jetbrains.plugins.terminal.TerminalToolWindowManager
9647:             1             64  org.jetbrains.plugins.terminal.block.completion.spec.dsl.ShellCommandContextImpl
9648:             4             64  org.jetbrains.plugins.terminal.block.ui.BlockTerminalColorPalette
9649:             4             64  org.jetbrains.plugins.terminal.block.ui.TerminalBlockLeftErrorRenderer
9650:             2             64  org.jetbrains.plugins.terminal.block.ui.TerminalColorScheme
9651:             1             64  org.jetbrains.plugins.terminal.fus.TerminalSettingsStateCollector
9652:             2             64  org.jetbrains.plugins.terminal.view.shellIntegration.impl.TerminalBlocksModelImpl
9653:             2             64  org.jetbrains.qodana.cloud.StateManager
9654:             4             64  org.jetbrains.qodana.staticAnalysis.stat.QodanaEventLogGroup
9655:             4             64  org.jetbrains.skia.FontStyle
9656:             4             64  org.languagetool.rules.en.DateFilterHelper
9657:             2             64  org.languagetool.synthesis.Soros
9658:             2             64  sun.awt.SoftCache (java.desktop)
9659:             1             64  sun.awt.im.InputMethodContext (java.desktop)
9660:             4             64  sun.awt.image.SurfaceManager$ProxyCache (java.desktop)
9661:             1             64  sun.font.GlyphLayout (java.desktop)
9662:             2             64  sun.java2d.ReentrantContextProvider$HardReference (java.desktop)
9663:             2             64  sun.java2d.cmm.lcms.LCMSProfile (java.desktop)
9664:             1             64  sun.java2d.marlin.CollinearSimplifier (java.desktop)
9665:             1             64  sun.java2d.marlin.TransformingPathConsumer2D (java.desktop)
9666:             2             64  sun.java2d.marlin.TransformingPathConsumer2D$DeltaScaleFilter (java.desktop)
9667:             1             64  sun.java2d.pipe.BufferedRenderPipe$BufferedDrawHandler (java.desktop)
9668:             1             64  sun.lwawt.macosx.CPlatformResponder (java.desktop)
9669:             2             64  sun.nio.ch.ChannelOutputStream (java.base@21.0.8)
9670:             1             64  sun.security.pkcs12.PKCS12KeyStore (java.base@21.0.8)
9671:             2             64  sun.security.provider.FileInputStreamPool$StreamRef (java.base@21.0.8)
9672:             1             64  sun.security.provider.SHA3$SHA256 (java.base@21.0.8)
9673:             1             64  sun.security.provider.SHA3$SHA512 (java.base@21.0.8)
9674:             2             64  sun.security.provider.certpath.ResponderId$Type (java.base@21.0.8)
9675:             1             64  sun.security.provider.certpath.ldap.JdkLDAP$ProviderService (java.naming@21.0.8)
9676:             1             64  sun.security.smartcardio.SunPCSC$ProviderService (java.smartcardio@21.0.8)
9677:             2             64  sun.security.ssl.Alert$Level (java.base@21.0.8)
9678:             2             64  sun.security.ssl.CertStatusExtension$CertStatusRequestType (java.base@21.0.8)
9679:             2             64  sun.security.ssl.CertStatusExtension$OCSPStatusRequest (java.base@21.0.8)
9680:             2             64  sun.security.ssl.PskKeyExchangeModesExtension$PskKeyExchangeMode (java.base@21.0.8)
9681:             4             64  sun.security.ssl.SSLCipher$T11BlockReadCipherGenerator (java.base@21.0.8)
9682:             4             64  sun.security.ssl.SSLCipher$T11BlockWriteCipherGenerator (java.base@21.0.8)
9683:             2             64  sun.security.util.DisabledAlgorithmConstraints$DenyAfterConstraint (java.base@21.0.8)
9684:             2             64  sun.swing.SwingUtilities2$$Lambda/0x0000009802370d40 (java.desktop)
9685:             1             64  training.featuresSuggester.suggesters.EditBreakpointSuggester
9686:             1             56  [Landroidx.compose.ui.text.font.FontWeight;
9687:             1             56  [Lcom.fasterxml.jackson.databind.cfg.CoercionInputShape;
9688:             1             56  [Lcom.fasterxml.jackson.databind.node.JsonNodeType;
9689:             1             56  [Lcom.github.markusbernhardt.proxy.ProxySearch$Strategy;
9690:             1             56  [Lcom.github.weisj.jsvg.h$a;
9691:             1             56  [Lcom.github.weisj.jsvg.y;
9692:             2             56  [Lcom.goide.microservices.declarations.GoQualifiedName$Field;
9693:             1             56  [Lcom.google.gson.stream.JsonToken;
9694:             1             56  [Lcom.google.protobuf.JavaType;
9695:             1             56  [Lcom.ibm.icu.number.NumberFormatter$SignDisplay;
9696:             2             56  [Lcom.ibm.icu.util.BytesTrie$Result;
9697:             1             56  [Lcom.intellij.codeInsight.inline.completion.logs.CharCategory;
9698:             1             56  [Lcom.intellij.codeInsight.intention.IntentionSource;
9699:             1             56  [Lcom.intellij.completion.ml.personalization.session.SessionFactorsUtils$SessionFactor$LookupBased;
9700:             1             56  [Lcom.intellij.execution.process.AnsiTerminalEmulator$TerminalFont;
9701:             1             56  [Lcom.intellij.execution.services.ServiceEventListener$EventType;
9702:             1             56  [Lcom.intellij.ide.projectView.NodeSortOrder;
9703:             2             56  [Lcom.intellij.ide.util.treeView.TreeState$PathElement;
9704:             1             56  [Lcom.intellij.indexing.shared.platform.impl.SharedIndexesFusCollector$Kind;
9705:             1             56  [Lcom.intellij.internal.statistic.utils.PluginType;
9706:             1             56  [Lcom.intellij.lang.javascript.psi.JSExpectedTypeKind;
9707:             1             56  [Lcom.intellij.mcpserver.clientConfiguration.MCPClientNames;
9708:             1             56  [Lcom.intellij.ml.inline.completion.impl.inline.MultiLineApplicabilityResult;
9709:             1             56  [Lcom.intellij.openapi.editor.markup.EffectType;
9710:             1             56  [Lcom.intellij.openapi.editor.markup.InspectionsState;
9711:             1             56  [Lcom.intellij.openapi.updateSettings.impl.pluginsAdvertisement.FUSEventSource;
9712:             1             56  [Lcom.intellij.openapi.vcs.changes.ui.ChangesViewContentManager$TabOrderWeight;
9713:             1             56  [Lcom.intellij.openapi.vfs.newvfs.persistent.VFSInitException$ErrorCategory;
9714:             1             56  [Lcom.intellij.openapi.wm.impl.IdeBackgroundUtil$Anchor;
9715:             1             56  [Lcom.intellij.patterns.compiler.PatternCompilerImpl$State;
9716:             1             56  [Lcom.intellij.platform.trialPromotion.common.TrialStateService$TrialState;
9717:             2             56  [Lcom.intellij.platform.workspace.storage.ConnectionId;
9718:             1             56  [Lcom.intellij.profiler.statistics.StatisticsProfilerErrorReason;
9719:             2             56  [Lcom.intellij.psi.stubs.StubIndexKey;
9720:             1             56  [Lcom.intellij.ui.awt.AnchoredPoint$Anchor;
9721:             1             56  [Lcom.intellij.ui.popup.list.SelectablePanel$SelectionArcCorners;
9722:             1             56  [Lcom.jetbrains.T.v.v.v.C.b;
9723:             1             56  [Lcom.sun.org.apache.xerces.internal.impl.XMLScanner$NameType; (java.xml@21.0.8)
9724:             1             56  [Lcom.sun.org.apache.xerces.internal.utils.XMLSecurityManager$Limit; (java.xml@21.0.8)
9725:             1             56  [Ljava.awt.Taskbar$Feature; (java.desktop)
9726:             1             56  [Ljava.lang.reflect.AccessFlag$Location; (java.base@21.0.8)
9727:             1             56  [Lkotlin.reflect.jvm.internal.impl.protobuf.WireFormat$JavaType;
9728:             1             56  [Lkotlin.reflect.jvm.internal.impl.types.error.ErrorScopeKind;
9729:             1             56  [Lmorfologik.stemming.WordData;
9730:             1             56  [Lorg.apache.xerces.impl.dv.XSSimpleType;
9731:             1             56  [Lorg.apache.xerces.impl.xs.util.XInt;
9732:             1             56  [Lorg.jetbrains.skia.svg.SVGPreserveAspectRatioAlign;
9733:             1             56  [Lorg.jetbrains.skiko.GraphicsApi;
9734:             1             56  [Lorg.languagetool.JLanguageTool$Level;
9735:             1             56  [[Lsun.awt.SunHints$Value; (java.desktop)
9736:             1             56  ai.grazie.rules.common.AsciiApproximations
9737:             1             56  ai.grazie.rules.common.SentenceCapitalizationRule
9738:             1             56  ai.grazie.rules.common.ZeroWidthSpaceRule
9739:             1             56  ai.grazie.rules.en.EnglishRules$1
9740:             1             56  ai.grazie.rules.en.EnglishRules$2
9741:             1             56  ai.grazie.rules.en.EnglishRules$3
9742:             1             56  ai.grazie.rules.en.EnglishRules$4
9743:             1             56  ai.grazie.rules.en.EnglishRules$5
9744:             1             56  ai.grazie.rules.en.EnglishRules$6
9745:             1             56  ai.grazie.rules.en.EnglishRules$7
9746:             1             56  ai.grazie.rules.en.ToggleContraction$ContractionRule
9747:             1             56  androidx.compose.ui.node.LayerPositionalProperties
9748:             1             56  com.android.studio.ml.bot.ui.compose.timeline.agent.experimental.changesdrawer.AgentChangesDrawerState
9749:             1             56  com.fasterxml.jackson.core.util.DefaultPrettyPrinter
9750:             1             56  com.fasterxml.jackson.databind.deser.std.UntypedObjectDeserializer
9751:             1             56  com.goide.actions.tool.GoIntegrationAwareActionGroup
9752:             1             56  com.goide.editor.GoFoldingBuilder
9753:             1             56  com.goide.execution.GoBuildingRunner$1
9754:             1             56  com.goide.highlighting.GoStringLiteralLexer
9755:             1             56  com.goide.postfix.GoParseFloatPostfixTemplate
9756:             1             56  com.goide.postfix.GoParseIntPostfixTemplate
9757:             1             56  com.goide.postfix.GoPostfixTemplateProvider$GoAppendFunctionPostfixTemplate
9758:             1             56  com.goide.postfix.GoPostfixTemplateProvider$GoCapFunctionPostfixTemplate
9759:             1             56  com.goide.postfix.GoPostfixTemplateProvider$GoCloseFunctionPostfixTemplate
9760:             1             56  com.goide.postfix.GoPostfixTemplateProvider$GoComplexFunctionPostfixTemplate
9761:             1             56  com.goide.postfix.GoPostfixTemplateProvider$GoCopyFunctionPostfixTemplate
9762:             1             56  com.goide.postfix.GoPostfixTemplateProvider$GoDeleteFunctionPostfixTemplate
9763:             1             56  com.goide.postfix.GoPostfixTemplateProvider$GoErrorAsPostfixTemplate
9764:             1             56  com.goide.postfix.GoPostfixTemplateProvider$GoErrorIsPostfixTemplate
9765:             1             56  com.goide.postfix.GoPostfixTemplateProvider$GoImagFunctionPostfixTemplate
9766:             1             56  com.goide.postfix.GoPostfixTemplateProvider$GoLenFunctionPostfixTemplate
9767:             1             56  com.goide.postfix.GoPostfixTemplateProvider$GoPanicFunctionPostfixTemplate
9768:             1             56  com.goide.postfix.GoPostfixTemplateProvider$GoPrintFunctionPostfixTemplate
9769:             1             56  com.goide.postfix.GoPostfixTemplateProvider$GoPrintlnFunctionPostfixTemplate
9770:             1             56  com.goide.postfix.GoPostfixTemplateProvider$GoRealFunctionPostfixTemplate
9771:             1             56  com.goide.postfix.GoPostfixTemplateProvider$GoSortFloat64sPostfixTemplate
9772:             1             56  com.goide.postfix.GoPostfixTemplateProvider$GoSortInterfacesPostfixTemplate
9773:             1             56  com.goide.postfix.GoPostfixTemplateProvider$GoSortIntsPostfixTemplate
9774:             1             56  com.goide.postfix.GoPostfixTemplateProvider$GoSortSlicePostfixTemplate
9775:             1             56  com.goide.postfix.GoPostfixTemplateProvider$GoSortStringsPostfixTemplate
9776:             1             56  com.google.api.client.googleapis.json.GoogleJsonError$ErrorInfo
9777:             1             56  com.google.common.collect.MapMakerInternalMap
9778:             1             56  com.google.tools.intellij.aiplugin.AiPluginModelProvider
9779:             1             56  com.google.tools.intellij.aiplugin.oauth.AiPluginLoginService$overrideLoginServiceImplEndpoints$2
9780:             1             56  com.google.tools.intellij.aiplugin.state.AiPluginSettingsProvider
9781:             1             56  com.google.tools.intellij.aiplugin.tier.UserTierService$1
9782:             1             56  com.ibm.icu.text.MeasureFormat
9783:             1             56  com.intellij.clouds.docker.gateway.actions.DevcontainerActionsGroup
9784:             1             56  com.intellij.codeInsight.completion.actions.CodeCompletionGroup
9785:             1             56  com.intellij.codeInsight.daemon.LineMarkerProviders
9786:             1             56  com.intellij.codeInsight.daemon.impl.StatusBarUpdaterKt$initStatusBarUpdater$1
9787:             1             56  com.intellij.codeInsight.editorActions.LanguageBackspaceModeOverride
9788:             1             56  com.intellij.codeInsight.editorActions.fillParagraph.LanguageFillParagraphExtension
9789:             1             56  com.intellij.codeInsight.hint.LocalHintManager
9790:             1             56  com.intellij.codeInsight.hints.InlayHintsProviderExtension
9791:             1             56  com.intellij.codeInsight.hints.InlayParameterHintsExtension
9792:             1             56  com.intellij.codeInsight.hints.InlayProviderUsageCollector
9793:             1             56  com.intellij.codeInsight.template.postfix.templates.LanguagePostfixTemplate
9794:             1             56  com.intellij.codeInsight.unwrap.LanguageUnwrappers
9795:             1             56  com.intellij.codeInspection.LanguageInspectionSuppressors
9796:             1             56  com.intellij.codeInspection.actions.CodeCleanupAction
9797:             1             56  com.intellij.codeInspection.actions.CodeInspectionAction
9798:             1             56  com.intellij.configurationStore.ApplicationStateStorageManager
9799:             1             56  com.intellij.configurationStore.DefaultProjectStoreImpl$DefaultProjectStorage
9800:             1             56  com.intellij.configurationStore.ModuleStateStorageManager
9801:             1             56  com.intellij.configurationStore.SaveAndSyncHandlerImpl
9802:             1             56  com.intellij.configurationStore.SaveAndSyncHandlerImpl$1$2
9803:             1             56  com.intellij.configurationStore.SaveAndSyncHandlerImpl$listenIdleAndActivate$6
9804:             1             56  com.intellij.configurationStore.SaveAndSyncHandlerImpl$startBackgroundSync$job$1
9805:             1             56  com.intellij.cwm.plugin.common.tabection.CWMSeveralUsersAction
9806:             1             56  com.intellij.cwm.plugin.join.CWMHostShowPopupAction
9807:             1             56  com.intellij.database.actions.AddDataSourceFromCloud
9808:             1             56  com.intellij.database.actions.DatabaseViewActions$AddDataSourcesGroup
9809:             1             56  com.intellij.database.actions.DatabaseViewActions$NewGroup
9810:             1             56  com.intellij.database.actions.DatabaseViewActions$ToolsPopupGroup
9811:             1             56  com.intellij.database.view.ExplainToolbarGroup
9812:             1             56  com.intellij.find.impl.FindManagerImpl
9813:             1             56  com.intellij.go.linter.GoLinterSettingsState
9814:             1             56  com.intellij.go.linter.statistics.GoLinterStateCollector
9815:             1             56  com.intellij.grazie.ide.language.LanguageGrammarChecking
9816:             1             56  com.intellij.history.integration.ui.actions.LocalHistoryGroup
9817:             1             56  com.intellij.httpClient.actions.HttpClientAddAction
9818:             1             56  com.intellij.ide.IdeTooltipManager$4$1
9819:             1             56  com.intellij.ide.actionMacro.ActionMacroManager
9820:             1             56  com.intellij.ide.actions.ChangeMainMenuModeActionGroup
9821:             1             56  com.intellij.ide.actions.CopyReferencePopup
9822:             1             56  com.intellij.ide.actions.CustomLayoutsActionGroup$CustomLayoutActionGroup
9823:             1             56  com.intellij.ide.actions.NewMicroservicesGroup
9824:             1             56  com.intellij.ide.actions.NewWebDevelopmentGroup
9825:             1             56  com.intellij.ide.actions.RevealGroup
9826:             1             56  com.intellij.ide.actions.ToolWindowMoveAction$Group
9827:             1             56  com.intellij.ide.actions.ToolWindowViewModeAction$Group
9828:             1             56  com.intellij.ide.actions.navbar.NavBarLocationGroup
9829:             1             56  com.intellij.ide.actions.toolbar.experimental.ViewToolbarActionsGroup
9830:             1             56  com.intellij.ide.hierarchy.LanguageCallHierarchy
9831:             1             56  com.intellij.ide.hierarchy.LanguageMethodHierarchy
9832:             1             56  com.intellij.ide.hierarchy.LanguageTypeHierarchy
9833:             1             56  com.intellij.ide.plugins.ProductPluginInitContext
9834:             1             56  com.intellij.ide.projectView.actions.MarkRootGroup
9835:             1             56  com.intellij.ide.ui.laf.MnemonicListenerService$1$1
9836:             1             56  com.intellij.ide.util.projectWizard.actions.ProjectSpecificAction
9837:             1             56  com.intellij.ide.v.R.Tj
9838:             1             56  com.intellij.ide.v.T.T
9839:             1             56  com.intellij.idea.v
9840:             1             56  com.intellij.internal.statistic.eventLog.fus.FeatureUsageEventLoggerProvider
9841:             1             56  com.intellij.internal.statistic.eventLog.mp.MarketplaceEventLoggerProvider
9842:             1             56  com.intellij.internal.statistic.eventLog.trace.TraceEventLoggerProvider
9843:             1             56  com.intellij.javascript.debugger.execution.JavaScriptDebugConfiguration
9844:             1             56  com.intellij.javascript.nodejs.interpreter.fus.NodeInterpreterAndPackageManagerStateUsagesCollector
9845:             1             56  com.intellij.javascript.nodejs.interpreter.local.NodeJsLocalInterpreterManager
9846:             1             56  com.intellij.kubernetes.view.ui.actions.KubernetesAddContextsActionGroup
9847:             1             56  com.intellij.kubernetes.view.ui.actions.KubernetesSetCurrentContextAction$Group
9848:             1             56  com.intellij.lang.ContributedReferencesAnnotators
9849:             1             56  com.intellij.lang.ExternalLanguageAnnotators
9850:             1             56  com.intellij.lang.LanguageASTFactory
9851:             1             56  com.intellij.lang.LanguageAnnotators
9852:             1             56  com.intellij.lang.LanguageBraceMatching
9853:             1             56  com.intellij.lang.LanguageCommenters
9854:             1             56  com.intellij.lang.LanguageDocumentation
9855:             1             56  com.intellij.lang.LanguageExpressionTypes
9856:             1             56  com.intellij.lang.LanguageFormatting
9857:             1             56  com.intellij.lang.LanguageImportStatements
9858:             1             56  com.intellij.lang.LanguageNamesValidation
9859:             1             56  com.intellij.lang.LanguageParserDefinitions
9860:             1             56  com.intellij.lang.LanguageRefactoringSupport
9861:             1             56  com.intellij.lang.LanguageStructureViewBuilder
9862:             1             56  com.intellij.lang.LanguageSurrounders
9863:             1             56  com.intellij.lang.LanguageTokenSeparatorGenerators
9864:             1             56  com.intellij.lang.LanguageWordCompletion
9865:             1             56  com.intellij.lang.findUsages.LanguageFindUsages$1
9866:             1             56  com.intellij.lang.folding.LanguageFolding
9867:             1             56  com.intellij.lang.parameterInfo.LanguageParameterInfo
9868:             1             56  com.intellij.lang.refactoring.InlineHandlers
9869:             1             56  com.intellij.openapi.actionSystem.impl.MoreActionGroup
9870:             1             56  com.intellij.openapi.application.impl.NonBlockingFlushQueue
9871:             1             56  com.intellij.openapi.application.impl.islands.IslandsUICustomization$toolWindowTabPainter$1
9872:             1             56  com.intellij.openapi.diagnostic.JulLogger$OptimizedConsoleHandler
9873:             1             56  com.intellij.openapi.editor.LanguageLineWrapPositionStrategy
9874:             1             56  com.intellij.openapi.editor.impl.EditorCaretRepaintService$1$2
9875:             1             56  com.intellij.openapi.editor.impl.EditorComponentImpl$EditorAccessibleContextDelegate
9876:             1             56  com.intellij.openapi.editor.impl.event.EditorEventMulticasterImpl
9877:             1             56  com.intellij.openapi.externalSystem.autolink.UnlinkedProjectStartupActivity$installUnlinkedProjectScanner$2
9878:             1             56  com.intellij.openapi.fileChooser.FileChooserDescriptor
9879:             1             56  com.intellij.openapi.fileEditor.impl.FileEditorManagerImpl$2$1
9880:             1             56  com.intellij.openapi.fileEditor.impl.FileEditorManagerImpl$MyRootListener$rootChangedRequests$2$1$1
9881:             1             56  com.intellij.openapi.fileTypes.LanguageSyntaxHighlighters
9882:             1             56  com.intellij.openapi.fileTypes.SyntaxHighlighterLanguageFactory
9883:             1             56  com.intellij.openapi.keymap.impl.IdeKeyEventDispatcher
9884:             1             56  com.intellij.openapi.project.impl.ProjectRootsSynchronizer$launchListener$1
9885:             1             56  com.intellij.openapi.util.LowMemoryWatcherManager
9886:             1             56  com.intellij.openapi.vcs.actions.VcsActionGroup
9887:             1             56  com.intellij.openapi.vcs.actions.VcsGroupsActionGroup
9888:             1             56  com.intellij.openapi.vcs.actions.VcsMainMenuActionGroup
9889:             1             56  com.intellij.openapi.vcs.changes.ignore.lexer.IgnoreLexer
9890:             1             56  com.intellij.openapi.vfs.impl.local.NativeFileWatcherImpl
9891:             1             56  com.intellij.openapi.vfs.newvfs.RefreshSessionImpl
9892:             1             56  com.intellij.openapi.vfs.newvfs.persistent.PersistentFSConnection
9893:             1             56  com.intellij.openapi.vfs.newvfs.persistent.PersistentFSRecordsLockFreeOverMMappedFile
9894:             1             56  com.intellij.openapi.vfs.newvfs.persistent.mapped.content.VFSContentStorageOverMMappedFile$$Lambda/0x00000098024b4ba0
9895:             1             56  com.intellij.openapi.wm.impl.ProjectWindowAction
9896:             1             56  com.intellij.openapi.wm.impl.status.widget.StatusBarWidgetsActionGroup
9897:             1             56  com.intellij.platform.buildData.productInfo.ProductInfoLaunchData
9898:             1             56  com.intellij.platform.diagnostic.telemetry.exporters.BatchSpanProcessor$1
9899:             1             56  com.intellij.platform.diagnostic.telemetry.impl.OtlpService$process$1$finished$1$2
9900:             1             56  com.intellij.platform.ide.menu.IdeMenuBarHelper$4$1$1
9901:             1             56  com.intellij.platform.ml.impl.logs.MLEventLoggerProvider
9902:             1             56  com.intellij.platform.navbar.frontend.ui.StaticNavBarPanelKt$staticNavBarPanel$1$1
9903:             1             56  com.intellij.platform.navbar.frontend.ui.StaticNavBarPanelKt$staticNavBarPanel$handleWindow$1
9904:             1             56  com.intellij.platform.syntax.psi.ElementTypeConverters$instance$1
9905:             1             56  com.intellij.platform.workspace.jps.serialization.impl.ModuleImlFileEntitiesSerializer
9906:             1             56  com.intellij.psi.LanguageFileViewProviders
9907:             1             56  com.intellij.psi.LanguageSubstitutors
9908:             1             56  com.intellij.psi.formatter.LanguageWhiteSpaceFormattingStrategy
9909:             1             56  com.intellij.refactoring.changeSignature.inplace.LanguageChangeSignatureDetectors
9910:             1             56  com.intellij.refactoring.lang.LanguageExtractInclude
9911:             1             56  com.intellij.refactoring.suggested.SuggestedRefactoringSupport$Companion
9912:             1             56  com.intellij.searchEverywhereMl.SearchEverywhereEventLoggerProvider
9913:             1             56  com.intellij.slicer.LanguageSlicing
9914:             1             56  com.intellij.spellchecker.tokenizer.LanguageSpellchecking
9915:             1             56  com.intellij.station.core.impl.StationConnectionUtilKt$connectWithRetries$1
9916:             1             56  com.intellij.station.frontend.gateway.action.ToolboxExclusiveActionGroup
9917:             1             56  com.intellij.terminal.backend.TerminalStarterEx
9918:             1             56  com.intellij.terminal.backend.TerminalTabsManager$trackWorkingDirectory$1
9919:             1             56  com.intellij.terminal.frontend.view.impl.TerminalInput$job$1
9920:             1             56  com.intellij.terminal.frontend.view.impl.TerminalOutputVirtualFile
9921:             1             56  com.intellij.terminal.frontend.view.impl.TerminalSessionController
9922:             1             56  com.intellij.testFramework.LightVirtualFile
9923:             1             56  com.intellij.testIntegration.LanguageTestCreators
9924:             1             56  com.intellij.ui.ListExpandableItemsHandler
9925:             1             56  com.intellij.ui.TreeSpeedSearch
9926:             1             56  com.intellij.ui.dsl.builder.impl.PanelImpl
9927:             1             56  com.intellij.ui.jcef.JBCefFpsMeterImpl
9928:             1             56  com.intellij.ui.stripe.ErrorStripePainter
9929:             1             56  com.intellij.util.indexing.DumbModeWhileScanningTrigger$subscribe$1
9930:             1             56  com.intellij.util.indexing.contentQueue.dev.MultiThreadedWithSuspendIndexWriter
9931:             1             56  com.intellij.util.indexing.projectFilter.ProjectIndexableFilesFilterHealthCheckStarter$execute$1
9932:             1             56  com.intellij.v.C.v.L
9933:             1             56  com.intellij.vcs.log.data.MiniDetailsGetter
9934:             1             56  com.intellij.vcs.log.data.VcsLogData$2
9935:             1             56  com.intellij.vcs.log.data.VcsLogData$dataDisposableJob$1
9936:             1             56  com.intellij.vcs.log.impl.VcsLogManager$launchRefresher$1
9937:             1             56  com.intellij.vcs.log.impl.VcsProjectLogBase$1
9938:             1             56  com.intellij.vcs.log.impl.VcsProjectLogBase$initListeners$1
9939:             1             56  com.intellij.workspaceModel.core.fileIndex.impl.WorkspaceFileIndexDataMetrics$$Lambda/0x0000009802d6a178
9940:             1             56  com.intellij.xml.actions.CreateXmlDescriptorGroup
9941:             1             56  com.intellij.xml.actions.XmlActionsGroup
9942:             1             56  com.jetbrains.codeWithMe.model.RdUserProperties
9943:             1             56  com.jetbrains.lang.makefile.MakefileRunConfiguration
9944:             1             56  com.jetbrains.plugins.webDeployment.actions.DeploymentActionGroup
9945:             1             56  com.sixrr.xrp.RefactorXMenuGroup
9946:             1             56  com.sun.org.apache.xerces.internal.jaxp.DocumentBuilderImpl (java.xml@21.0.8)
9947:             1             56  fleet.kernel.rete.ReteKt$ReteSpinChangeInterceptor$1
9948:             1             56  fleet.kernel.rete.ReteKt$withRete$2
9949:             1             56  fleet.util.async.FlowExtKt$conflateReduce$1$1$1$conflated$1$1$1
9950:             1             56  git4idea.actions.GitFileActionGroup
9951:             1             56  git4idea.actions.GitMainMenuActionGroup
9952:             1             56  git4idea.actions.GitMenu
9953:             1             56  git4idea.remoteApi.GitIncomingOutgoingStateApiImpl$syncState$2
9954:             1             56  git4idea.remoteApi.GitRepositoryApiImpl$getRepositoriesEvents$2$1$1
9955:             1             56  git4idea.remoteApi.GitRepositoryColorsApiImpl$syncColors$2
9956:             1             56  git4idea.remoteApi.GitWidgetApiImpl$getWidgetState$2
9957:             1             56  git4idea.remoteApi.GitWidgetApiImpl$getWidgetState$2$1
9958:             1             56  git4idea.repo.GitRepoInfo
9959:             1             56  git4idea.repo.GitUntrackedFilesHolder
9960:             1             56  io.grpc.CallOptions
9961:             1             56  io.grpc.NameResolver$Args
9962:             1             56  io.grpc.internal.DelayedClientTransport
9963:             1             56  io.ktor.client.engine.cio.EndpointConfig
9964:             1             56  io.ktor.client.plugins.DefaultTransformKt$defaultTransformers$2
9965:             1             56  io.ktor.client.plugins.HttpTimeoutKt$HttpTimeout$3$1
9966:             1             56  io.ktor.util.date.GMTDate
9967:             1             56  io.netty.channel.ServerChannelRecvByteBufAllocator$1
9968:             1             56  java.awt.MenuBar (java.desktop)
9969:             1             56  java.lang.invoke.BoundMethodHandle$Specializer (java.base@21.0.8)
9970:             1             56  java.net.SocketPermission (java.base@21.0.8)
9971:             1             56  java.nio.HeapByteBufferR (java.base@21.0.8)
9972:             1             56  java.nio.StringCharBuffer (java.base@21.0.8)
9973:             1             56  java.util.ServiceLoader (java.base@21.0.8)
9974:             1             56  java.util.logging.LogManager (java.logging@21.0.8)
9975:             1             56  javax.net.ssl.SSLParameters (java.base@21.0.8)
9976:             1             56  javax.swing.ScrollPaneLayout$UIResource (java.desktop)
9977:             1             56  jdk.internal.org.objectweb.asm.Label (java.base@21.0.8)
9978:             1             56  kotlin.reflect.jvm.internal.impl.metadata.ProtoBuf$Package
9979:             1             56  kotlin.reflect.jvm.internal.impl.metadata.ProtoBuf$PackageFragment
9980:             1             56  kotlinx.coroutines.JobSupport$AwaitContinuation
9981:             1             56  okhttp3.internal.concurrent.TaskRunner
9982:             1             56  okhttp3.internal.connection.RealConnectionPool
9983:             1             56  org.apache.commons.logging.impl.WeakHashtable
9984:             1             56  org.apache.http.client.config.RequestConfig
9985:             1             56  org.apache.xerces.impl.xpath.regex.RegularExpression$Context
9986:             1             56  org.intellij.plugins.markdown.ui.actions.styling.CreateOrChangeListActionGroup
9987:             1             56  org.intellij.plugins.markdown.ui.actions.styling.SetHeaderLevelAction$SetHeaderLevelGroup
9988:             1             56  org.jetbrains.completion.full.line.local.server.stubs.OnnxNative$model_settings
9989:             1             56  org.jetbrains.plugins.github.pullrequest.ui.toolwindow.GHPRToolWindowFactory$manage$1
9990:             1             56  org.jetbrains.plugins.gitlab.mergerequest.ui.toolwindow.GitLabToolWindowFactory$manage$1
9991:             1             56  org.jetbrains.plugins.textmate.TextMateServiceImpl
9992:             1             56  org.jetbrains.qodana.actions.QodanaShowReportGroup
9993:             1             56  org.zmlx.hg4idea.action.HgMercurialMenu
9994:             1             56  sun.awt.AppContext (java.desktop)
9995:             1             56  sun.awt.im.ExecutableInputMethodManager (java.desktop)
9996:             1             56  sun.java2d.NullSurfaceData (java.desktop)
9997:             1             56  sun.java2d.marlin.DMarlinRenderingEngine$NormalizingPathIterator$NearestPixelCenter (java.desktop)
9998:             1             56  sun.java2d.marlin.DMarlinRenderingEngine$NormalizingPathIterator$NearestPixelQuarter (java.desktop)
9999:             1             56  sun.java2d.marlin.PathSimplifier (java.desktop)
10000:             1             56  sun.java2d.metal.MTLGeneralTransformedBlit (java.desktop)
10001:             1             56  sun.lwawt.macosx.CCustomCursor (java.desktop)
10002:             1             56  sun.lwawt.macosx.CPlatformView (java.desktop)
10003:             1             56  sun.lwawt.macosx.LWCToolkit (java.desktop)
10004:             1             56  sun.net.www.http.KeepAliveCache (java.base@21.0.8)
10005:             1             56  sun.security.provider.MD5 (java.base@21.0.8)
10006:             1             56  training.featuresSuggester.suggesters.CompletionPopupSuggester
10007:             1             56  training.featuresSuggester.suggesters.CopyPasteSuggester
10008:             1             56  training.featuresSuggester.suggesters.FileStructureSuggester
10009:             1             56  training.featuresSuggester.suggesters.IntroduceVariableSuggester
10010:             1             56  training.featuresSuggester.suggesters.MuteBreakpointsSuggester
10011:             1             56  training.featuresSuggester.suggesters.QuickEvaluateSuggester
10012:             1             56  training.featuresSuggester.suggesters.ReplaceCompletionSuggester
10013:             1             48  [Landroidx.compose.ui.text.platform.Platform;
10014:             1             48  [Landroidx.lifecycle.Lifecycle$Event;
10015:             2             48  [Lcom.android.studio.ml.templates.PromptTemplateScheme;
10016:             1             48  [Lcom.fasterxml.jackson.annotation.PropertyAccessor;
10017:             1             48  [Lcom.fasterxml.jackson.core.json.JsonWriteFeature;
10018:             1             48  [Lcom.fasterxml.jackson.module.kotlin.KotlinFeature;
10019:             1             48  [Lcom.goide.comments.GoCommentTokenType;
10020:             1             48  [Lcom.goide.dfa.translator.IrType;
10021:             1             48  [Lcom.goide.documentation.GoDocLink$Type;
10022:             2             48  [Lcom.goide.psi.impl.GoTypeIdenticalCache$Flags;
10023:             1             48  [Lcom.goide.statistics.GoCompletionUsageCollector$HandlerId;
10024:             1             48  [Lcom.google.api.client.http.UriTemplate$CompositeOutput;
10025:             2             48  [Lcom.google.api.client.util.GenericData$Flags;
10026:             1             48  [Lcom.google.gson.FieldNamingPolicy;
10027:             1             48  [Lcom.google.protobuf.GeneratedMessageLite$MethodToInvoke;
10028:             1             48  [Lcom.ibm.icu.number.LocalizedNumberFormatter;
10029:             1             48  [Lcom.ibm.icu.number.NumberFormatter$UnitWidth;
10030:             1             48  [Lcom.ibm.icu.util.MeasureUnit;
10031:             1             48  [Lcom.intellij.codeInsight.codeVision.settings.CodeVisionGroupSettingProvider;
10032:             1             48  [Lcom.intellij.codeInsight.intention.impl.IntentionGroup;
10033:             2             48  [Lcom.intellij.codeWithMe.ClientId$AbsenceBehavior;
10034:             1             48  [Lcom.intellij.diagnostic.LoadingState;
10035:             2             48  [Lcom.intellij.execution.Platform;
10036:             2             48  [Lcom.intellij.formatting.Alignment$Anchor;
10037:             1             48  [Lcom.intellij.fullLine.html.HtmlExperiments;
10038:             1             48  [Lcom.intellij.go.database.marker.go.GoDbConnectionFunctionDescriptor;
10039:             1             48  [Lcom.intellij.ide.actions.ToolWindowMoveAction$Anchor;
10040:             1             48  [Lcom.intellij.ide.plugins.IdeaPluginOsRequirement;
10041:             1             48  [Lcom.intellij.ide.plugins.newui.Tags;
10042:             2             48  [Lcom.intellij.ide.ui.UIDensity;
10043:             2             48  [Lcom.intellij.ide.ui.laf.darcula.ui.DarculaTabbedPaneUI$TabStyle;
10044:             1             48  [Lcom.intellij.internal.statistic.editor.EditorSettingsStatisticsCollector$CaretStopBoundaries;
10045:             1             48  [Lcom.intellij.internal.statistic.eventLog.validator.rules.utils.ValidationRuleProducer;
10046:             1             48  [Lcom.intellij.lang.annotation.HighlightSeverity;
10047:             2             48  [Lcom.intellij.lang.javascript.buildTools.base.JsbtSortingMode;
10048:             1             48  [Lcom.intellij.ml.inline.completion.impl.logs.ProposalTokenFeatures$LastChar;
10049:             1             48  [Lcom.intellij.openapi.actionSystem.remoting.ActionRemoteBehavior;
10050:             1             48  [Lcom.intellij.openapi.client.ClientKind;
10051:             1             48  [Lcom.intellij.openapi.command.impl.UndoableActionType;
10052:             1             48  [Lcom.intellij.openapi.diagnostic.LogLevel;
10053:             2             48  [Lcom.intellij.openapi.editor.impl.softwrap.SoftWrapDrawingType;
10054:             1             48  [Lcom.intellij.openapi.options.FontSize;
10055:             2             48  [Lcom.intellij.openapi.roots.OrderEntry;
10056:             2             48  [Lcom.intellij.openapi.util.IconPathPatcher;
10057:             2             48  [Lcom.intellij.platform.experiment.ab.impl.IntelliJPlatformProduct;
10058:             1             48  [Lcom.intellij.platform.ide.diagnostic.startUpPerformanceReporter.FUSProjectHotStartUpMeasurer$Violation;
10059:             1             48  [Lcom.intellij.platform.plugins.parser.impl.elements.ClientKind;
10060:             2             48  [Lcom.intellij.platform.syntax.SyntaxElementType;
10061:             2             48  [Lcom.intellij.platform.workspace.storage.metadata.model.ValueTypeMetadata$SimpleType$PrimitiveType;
10062:             2             48  [Lcom.intellij.plugins.intelliLang.inject.JSInjection$Priority;
10063:             2             48  [Lcom.intellij.polySymbols.webTypes.json.WebTypes$JsTypesSyntax;
10064:             1             48  [Lcom.intellij.profiler.statistics.ProfilerUsageTriggerCollector$RunWidgetActionFusDescriptor;
10065:             1             48  [Lcom.intellij.rml.dfa.ir.ast.IrEqualityKind;
10066:             2             48  [Lcom.intellij.ssh.config.SshConnectionConfigService$Kind;
10067:             2             48  [Lcom.intellij.toolWindow.ToolWindowDescriptor$ToolWindowContentUiType;
10068:             2             48  [Lcom.intellij.ui.paint.LinePainter2D$Align;
10069:             1             48  [Lcom.intellij.ui.viewModel.extraction.ToolWindowExtractorMode;
10070:             1             48  [Lcom.intellij.util.diff.DiffTree$ThreeElementMatchResult;
10071:             1             48  [Lcom.intellij.util.indexing.InitialScanningSkipReporter$FullScanningReason;
10072:             1             48  [Lcom.intellij.util.lang.JarLoader$Attribute;
10073:             1             48  [Lcom.intellij.util.ui.ExtendableHTMLViewFactory$Extension;
10074:             2             48  [Lcom.intellij.util.xmlb.annotations.Property$Style;
10075:             2             48  [Lcom.intellij.util.xmlb.annotations.XCollection$Style;
10076:             1             48  [Lcom.intellij.vcs.git.repo.GitRepositoriesHolder$UpdateType;
10077:             2             48  [Lcom.intellij.workspaceModel.core.fileIndex.DependencyDescription$OnParent;
10078:             2             48  [Lcom.jetbrains.Extensions;
10079:             2             48  [Lcom.jetbrains.cef.remote.thrift_codegen.ClientHandlers$FocusHandler_OnGotFocus_args$_Fields; (jcef)
10080:             2             48  [Lcom.jetbrains.cef.remote.thrift_codegen.ClientHandlers$FocusHandler_OnSetFocus_args$_Fields; (jcef)
10081:             2             48  [Lcom.jetbrains.cef.remote.thrift_codegen.ClientHandlers$FocusHandler_OnSetFocus_result$_Fields; (jcef)
10082:             2             48  [Lcom.jetbrains.cef.remote.thrift_codegen.ClientHandlers$LifeSpanHandler_DoClose_args$_Fields; (jcef)
10083:             2             48  [Lcom.jetbrains.cef.remote.thrift_codegen.ClientHandlers$LifeSpanHandler_DoClose_result$_Fields; (jcef)
10084:             2             48  [Lcom.jetbrains.cef.remote.thrift_codegen.ClientHandlers$LifeSpanHandler_OnAfterCreated_args$_Fields; (jcef)
10085:             2             48  [Lcom.jetbrains.cef.remote.thrift_codegen.ClientHandlers$LifeSpanHandler_OnBeforeClose_args$_Fields; (jcef)
10086:             2             48  [Lcom.jetbrains.cef.remote.thrift_codegen.ClientHandlers$MessageRouterHandler_Dispose_args$_Fields; (jcef)
10087:             2             48  [Lcom.jetbrains.cef.remote.thrift_codegen.ClientHandlers$MessageRouterHandler_onQuery_result$_Fields; (jcef)
10088:             2             48  [Lcom.jetbrains.cef.remote.thrift_codegen.ClientHandlers$RenderHandler_GetScreenInfo_args$_Fields; (jcef)
10089:             2             48  [Lcom.jetbrains.cef.remote.thrift_codegen.ClientHandlers$RenderHandler_GetScreenInfo_result$_Fields; (jcef)
10090:             2             48  [Lcom.jetbrains.cef.remote.thrift_codegen.ClientHandlers$RenderHandler_GetScreenPoint_result$_Fields; (jcef)
10091:             2             48  [Lcom.jetbrains.cef.remote.thrift_codegen.ClientHandlers$RenderHandler_GetViewRect_args$_Fields; (jcef)
10092:             2             48  [Lcom.jetbrains.cef.remote.thrift_codegen.ClientHandlers$RenderHandler_GetViewRect_result$_Fields; (jcef)
10093:             2             48  [Lcom.jetbrains.cef.remote.thrift_codegen.ClientHandlers$RequestHandler_GetResourceRequestHandler_result$_Fields; (jcef)
10094:             2             48  [Lcom.jetbrains.cef.remote.thrift_codegen.ClientHandlers$RequestHandler_OnBeforeBrowse_result$_Fields; (jcef)
10095:             2             48  [Lcom.jetbrains.cef.remote.thrift_codegen.ClientHandlers$ResourceHandler_Cancel_args$_Fields; (jcef)
10096:             2             48  [Lcom.jetbrains.cef.remote.thrift_codegen.ClientHandlers$ResourceHandler_Dispose_args$_Fields; (jcef)
10097:             2             48  [Lcom.jetbrains.cef.remote.thrift_codegen.ClientHandlers$ResourceHandler_GetResponseHeaders_args$_Fields; (jcef)
10098:             2             48  [Lcom.jetbrains.cef.remote.thrift_codegen.ClientHandlers$ResourceHandler_GetResponseHeaders_result$_Fields; (jcef)
10099:             2             48  [Lcom.jetbrains.cef.remote.thrift_codegen.ClientHandlers$ResourceHandler_ProcessRequest_result$_Fields; (jcef)
10100:             2             48  [Lcom.jetbrains.cef.remote.thrift_codegen.ClientHandlers$ResourceHandler_ReadResponse_result$_Fields; (jcef)
10101:             2             48  [Lcom.jetbrains.cef.remote.thrift_codegen.ClientHandlers$ResourceRequestHandler_Dispose_args$_Fields; (jcef)
10102:             2             48  [Lcom.jetbrains.cef.remote.thrift_codegen.ClientHandlers$ResourceRequestHandler_GetCookieAccessFilter_result$_Fields; (jcef)
10103:             2             48  [Lcom.jetbrains.cef.remote.thrift_codegen.ClientHandlers$ResourceRequestHandler_GetResourceHandler_result$_Fields; (jcef)
10104:             2             48  [Lcom.jetbrains.cef.remote.thrift_codegen.ClientHandlers$ResourceRequestHandler_OnBeforeResourceLoad_result$_Fields; (jcef)
10105:             2             48  [Lcom.jetbrains.cef.remote.thrift_codegen.ClientHandlers$ResourceRequestHandler_OnResourceResponse_result$_Fields; (jcef)
10106:             2             48  [Lcom.jetbrains.cef.remote.thrift_codegen.Point$_Fields; (jcef)
10107:             2             48  [Lcom.jetbrains.cef.remote.thrift_codegen.Server$Browser_Close_args$_Fields; (jcef)
10108:             2             48  [Lcom.jetbrains.cef.remote.thrift_codegen.Server$Browser_Create_result$_Fields; (jcef)
10109:             2             48  [Lcom.jetbrains.cef.remote.thrift_codegen.Server$Browser_GetURL_args$_Fields; (jcef)
10110:             2             48  [Lcom.jetbrains.cef.remote.thrift_codegen.Server$Browser_GetURL_result$_Fields; (jcef)
10111:             2             48  [Lcom.jetbrains.cef.remote.thrift_codegen.Server$Browser_Invalidate_args$_Fields; (jcef)
10112:             2             48  [Lcom.jetbrains.cef.remote.thrift_codegen.Server$Browser_LoadURL_args$_Fields; (jcef)
10113:             2             48  [Lcom.jetbrains.cef.remote.thrift_codegen.Server$Browser_NotifyScreenInfoChanged_args$_Fields; (jcef)
10114:             2             48  [Lcom.jetbrains.cef.remote.thrift_codegen.Server$Browser_StartNativeCreation_args$_Fields; (jcef)
10115:             2             48  [Lcom.jetbrains.cef.remote.thrift_codegen.Server$Browser_StopLoad_args$_Fields; (jcef)
10116:             2             48  [Lcom.jetbrains.cef.remote.thrift_codegen.Server$Browser_WasResized_args$_Fields; (jcef)
10117:             2             48  [Lcom.jetbrains.cef.remote.thrift_codegen.Server$Callback_Continue_args$_Fields; (jcef)
10118:             2             48  [Lcom.jetbrains.cef.remote.thrift_codegen.Server$Callback_Dispose_args$_Fields; (jcef)
10119:             2             48  [Lcom.jetbrains.cef.remote.thrift_codegen.Server$Frame_Dispose_args$_Fields; (jcef)
10120:             2             48  [Lcom.jetbrains.cef.remote.thrift_codegen.Server$MessageRouter_Create_args$_Fields; (jcef)
10121:             2             48  [Lcom.jetbrains.cef.remote.thrift_codegen.Server$MessageRouter_Create_result$_Fields; (jcef)
10122:             2             48  [Lcom.jetbrains.cef.remote.thrift_codegen.Server$MessageRouter_Dispose_args$_Fields; (jcef)
10123:             2             48  [Lcom.jetbrains.cef.remote.thrift_codegen.Server$MessageRouter_RemoveHandler_args$_Fields; (jcef)
10124:             2             48  [Lcom.jetbrains.cef.remote.thrift_codegen.Server$MessageRouter_RemoveMessageRouterFromBrowser_args$_Fields; (jcef)
10125:             2             48  [Lcom.jetbrains.cef.remote.thrift_codegen.Server$QueryCallback_Dispose_args$_Fields; (jcef)
10126:             2             48  [Lcom.jetbrains.cef.remote.thrift_codegen.Server$QueryCallback_Success_args$_Fields; (jcef)
10127:             2             48  [Lcom.jetbrains.cef.remote.thrift_codegen.Server$Request_Dispose_args$_Fields; (jcef)
10128:             2             48  [Lcom.jetbrains.cef.remote.thrift_codegen.Server$Request_Update_args$_Fields; (jcef)
10129:             2             48  [Lcom.jetbrains.cef.remote.thrift_codegen.Server$Response_Update_args$_Fields; (jcef)
10130:             2             48  [Lcom.jetbrains.cef.remote.thrift_codegen.Server$attach_args$_Fields; (jcef)
10131:             2             48  [Lcom.jetbrains.cef.remote.thrift_codegen.Server$connectTcp_args$_Fields; (jcef)
10132:             2             48  [Lcom.jetbrains.cef.remote.thrift_codegen.Server$connectTcp_result$_Fields; (jcef)
10133:             2             48  [Lcom.jetbrains.cef.remote.thrift_codegen.Server$echo_args$_Fields; (jcef)
10134:             2             48  [Lcom.jetbrains.cef.remote.thrift_codegen.Server$echo_result$_Fields; (jcef)
10135:             2             48  [Lcom.jetbrains.cef.remote.thrift_codegen.Server$getServerInfo_args$_Fields; (jcef)
10136:             2             48  [Lcom.jetbrains.cef.remote.thrift_codegen.Server$getServerInfo_result$_Fields; (jcef)
10137:             1             48  [Lcom.sun.beans.introspect.PropertyInfo$Name; (java.desktop)
10138:             1             48  [Lcom.sun.management.VMOption$Origin; (jdk.management@21.0.8)
10139:             1             48  [Lcom.sun.xml.bind.v2.model.impl.ClassInfoImpl$PropertyGroup;
10140:             1             48  [Lgit4idea.config.GitVersion$Type;
10141:             1             48  [Lgit4idea.rebase.GitRebaseEntry$KnownAction;
10142:             1             48  [Lio.grpc.netty.shaded.io.netty.handler.codec.http2.Http2Stream$State;
10143:             1             48  [Lio.grpc.netty.shaded.io.netty.util.concurrent.EventExecutor;
10144:             1             48  [Lio.ktor.http.HttpMethod;
10145:             1             48  [Lio.ktor.network.tls.extensions.HashAlgorithm;
10146:             1             48  [Lio.ktor.util.date.WeekDay;
10147:             2             48  [Lio.netty.buffer.PoolArena;
10148:             2             48  [Lio.netty.util.concurrent.GenericFutureListener;
10149:             2             48  [Lio.opencensus.trace.Span$Options;
10150:             1             48  [Lio.opentelemetry.sdk.metrics.InstrumentType;
10151:             2             48  [Lio.opentelemetry.sdk.metrics.data.AggregationTemporality;
10152:             1             48  [Ljava.beans.WeakIdentityMap$Entry; (java.desktop)
10153:             1             48  [Ljava.lang.management.MemoryPoolMXBean; (java.management@21.0.8)
10154:             1             48  [Ljava.lang.reflect.ProxyGenerator$PrimitiveTypeInfo; (java.base@21.0.8)
10155:             1             48  [Ljava.math.RoundingMode; (java.base@21.0.8)
10156:             2             48  [Ljava.nio.file.FileVisitOption; (java.base@21.0.8)
10157:             2             48  [Ljava.nio.file.LinkOption; (java.base@21.0.8)
10158:             3             48  [Ljava.security.cert.Certificate; (java.base@21.0.8)
10159:             2             48  [Ljava.util.Locale$Category; (java.base@21.0.8)
10160:             1             48  [Ljava.util.concurrent.TimeUnit; (java.base@21.0.8)
10161:             1             48  [Ljava.util.concurrent.atomic.AtomicReference; (java.base@21.0.8)
10162:             1             48  [Ljavax.swing.DropMode; (java.desktop)
10163:             1             48  [Ljdk.xml.internal.JdkProperty$ImplPropMap; (java.xml@21.0.8)
10164:             2             48  [Lkotlin.jvm.functions.Function0;
10165:             1             48  [Lkotlin.reflect.jvm.internal.impl.builtins.jvm.JavaToKotlinClassMap$PlatformMutabilityMapping;
10166:             1             48  [Lkotlin.reflect.jvm.internal.impl.km.ClassKind;
10167:             1             48  [Lkotlin.reflect.jvm.internal.impl.resolve.jvm.JvmPrimitiveType;
10168:             1             48  [Lkotlin.reflect.jvm.internal.impl.types.error.ErrorEntity;
10169:             1             48  [Lkotlin.text.RegexOption;
10170:             1             48  [Lkotlin.time.DurationUnit;
10171:             1             48  [Lkotlin.time.DurationUnit;
10172:             1             48  [Lkotlinx.html.AReferrerPolicy;
10173:             1             48  [Lmorfologik.fsa.builders.FSABuilder$InfoEntry;
10174:             2             48  [Lorg.apache.http.client.utils.URIUtils$UriFlag;
10175:             1             48  [Lorg.cef.CefSettings$LogSeverity; (jcef)
10176:             2             48  [Lorg.cef.handler.CefFocusHandler$FocusSource; (jcef)
10177:             2             48  [Lorg.intellij.plugins.markdown.ui.preview.ResourceProvider;
10178:             2             48  [Lorg.intellij.terraform.hcl.HCLCapability;
10179:             1             48  [Lorg.jdom.Content$CType;
10180:             1             48  [Lorg.jetbrains.completion.full.line.css.CSSExperiments;
10181:             1             48  [Lorg.jetbrains.completion.full.line.impl.feedback.ide.FullLineInIdeFeedbackSurveyConfig$SurveyConfig;
10182:             1             48  [Lorg.jetbrains.plugins.terminal.session.impl.dto.TextStyleOptionDto;
10183:             1             48  [Lorg.jetbrains.plugins.textmate.Constants$StringKey;
10184:             1             48  [Lorg.jetbrains.qodana.coverage.CoverageLanguage;
10185:             1             48  [Lorg.jetbrains.skiko.OS;
10186:             1             48  [Lorg.jsoup.parser.Token$TokenType;
10187:             1             48  [Lorg.zmlx.hg4idea.provider.HgChangeProvider$HgChangeProcessor;
10188:             1             48  [Lsun.font.FontStrike; (java.desktop)
10189:             1             48  [Lsun.security.x509.NetscapeCertTypeExtension$MapEntry; (java.base@21.0.8)
10190:             2             48  [Lsun.util.calendar.Era; (java.base@21.0.8)
10191:             2             48  [Ltraining.learn.lesson.LessonState;
10192:             3             48  ai.grazie.DataHolder$Key
10193:             2             48  ai.grazie.Direction
10194:             1             48  ai.grazie.detector.heuristics.rule.RuleFilter$filter$1
10195:             1             48  ai.grazie.detector.utils.StatisticsKt$unite$1
10196:             2             48  ai.grazie.nlp.langs.LanguageWithVariant
10197:             2             48  ai.grazie.nlp.patterns.Pattern$Exclusion
10198:             3             48  ai.grazie.nlp.phonetics.metaphone.DoubleMetaphone
10199:             2             48  ai.grazie.nlp.tokenizer.rule.PatternSplitTokenizer
10200:             1             48  ai.grazie.rules.common.CommonPatterns$$Lambda/0x0000009804bef7e8
10201:             2             48  ai.grazie.rules.common.PairedPunctuation
10202:             2             48  ai.grazie.rules.common.WordSet
10203:             2             48  ai.grazie.rules.document.Metadata$KeyId
10204:             1             48  ai.grazie.rules.en.EnglishRules$8
10205:             1             48  ai.grazie.rules.en.LemmaRepetitionRule
10206:             2             48  ai.grazie.rules.tree.NodeCorrector$Relative$$Lambda/0x0000009804be3120
10207:             3             48  ai.grazie.rules.tree.NodePattern$$Lambda/0x0000009804bda700
10208:             3             48  ai.grazie.rules.tree.NodePattern$$Lambda/0x0000009804bda958
10209:             3             48  ai.grazie.rules.tree.NodePattern$$Lambda/0x0000009804c30bd0
10210:             2             48  ai.grazie.rules.tree.NodePattern$$Lambda/0x0000009804c33b80
10211:             2             48  ai.grazie.rules.tree.NodePattern$$Lambda/0x0000009804c35000
10212:             3             48  ai.grazie.rules.tree.NodePointer$$Lambda/0x0000009804c29728
10213:             2             48  ai.grazie.rules.tree.ReportingKind
10214:             3             48  ai.grazie.rules.tree.Tree$ParameterValues
10215:             2             48  ai.grazie.rules.tree.TreeCache
10216:             2             48  ai.grazie.spell.GrazieSpeller$UserConfig
10217:             2             48  ai.grazie.spell.GrazieSpeller$UserConfig$Model
10218:             2             48  ai.grazie.spell.GrazieSplittingSpeller
10219:             1             48  ai.grazie.spell.lists.hunspell.HunspellWordList$Companion$create$2$1$1
10220:             3             48  ai.grazie.spell.suggestion.ranker.JaroWinklerSuggestionRanker
10221:             3             48  ai.grazie.spell.suggestion.ranker.LinearAggregatingSuggestionRanker
10222:             3             48  ai.grazie.spell.suggestion.ranker.PhoneticSuggestionRanker
10223:             2             48  ai.grazie.text.exclusions.Exclusion$Kind
10224:             2             48  androidx.compose.animation.core.AnimationVector1D
10225:             2             48  androidx.compose.animation.core.AnimationVector2D
10226:             2             48  androidx.compose.foundation.gestures.Orientation
10227:             2             48  androidx.compose.runtime.external.kotlinx.collections.immutable.implementations.persistentOrderedSet.PersistentOrderedSet
10228:             3             48  androidx.compose.ui.BiasAlignment$Horizontal
10229:             3             48  androidx.compose.ui.BiasAlignment$Vertical
10230:             3             48  androidx.compose.ui.focus.FocusRequester
10231:             1             48  androidx.compose.ui.graphics.colorspace.Connector$RgbConnector
10232:             2             48  androidx.compose.ui.graphics.colorspace.Rgb$$Lambda/0x000000980372a930
10233:             2             48  androidx.compose.ui.graphics.colorspace.Rgb$$Lambda/0x000000980372ab80
10234:             2             48  androidx.compose.ui.graphics.vector.PathNode$RelativeVerticalTo
10235:             1             48  androidx.compose.ui.layout.AlignmentLineKt$FirstBaseline$1
10236:             1             48  androidx.compose.ui.layout.AlignmentLineKt$LastBaseline$1
10237:             1             48  androidx.compose.ui.platform.GlobalSnapshotManager$ensureStarted$1
10238:             2             48  androidx.compose.ui.platform.TextToolbarStatus
10239:             1             48  androidx.compose.ui.text.ExpireAfterAccessCache$1
10240:             2             48  androidx.compose.ui.text.font.AsyncTypefaceCache$Key
10241:             3             48  androidx.compose.ui.text.font.FontStyle
10242:             2             48  androidx.compose.ui.text.font.TypefaceResult$Immutable
10243:             2             48  androidx.compose.ui.text.platform.FontLoadResult
10244:             2             48  androidx.compose.ui.text.style.ResolvedTextDirection
10245:             3             48  androidx.compose.ui.text.style.TextDecoration
10246:             2             48  androidx.compose.ui.unit.IntSize
10247:             2             48  androidx.compose.ui.unit.LayoutDirection
10248:             2             48  com.android.studio.ml.CompletionEvent$Trigger
10249:             2             48  com.android.studio.ml.ModelError$Severity
10250:             1             48  com.android.studio.ml.aiexclude.AiExcludeLanguage
10251:             1             48  com.android.studio.ml.completion.SmlInlineCompletionStatusBarWidgetFactory$Widget$2
10252:             2             48  com.android.studio.ml.templates.PromptTemplateScheme
10253:             2             48  com.anthropic.code.plugin.services.MCPService$$Lambda/0x0000009803864b90
10254:             1             48  com.anthropic.code.plugin.services.MCPService$start$1$1$1
10255:             1             48  com.anthropic.code.plugin.services.MCPService$start$2
10256:             3             48  com.apple.laf.AquaButtonLabeledUI$RecyclableSizingIcon (java.desktop)
10257:             1             48  com.apple.laf.AquaTableUI (java.desktop)
10258:             1             48  com.carrotsearch.hppc.CharCharHashMap
10259:             1             48  com.carrotsearch.hppc.CharObjectHashMap
10260:             2             48  com.fasterxml.aalto.in.NsBinding
10261:             1             48  com.fasterxml.jackson.core.JsonLocation
10262:             1             48  com.fasterxml.jackson.core.StreamReadConstraints
10263:             2             48  com.fasterxml.jackson.core.util.DefaultIndenter
10264:             2             48  com.fasterxml.jackson.databind.AnnotationIntrospector$ReferenceProperty$Type
10265:             1             48  com.fasterxml.jackson.databind.cfg.ConfigOverride$Empty
10266:             2             48  com.fasterxml.jackson.databind.deser.impl.NullsConstantProvider
10267:             2             48  com.fasterxml.jackson.databind.deser.impl.TypeWrappedDeserializer
10268:             2             48  com.fasterxml.jackson.databind.deser.std.StdKeyDeserializer$StringKD
10269:             2             48  com.fasterxml.jackson.databind.module.SimpleDeserializers
10270:             2             48  com.fasterxml.jackson.databind.ser.std.BooleanSerializer
10271:             1             48  com.fasterxml.jackson.databind.util.StdDateFormat
10272:             1             48  com.fasterxml.jackson.jr.ob.JSON
10273:             1             48  com.fasterxml.jackson.jr.ob.impl.ValueReaderLocator
10274:             1             48  com.fasterxml.jackson.jr.ob.impl.ValueWriterLocator
10275:             3             48  com.github.benmanes.caffeine.cache.BoundedLocalCache$EntrySetView
10276:             2             48  com.github.benmanes.caffeine.cache.Caffeine$Strength
10277:             1             48  com.github.benmanes.caffeine.cache.PSAMW
10278:             1             48  com.github.benmanes.caffeine.cache.PSAR
10279:             1             48  com.github.benmanes.caffeine.cache.PSWMS
10280:             2             48  com.github.markusbernhardt.proxy.selector.whitelist.HostnameFilter
10281:             2             48  com.github.weisj.jsvg.h$c
10282:             2             48  com.github.weisj.jsvg.j
10283:             2             48  com.goide.GoCharTable
10284:             1             48  com.goide.actions.tool.GoImportsFileAction
10285:             1             48  com.goide.codeInsight.editorActions.GoEnterHandler$2
10286:             3             48  com.goide.codeInsight.imports.GoManualImportDetector
10287:             1             48  com.goide.comments.GoCommentReferenceResolver
10288:             3             48  com.goide.completion.GoCompletionContributor$GoTestFilePattern
10289:             3             48  com.goide.completion.GoKeywordCompletionContributor$GoUnexpectedTypeInsteadOfChan
10290:             3             48  com.goide.completion.GoReferenceCompletionProvider
10291:             2             48  com.goide.dfa.GoDfaMode
10292:             2             48  com.goide.dfa.inspections.GoDfaInspectionRunner
10293:             2             48  com.goide.dfa.symbolicExecution.interpreter.ConstantValue$Nilness
10294:             2             48  com.goide.dfa.symbolicExecution.summaries.GoNilnessValue
10295:             2             48  com.goide.dfa.translator.GoFunctionTerminationType
10296:             2             48  com.goide.editor.GoFoldingSettings
10297:             3             48  com.goide.execution.GoRunConfigurationBase$$Lambda/0x0000009804b983e0
10298:             2             48  com.goide.execution.GoRunningState$$Lambda/0x0000009805e47c10
10299:             2             48  com.goide.execution.GoRunningState$$Lambda/0x0000009805eb2000
10300:             2             48  com.goide.execution.GoRunningState$$Lambda/0x0000009805eb2258
10301:             2             48  com.goide.execution.GoRunningState$CommandLineType
10302:             1             48  com.goide.execution.testing.frameworks.gotest.GoTableBenchmarkGenerateAction
10303:             1             48  com.goide.execution.testing.frameworks.gotest.GoTableTestGenerateAction
10304:             1             48  com.goide.formatter.GoLineIndentProvider$1
10305:             2             48  com.goide.formatter.settings.GoCodeStyleSettings$LocalGroupMode
10306:             1             48  com.goide.highlighting.GoSyntaxHighlightingLexer
10307:             1             48  com.goide.ide.welcomeScreen.GoWelcomeScreenRecentProjectsManager
10308:             2             48  com.goide.inspections.GoAssignmentToReceiverInspection
10309:             2             48  com.goide.inspections.GoBoolExpressionsInspection
10310:             2             48  com.goide.inspections.GoBuildTagInspection
10311:             2             48  com.goide.inspections.GoCommentLeadingSpaceInspection
10312:             2             48  com.goide.inspections.GoCommentStartInspection
10313:             2             48  com.goide.inspections.GoConvertStringLiteralsInspection
10314:             2             48  com.goide.inspections.GoDeferGoInspection
10315:             2             48  com.goide.inspections.GoDeferInLoopInspection
10316:             2             48  com.goide.inspections.GoDeprecationInspection
10317:             2             48  com.goide.inspections.GoDetectSetFinalizerUsagesInspection
10318:             2             48  com.goide.inspections.GoDirectComparisonOfErrorsInspection
10319:             2             48  com.goide.inspections.GoDivisionByZeroInspection
10320:             2             48  com.goide.inspections.GoEmptyDeclarationInspection
10321:             2             48  com.goide.inspections.GoErrorStringFormatInspection
10322:             2             48  com.goide.inspections.GoExportedElementShouldHaveCommentInspection
10323:             2             48  com.goide.inspections.GoExportedFuncWithUnexportedTypeInspection
10324:             2             48  com.goide.inspections.GoExportedOwnDeclarationInspection
10325:             2             48  com.goide.inspections.GoFileIgnoredByBuildToolNotificationProvider
10326:             2             48  com.goide.inspections.GoFuzzingSupportInspection
10327:             2             48  com.goide.inspections.GoImportUsedAsNameInspection
10328:             2             48  com.goide.inspections.GoInfiniteForInspection
10329:             2             48  com.goide.inspections.GoInterfaceToAnyInspection
10330:             2             48  com.goide.inspections.GoIrregularIotaInspection
10331:             2             48  com.goide.inspections.GoLeadingWhitespaceInDirectiveCommentInspection
10332:             2             48  com.goide.inspections.GoLoopClosureInspection
10333:             2             48  com.goide.inspections.GoMixedReceiverTypesInspection
10334:             2             48  com.goide.inspections.GoNameStartsWithPackageNameInspection
10335:             2             48  com.goide.inspections.GoPreferNilSliceInspection
10336:             2             48  com.goide.inspections.GoPrintFunctionsInspection
10337:             2             48  com.goide.inspections.GoReceiverNamesInspection
10338:             2             48  com.goide.inspections.GoRedundantBlankArgInRangeInspection
10339:             2             48  com.goide.inspections.GoRedundantCommaInspection
10340:             2             48  com.goide.inspections.GoRedundantConversionInspection
10341:             2             48  com.goide.inspections.GoRedundantElseInIfInspection
10342:             2             48  com.goide.inspections.GoRedundantImportAliasInspection
10343:             2             48  com.goide.inspections.GoRedundantParensInspection
10344:             2             48  com.goide.inspections.GoRedundantSecondIndexInSlicesInspection
10345:             2             48  com.goide.inspections.GoRedundantSemicolonInspection
10346:             2             48  com.goide.inspections.GoRedundantTrueInForConditionInspection
10347:             2             48  com.goide.inspections.GoRedundantTypeDeclInCompositeLit
10348:             2             48  com.goide.inspections.GoReservedWordUsedAsNameInspection
10349:             2             48  com.goide.inspections.GoSelfAssignmentInspection
10350:             2             48  com.goide.inspections.GoShadowedVarInspection
10351:             2             48  com.goide.inspections.GoSnakeCaseUsageInspection
10352:             2             48  com.goide.inspections.GoStringsReplaceCountInspection
10353:             2             48  com.goide.inspections.GoStructInitializationWithoutFieldNamesInspection
10354:             2             48  com.goide.inspections.GoSwitchMissingCasesForIotaConstsInspection
10355:             2             48  com.goide.inspections.GoTypeAssertionOnErrorsInspection
10356:             2             48  com.goide.inspections.GoTypeParameterInLowerCaseInspection
10357:             2             48  com.goide.inspections.GoUnhandledErrorResultInspection
10358:             2             48  com.goide.inspections.GoUnitSpecificDurationSuffixInspection
10359:             2             48  com.goide.inspections.GoUnreachableCodeInspection
10360:             2             48  com.goide.inspections.GoUnsortedImportInspection
10361:             2             48  com.goide.inspections.GoVarAndConstTypeMayBeOmittedInspection
10362:             2             48  com.goide.inspections.GoVetStructTagInspection
10363:             2             48  com.goide.inspections.core.GoCallableDescriptorMap
10364:             2             48  com.goide.inspections.core.GoInspectionProblemUtil$1
10365:             2             48  com.goide.inspections.fmtstring.PrintfFuncsState
10366:             2             48  com.goide.inspections.godebug.GoDebugDirectiveInspection
10367:             2             48  com.goide.inspections.godebug.GoDebugMinGoSdkVersionInspection
10368:             2             48  com.goide.inspections.imports.DfsNodeState
10369:             2             48  com.goide.inspections.imports.GoCyclicImportsInspection
10370:             2             48  com.goide.inspections.unresolved.GoDisabledGopathIndexingInspection
10371:             2             48  com.goide.inspections.unresolved.GoUnusedConstInspection
10372:             2             48  com.goide.inspections.unresolved.GoUnusedExportedFunctionInspection
10373:             2             48  com.goide.inspections.unresolved.GoUnusedExportedTypeInspection
10374:             2             48  com.goide.inspections.unresolved.GoUnusedFunctionInspection
10375:             2             48  com.goide.inspections.unresolved.GoUnusedGlobalVariableInspection
10376:             2             48  com.goide.inspections.unresolved.GoUnusedParameterInspection
10377:             2             48  com.goide.inspections.unresolved.GoUnusedTypeInspection
10378:             2             48  com.goide.inspections.unresolved.GoUnusedTypeParameterInspection
10379:             2             48  com.goide.inspections.vet.GoErrorsAsInspection
10380:             2             48  com.goide.inspections.vet.GoShiftInspection
10381:             2             48  com.goide.inspections.vet.GoStandardMethodsInspection
10382:             2             48  com.goide.inspections.vet.GoTestNameInspection
10383:             2             48  com.goide.inspections.vet.GoVetAtomicInspection
10384:             2             48  com.goide.inspections.vet.GoVetCopyLockInspection
10385:             2             48  com.goide.inspections.vet.GoVetFailNowInNotTestGoroutineInspection
10386:             2             48  com.goide.inspections.vet.GoVetImpossibleInterfaceToInterfaceAssertionInspection
10387:             2             48  com.goide.inspections.vet.GoVetIntToStringConversionInspection
10388:             2             48  com.goide.inspections.vet.GoVetLostCancelInspection
10389:             2             48  com.goide.inspections.vet.GoVetUnmarshalInspection
10390:             2             48  com.goide.inspections.vet.GoVetUnsafePointerInspection
10391:             2             48  com.goide.intentions.GoCreateFieldGetterIntention
10392:             2             48  com.goide.intentions.GoCreateFieldGetterSetterIntention
10393:             2             48  com.goide.intentions.GoCreateFieldSetterIntention
10394:             2             48  com.goide.intentions.GoGenerateMethodIntention
10395:             2             48  com.goide.intentions.GoGenerateStructFieldsFromJsonIntention
10396:             2             48  com.goide.intentions.GoGenerateTypeFromJsonIntention
10397:             2             48  com.goide.intentions.fmtstring.GoPrintfFuncIntentionBase$Operation
10398:             2             48  com.goide.intentions.generate.constructor.GoGenerateConstructorIntention
10399:             1             48  com.goide.lexer._GoLexer
10400:             3             48  com.goide.microservices.declarations.GoDeclarationPatternsKt$$Lambda/0x00000098046fada8
10401:             2             48  com.goide.microservices.declarations.GoDeclarationPatternsKt$fieldInitializer$1
10402:             1             48  com.goide.postfix.GoElseStatementPostfixTemplate
10403:             1             48  com.goide.postfix.GoIfStatementPostfixTemplate
10404:             1             48  com.goide.postfix.GoNilIfConditionWithEmptyBlockPostfixTemplate
10405:             1             48  com.goide.postfix.GoNilStatementPostfixTemplate
10406:             1             48  com.goide.postfix.GoParPostfixTemplate
10407:             3             48  com.goide.postfix.GoPostfixTemplateExpressionCondition$GoAssignableSlice
10408:             3             48  com.goide.postfix.GoPostfixTemplateExpressionCondition$GoComparableToNil
10409:             3             48  com.goide.postfix.GoPostfixTemplateExpressionCondition$GoEmptyBlockIfConditionExpression
10410:             3             48  com.goide.postfix.GoPostfixTemplateExpressionCondition$GoExpressionWithErrorResult
10411:             3             48  com.goide.postfix.GoPostfixTemplateExpressionCondition$GoStringExpression
10412:             1             48  com.goide.postfix.GoRemovePostfixTemplate
10413:             3             48  com.goide.project.GoLibrariesState
10414:             2             48  com.goide.project.GoModuleSettings
10415:             2             48  com.goide.project.GoProjectLibrariesService$GoProjectLibrariesState
10416:             2             48  com.goide.project.GoScopesProvider$GoProjectAndVendorScope$1
10417:             3             48  com.goide.psi.GoResolveCache
10418:             2             48  com.goide.psi.impl.GoDeferStatementImpl
10419:             2             48  com.goide.psi.impl.GoFunctionLitImpl
10420:             2             48  com.goide.psi.impl.GoMapTypeImpl
10421:             2             48  com.goide.psi.impl.GoPackageClauseImpl
10422:             3             48  com.goide.psi.impl.GoPsiImplUtil$$Lambda/0x00000098049807d0
10423:             2             48  com.goide.psi.impl.GoTypeIdenticalCache$Flags
10424:             2             48  com.goide.quickfix.GoNavigateToQuickFix
10425:             2             48  com.goide.quickfix.GoRenameQuickFix
10426:             2             48  com.goide.sdk.combobox.GoSdkList
10427:             1             48  com.goide.sdk.download.GoDownloadSdkService$1
10428:             3             48  com.goide.statistics.errors.GoErrorRegexDictionary
10429:             2             48  com.goide.template.GoTemplateImplUtil$GoTemplateReferenceTokenType
10430:             3             48  com.goide.util.GoCommandLineParameter$StringParameter
10431:             2             48  com.goide.vgo.VgoIntegrationManager
10432:             2             48  com.goide.vgo.VgoStatusTracker$ModuleCacheUpdatesListener
10433:             2             48  com.goide.vgo.VgoStatusTracker$VgoUpdateProgressManager
10434:             2             48  com.goide.vgo.configuration.VgoProjectSettings
10435:             2             48  com.goide.vgo.configuration.VgoSettings
10436:             1             48  com.goide.vgo.mod.psi.stub.VgoFileStub
10437:             2             48  com.goide.vgo.mod.quickfix.VgoModuleDownloader
10438:             1             48  com.goide.vgo.project.workspaceModel.VgoWorkspaceModelAsyncChangeListener$subscribe$1
10439:             2             48  com.goide.vgo.project.workspaceModel.entities.impl.VgoModuleCacheDirectoryEntityData
10440:             2             48  com.goide.vgo.sdk.VgoToolchainService
10441:             3             48  com.google.api.client.http.javanet.DefaultConnectionFactory
10442:             1             48  com.google.api.services.cloudcode_pa.v1internal.model.Citation
10443:             1             48  com.google.api.services.cloudcode_pa.v1internal.model.ListExperimentsResponse
10444:             1             48  com.google.api.services.cloudcode_pa.v1internal.model.ReleaseChannel
10445:             1             48  com.google.cloud.developerexperience.cloudcode.intellij.auth.OAuthDataStore
10446:             2             48  com.google.cloud.tools.intellij.analytics.IdeSessionIndex
10447:             2             48  com.google.common.collect.ConcurrentHashMultiset
10448:             1             48  com.google.common.collect.HashMultimap
10449:             1             48  com.google.common.collect.SingletonImmutableBiMap
10450:             2             48  com.google.gson.FormattingStyle
10451:             2             48  com.google.gson.internal.bind.TypeAdapters$32
10452:             2             48  com.google.protobuf.ProtoSyntax
10453:             2             48  com.google.protobuf.Writer$FieldOrder
10454:             1             48  com.google.tools.intellij.aiplugin.AiPluginModelProvider$1
10455:             1             48  com.google.tools.intellij.aiplugin.CaicProjectServiceImpl$1
10456:             1             48  com.google.tools.intellij.aiplugin.analytics.AiPluginCodeEditedListener$onCodeEdited$1$1
10457:             2             48  com.google.tools.intellij.aiplugin.experimentation.ExperimentationFlagsServiceKt$valueUpdates$$inlined$map$1
10458:             2             48  com.google.tools.intellij.aiplugin.experimentation.ExperimentationFlagsServiceKt$valueUpdates$$inlined$map$1$2
10459:             3             48  com.google.tools.intellij.aiplugin.onboarding.AiPluginOnboardingProvider
10460:             1             48  com.google.tools.intellij.aiplugin.onboarding.AiPluginOnboardingState$2
10461:             2             48  com.google.tools.intellij.aiplugin.state.GcpProjectSettings
10462:             2             48  com.google.tools.intellij.aiplugin.tier.UserTierService$Companion$LoadCodeAssistMode
10463:             1             48  com.google.tools.intellij.aiplugin.transform.AiPluginTransformSlashCommand$DocumentSlashCommand
10464:             1             48  com.google.tools.intellij.aiplugin.transform.AiPluginTransformSlashCommand$FinishChangesSlashCommand
10465:             1             48  com.google.tools.intellij.aiplugin.transform.AiPluginTransformSlashCommand$FixSlashCommand
10466:             1             48  com.google.tools.intellij.aiplugin.transform.AiPluginTransformSlashCommand$GenerateSlashCommand
10467:             1             48  com.google.tools.intellij.aiplugin.transform.AiPluginTransformSlashCommand$OutlinesSlashCommand
10468:             1             48  com.google.tools.intellij.aiplugin.transform.AiPluginTransformSlashCommand$SimplifySlashCommand
10469:             3             48  com.google.tools.intellij.aiplugin.transform.discover.FinishChangesDiscoverabilityEditorInlay$1
10470:             2             48  com.ibm.icu.impl.CacheValue$Strength
10471:             2             48  com.ibm.icu.impl.CurrencyData$CurrencySpacingInfo
10472:             1             48  com.ibm.icu.impl.ICUCurrencyDisplayInfoProvider$ICUCurrencyDisplayInfo
10473:             2             48  com.ibm.icu.impl.Trie2$ValueWidth
10474:             2             48  com.ibm.icu.impl.number.range.StandardPluralRanges
10475:             2             48  com.ibm.icu.number.NumberFormatter$DecimalSeparatorDisplay
10476:             2             48  com.ibm.icu.number.NumberFormatter$RoundingPriority
10477:             2             48  com.ibm.icu.number.Precision$CurrencyRounderImpl
10478:             1             48  com.ibm.icu.number.Precision$FracSigRounderImpl
10479:             2             48  com.ibm.icu.text.PluralRules
10480:             2             48  com.ibm.icu.text.PluralRules$PluralType
10481:             2             48  com.ibm.icu.text.PluralRules$RuleList
10482:             2             48  com.ibm.icu.text.PluralRules$SampleType
10483:             1             48  com.ibm.icu.util.CodePointTrie$Small16
10484:             2             48  com.ibm.icu.util.CodePointTrie$Type
10485:             2             48  com.ibm.icu.util.Currency$CurrencyUsage
10486:             2             48  com.ibm.icu.util.ULocale$Category
10487:             1             48  com.intellij.application.options.codeStyle.cache.TooFrequentCodeStyleComputationWatcher
10488:             1             48  com.intellij.aqua.runners.cypress.CypressRunConfiguration
10489:             1             48  com.intellij.aqua.runners.cypress.CypressRunSettings
10490:             1             48  com.intellij.aqua.runners.playwright.js.PlaywrightRunConfiguration
10491:             1             48  com.intellij.aqua.runners.playwright.js.PlaywrightRunSettings
10492:             2             48  com.intellij.aqua.runners.playwright.js.duration.TestDurationInlayService
10493:             2             48  com.intellij.codeInsight.actions.onSave.FormatOnSaveOptions$State
10494:             2             48  com.intellij.codeInsight.actions.onSave.OptimizeImportsOnSaveOptions$State
10495:             2             48  com.intellij.codeInsight.codeVision.ui.model.RangeCodeVisionModel$InlayState
10496:             2             48  com.intellij.codeInsight.completion.CompletionContext
10497:             2             48  com.intellij.codeInsight.completion.CompositeDeclarativeInsertHandler
10498:             2             48  com.intellij.codeInsight.completion.DeclarativeInsertHandler$RelativeTextEdit
10499:             2             48  com.intellij.codeInsight.completion.NextParameterHandler
10500:             2             48  com.intellij.codeInsight.completion.command.configuration.AppCommandCompletionSettings
10501:             2             48  com.intellij.codeInsight.completion.impl.CompletionPhaseHolder
10502:             2             48  com.intellij.codeInsight.daemon.impl.DaemonListeners$12
10503:             2             48  com.intellij.codeInsight.daemon.impl.DaemonListeners$7
10504:             2             48  com.intellij.codeInsight.daemon.impl.DaemonListeners$MyAnActionListener
10505:             2             48  com.intellij.codeInsight.daemon.impl.DocumentAfterCommitListener$1
10506:             2             48  com.intellij.codeInsight.daemon.impl.DocumentAfterCommitListener$2
10507:             2             48  com.intellij.codeInsight.daemon.impl.FileStatusMap
10508:             3             48  com.intellij.codeInsight.daemon.impl.GeneralHighlightingPassFactory
10509:             3             48  com.intellij.codeInsight.daemon.impl.HighlightInfoUpdaterImpl$2
10510:             2             48  com.intellij.codeInsight.daemon.impl.HighlightInfoUpdaterImpl$WhatTool
10511:             2             48  com.intellij.codeInsight.daemon.impl.HighlightVisitorBasedInspection
10512:             2             48  com.intellij.codeInsight.daemon.impl.IdentifierOccurrence
10513:             2             48  com.intellij.codeInsight.daemon.impl.MultiverseFileStatusMapState
10514:             2             48  com.intellij.codeInsight.daemon.impl.PassExecutorService
10515:             3             48  com.intellij.codeInsight.daemon.impl.SeverityRegistrar$$Lambda/0x0000009802eaa6c0
10516:             2             48  com.intellij.codeInsight.daemon.impl.WolfListeners
10517:             2             48  com.intellij.codeInsight.daemon.impl.analysis.HighlightingSettingsPerFile
10518:             2             48  com.intellij.codeInsight.daemon.impl.analysis.HtmlUnknownAnchorTargetInspection
10519:             2             48  com.intellij.codeInsight.daemon.impl.analysis.HtmlUnknownTargetInspection
10520:             2             48  com.intellij.codeInsight.daemon.impl.analysis.XmlDefaultAttributeValueInspection
10521:             2             48  com.intellij.codeInsight.daemon.impl.analysis.XmlDeprecatedElementInspection
10522:             2             48  com.intellij.codeInsight.daemon.impl.analysis.XmlHighlightVisitorBasedInspection
10523:             2             48  com.intellij.codeInsight.daemon.impl.analysis.XmlPathReferenceInspection
10524:             2             48  com.intellij.codeInsight.daemon.impl.analysis.XmlUnboundNsPrefixInspection
10525:             2             48  com.intellij.codeInsight.daemon.impl.analysis.XmlUnresolvedReferenceInspection
10526:             2             48  com.intellij.codeInsight.daemon.impl.analysis.XmlUnusedNamespaceInspection
10527:             1             48  com.intellij.codeInsight.documentation.render.ToggleRenderedDocPresentationAction
10528:             1             48  com.intellij.codeInsight.editorActions.BraceOrQuoteOutAction
10529:             1             48  com.intellij.codeInsight.editorActions.MatchBraceAction
10530:             1             48  com.intellij.codeInsight.editorActions.moveLeftRight.MoveElementLeftAction
10531:             2             48  com.intellij.codeInsight.editorActions.moveLeftRight.MoveElementLeftRightActionHandler
10532:             1             48  com.intellij.codeInsight.editorActions.moveLeftRight.MoveElementRightAction
10533:             1             48  com.intellij.codeInsight.editorActions.moveUpDown.MoveLineDownAction
10534:             2             48  com.intellij.codeInsight.editorActions.moveUpDown.MoveLineHandler
10535:             1             48  com.intellij.codeInsight.editorActions.moveUpDown.MoveLineUpAction
10536:             1             48  com.intellij.codeInsight.editorActions.moveUpDown.MoveStatementDownAction
10537:             2             48  com.intellij.codeInsight.editorActions.moveUpDown.MoveStatementHandler
10538:             1             48  com.intellij.codeInsight.editorActions.moveUpDown.MoveStatementUpAction
10539:             1             48  com.intellij.codeInsight.editorActions.smartEnter.SmartEnterAction
10540:             2             48  com.intellij.codeInsight.folding.CodeFoldingSettingsImpl
10541:             1             48  com.intellij.codeInsight.folding.impl.UpdateFoldRegionsOperation
10542:             1             48  com.intellij.codeInsight.folding.impl.actions.CollapseAllRegionsAction
10543:             1             48  com.intellij.codeInsight.folding.impl.actions.CollapseRegionAction
10544:             1             48  com.intellij.codeInsight.folding.impl.actions.CollapseRegionRecursivelyAction
10545:             1             48  com.intellij.codeInsight.folding.impl.actions.ExpandAllRegionsAction
10546:             1             48  com.intellij.codeInsight.folding.impl.actions.ExpandAllToLevel1Action
10547:             1             48  com.intellij.codeInsight.folding.impl.actions.ExpandAllToLevel2Action
10548:             1             48  com.intellij.codeInsight.folding.impl.actions.ExpandAllToLevel3Action
10549:             1             48  com.intellij.codeInsight.folding.impl.actions.ExpandAllToLevel4Action
10550:             1             48  com.intellij.codeInsight.folding.impl.actions.ExpandAllToLevel5Action
10551:             1             48  com.intellij.codeInsight.folding.impl.actions.ExpandCollapseToggleAction
10552:             1             48  com.intellij.codeInsight.folding.impl.actions.ExpandRegionAction
10553:             1             48  com.intellij.codeInsight.folding.impl.actions.ExpandRegionRecursivelyAction
10554:             1             48  com.intellij.codeInsight.folding.impl.actions.ExpandToLevel1Action
10555:             1             48  com.intellij.codeInsight.folding.impl.actions.ExpandToLevel2Action
10556:             1             48  com.intellij.codeInsight.folding.impl.actions.ExpandToLevel3Action
10557:             1             48  com.intellij.codeInsight.folding.impl.actions.ExpandToLevel4Action
10558:             1             48  com.intellij.codeInsight.folding.impl.actions.ExpandToLevel5Action
10559:             1             48  com.intellij.codeInsight.hint.actions.NextParameterAction
10560:             2             48  com.intellij.codeInsight.hints.codeVision.CodeVisionFusCollector$Refactorings
10561:             1             48  com.intellij.codeInsight.hints.codeVision.DaemonBoundCodeVisionProviderFactory$createProviders$1
10562:             3             48  com.intellij.codeInsight.hints.presentation.LineCenteredInset$$Lambda/0x0000009804d175b0
10563:             3             48  com.intellij.codeInsight.hints.presentation.LineCenteredInset$$Lambda/0x0000009804d17808
10564:             3             48  com.intellij.codeInsight.hints.presentation.PresentationRenderer
10565:             3             48  com.intellij.codeInsight.hints.presentation.ScaledInsetPresentation$$Lambda/0x0000009804d164c8
10566:             3             48  com.intellij.codeInsight.hints.presentation.ScaledInsetPresentation$$Lambda/0x0000009804d16dc8
10567:             3             48  com.intellij.codeInsight.hints.presentation.WithAttributesPresentation$AttributesFlags
10568:             1             48  com.intellij.codeInsight.inline.completion.CallInlineCompletionAction
10569:             1             48  com.intellij.codeInsight.inline.completion.InsertInlineCompletionAction
10570:             1             48  com.intellij.codeInsight.inline.completion.InsertInlineCompletionLineAction
10571:             1             48  com.intellij.codeInsight.inline.completion.InsertInlineCompletionWordAction
10572:             2             48  com.intellij.codeInsight.inline.completion.listeners.InlineSessionWiseCaretListener$Mode
10573:             1             48  com.intellij.codeInsight.inline.completion.logs.statistics.AcceptanceRateFactorsComponent$State
10574:             3             48  com.intellij.codeInsight.inline.completion.onboarding.InlineCompletionOnboardingListener$State
10575:             3             48  com.intellij.codeInsight.inline.completion.render.InlineCompletionSoftWrapManager$$Lambda/0x0000009804f60248
10576:             2             48  com.intellij.codeInsight.inline.completion.render.InlineCompletionTextRenderManager$Renderer$RenderState
10577:             2             48  com.intellij.codeInsight.inline.completion.tooltip.onboarding.InlineCompletionOnboardingComponent
10578:             2             48  com.intellij.codeInsight.intention.IntentionActionWithOptions$CombiningPolicy
10579:             1             48  com.intellij.codeInsight.intention.impl.IntentionActionWithTextCaching
10580:             1             48  com.intellij.codeInsight.intention.impl.IntentionHintComponent$IntentionPopup
10581:             2             48  com.intellij.codeInsight.intention.preview.IntentionPreviewInfo$InfoKind
10582:             2             48  com.intellij.codeInsight.lookup.LookupPositionStrategy
10583:             2             48  com.intellij.codeInsight.lookup.impl.LocalClientLookupManager
10584:             2             48  com.intellij.codeInsight.lookup.impl.LookupManagerImpl
10585:             1             48  com.intellij.codeInsight.lookup.impl.actions.ChooseItemAction$FocusedOnly
10586:             2             48  com.intellij.codeInsight.lookup.impl.actions.ChooseItemAction$Handler
10587:             1             48  com.intellij.codeInsight.lookup.impl.actions.ChooseItemAction$Replacing
10588:             2             48  com.intellij.codeInsight.multiverse.EditorContextManagerImpl
10589:             3             48  com.intellij.codeInsight.template.TextResult
10590:             1             48  com.intellij.codeInsight.template.emmet.actions.GoToEditPointAction$Backward
10591:             1             48  com.intellij.codeInsight.template.emmet.actions.GoToEditPointAction$Forward
10592:             1             48  com.intellij.codeInsight.template.impl.TemplateSettings
10593:             2             48  com.intellij.codeInsight.template.impl.TemplateSettings$State
10594:             1             48  com.intellij.codeInsight.template.impl.actions.NextVariableAction
10595:             1             48  com.intellij.codeInsight.template.impl.editorActions.ExpandLiveTemplateByTabAction
10596:             2             48  com.intellij.codeInspection.EmptyDirectoryInspection
10597:             2             48  com.intellij.codeInspection.LossyEncodingInspection
10598:             2             48  com.intellij.codeInspection.ReassignedToPlainTextInspection
10599:             1             48  com.intellij.codeInspection.actions.RunInspectionAction
10600:             3             48  com.intellij.codeInspection.ex.ApplicationInspectionProfileManagerKt$$Lambda/0x0000009802f5c618
10601:             2             48  com.intellij.codeInspection.ex.InspectionProfileImpl$1
10602:             2             48  com.intellij.codeInspection.htmlInspections.HtmlExtraClosingTagInspection
10603:             2             48  com.intellij.codeInspection.htmlInspections.HtmlWrongAttributeValueInspection
10604:             2             48  com.intellij.codeInspection.htmlInspections.RequiredAttributesInspection
10605:             2             48  com.intellij.codeInspection.htmlInspections.XmlWrongRootElementInspection
10606:             2             48  com.intellij.codeWithMe.ClientId$AbsenceBehavior
10607:             1             48  com.intellij.collaboration.api.httpclient.InflatedStreamReadingBodyHandler$apply$subscriber$1
10608:             2             48  com.intellij.collaboration.async.CoroutineUtilKt$mapState$$inlined$map$1
10609:             2             48  com.intellij.collaboration.async.CoroutineUtilKt$mapState$$inlined$map$1$2
10610:             2             48  com.intellij.collaboration.auth.PasswordSafeCredentialsRepository
10611:             2             48  com.intellij.completion.ml.settings.CompletionMLRankingSettings$State
10612:             2             48  com.intellij.concurrency.JobLauncherImpl$VoidForkJoinTask$Status
10613:             2             48  com.intellij.configurationScript.ConfigurationFileManager
10614:             2             48  com.intellij.configurationScript.inspection.ExternallyConfigurableProjectInspectionProfileManager$$Lambda/0x0000009802eb8c00
10615:             2             48  com.intellij.configurationStore.ProjectIdManagerImpl
10616:             1             48  com.intellij.configurationStore.SaveAndSyncHandlerImpl$1$3
10617:             3             48  com.intellij.configurationStore.StoreReloadManagerImpl$2
10618:             2             48  com.intellij.configurationStore.statistic.eventLog.SettingsValueValidator
10619:             1             48  com.intellij.copyright.CopyrightManager
10620:             3             48  com.intellij.core.CoreBundle$$Lambda/0x00000098028ade28
10621:             1             48  com.intellij.core.rwmutex.RWMutexIdeaImpl$mutex$1
10622:             2             48  com.intellij.core.rwmutex.cqs.CancellableQueueSynchronizer$CancellationMode
10623:             2             48  com.intellij.core.rwmutex.cqs.CancellableQueueSynchronizer$ResumeMode
10624:             2             48  com.intellij.coverage.CoverageOptionsProvider$State
10625:             2             48  com.intellij.credentialStore.Credentials
10626:             2             48  com.intellij.database.DataBus
10627:             2             48  com.intellij.database.DataBus$1
10628:             1             48  com.intellij.database.DbModelRegistry$models$1
10629:             1             48  com.intellij.database.DbModelRegistry$roots$1
10630:             2             48  com.intellij.database.console.migration.ConsolesMigrationManagerImpl
10631:             3             48  com.intellij.database.console.migration.ConsolesMigrationStorage$State
10632:             2             48  com.intellij.database.console.runConfiguration.DatabaseScriptRunConfigurationOptions$Mode
10633:             2             48  com.intellij.database.console.session.DatabaseSessionManager$ProjectSessions
10634:             3             48  com.intellij.database.dataSource.DataSourceModelStorageImpl$$Lambda/0x0000009802ee06e0
10635:             2             48  com.intellij.database.dataSource.DataSourceModelStorageImpl$createSavingListener$SavingListener
10636:             3             48  com.intellij.database.dataSource.DataSourceStorage$$Lambda/0x0000009802e68930
10637:             3             48  com.intellij.database.dataSource.DbSourceSetContributor$$Lambda/0x000000980325e000
10638:             2             48  com.intellij.database.dataSource.LocalDataSourceManager
10639:             1             48  com.intellij.database.dataSource.srcStorage.DbSrcChangesTrackerApplication
10640:             2             48  com.intellij.database.dataSource.srcStorage.DbSrcFileSystem$MyDataSourceUpdater
10641:             2             48  com.intellij.database.datagrid.GridWidget$2
10642:             2             48  com.intellij.database.datagrid.GridWidget$3
10643:             3             48  com.intellij.database.dialects.base.TypeHelper$MySQLTypeHelper
10644:             2             48  com.intellij.database.dialects.mysql.MysqlDialect
10645:             2             48  com.intellij.database.dialects.redshift.RsDialect
10646:             2             48  com.intellij.database.psi.DbPsiFacadeImpl$State
10647:             1             48  com.intellij.database.run.actions.DebugRoutineAction
10648:             2             48  com.intellij.database.settings.DataGridAppearanceSettings$BooleanMode
10649:             2             48  com.intellij.database.settings.DatabaseSettings$ContextTemplateTarget
10650:             2             48  com.intellij.diagnostic.IdeMessagePanel$1
10651:             1             48  com.intellij.diagnostic.PerformanceWatcherImpl$startEdtSampling$1
10652:             1             48  com.intellij.diagnostic.PluginException
10653:             2             48  com.intellij.diff.impl.DiffSettingsHolder$SharedSettings
10654:             2             48  com.intellij.diff.impl.DiffSettingsHolder$State
10655:             2             48  com.intellij.diff.tools.util.base.TextDiffSettingsHolder$SharedSettings
10656:             2             48  com.intellij.diff.tools.util.base.TextDiffSettingsHolder$State
10657:             3             48  com.intellij.docker.deployment.DockerRunConfigurationManager$RunManagerListenerImpl
10658:             1             48  com.intellij.docker.dockerFile.ignore.DockerIgnoreLang
10659:             3             48  com.intellij.docker.splitApi.BackendDockerUiRequestsCollector
10660:             3             48  com.intellij.docker.splitApi.DockerRuntimeEventsCollector
10661:             1             48  com.intellij.dupLocator.DuplocateAction
10662:             1             48  com.intellij.dvcs.ignore.IgnoredToExcludedSynchronizerKt$determineIgnoredDirsToExclude$1
10663:             1             48  com.intellij.dvcs.ignore.IgnoredToExcludedSynchronizerKt$determineIgnoredDirsToExclude$3
10664:             2             48  com.intellij.dvcs.repo.rhizome.RepositoryCountUpdater
10665:             1             48  com.intellij.execution.RunContentDescriptorIdType$1
10666:             3             48  com.intellij.execution.actions.ExecutorGroupActionGroup$$Lambda/0x00000098028570f0
10667:             2             48  com.intellij.execution.configuration.EnvironmentVariablesData
10668:             2             48  com.intellij.execution.filters.CompositeFilter
10669:             2             48  com.intellij.execution.filters.Filter$NextAction
10670:             3             48  com.intellij.execution.filters.UrlFilter
10671:             2             48  com.intellij.execution.impl.ConsoleViewImpl$$Lambda/0x00000098055b54c0
10672:             2             48  com.intellij.execution.impl.ConsoleViewImpl$$Lambda/0x00000098055b82f0
10673:             2             48  com.intellij.execution.impl.ConsoleViewImpl$FlushRunnable
10674:             1             48  com.intellij.execution.impl.ConsoleViewImpl$createConsoleActions$switchSoftWrapsAction$1
10675:             2             48  com.intellij.execution.impl.ConsoleViewImpl$initConsoleEditor$mouseListener$1
10676:             2             48  com.intellij.execution.impl.DisposedPsiManagerCheck
10677:             2             48  com.intellij.execution.impl.EditorHyperlinkSupport$1
10678:             2             48  com.intellij.execution.impl.EditorTextDecorationApplierImpl$MyMouseListener
10679:             1             48  com.intellij.execution.impl.ProcessStreamsSynchronizer
10680:             1             48  com.intellij.execution.impl.RunConfigurationFeatureCollector$execute$2
10681:             1             48  com.intellij.execution.impl.RunConfigurationFeatureCollector$execute$3
10682:             3             48  com.intellij.execution.impl.RunConfigurationIconAndInvalidCache
10683:             3             48  com.intellij.execution.impl.RunManagerImpl$$Lambda/0x0000009802e23050
10684:             2             48  com.intellij.execution.lineMarker.RunLineMarkerContributor$Info
10685:             2             48  com.intellij.execution.lineMarker.RunLineMarkerProvider$RunLineMarkerInfo$$Lambda/0x0000009804748290
10686:             3             48  com.intellij.execution.process.AnsiStreamingLexer$AnsiElementType
10687:             3             48  com.intellij.execution.process.AnsiTerminalEmulator$$Lambda/0x00000098042f9be8
10688:             2             48  com.intellij.execution.process.BaseOSProcessHandler$1$$Lambda/0x00000098027bb370
10689:             2             48  com.intellij.execution.process.ProcessWaitFor$$Lambda/0x00000098027b8248
10690:             2             48  com.intellij.execution.process.ProcessWaitFor$$Lambda/0x00000098027b8918
10691:             1             48  com.intellij.execution.runToolbar.RunToolbarState
10692:             2             48  com.intellij.execution.runners.PreferredPlace
10693:             1             48  com.intellij.execution.runners.RunContentBuilder$EmptyWhenDuplicate
10694:             1             48  com.intellij.execution.testframework.sm.runner.history.actions.ImportTestsGroup
10695:             1             48  com.intellij.execution.ui.InactiveStopActionPlaceholder
10696:             1             48  com.intellij.execution.ui.RedesignedRunToolbarWrapper
10697:             2             48  com.intellij.execution.ui.RunConfigurationStartHistory$State
10698:             1             48  com.intellij.execution.ui.RunContentManagerImpl$showRunContent$processAdapter$1
10699:             1             48  com.intellij.execution.ui.RunContentManagerImpl$showRunContent$processAdapter$1$startNotified$3
10700:             2             48  com.intellij.execution.ui.layout.impl.RunnerLayout$General
10701:             1             48  com.intellij.execution.ui.layout.impl.TabImpl$Default
10702:             2             48  com.intellij.externalDependencies.impl.ExternalDependenciesManagerImpl
10703:             1             48  com.intellij.externalProcessAuthHelper.NativeSshAuthService
10704:             1             48  com.intellij.facet.FacetTypeFeatureCollector$execute$2
10705:             1             48  com.intellij.facet.FacetTypeFeatureCollector$execute$3
10706:             2             48  com.intellij.facet.impl.pointers.FacetPointersManagerImpl
10707:             2             48  com.intellij.featureStatistics.fusCollectors.EAPUsageCollector$BuildType
10708:             2             48  com.intellij.filePrediction.features.history.FileHistoryManagerWrapper
10709:             2             48  com.intellij.find.SearchReplaceComponent$3
10710:             2             48  com.intellij.find.SearchReplaceComponent$5
10711:             2             48  com.intellij.find.impl.FindInProjectRecents
10712:             2             48  com.intellij.find.impl.livePreview.SearchResults$Direction
10713:             2             48  com.intellij.formatting.Alignment$Anchor
10714:             3             48  com.intellij.formatting.RangesAssert
10715:             2             48  com.intellij.fullLine.core.utils.common.InlineCompletionHighlightRangesNormalizer$ScanLineEvent$Type
10716:             1             48  com.intellij.go.database.marker.go.GoDbConnectionFunctionDescriptors$sqlConnectionFunctionDescriptor$1
10717:             1             48  com.intellij.go.database.marker.go.GoDbConnectionFunctionDescriptors$sqlxConnectionFunctionDescriptor$1
10718:             2             48  com.intellij.go.frontback.statistics.GoWelcomeScreenTabUsageCollector$PromotionBanner
10719:             2             48  com.intellij.grazie.GrazieConfig$State$Processing
10720:             2             48  com.intellij.grazie.GrazieConfig$Version
10721:             2             48  com.intellij.grazie.ide.TextProblemSeverities$TextHighlightInfoType
10722:             2             48  com.intellij.grazie.ide.inspection.detection.LanguageDetectionInspection
10723:             2             48  com.intellij.grazie.ide.inspection.grammar.GrazieInspection
10724:             3             48  com.intellij.grazie.remote.HunspellDescriptor$$Lambda/0x0000009803e042c0
10725:             3             48  com.intellij.grazie.remote.HunspellDescriptor$$Lambda/0x0000009803e04518
10726:             3             48  com.intellij.grazie.remote.HunspellDescriptor$$Lambda/0x0000009803e04770
10727:             3             48  com.intellij.grazie.remote.HunspellDescriptor$$Lambda/0x0000009803e049c8
10728:             2             48  com.intellij.grazie.spellcheck.GrazieSpellCheckingInspection
10729:             2             48  com.intellij.grazie.spellcheck.SpellCheckingResult
10730:             2             48  com.intellij.grazie.spellcheck.dictionary.WordListAdapter
10731:             2             48  com.intellij.grazie.text.TextContentBuilder
10732:             1             48  com.intellij.history.integration.LocalHistoryImpl
10733:             1             48  com.intellij.html.embedding.BaseHtmlEmbeddedContentProvider$myNamesEqual$1
10734:             2             48  com.intellij.htmltools.codeInspection.htmlInspections.HtmlDeprecatedAttributeInspection
10735:             2             48  com.intellij.htmltools.codeInspection.htmlInspections.HtmlDeprecatedTagInspection
10736:             2             48  com.intellij.htmltools.codeInspection.htmlInspections.HtmlFormInputWithoutLabelInspection
10737:             2             48  com.intellij.htmltools.codeInspection.htmlInspections.HtmlRequiredAltAttributeInspection
10738:             2             48  com.intellij.htmltools.codeInspection.htmlInspections.HtmlRequiredLangAttributeInspection
10739:             2             48  com.intellij.htmltools.codeInspection.htmlInspections.HtmlRequiredTitleElementInspection
10740:             2             48  com.intellij.htmltools.xml.util.CheckImageSizeInspection
10741:             2             48  com.intellij.httpClient.http.request.codeInsight.HttpRequestRequestSeparatorXmlBodyInspection
10742:             3             48  com.intellij.httpClient.http.request.index.HttpRequestFilesInputFilter
10743:             1             48  com.intellij.httpClient.http.request.index.HttpRequestNameIndex$getValueExternalizer$1
10744:             2             48  com.intellij.httpClient.http.request.run.v2.HttpRequestRunLineMarkerV2EnablingListener
10745:             1             48  com.intellij.httpClient.js.http.request.language.HttpClientHandlerJSLanguageDialect
10746:             2             48  com.intellij.ide.CopyPasteDelegator
10747:             2             48  com.intellij.ide.HelpTooltip$MyActionLink$$Lambda/0x0000009803eb27d8
10748:             2             48  com.intellij.ide.IdeEventQueue$$Lambda/0x0000009802d73b08
10749:             2             48  com.intellij.ide.IdeEventQueue$BlockMode
10750:             1             48  com.intellij.ide.RecentProjectsManagerBase$2
10751:             1             48  com.intellij.ide.RecentProjectsManagerBase$projectIconHelper$2
10752:             3             48  com.intellij.ide.RegionUrlMapper$RegionMapping
10753:             2             48  com.intellij.ide.TipsOfTheDayUsagesCollector$DialogType
10754:             1             48  com.intellij.ide.actions.CustomLayoutsActionGroup
10755:             1             48  com.intellij.ide.actions.SearchAgainAction
10756:             1             48  com.intellij.ide.actions.SearchBackAction
10757:             1             48  com.intellij.ide.actions.SelectAllAction
10758:             1             48  com.intellij.ide.actions.WeighingNewActionGroup
10759:             1             48  com.intellij.ide.actions.ui.ideScaleIndicator.IdeScaleIndicatorManager$1$1
10760:             2             48  com.intellij.ide.bookmark.ModificationNotifier
10761:             1             48  com.intellij.ide.bookmark.providers.LineBookmarkProvider$validateAlarm$1
10762:             1             48  com.intellij.ide.browsers.BrowserFamily$1
10763:             1             48  com.intellij.ide.browsers.BrowserFamily$2
10764:             2             48  com.intellij.ide.browsers.StartBrowserSettings
10765:             1             48  com.intellij.ide.browsers.actions.OpenInBrowserBaseGroupAction$OpenInBrowserEditorContextBarGroupAction
10766:             1             48  com.intellij.ide.browsers.actions.OpenInBrowserBaseGroupAction$OpenInBrowserGroupAction
10767:             1             48  com.intellij.ide.browsers.impl.WebBrowserServiceImpl$Companion$getDebuggableUrls$2
10768:             2             48  com.intellij.ide.fileTemplates.impl.FileTemplateManagerImpl$State
10769:             2             48  com.intellij.ide.gdpr.Version
10770:             2             48  com.intellij.ide.impl.ProjectPaneSelectInTarget
10771:             2             48  com.intellij.ide.navigationToolbar.rider.RiderMainToolbarRootPaneManager
10772:             1             48  com.intellij.ide.plugins.InstalledPluginsState
10773:             1             48  com.intellij.ide.project.impl.BaseProjectDirectoriesImpl$1
10774:             3             48  com.intellij.ide.projectView.impl.AbstractProjectViewPane$1
10775:             3             48  com.intellij.ide.projectView.impl.AbstractProjectViewPane$2
10776:             2             48  com.intellij.ide.projectView.impl.AbstractProjectViewPane$3
10777:             1             48  com.intellij.ide.projectView.impl.AbstractProjectViewPaneWithAsyncSupport$1
10778:             1             48  com.intellij.ide.projectView.impl.AsyncProjectViewSupport$1
10779:             2             48  com.intellij.ide.projectView.impl.ProjectViewImpl$1
10780:             2             48  com.intellij.ide.projectView.impl.ProjectViewImpl$10
10781:             2             48  com.intellij.ide.projectView.impl.ProjectViewImpl$11
10782:             2             48  com.intellij.ide.projectView.impl.ProjectViewImpl$12
10783:             2             48  com.intellij.ide.projectView.impl.ProjectViewImpl$13
10784:             2             48  com.intellij.ide.projectView.impl.ProjectViewImpl$14
10785:             2             48  com.intellij.ide.projectView.impl.ProjectViewImpl$15
10786:             2             48  com.intellij.ide.projectView.impl.ProjectViewImpl$16
10787:             2             48  com.intellij.ide.projectView.impl.ProjectViewImpl$17
10788:             2             48  com.intellij.ide.projectView.impl.ProjectViewImpl$18
10789:             2             48  com.intellij.ide.projectView.impl.ProjectViewImpl$2
10790:             2             48  com.intellij.ide.projectView.impl.ProjectViewImpl$3
10791:             2             48  com.intellij.ide.projectView.impl.ProjectViewImpl$4
10792:             2             48  com.intellij.ide.projectView.impl.ProjectViewImpl$6
10793:             2             48  com.intellij.ide.projectView.impl.ProjectViewImpl$7
10794:             2             48  com.intellij.ide.projectView.impl.ProjectViewImpl$8
10795:             2             48  com.intellij.ide.projectView.impl.ProjectViewImpl$9
10796:             2             48  com.intellij.ide.scopeView.ScopePaneSelectInTarget
10797:             2             48  com.intellij.ide.scratch.ScratchesNamedScope$1
10798:             2             48  com.intellij.ide.scratch.workspace.impl.ScratchRootsEntityData
10799:             3             48  com.intellij.ide.ui.IconMapperBean
10800:             2             48  com.intellij.ide.ui.NavBarLocation
10801:             1             48  com.intellij.ide.ui.NotRoamableUiOptions
10802:             2             48  com.intellij.ide.ui.UIDensity
10803:             1             48  com.intellij.ide.ui.customization.CustomActionsSchema
10804:             1             48  com.intellij.ide.ui.customization.CustomizationUtil$PopupComputableActionGroup
10805:             3             48  com.intellij.ide.ui.laf.darcula.ui.DarculaButtonBorder
10806:             3             48  com.intellij.ide.ui.laf.darcula.ui.DarculaComboBoxUI$$Lambda/0x00000098040fb360
10807:             3             48  com.intellij.ide.ui.laf.darcula.ui.DarculaComboBoxUI$CustomComboPopup$MyDelegateRenderer
10808:             1             48  com.intellij.ide.ui.laf.darcula.ui.DarculaEditorPaneUI
10809:             3             48  com.intellij.ide.ui.laf.darcula.ui.DarculaScrollPaneBorder
10810:             2             48  com.intellij.ide.ui.laf.darcula.ui.DarculaTabbedPaneUI$TabStyle
10811:             2             48  com.intellij.ide.util.ProjectPropertyService
10812:             2             48  com.intellij.ide.util.PropertiesComponentBooleanProperty
10813:             2             48  com.intellij.ide.util.treeView.PresentableNodeDescriptor$ColoredFragment
10814:             2             48  com.intellij.ide.util.treeView.TreeState$Match
10815:             1             48  com.intellij.ide.v.R.J
10816:             2             48  com.intellij.ide.v.R.va
10817:             2             48  com.intellij.ide.v.R.vh$$Lambda/0x00000098030104a8
10818:             2             48  com.intellij.indexing.shared.download.SharedIndexConfigurableMode
10819:             1             48  com.intellij.indexing.shared.download.SharedIndexProjectRootsRefreshQueue$1$1
10820:             2             48  com.intellij.indexing.shared.platform.hash.SharedIndexMainContentHashEnumerator
10821:             2             48  com.intellij.indexing.shared.platform.impl.SharedIndexChunk
10822:             1             48  com.intellij.indexing.shared.platform.impl.SharedIndexChunkConfigurationImpl
10823:             3             48  com.intellij.indexing.shared.platform.impl.SharedIndexProjectSettings$SharedIndexProjectSettingsState
10824:             2             48  com.intellij.indexing.shared.platform.impl.StubSharedIndexExtension$StubExternalizerToStableBinary
10825:             2             48  com.intellij.indexing.shared.platform.impl.StubSharedIndexExtension$UsageTrackingEnumerator
10826:             2             48  com.intellij.indexing.shared.ultimate.git.GitHashesProjectService
10827:             2             48  com.intellij.internal.ml.catboost.CatBoostJarCompletionModelProvider$lazyModel$2$1
10828:             1             48  com.intellij.internal.statistic.collectors.fus.fileTypes.ProjectStateObserver$2
10829:             2             48  com.intellij.internal.statistic.collectors.fus.ui.HidpiMode
10830:             2             48  com.intellij.internal.statistic.collectors.fus.ui.NavBarType
10831:             2             48  com.intellij.internal.statistic.collectors.fus.ui.UiType
10832:             2             48  com.intellij.internal.statistic.collectors.fus.ui.VisibilityType
10833:             3             48  com.intellij.internal.statistic.eventLog.AnonymizedIdsCache
10834:             3             48  com.intellij.internal.statistic.eventLog.EventLogFileWriter$$Lambda/0x0000009802903a20
10835:             3             48  com.intellij.internal.statistic.eventLog.EventLogRecorderConfiguration$$Lambda/0x00000098028fd710
10836:             2             48  com.intellij.internal.statistic.eventLog.LocalStatisticsFileEventLogger$FusEvent
10837:             3             48  com.intellij.internal.statistic.eventLog.StatisticsEventLoggerProvider$$Lambda/0x00000098028e14f0
10838:             3             48  com.intellij.internal.statistic.eventLog.StatisticsEventLoggerProvider$$Lambda/0x00000098029077d0
10839:             2             48  com.intellij.internal.statistic.eventLog.connection.metadata.EventLogMetadataUpdateStage
10840:             2             48  com.intellij.internal.statistic.eventLog.dictionary.Dictionary$AccessMode
10841:             1             48  com.intellij.internal.statistic.eventLog.dictionary.FixedSizedBlockDictionary
10842:             2             48  com.intellij.internal.statistic.eventLog.events.EventFields$LanguagesList$1
10843:             2             48  com.intellij.internal.statistic.eventLog.events.FusHistogramBuilder$RoundingDirection
10844:             2             48  com.intellij.internal.statistic.eventLog.events.LongListEventField
10845:             2             48  com.intellij.internal.statistic.eventLog.validator.rules.impl.DictionaryValidationRule
10846:             3             48  com.intellij.internal.statistic.eventLog.validator.storage.persistence.EventLogMetadataSettingsPersistence$EventLogExternalOptions
10847:             2             48  com.intellij.internal.statistic.local.FileTypeUsageLocalSummary
10848:             2             48  com.intellij.internal.statistic.local.LanguageUsageStatisticsProviderImpl
10849:             1             48  com.intellij.internal.statistic.updater.StatisticsJobsScheduler$runEventLogStatisticsService$1
10850:             1             48  com.intellij.internal.statistic.updater.StatisticsJobsSchedulerKt$runValidationRulesUpdate$1
10851:             2             48  com.intellij.javaee.ExternalResourceManagerEx$XMLSchemaVersion
10852:             3             48  com.intellij.javascript.debugger.autoAttach.JSDebuggerWsUrlFilter
10853:             2             48  com.intellij.javascript.debugger.backend.rpc.HostToClientMessagingService
10854:             1             48  com.intellij.javascript.debugger.backend.rpc.HostToClientMessagingService$createSession$1
10855:             1             48  com.intellij.javascript.debugger.backend.rpc.HostToClientMessagingSession$launchConnectionListener$1
10856:             1             48  com.intellij.javascript.debugger.frontend.rpc.HostRequestListenerActivityKt$launchHostRequestListener$1$1
10857:             1             48  com.intellij.javascript.jest.JestRunSettings
10858:             2             48  com.intellij.javascript.library.exclude.JsExcludeManager
10859:             2             48  com.intellij.javascript.nodejs.library.node_modules.NodeModulesDirectoryManager$$Lambda/0x0000009803048e30
10860:             2             48  com.intellij.javascript.nodejs.library.node_modules.NodeModulesLibrariesSnapshot
10861:             1             48  com.intellij.javascript.nodejs.library.node_modules.NodeModulesModelSynchronizer$sync$excludeEntitiesUpToDate$1
10862:             1             48  com.intellij.javascript.nodejs.library.node_modules.NodeModulesModelSynchronizer$sync$libraryEntitiesUpToDate$1
10863:             2             48  com.intellij.javascript.nodejs.npm.NpmManager
10864:             2             48  com.intellij.javascript.nodejs.npm.NpmNodePackage
10865:             2             48  com.intellij.javascript.nodejs.npm.NpmNodePackage$FileKind
10866:             2             48  com.intellij.javascript.nodejs.util.NodePackageDependentValuesLookup$$Lambda/0x0000009804c11308
10867:             1             48  com.intellij.javascript.protractor.ProtractorRunSettings
10868:             1             48  com.intellij.javascript.testing.vitest.VitestRunSettings
10869:             2             48  com.intellij.json.editor.JsonEditorOptions
10870:             2             48  com.intellij.json.navigation.JsonQualifiedNameKind
10871:             2             48  com.intellij.kubernetes.api.PersistentState
10872:             2             48  com.intellij.kubernetes.api.settings.KubernetesApiProjectSettings
10873:             2             48  com.intellij.kubernetes.config.KubernetesProjectSettings
10874:             2             48  com.intellij.kubernetes.helmfile.HelmfileManager
10875:             1             48  com.intellij.kubernetes.splitApi.FrontendKubernetesSynchronizedStateMap$1
10876:             1             48  com.intellij.kubernetes.splitApi.KubernetesClientContextStateKt$observeRefreshingState$1
10877:             3             48  com.intellij.kubernetes.splitApi.SyncPublisher
10878:             2             48  com.intellij.kubernetes.splitApi.SyncPublisher$event$1$$Lambda/0x0000009803f14ff8
10879:             2             48  com.intellij.kubernetes.telepresence.TelepresenceQuitFilter
10880:             2             48  com.intellij.kubernetes.ui.KustomizeYamlModificationListener
10881:             2             48  com.intellij.kubernetes.ui.KustomizeYamlPanelUpdater
10882:             1             48  com.intellij.kubernetes.ui.actions.HelmLintAction
10883:             1             48  com.intellij.kubernetes.ui.actions.HelmUpdateDependenciesAction
10884:             1             48  com.intellij.kubernetes.ui.actions.HelmViewTemplateRenderAction
10885:             2             48  com.intellij.kubernetes.ui.notifications.KubernetesSuggestClusterConfigurationPanel$SubscriptionService
10886:             3             48  com.intellij.kubernetes.util.ConcurrentCopyOnWriteAvlMap
10887:             3             48  com.intellij.kubernetes.util.ConcurrentCopyOnWriteSliceableAvlStorageSet
10888:             2             48  com.intellij.lang.LocalizationState
10889:             3             48  com.intellij.lang.MetaLanguage$1
10890:             2             48  com.intellij.lang.PerFileMappingsBase$MappingValue
10891:             3             48  com.intellij.lang.css.CssDialectPusher
10892:             2             48  com.intellij.lang.documentation.ide.ui.DocumentationUI$ContentKind
10893:             1             48  com.intellij.lang.dtd.DTDLanguage
10894:             1             48  com.intellij.lang.html.HTMLLanguage
10895:             1             48  com.intellij.lang.javascript.JavascriptLanguage
10896:             3             48  com.intellij.lang.javascript.buildTools.base.actions.JsbtShowTasksAction$$Lambda/0x0000009804ac3308
10897:             2             48  com.intellij.lang.javascript.buildTools.grunt.GruntService
10898:             2             48  com.intellij.lang.javascript.buildTools.gulp.GulpService
10899:             2             48  com.intellij.lang.javascript.buildTools.npm.NpmScriptsService
10900:             1             48  com.intellij.lang.javascript.buildTools.npm.rc.NpmRunConfiguration
10901:             1             48  com.intellij.lang.javascript.buildTools.npm.rc.NpmRunSettings
10902:             1             48  com.intellij.lang.javascript.dialects.ECMA6LanguageDialect
10903:             1             48  com.intellij.lang.javascript.dialects.ECMAL4LanguageDialect
10904:             1             48  com.intellij.lang.javascript.dialects.FlowJSLanguageDialect
10905:             1             48  com.intellij.lang.javascript.dialects.TypeScriptJSXLanguageDialect
10906:             1             48  com.intellij.lang.javascript.dialects.TypeScriptLanguageDialect
10907:             2             48  com.intellij.lang.javascript.editor.JSEditorOptions
10908:             1             48  com.intellij.lang.javascript.hints.JSCodeVisionUsageCollector$LOCATION_FIELD$1
10909:             3             48  com.intellij.lang.javascript.index.JSIdIndexer
10910:             3             48  com.intellij.lang.javascript.index.JSTodoIndexer
10911:             2             48  com.intellij.lang.javascript.inspections.JSUnresolvedLibraryURLInspection
10912:             2             48  com.intellij.lang.javascript.library.JSPredefinedLibrariesData$$Lambda/0x00000098032b6b48
10913:             2             48  com.intellij.lang.javascript.library.JSPredefinedLibrariesData$$Lambda/0x00000098032b6da0
10914:             2             48  com.intellij.lang.javascript.library.JSPredefinedLibraryManager
10915:             2             48  com.intellij.lang.javascript.linter.JSLinterEditorNotifications
10916:             2             48  com.intellij.lang.javascript.linter.MyPackageJsonChangeTracker
10917:             2             48  com.intellij.lang.javascript.linter.eslint.EslintInspection
10918:             2             48  com.intellij.lang.javascript.linter.eslint.standardjs.StandardJSInspection
10919:             2             48  com.intellij.lang.javascript.modules.remote.JSRemoteModulesUsagesDetector$ReferencedModulesSnapshot
10920:             3             48  com.intellij.lang.javascript.parsing.modifiers.JSOrderedModifiersStructure
10921:             2             48  com.intellij.lang.javascript.psi.impl.JSPsiImplUtils$NamedEntityKind
10922:             1             48  com.intellij.lang.javascript.psi.types.JSTypeSerializer$10
10923:             1             48  com.intellij.lang.javascript.psi.types.JSTypeSerializer$11
10924:             1             48  com.intellij.lang.javascript.psi.types.JSTypeSerializer$12
10925:             1             48  com.intellij.lang.javascript.psi.types.JSTypeSerializer$13
10926:             1             48  com.intellij.lang.javascript.psi.types.JSTypeSerializer$14
10927:             1             48  com.intellij.lang.javascript.psi.types.JSTypeSerializer$15
10928:             1             48  com.intellij.lang.javascript.psi.types.JSTypeSerializer$17
10929:             1             48  com.intellij.lang.javascript.psi.types.JSTypeSerializer$19
10930:             1             48  com.intellij.lang.javascript.psi.types.JSTypeSerializer$20
10931:             1             48  com.intellij.lang.javascript.psi.types.JSTypeSerializer$21
10932:             1             48  com.intellij.lang.javascript.psi.types.JSTypeSerializer$22
10933:             1             48  com.intellij.lang.javascript.psi.types.JSTypeSerializer$23
10934:             1             48  com.intellij.lang.javascript.psi.types.JSTypeSerializer$24
10935:             1             48  com.intellij.lang.javascript.psi.types.JSTypeSerializer$25
10936:             1             48  com.intellij.lang.javascript.psi.types.JSTypeSerializer$26
10937:             1             48  com.intellij.lang.javascript.psi.types.JSTypeSerializer$27
10938:             1             48  com.intellij.lang.javascript.psi.types.JSTypeSerializer$28
10939:             1             48  com.intellij.lang.javascript.psi.types.JSTypeSerializer$29
10940:             1             48  com.intellij.lang.javascript.psi.types.JSTypeSerializer$3
10941:             1             48  com.intellij.lang.javascript.psi.types.JSTypeSerializer$30
10942:             1             48  com.intellij.lang.javascript.psi.types.JSTypeSerializer$31
10943:             1             48  com.intellij.lang.javascript.psi.types.JSTypeSerializer$32
10944:             1             48  com.intellij.lang.javascript.psi.types.JSTypeSerializer$33
10945:             1             48  com.intellij.lang.javascript.psi.types.JSTypeSerializer$34
10946:             1             48  com.intellij.lang.javascript.psi.types.JSTypeSerializer$35
10947:             1             48  com.intellij.lang.javascript.psi.types.JSTypeSerializer$36
10948:             1             48  com.intellij.lang.javascript.psi.types.JSTypeSerializer$37
10949:             1             48  com.intellij.lang.javascript.psi.types.JSTypeSerializer$38
10950:             1             48  com.intellij.lang.javascript.psi.types.JSTypeSerializer$39
10951:             1             48  com.intellij.lang.javascript.psi.types.JSTypeSerializer$4
10952:             1             48  com.intellij.lang.javascript.psi.types.JSTypeSerializer$40
10953:             1             48  com.intellij.lang.javascript.psi.types.JSTypeSerializer$41
10954:             1             48  com.intellij.lang.javascript.psi.types.JSTypeSerializer$42
10955:             1             48  com.intellij.lang.javascript.psi.types.JSTypeSerializer$43
10956:             1             48  com.intellij.lang.javascript.psi.types.JSTypeSerializer$44
10957:             1             48  com.intellij.lang.javascript.psi.types.JSTypeSerializer$45
10958:             1             48  com.intellij.lang.javascript.psi.types.JSTypeSerializer$46
10959:             1             48  com.intellij.lang.javascript.psi.types.JSTypeSerializer$47
10960:             1             48  com.intellij.lang.javascript.psi.types.JSTypeSerializer$48
10961:             1             48  com.intellij.lang.javascript.psi.types.JSTypeSerializer$49
10962:             1             48  com.intellij.lang.javascript.psi.types.JSTypeSerializer$5
10963:             1             48  com.intellij.lang.javascript.psi.types.JSTypeSerializer$50
10964:             1             48  com.intellij.lang.javascript.psi.types.JSTypeSerializer$51
10965:             1             48  com.intellij.lang.javascript.psi.types.JSTypeSerializer$52
10966:             1             48  com.intellij.lang.javascript.psi.types.JSTypeSerializer$53
10967:             1             48  com.intellij.lang.javascript.psi.types.JSTypeSerializer$54
10968:             1             48  com.intellij.lang.javascript.psi.types.JSTypeSerializer$55
10969:             1             48  com.intellij.lang.javascript.psi.types.JSTypeSerializer$56
10970:             1             48  com.intellij.lang.javascript.psi.types.JSTypeSerializer$57
10971:             1             48  com.intellij.lang.javascript.psi.types.JSTypeSerializer$58
10972:             1             48  com.intellij.lang.javascript.psi.types.JSTypeSerializer$59
10973:             1             48  com.intellij.lang.javascript.psi.types.JSTypeSerializer$60
10974:             1             48  com.intellij.lang.javascript.psi.types.JSTypeSerializer$61
10975:             1             48  com.intellij.lang.javascript.psi.types.JSTypeSerializer$62
10976:             1             48  com.intellij.lang.javascript.psi.types.JSTypeSerializer$63
10977:             1             48  com.intellij.lang.javascript.psi.types.JSTypeSerializer$64
10978:             1             48  com.intellij.lang.javascript.psi.types.JSTypeSerializer$65
10979:             1             48  com.intellij.lang.javascript.psi.types.JSTypeSerializer$66
10980:             1             48  com.intellij.lang.javascript.psi.types.JSTypeSerializer$67
10981:             1             48  com.intellij.lang.javascript.psi.types.JSTypeSerializer$68
10982:             1             48  com.intellij.lang.javascript.psi.types.JSTypeSerializer$69
10983:             1             48  com.intellij.lang.javascript.psi.types.JSTypeSerializer$7
10984:             1             48  com.intellij.lang.javascript.psi.types.JSTypeSerializer$70
10985:             1             48  com.intellij.lang.javascript.psi.types.JSTypeSerializer$71
10986:             1             48  com.intellij.lang.javascript.psi.types.JSTypeSerializer$72
10987:             1             48  com.intellij.lang.javascript.psi.types.JSTypeSerializer$73
10988:             1             48  com.intellij.lang.javascript.psi.types.JSTypeSerializer$74
10989:             1             48  com.intellij.lang.javascript.psi.types.JSTypeSerializer$75
10990:             1             48  com.intellij.lang.javascript.psi.types.JSTypeSerializer$76
10991:             1             48  com.intellij.lang.javascript.psi.types.JSTypeSerializer$77
10992:             1             48  com.intellij.lang.javascript.psi.types.JSTypeSerializer$78
10993:             1             48  com.intellij.lang.javascript.psi.types.JSTypeSerializer$79
10994:             1             48  com.intellij.lang.javascript.psi.types.JSTypeSerializer$8
10995:             1             48  com.intellij.lang.javascript.psi.types.JSTypeSerializer$80
10996:             1             48  com.intellij.lang.javascript.psi.types.JSTypeSerializer$81
10997:             1             48  com.intellij.lang.javascript.psi.types.JSTypeSerializer$82
10998:             1             48  com.intellij.lang.javascript.psi.types.JSTypeSerializer$9
10999:             1             48  com.intellij.lang.javascript.service.ide.JSLanguageServiceEditorListenerBase$1
11000:             2             48  com.intellij.lang.javascript.service.ide.JSLanguageServiceFileEditorListener
11001:             1             48  com.intellij.lang.javascript.template.postfix.JSElseStatementPostfixTemplate
11002:             1             48  com.intellij.lang.javascript.template.postfix.JSIfStatementPostfixTemplate
11003:             1             48  com.intellij.lang.javascript.template.postfix.JSNotNullStatementPostfixTemplate
11004:             1             48  com.intellij.lang.javascript.template.postfix.JSNullStatementPostfixTemplate
11005:             1             48  com.intellij.lang.javascript.template.postfix.JSParenthesizedPostfixTemplate
11006:             1             48  com.intellij.lang.javascript.template.postfix.JSUndefPostfixTemplate
11007:             2             48  com.intellij.lang.javascript.types.JSBlockStatementElementTypeFactory$JSBlockStatementElementTypeKey
11008:             2             48  com.intellij.lang.javascript.types.JSBlockStatementLazyElementType
11009:             2             48  com.intellij.lang.javascript.types.JSReferenceListElementType
11010:             2             48  com.intellij.lang.typescript.compiler.TypeScriptCompilerSettings
11011:             2             48  com.intellij.lang.typescript.compiler.TypeScriptServiceHighlightingPassFactory
11012:             2             48  com.intellij.lang.typescript.compiler.languageService.TypeScriptServerServiceImpl$TypeScriptCompilerServiceEvaluationSupport
11013:             3             48  com.intellij.lang.typescript.lsp.BaseLspTypeScriptService$$Lambda/0x00000098038fa118
11014:             2             48  com.intellij.lang.typescript.settings.exclude.TypeScriptExcludeManager
11015:             1             48  com.intellij.lang.typescript.tsc.gen.SymbolObjectFactory$1
11016:             2             48  com.intellij.lang.typescript.tsconfig.TypeScriptConfigLibraryUpdater
11017:             1             48  com.intellij.lang.xhtml.XHTMLLanguage
11018:             1             48  com.intellij.lang.xml.XMLLanguage
11019:             2             48  com.intellij.largeFilesEditor.encoding.LargeFileEncodingWidget$2
11020:             1             48  com.intellij.lexer.FlexAdapter
11021:             1             48  com.intellij.llmInstaller.AiAutoInstallationManager$execute$3
11022:             1             48  com.intellij.llmInstaller.UtilsKt$dynamicPluginEvents$1
11023:             1             48  com.intellij.microservices.url.references.UrlPksParser$2
11024:             2             48  com.intellij.ml.inline.completion.features.correctness.Severity
11025:             2             48  com.intellij.ml.inline.completion.impl.MLCompletionUxMode
11026:             2             48  com.intellij.ml.inline.completion.impl.configuration.MLCompletionSettings$State
11027:             2             48  com.intellij.ml.inline.completion.impl.control.trigger.TriggerModelState
11028:             2             48  com.intellij.ml.inline.completion.impl.inline.shortcut.InlineShortcutChoiceComponentState
11029:             2             48  com.intellij.ml.inline.completion.impl.relevance.RelevanceModelResponse
11030:             2             48  com.intellij.model.DelegatingPointer$ByValue
11031:             2             48  com.intellij.notification.Notification$CollapseActionsDirection
11032:             2             48  com.intellij.notification.SingletonNotificationManager
11033:             1             48  com.intellij.notification.impl.NotificationsToolWindowFactory$manage$1
11034:             2             48  com.intellij.openapi.actionSystem.ActionUpdateThread
11035:             2             48  com.intellij.openapi.actionSystem.KeyboardGestureAction$ModifierType
11036:             1             48  com.intellij.openapi.actionSystem.SplitButtonAction
11037:             1             48  com.intellij.openapi.actionSystem.ex.InvokeQuickListAction
11038:             3             48  com.intellij.openapi.actionSystem.impl.ActionPopupMenuImpl$MyMenu$$Lambda/0x0000009803326bc0
11039:             3             48  com.intellij.openapi.actionSystem.impl.ActionPopupMenuImpl$MyMenu$$Lambda/0x0000009803327ab8
11040:             2             48  com.intellij.openapi.actionSystem.impl.FloatingToolbar$Companion$$Lambda/0x0000009804d1ac00
11041:             2             48  com.intellij.openapi.actionSystem.impl.FloatingToolbar$HintRequest
11042:             2             48  com.intellij.openapi.actionSystem.impl.PresentationFactory
11043:             2             48  com.intellij.openapi.application.impl.ApplicationImpl$$Lambda/0x000000980291f408
11044:             2             48  com.intellij.openapi.application.impl.EdtDispatcherKind$DefaultModality
11045:             2             48  com.intellij.openapi.application.impl.ExecutionThread
11046:             2             48  com.intellij.openapi.application.impl.NonBlockingFlushQueue$WriteIntentLockMode
11047:             2             48  com.intellij.openapi.application.impl.islands.IslandsUICustomization$$Lambda/0x0000009802ae2f28
11048:             2             48  com.intellij.openapi.application.impl.islands.WindowBackgroundComponentData
11049:             2             48  com.intellij.openapi.client.ClientSessionsManager$$Lambda/0x00000098022bc000
11050:             2             48  com.intellij.openapi.components.Service$Level
11051:             2             48  com.intellij.openapi.components.StateStorageOperation
11052:             2             48  com.intellij.openapi.components.StorageScheme
11053:             3             48  com.intellij.openapi.components.impl.ProjectPathMacroManager$$Lambda/0x0000009802a806e8
11054:             3             48  com.intellij.openapi.components.impl.ProjectPathMacroManager$$Lambda/0x0000009802a80940
11055:             1             48  com.intellij.openapi.diagnostic.FrequentEventDetector
11056:             2             48  com.intellij.openapi.diagnostic.RollingFileHandler$MeteredOutputStream
11057:             1             48  com.intellij.openapi.editor.EditorMouseHoverPopupManager
11058:             1             48  com.intellij.openapi.editor.actions.AddCaretPerSelectedLineAction
11059:             1             48  com.intellij.openapi.editor.actions.BackspaceAction
11060:             2             48  com.intellij.openapi.editor.actions.CaretStopOptions
11061:             2             48  com.intellij.openapi.editor.actions.ConvertIndentsActionBase$Handler
11062:             1             48  com.intellij.openapi.editor.actions.ConvertIndentsToSpacesAction
11063:             1             48  com.intellij.openapi.editor.actions.ConvertIndentsToTabsAction
11064:             1             48  com.intellij.openapi.editor.actions.CopyAction
11065:             1             48  com.intellij.openapi.editor.actions.CutAction
11066:             1             48  com.intellij.openapi.editor.actions.DeleteAction
11067:             1             48  com.intellij.openapi.editor.actions.DuplicateAction
11068:             1             48  com.intellij.openapi.editor.actions.EnterAction
11069:             1             48  com.intellij.openapi.editor.actions.EscapeAction
11070:             1             48  com.intellij.openapi.editor.actions.FindPrevWordAtCaretAction
11071:             1             48  com.intellij.openapi.editor.actions.FindWordAtCaretAction
11072:             2             48  com.intellij.openapi.editor.actions.FindWordAtCaretAction$Handler
11073:             1             48  com.intellij.openapi.editor.actions.IncrementalFindAction
11074:             2             48  com.intellij.openapi.editor.actions.IncrementalFindAction$Handler
11075:             1             48  com.intellij.openapi.editor.actions.JoinLinesAction
11076:             1             48  com.intellij.openapi.editor.actions.LangIndentSelectionAction
11077:             1             48  com.intellij.openapi.editor.actions.MoveCaretDownAction
11078:             1             48  com.intellij.openapi.editor.actions.MoveCaretLeftAction
11079:             2             48  com.intellij.openapi.editor.actions.MoveCaretLeftOrRightHandler
11080:             2             48  com.intellij.openapi.editor.actions.MoveCaretLeftOrRightHandler$Direction
11081:             1             48  com.intellij.openapi.editor.actions.MoveCaretRightAction
11082:             1             48  com.intellij.openapi.editor.actions.MoveCaretUpAction
11083:             2             48  com.intellij.openapi.editor.actions.MoveCaretUpOrDownHandler
11084:             2             48  com.intellij.openapi.editor.actions.MoveCaretUpOrDownHandler$Direction
11085:             1             48  com.intellij.openapi.editor.actions.MoveCaretUpWithSelectionAction
11086:             1             48  com.intellij.openapi.editor.actions.PasteAction
11087:             1             48  com.intellij.openapi.editor.actions.ReplaceAction
11088:             1             48  com.intellij.openapi.editor.actions.ResetFontSizeGlobalAction
11089:             1             48  com.intellij.openapi.editor.actions.ReverseLinesAction
11090:             1             48  com.intellij.openapi.editor.actions.SelectAllOccurrencesAction
11091:             1             48  com.intellij.openapi.editor.actions.SelectNextOccurrenceAction
11092:             1             48  com.intellij.openapi.editor.actions.SelectWordAtCaretAction
11093:             1             48  com.intellij.openapi.editor.actions.SimplePasteAction
11094:             1             48  com.intellij.openapi.editor.actions.SortLinesAction
11095:             1             48  com.intellij.openapi.editor.actions.StartNewLineAction
11096:             1             48  com.intellij.openapi.editor.actions.TabAction
11097:             1             48  com.intellij.openapi.editor.actions.ToggleCaseAction
11098:             1             48  com.intellij.openapi.editor.actions.TransposeAction
11099:             1             48  com.intellij.openapi.editor.actions.UnindentSelectionAction
11100:             1             48  com.intellij.openapi.editor.actions.UnselectPreviousOccurrenceAction
11101:             1             48  com.intellij.openapi.editor.actions.UnselectWordAtCaretAction
11102:             2             48  com.intellij.openapi.editor.actions.lists.JoinOrSplit
11103:             2             48  com.intellij.openapi.editor.colors.impl.EditorColorsManagerImpl$State
11104:             1             48  com.intellij.openapi.editor.impl.CaretImpl$SelectionMarker
11105:             3             48  com.intellij.openapi.editor.impl.EditorMarkupModelImpl$BasicTooltipRendererProvider
11106:             2             48  com.intellij.openapi.editor.impl.softwrap.SoftWrapDrawingType
11107:             2             48  com.intellij.openapi.editor.impl.softwrap.mapping.SoftWrapApplianceManager$IndentType
11108:             2             48  com.intellij.openapi.editor.impl.stickyLines.StickyLinesModel$SourceID
11109:             2             48  com.intellij.openapi.editor.impl.stickyLines.ui.StickyLineComponent$StickyMouseListener
11110:             2             48  com.intellij.openapi.editor.impl.view.CharacterGridImpl
11111:             2             48  com.intellij.openapi.editor.markup.HighlighterTargetArea
11112:             1             48  com.intellij.openapi.editor.richcopy.CopyAsPlainTextAction
11113:             2             48  com.intellij.openapi.editor.richcopy.settings.RichCopySettings
11114:             2             48  com.intellij.openapi.extensions.DefaultPluginDescriptor
11115:             3             48  com.intellij.openapi.extensions.ExtensionPointUtil$$Lambda/0x000000980287e510
11116:             2             48  com.intellij.openapi.externalSystem.autoimport.AutoImportProjectNotificationAware
11117:             1             48  com.intellij.openapi.externalSystem.autoimport.ProjectSettingsTracker$1
11118:             1             48  com.intellij.openapi.externalSystem.autoimport.ProjectSettingsTracker$ProjectListener$onProjectReloadFinish$1$1
11119:             1             48  com.intellij.openapi.externalSystem.autoimport.ProjectSettingsTracker$ProjectListener$onProjectReloadStart$1$1
11120:             1             48  com.intellij.openapi.externalSystem.autoimport.ProjectSettingsTracker$ProjectListener$onSettingsFilesListChange$1$1
11121:             1             48  com.intellij.openapi.externalSystem.autoimport.ProjectSettingsTracker$ProjectSettingsListener$apply$1$1
11122:             1             48  com.intellij.openapi.externalSystem.autoimport.ProjectSettingsTracker$refreshChanges$1$1
11123:             1             48  com.intellij.openapi.externalSystem.autoimport.ProjectStatus$update$newState$1$1
11124:             1             48  com.intellij.openapi.externalSystem.autoimport.ProjectStatus$update$newState$1$11
11125:             1             48  com.intellij.openapi.externalSystem.autoimport.ProjectStatus$update$newState$1$16
11126:             1             48  com.intellij.openapi.externalSystem.autoimport.ProjectStatus$update$newState$1$19
11127:             1             48  com.intellij.openapi.externalSystem.autoimport.ProjectStatus$update$newState$1$4
11128:             1             48  com.intellij.openapi.externalSystem.autoimport.ProjectStatus$update$newState$1$6
11129:             2             48  com.intellij.openapi.externalSystem.autoimport.changes.AsyncFileChangesListener$ModificationData
11130:             2             48  com.intellij.openapi.externalSystem.autolink.ExtensionPointUtilExKt$withEachExtensionSafeAsync$3
11131:             1             48  com.intellij.openapi.externalSystem.autolink.UnlinkedProjectStartupActivity$installProjectRootsScanner$2
11132:             1             48  com.intellij.openapi.externalSystem.configurationStore.ExternalProjectStorage
11133:             2             48  com.intellij.openapi.externalSystem.model.ProjectSystemId
11134:             2             48  com.intellij.openapi.externalSystem.service.project.manage.ExternalSystemRunManagerListener
11135:             2             48  com.intellij.openapi.externalSystem.service.project.manage.ExternalSystemShortcutsManager
11136:             2             48  com.intellij.openapi.externalSystem.service.project.manage.ExternalSystemTaskActivator
11137:             2             48  com.intellij.openapi.externalSystem.service.ui.completion.cache.AsyncLocalCache
11138:             1             48  com.intellij.openapi.externalSystem.statistics.ExternalSystemSettingsCollector
11139:             2             48  com.intellij.openapi.fileEditor.FileDocumentManager$WriteAccessStatus
11140:             3             48  com.intellij.openapi.fileEditor.TextEditorWithPreview$$Lambda/0x0000009804d973c8
11141:             3             48  com.intellij.openapi.fileEditor.TextEditorWithPreview$$Lambda/0x0000009804da2110
11142:             2             48  com.intellij.openapi.fileEditor.TextEditorWithPreview$MyMouseListener
11143:             2             48  com.intellij.openapi.fileEditor.impl.DockableEditorContainerFactory
11144:             2             48  com.intellij.openapi.fileEditor.impl.EditorHistoryManager
11145:             2             48  com.intellij.openapi.fileEditor.impl.EditorHistoryManager$MyEditorManagerListener
11146:             2             48  com.intellij.openapi.fileEditor.impl.EditorTabPainterAdapter
11147:             2             48  com.intellij.openapi.fileEditor.impl.EditorTabbedContainer$$Lambda/0x000000980312e1c8
11148:             2             48  com.intellij.openapi.fileEditor.impl.EditorsSplitters$MyFocusWatcher
11149:             1             48  com.intellij.openapi.fileEditor.impl.FileEditorManagerImpl$4
11150:             1             48  com.intellij.openapi.fileEditor.impl.FileEditorManagerImpl$processFileUpdateRequests$1$1
11151:             2             48  com.intellij.openapi.fileEditor.impl.LoadTextUtil$AutoDetectionReason
11152:             2             48  com.intellij.openapi.fileEditor.impl.TabMouseListener
11153:             2             48  com.intellij.openapi.fileTypes.FileTypeExtensionFactory
11154:             1             48  com.intellij.openapi.fileTypes.impl.AlarmAdapterKt$singleAlarm$1
11155:             2             48  com.intellij.openapi.fileTypes.impl.associate.OSFileAssociationPreferences
11156:             1             48  com.intellij.openapi.keymap.impl.KeyProcessorContext
11157:             1             48  com.intellij.openapi.keymap.impl.KeymapImpl$getActionIdList$2
11158:             1             48  com.intellij.openapi.keymap.impl.KeymapImpl$getActionIds$2
11159:             1             48  com.intellij.openapi.keymap.impl.KeymapImpl$getActionIds$4
11160:             2             48  com.intellij.openapi.keymap.impl.SystemShortcuts$2
11161:             1             48  com.intellij.openapi.keymap.impl.keyGestures.StateContext
11162:             2             48  com.intellij.openapi.module.impl.AutomaticModuleUnloaderImpl
11163:             3             48  com.intellij.openapi.module.impl.UnloadedModulesListStorage
11164:             3             48  com.intellij.openapi.options.newEditor.settings.SettingsFileEditorProvider
11165:             1             48  com.intellij.openapi.progress.impl.ProgressManagerImpl
11166:             2             48  com.intellij.openapi.progress.impl.ProgressRunner$ThreadToUse
11167:             2             48  com.intellij.openapi.project.DumbModeStatisticsCollector$IndexingFinishType
11168:             3             48  com.intellij.openapi.project.DumbServiceAlternativeResolveTracker
11169:             2             48  com.intellij.openapi.project.DumbServiceGuiExecutor$IndexingType
11170:             3             48  com.intellij.openapi.project.DumbServiceImpl$DumbTaskListener
11171:             2             48  com.intellij.openapi.project.DumbServiceVfsBatchListener$1
11172:             2             48  com.intellij.openapi.project.ExternalStorageConfigurationManagerImpl
11173:             3             48  com.intellij.openapi.project.MergingQueueGuiExecutor$$Lambda/0x0000009802e778f0
11174:             3             48  com.intellij.openapi.project.MergingQueueGuiExecutor$SafeExecutorStateListenerWrapper
11175:             2             48  com.intellij.openapi.project.MergingTaskQueue$SubmissionReceipt
11176:             2             48  com.intellij.openapi.projectRoots.impl.UnknownSdkStartupChecker$$Lambda/0x0000009803624a80
11177:             1             48  com.intellij.openapi.roots.impl.LibraryScopeCache
11178:             2             48  com.intellij.openapi.roots.impl.OrderEnumeratorBase$ProcessEntryAction
11179:             2             48  com.intellij.openapi.roots.impl.ProjectFileIndexFacade
11180:             2             48  com.intellij.openapi.roots.impl.ProjectFileIndexImpl
11181:             2             48  com.intellij.openapi.roots.impl.ProjectRootManagerComponent$rootsChangedListener$1
11182:             2             48  com.intellij.openapi.roots.impl.PushedFilePropertiesUpdaterImpl
11183:             2             48  com.intellij.openapi.ui.DialogWrapper$DialogStyle
11184:             3             48  com.intellij.openapi.ui.ThreeComponentsSplitter$MyMouseAdapter
11185:             1             48  com.intellij.openapi.ui.impl.DialogWrapperPeerImpl$MyDialog$1
11186:             2             48  com.intellij.openapi.ui.popup.Balloon$Layer
11187:             2             48  com.intellij.openapi.updateSettings.impl.CustomPluginRepositoriesConfigurationComponent
11188:             2             48  com.intellij.openapi.updateSettings.impl.UpdateChannel$Licensing
11189:             1             48  com.intellij.openapi.updateSettings.impl.pluginsAdvertisement.EnvironmentScanner$hasToolInLocalPath$3
11190:             2             48  com.intellij.openapi.updateSettings.impl.pluginsAdvertisement.PluginAdvertisedByFileName
11191:             2             48  com.intellij.openapi.util.ActionCallback$ExecutedExecutionCallback
11192:             2             48  com.intellij.openapi.util.ActionCallback$IgnoreExecutionCallback
11193:             2             48  com.intellij.openapi.util.BuildNumber
11194:             3             48  com.intellij.openapi.util.Computable$PredefinedValueComputable
11195:             2             48  com.intellij.openapi.util.ExecutionCallback
11196:             2             48  com.intellij.openapi.util.LowMemoryWatcher$LowMemoryWatcherType
11197:             1             48  com.intellij.openapi.util.LowMemoryWatcherManager$ExponentiallySmoothingTracker
11198:             1             48  com.intellij.openapi.util.LowMemoryWatcherManager$LowMemoryEvent
11199:             3             48  com.intellij.openapi.util.NotNullLazyValue$$Lambda/0x0000009802487290
11200:             2             48  com.intellij.openapi.util.NullableLazyKey
11201:             2             48  com.intellij.openapi.util.UnfairTextRange
11202:             2             48  com.intellij.openapi.util.io.ByteArraySequence
11203:             3             48  com.intellij.openapi.util.registry.Registry$Companion$$Lambda/0x0000009803118d88
11204:             1             48  com.intellij.openapi.vcs.ExternallyAddedFilesProcessorImpl$filesChanged$externallyAddedFiles$2
11205:             2             48  com.intellij.openapi.vcs.RemoteDifferenceStrategy
11206:             2             48  com.intellij.openapi.vcs.VcsEnvCustomizer$ExecutableType
11207:             2             48  com.intellij.openapi.vcs.VcsRootError$Type
11208:             2             48  com.intellij.openapi.vcs.VcsType
11209:             2             48  com.intellij.openapi.vcs.annotate.AnnotationsPreloader
11210:             2             48  com.intellij.openapi.vcs.changes.AffectedPathSet
11211:             2             48  com.intellij.openapi.vcs.changes.ChangeListsIndexes
11212:             2             48  com.intellij.openapi.vcs.changes.CompositeFilePathHolder$IgnoredFilesCompositeHolder
11213:             2             48  com.intellij.openapi.vcs.changes.CompositeFilePathHolder$ResolvedFilesCompositeHolder
11214:             2             48  com.intellij.openapi.vcs.changes.CompositeFilePathHolder$UnversionedFilesCompositeHolder
11215:             3             48  com.intellij.openapi.vcs.changes.CurrentContentRevision
11216:             2             48  com.intellij.openapi.vcs.changes.DelayedNotificator
11217:             2             48  com.intellij.openapi.vcs.changes.DirtBuilder
11218:             2             48  com.intellij.openapi.vcs.changes.LogicallyLockedHolder
11219:             2             48  com.intellij.openapi.vcs.changes.TextRevisionNumber
11220:             1             48  com.intellij.openapi.vcs.changes.VcsAnnotationLocalChangesListenerImpl
11221:             2             48  com.intellij.openapi.vcs.changes.VcsDirtyScopeVfsListener
11222:             1             48  com.intellij.openapi.vcs.changes.actions.ScheduleForAdditionWithIgnoredFilesConfirmationAction$collectPathsFromChanges$2
11223:             1             48  com.intellij.openapi.vcs.changes.actions.ScheduleForAdditionWithIgnoredFilesConfirmationAction$collectPathsFromFiles$2
11224:             2             48  com.intellij.openapi.vcs.changes.conflicts.ChangelistConflictTracker$Options
11225:             3             48  com.intellij.openapi.vcs.changes.ignore.IgnoredFileGeneratorImpl$IgnoredFileRootStore$State
11226:             1             48  com.intellij.openapi.vcs.changes.ignore.lang.IgnoreLanguage
11227:             2             48  com.intellij.openapi.vcs.changes.ignore.lang.Syntax
11228:             1             48  com.intellij.openapi.vcs.changes.ignore.lexer.IgnoreLexerAdapter
11229:             2             48  com.intellij.openapi.vcs.changes.shelf.ShelveChangesManager$2
11230:             2             48  com.intellij.openapi.vcs.changes.ui.VcsToolWindowFactory$$Lambda/0x00000098030274f8
11231:             2             48  com.intellij.openapi.vcs.changes.ui.VcsToolWindowFactory$$Lambda/0x0000009803027778
11232:             3             48  com.intellij.openapi.vcs.ex.ChangelistsLocalLineStatusTracker$$Lambda/0x000000980542f758
11233:             3             48  com.intellij.openapi.vcs.ex.ChangelistsLocalLineStatusTracker$MyUndoCommandListener
11234:             3             48  com.intellij.openapi.vcs.ex.ChangelistsLocalLineStatusTracker$MyUndoDocumentListener
11235:             3             48  com.intellij.openapi.vcs.ex.ChangelistsLocalLineStatusTracker$PartialDocumentTrackerHandler
11236:             3             48  com.intellij.openapi.vcs.ex.DocumentTracker$Lock
11237:             3             48  com.intellij.openapi.vcs.ex.DocumentTracker$MyApplicationListener
11238:             3             48  com.intellij.openapi.vcs.ex.LineStatusMarkerRenderer$$Lambda/0x0000009805429d08
11239:             3             48  com.intellij.openapi.vcs.ex.LineStatusMarkerRenderer$2
11240:             3             48  com.intellij.openapi.vcs.ex.LineStatusMarkerRenderer$3
11241:             3             48  com.intellij.openapi.vcs.ex.LineStatusMarkerRendererWithPopup$LineStatusGutterMarkerRendererWithPopup
11242:             3             48  com.intellij.openapi.vcs.ex.LineStatusTrackerBase$MyDocumentTrackerHandler
11243:             3             48  com.intellij.openapi.vcs.ex.LocalLineStatusTracker$Mode
11244:             3             48  com.intellij.openapi.vcs.ex.LocalLineStatusTrackerImpl$1
11245:             3             48  com.intellij.openapi.vcs.ex.LocalLineStatusTrackerImpl$LocalDocumentTrackerHandler
11246:             2             48  com.intellij.openapi.vcs.ex.Range$InnerRange
11247:             2             48  com.intellij.openapi.vcs.impl.ContentRevisionCache$UniqueType
11248:             2             48  com.intellij.openapi.vcs.impl.PartialLineStatusTrackerManagerState
11249:             2             48  com.intellij.openapi.vcs.impl.projectlevelman.FileWatchRequestsManager
11250:             2             48  com.intellij.openapi.vcs.impl.projectlevelman.NewMappings$RootMapping
11251:             2             48  com.intellij.openapi.vcs.merge.MergeConflictManager
11252:             2             48  com.intellij.openapi.vcs.roots.VcsRootDetectorImpl
11253:             2             48  com.intellij.openapi.vcs.roots.VcsRootScanner
11254:             1             48  com.intellij.openapi.vcs.update.CommonUpdateProjectAction
11255:             3             48  com.intellij.openapi.vfs.VirtualFileVisitor$Option
11256:             2             48  com.intellij.openapi.vfs.VirtualFileVisitor$Result
11257:             2             48  com.intellij.openapi.vfs.encoding.EncodingManagerImpl$State
11258:             3             48  com.intellij.openapi.vfs.encoding.EncodingReference
11259:             1             48  com.intellij.openapi.vfs.impl.VirtualFilePointerManagerImpl
11260:             1             48  com.intellij.openapi.vfs.impl.local.FileWatcher
11261:             2             48  com.intellij.openapi.vfs.impl.local.FileWatcher$DirtyPaths
11262:             1             48  com.intellij.openapi.vfs.impl.local.WatchRootsManager
11263:             1             48  com.intellij.openapi.vfs.newvfs.RefreshQueueImpl
11264:             1             48  com.intellij.openapi.vfs.newvfs.persistent.VFSHealthCheckServiceStarter$execute$2
11265:             2             48  com.intellij.openapi.wm.impl.ActiveStack
11266:             2             48  com.intellij.openapi.wm.impl.FrameInfoHelper
11267:             2             48  com.intellij.openapi.wm.impl.IdeBackgroundUtil$1
11268:             1             48  com.intellij.openapi.wm.impl.IdeProjectFrameHelper$installNorthComponents$2
11269:             2             48  com.intellij.openapi.wm.impl.IdeRootPane$CustomHeaderRootLayout
11270:             1             48  com.intellij.openapi.wm.impl.LibraryDependentToolWindowManager$execute$2
11271:             1             48  com.intellij.openapi.wm.impl.ToolWindowManagerImpl$ToolWindowManagerAppLevelHelper$1$1
11272:             2             48  com.intellij.openapi.wm.impl.ToolWindowManagerImpl$createNotInHierarchyIterable$$inlined$Iterable$1
11273:             2             48  com.intellij.openapi.wm.impl.content.ComboContentLayout
11274:             2             48  com.intellij.openapi.wm.impl.customFrameDecorations.header.ToolbarHeaderView
11275:             2             48  com.intellij.openapi.wm.impl.headertoolbar.MainToolbar$installClickListener$listener$1
11276:             2             48  com.intellij.openapi.wm.impl.status.CodePointCountTask
11277:             2             48  com.intellij.openapi.wm.impl.status.IdeStatusBarImpl$WidgetEffect
11278:             1             48  com.intellij.openapi.wm.impl.status.IdeStatusBarImpl$stopRefreshIndication$1
11279:             2             48  com.intellij.openapi.wm.impl.status.ProcessBalloon
11280:             2             48  com.intellij.openapi.wm.impl.status.StatusPanel$2
11281:             2             48  com.intellij.openapi.wm.impl.status.ToggleReadOnlyAttributePanel
11282:             2             48  com.intellij.openapi.wm.impl.status.widget.StatusBarWidgetsManager$dataContext$1
11283:             1             48  com.intellij.openapi.wm.impl.welcomeScreen.recentProjects.RecentProjectFilteringTree$4
11284:             1             48  com.intellij.openapi.wm.impl.welcomeScreen.recentProjects.RecentProjectFilteringTree$mouseListener$1
11285:             2             48  com.intellij.packageChecker.go.GoVulnerablePackageImportInspection
11286:             2             48  com.intellij.packageChecker.inspection.MaliciousLibrariesLocalInspection
11287:             2             48  com.intellij.packageDependencies.DefaultScopesProvider
11288:             2             48  com.intellij.packageDependencies.DependencyValidationManagerImpl$State
11289:             2             48  com.intellij.patterns.PsiElementPattern$3
11290:             2             48  com.intellij.patterns.StandardPatterns$4
11291:             2             48  com.intellij.patterns.XmlFilePattern$Capture
11292:             2             48  com.intellij.platform.bookmarks.frontend.LineBookmarkListener
11293:             1             48  com.intellij.platform.debugger.impl.backend.hotswap.BackendXDebuggerHotSwapApi$currentSessionStatus$2$1
11294:             1             48  com.intellij.platform.debugger.impl.frontend.FrontendXDebuggerManager$1
11295:             1             48  com.intellij.platform.debugger.impl.frontend.FrontendXDebuggerManager$currentSession$1$1$2
11296:             1             48  com.intellij.platform.debugger.impl.frontend.FrontendXDependentBreakpointManagerProxy$2
11297:             2             48  com.intellij.platform.diagnostic.telemetry.TracerLevel
11298:             1             48  com.intellij.platform.diagnostic.telemetry.exporters.BatchSpanProcessor$1$1$1
11299:             1             48  com.intellij.platform.diagnostic.telemetry.exporters.BatchSpanProcessor$1$1$2
11300:             1             48  com.intellij.platform.diagnostic.telemetry.impl.OtlpService$Companion$instance$1
11301:             2             48  com.intellij.platform.eel.EelExecApi$RedirectTo
11302:             2             48  com.intellij.platform.eel.EelOsFamily
11303:             2             48  com.intellij.platform.eel.ReadResult
11304:             1             48  com.intellij.platform.eel.impl.local.EelLocalExecPosixApi$spawnProcess$r$1
11305:             1             48  com.intellij.platform.eel.path.EelPathException
11306:             3             48  com.intellij.platform.execution.dashboard.BackendRunDashboardUpdatesQueue
11307:             1             48  com.intellij.platform.execution.dashboard.BackendRunDashboardUpdatesQueue$1
11308:             3             48  com.intellij.platform.execution.dashboard.RunDashboardCoroutineScopeProvider
11309:             2             48  com.intellij.platform.execution.dashboard.RunDashboardManagerImpl$2
11310:             2             48  com.intellij.platform.execution.dashboard.RunDashboardManagerImpl$3
11311:             2             48  com.intellij.platform.execution.dashboard.RunDashboardManagerImpl$4
11312:             3             48  com.intellij.platform.execution.dashboard.backend.RunDashboardConfigurationUpdatesHolder
11313:             2             48  com.intellij.platform.execution.dashboard.splitApi.frontend.FrontendRunDashboardLuxHolder
11314:             2             48  com.intellij.platform.execution.dashboard.splitApi.frontend.RunDashboardUiManagerImpl$ServiceContentManagerListener
11315:             2             48  com.intellij.platform.execution.impl.frontend.FrontendRunContentService
11316:             3             48  com.intellij.platform.execution.serviceView.ServiceModelFilter
11317:             2             48  com.intellij.platform.execution.serviceView.ServiceViewManagerImpl$2
11318:             2             48  com.intellij.platform.experiment.ab.impl.IntelliJPlatformProduct
11319:             3             48  com.intellij.platform.feedback.impl.track.EditorInputEventTracker
11320:             1             48  com.intellij.platform.ide.bootstrap.DirectoryLock
11321:             1             48  com.intellij.platform.ide.bootstrap.ScreenReaderStateManager$1
11322:             1             48  com.intellij.platform.ide.bootstrap.SplashManagerKt$showSplashIfNeeded$newJob$1
11323:             1             48  com.intellij.platform.ide.bootstrap.StartupUtil$startApplication$10$2
11324:             1             48  com.intellij.platform.ide.bootstrap.kernel.KernelKt$startKernel$2
11325:             2             48  com.intellij.platform.ide.diagnostic.startUpPerformanceReporter.UIResponseType
11326:             1             48  com.intellij.platform.ide.menu.IdeMenuBarHelper$3
11327:             1             48  com.intellij.platform.ide.nonModalWelcomeScreen.leftPanel.LeftPanelActionGroupWrapper
11328:             2             48  com.intellij.platform.ide.nonModalWelcomeScreen.rightTab.WelcomeRightTabContentProvider$FeatureButtonSize
11329:             1             48  com.intellij.platform.ide.progress.TaskInfoEntity$Companion$1
11330:             2             48  com.intellij.platform.ide.progress.TaskStatus$Source
11331:             1             48  com.intellij.platform.lsp.impl.LspServerManagerImpl$addWorkspaceModelListener$1
11332:             2             48  com.intellij.platform.navbar.backend.impl.IdeNavBarVmItem
11333:             1             48  com.intellij.platform.navbar.frontend.NavBarService$1
11334:             1             48  com.intellij.platform.navbar.frontend.ui.NewNavBarPanel$handleItems$2$1
11335:             1             48  com.intellij.platform.navbar.frontend.ui.StaticNavBarPanel$handleVm$2
11336:             1             48  com.intellij.platform.navbar.frontend.ui.StaticNavBarPanelKt$staticNavBarPanel$handleWindow$2$1
11337:             1             48  com.intellij.platform.navbar.frontend.vm.impl.NavBarVmImpl
11338:             1             48  com.intellij.platform.navbar.frontend.vm.impl.NavBarVmImpl$handleSelectionChange$2$1
11339:             1             48  com.intellij.platform.project.ProjectEntitiesStorage$createEntity$2$1
11340:             1             48  com.intellij.platform.project.ProjectEntity$Companion$1
11341:             3             48  com.intellij.platform.recentFiles.backend.BackendRecentFilesEvent$AllItemsRemoved
11342:             2             48  com.intellij.platform.recentFiles.backend.BackendRecentFilesModel
11343:             3             48  com.intellij.platform.recentFiles.backend.FilesSwitcherBackendApi$getRecentFileEvents$$inlined$map$1$2
11344:             2             48  com.intellij.platform.recentFiles.frontend.model.FrontendRecentFilesModel
11345:             3             48  com.intellij.platform.runtime.product.ProductMode
11346:             1             48  com.intellij.platform.searchEverywhere.SeSessionEntity$Companion$1
11347:             1             48  com.intellij.platform.searchEverywhere.impl.SeItemEntity$Companion$1
11348:             2             48  com.intellij.platform.settings.ObjectSettingSerializerDescriptor
11349:             2             48  com.intellij.platform.syntax.SyntaxElementTypeSet
11350:             2             48  com.intellij.platform.syntax.impl.util.BitSet
11351:             1             48  com.intellij.platform.trialPromotion.common.TrialStateService$4
11352:             2             48  com.intellij.platform.trialPromotion.common.TrialStateService$LicensingState
11353:             1             48  com.intellij.platform.trialPromotion.common.TrialStateService$licensingFacadeFlow$1
11354:             2             48  com.intellij.platform.util.coroutines.flow.FlowKt$mapStateIn$$inlined$map$1
11355:             2             48  com.intellij.platform.util.coroutines.flow.FlowKt$mapStateIn$$inlined$map$1$2
11356:             2             48  com.intellij.platform.util.coroutines.flow.FlowKt$zipWithNext$1$1
11357:             2             48  com.intellij.platform.util.coroutines.flow.IncrementalUpdateFlowProducer$getIncrementalUpdateFlow$1$1
11358:             2             48  com.intellij.platform.util.io.storages.appendonlylog.AppendOnlyLogFactory
11359:             2             48  com.intellij.platform.util.io.storages.intmultimaps.extendiblehashmap.ExtendibleHashMap$HashMapSegmentLayout
11360:             2             48  com.intellij.platform.util.progress.impl.StepConfig
11361:             1             48  com.intellij.platform.vcs.impl.shared.SingleTaskRunner$processorJob$1
11362:             1             48  com.intellij.platform.vcs.impl.shared.rhizome.DiffSplitterEntity$Companion$1
11363:             1             48  com.intellij.platform.vcs.impl.shared.rhizome.FilePathNodeEntity$Companion$1
11364:             1             48  com.intellij.platform.vcs.impl.shared.rhizome.GroupingItemEntity$Companion$1
11365:             1             48  com.intellij.platform.vcs.impl.shared.rhizome.GroupingItemsEntity$Companion$1
11366:             1             48  com.intellij.platform.vcs.impl.shared.rhizome.ModuleNodeEntity$Companion$1
11367:             1             48  com.intellij.platform.vcs.impl.shared.rhizome.RepositoryCountEntity$Companion$1
11368:             1             48  com.intellij.platform.vcs.impl.shared.rhizome.RepositoryNodeEntity$Companion$1
11369:             1             48  com.intellij.platform.vcs.impl.shared.rhizome.SelectShelveChangeEntity$Companion$1
11370:             1             48  com.intellij.platform.vcs.impl.shared.rhizome.ShelfTreeEntity$Companion$1
11371:             1             48  com.intellij.platform.vcs.impl.shared.rhizome.ShelvedChangeEntity$Companion$1
11372:             1             48  com.intellij.platform.vcs.impl.shared.rhizome.ShelvedChangeListEntity$Companion$1
11373:             1             48  com.intellij.platform.vcs.impl.shared.rhizome.ShelvesTreeRootEntity$Companion$1
11374:             1             48  com.intellij.platform.vcs.impl.shared.rhizome.TagNodeEntity$Companion$1
11375:             2             48  com.intellij.platform.vcs.impl.shared.rpc.ChangeListChangeId
11376:             2             48  com.intellij.platform.workspace.jps.JpsProjectFileEntitySource$FileInDirectory
11377:             3             48  com.intellij.platform.workspace.storage.ExternalMappingKey
11378:             2             48  com.intellij.platform.workspace.storage.impl.ChangeEntry$AddEntity
11379:             2             48  com.intellij.platform.workspace.storage.impl.ConsistencyCheckingMode
11380:             2             48  com.intellij.platform.workspace.storage.impl.ValuesCache
11381:             1             48  com.intellij.platform.workspace.storage.impl.ValuesCache$Companion$$Lambda/0x0000009802e57750
11382:             2             48  com.intellij.platform.workspace.storage.impl.containers.MutableNonNegativeIntIntBiMap
11383:             1             48  com.intellij.platform.workspace.storage.impl.indices.VirtualFileIndex$MutableVirtualFileIndex
11384:             3             48  com.intellij.platform.workspace.storage.impl.query.QueryId
11385:             2             48  com.intellij.platform.workspace.storage.query.CollectionQuery$MapTo
11386:             2             48  com.intellij.plugins.intelliLang.inject.JSInjection$Priority
11387:             1             48  com.intellij.plugins.watcher.TaskRunnerImpl
11388:             2             48  com.intellij.plugins.watcher.inspections.TaskProblemsInspection
11389:             1             48  com.intellij.polySymbols.context.impl.PolyContextProviderExtensionCollector
11390:             2             48  com.intellij.polySymbols.js.types.TypeScriptSymbolTypeSupport
11391:             3             48  com.intellij.polySymbols.webTypes.json.ContextsConfig
11392:             2             48  com.intellij.polySymbols.webTypes.json.GenericJsContributions
11393:             2             48  com.intellij.polySymbols.webTypes.json.JsGlobal
11394:             2             48  com.intellij.pom.core.impl.PomModelImpl$$Lambda/0x000000980462e000
11395:             2             48  com.intellij.profile.codeInspection.ProjectInspectionProfileManager$schemeManager$1
11396:             1             48  com.intellij.profiler.FlameGraphState
11397:             1             48  com.intellij.profiler.ThreadListOptions
11398:             1             48  com.intellij.profiler.actions.AttachProfilerToProcessAction
11399:             1             48  com.intellij.protobuf.ide.gutter.PbNavigationUtilsKt$collectRpcConvertersForLanguage$2
11400:             2             48  com.intellij.protobuf.lang.psi.ProtoCommentTokenType
11401:             2             48  com.intellij.psi.PsiReferenceService$Hints
11402:             3             48  com.intellij.psi.SyntaxTraverser$Api$1
11403:             3             48  com.intellij.psi.SyntaxTraverser$Api$2
11404:             3             48  com.intellij.psi.SyntaxTraverser$Api$3
11405:             3             48  com.intellij.psi.SyntaxTraverser$ApiEx$1
11406:             1             48  com.intellij.psi.css.impl.stubs.CssStubRegistryExtension$register$1
11407:             1             48  com.intellij.psi.css.impl.stubs.CssStubRegistryExtension$register$10
11408:             1             48  com.intellij.psi.css.impl.stubs.CssStubRegistryExtension$register$11
11409:             1             48  com.intellij.psi.css.impl.stubs.CssStubRegistryExtension$register$12
11410:             1             48  com.intellij.psi.css.impl.stubs.CssStubRegistryExtension$register$13
11411:             1             48  com.intellij.psi.css.impl.stubs.CssStubRegistryExtension$register$14
11412:             1             48  com.intellij.psi.css.impl.stubs.CssStubRegistryExtension$register$15
11413:             1             48  com.intellij.psi.css.impl.stubs.CssStubRegistryExtension$register$16
11414:             1             48  com.intellij.psi.css.impl.stubs.CssStubRegistryExtension$register$17
11415:             1             48  com.intellij.psi.css.impl.stubs.CssStubRegistryExtension$register$2
11416:             1             48  com.intellij.psi.css.impl.stubs.CssStubRegistryExtension$register$3
11417:             1             48  com.intellij.psi.css.impl.stubs.CssStubRegistryExtension$register$4
11418:             1             48  com.intellij.psi.css.impl.stubs.CssStubRegistryExtension$register$5
11419:             1             48  com.intellij.psi.css.impl.stubs.CssStubRegistryExtension$register$6
11420:             1             48  com.intellij.psi.css.impl.stubs.CssStubRegistryExtension$register$7
11421:             1             48  com.intellij.psi.css.impl.stubs.CssStubRegistryExtension$register$8
11422:             1             48  com.intellij.psi.css.impl.stubs.CssStubRegistryExtension$register$9
11423:             2             48  com.intellij.psi.css.inspections.CssUnusedLocalSymbolInspection
11424:             2             48  com.intellij.psi.css.inspections.CssUnusedSymbolInspection
11425:             3             48  com.intellij.psi.impl.PsiManagerImpl$$Lambda/0x0000009802df5268
11426:             3             48  com.intellij.psi.impl.file.impl.ClassicTemporaryProviderStorage
11427:             3             48  com.intellij.psi.impl.file.impl.MultiverseFileViewProviderCache
11428:             2             48  com.intellij.psi.impl.file.impl.MyFileDocumentManagerListener
11429:             2             48  com.intellij.psi.impl.file.impl.PsiVFSModuleRootListenerImpl
11430:             2             48  com.intellij.psi.impl.file.impl.PsiVfsAdditionalLibraryRootListener
11431:             2             48  com.intellij.psi.impl.file.impl.PsiVfsInitProjectActivity$run$3
11432:             2             48  com.intellij.psi.impl.file.impl.PsiVfsInitProjectActivity$run$4
11433:             2             48  com.intellij.psi.impl.source.PostprocessReformattingAspectImpl
11434:             3             48  com.intellij.psi.impl.source.tree.AstSpine
11435:             1             48  com.intellij.psi.search.MappedFileTypeIndex
11436:             2             48  com.intellij.psi.search.TodoAttributes
11437:             2             48  com.intellij.psi.search.TodoPattern
11438:             3             48  com.intellij.psi.search.searches.ExtensibleQueryFactory$$Lambda/0x0000009804770000
11439:             3             48  com.intellij.psi.search.searches.SmartExtensionPoint$1
11440:             3             48  com.intellij.psi.stubs.SerializationManagerImpl$$Lambda/0x00000098023fd218
11441:             3             48  com.intellij.psi.stubs.SerializationManagerImpl$$Lambda/0x0000009802400d48
11442:             3             48  com.intellij.psi.stubs.SerializationManagerImpl$$Lambda/0x0000009802400fa0
11443:             1             48  com.intellij.psi.stubs.StubIndexImpl
11444:             2             48  com.intellij.psi.stubs.StubIndexImpl$PerFileElementTypeStubChangeTrackingSource
11445:             2             48  com.intellij.psi.util.CachedValueProfiler$Overhead
11446:             1             48  com.intellij.psi.util.PsiTreeUtilKt$parents$1
11447:             2             48  com.intellij.psi.xml.XmlTagElementType
11448:             1             48  com.intellij.refactoring.actions.ChangeSignatureAction
11449:             1             48  com.intellij.refactoring.actions.ExtractClassAction
11450:             1             48  com.intellij.refactoring.actions.ExtractIncludeAction
11451:             1             48  com.intellij.refactoring.actions.ExtractInterfaceAction
11452:             1             48  com.intellij.refactoring.actions.ExtractMethodAction
11453:             1             48  com.intellij.refactoring.actions.ExtractModuleAction
11454:             1             48  com.intellij.refactoring.actions.ExtractSuperclassAction
11455:             1             48  com.intellij.refactoring.actions.InlineAction
11456:             1             48  com.intellij.refactoring.actions.IntroduceConstantAction
11457:             1             48  com.intellij.refactoring.actions.IntroduceFieldAction
11458:             1             48  com.intellij.refactoring.actions.IntroduceParameterAction
11459:             1             48  com.intellij.refactoring.actions.IntroduceVariableAction
11460:             1             48  com.intellij.refactoring.actions.PullUpAction
11461:             1             48  com.intellij.refactoring.actions.PushDownAction
11462:             2             48  com.intellij.refactoring.suggested.NewIdentifierWatcher
11463:             2             48  com.intellij.refactoring.suggested.SuggestedRefactoringChangeCollector
11464:             2             48  com.intellij.refactoring.suggested.SuggestedRefactoringProviderImpl
11465:             1             48  com.intellij.remoteServer.impl.configuration.deployment.DeployToServerConfigurationType
11466:             2             48  com.intellij.rml.dfa.DfaAnalysisKind
11467:             2             48  com.intellij.rml.dfa.impl.domains.DomainTypeManager
11468:             1             48  com.intellij.rml.dfa.ir.IrLocation
11469:             2             48  com.intellij.rml.dfa.ir.ast.IrValueConstant
11470:             2             48  com.intellij.rml.dfa.rml.dsl.ast.RmlOption$Type
11471:             2             48  com.intellij.rml.dfa.rml.dsl.ast.RmlQuantifyExpr$QuantifierType
11472:             3             48  com.intellij.rml.dfa.rml.dsl.lang.RelationModification$RemoveDomain
11473:             1             48  com.intellij.searchEverywhereMl.ranking.core.features.ContributorsGlobalStatisticsFields
11474:             1             48  com.intellij.serviceContainer.ComponentManagerImpl$getOrCreateMessageBusUnderLock$1
11475:             2             48  com.intellij.spellchecker.dictionary.ProjectDictionary
11476:             2             48  com.intellij.sql.database.SqlDataSourceStorage
11477:             3             48  com.intellij.sql.dialects.db2.Db2DialectBase$$Lambda/0x00000098026ff698
11478:             1             48  com.intellij.sql.dialects.mongo.js.MongoJSExternalLanguage
11479:             3             48  com.intellij.sql.dialects.postgres.Pg83Dialect$$Lambda/0x0000009802fa8800
11480:             3             48  com.intellij.sql.dialects.postgres.psi.stubs.PgRoutineStubElementFactory
11481:             3             48  com.intellij.sql.dialects.postgres.psi.stubs.PgRoutineStubSerializer
11482:             3             48  com.intellij.sql.dialects.postgres.psi.stubs.PgSequenceStubElementFactory
11483:             3             48  com.intellij.sql.dialects.postgres.psi.stubs.PgSequenceStubSerializer
11484:             3             48  com.intellij.sql.psi.SqlDialectPusher
11485:             3             48  com.intellij.sql.psi.stubs.factories.SqlUseDatabaseStatementStubElementFactory
11486:             3             48  com.intellij.sql.psi.stubs.serializers.SqlUseDatabaseStatementStubSerializer
11487:             1             48  com.intellij.sql.refactoring.extractFunction.SqlExtractFunctionAction
11488:             1             48  com.intellij.station.backend.split.recents.StationRecentProjectsProvider$1
11489:             1             48  com.intellij.station.backend.split.recents.StationRecentProjectsService$1$1
11490:             1             48  com.intellij.station.backend.split.recents.StationRecentProjectsServiceKt$combineStates$1$collect$2
11491:             1             48  com.intellij.station.comms.common.netty.server.NettyServicesServerBase$2
11492:             2             48  com.intellij.station.comms.common.netty.util.NettyThreadFactory
11493:             2             48  com.intellij.structuralsearch.inspection.SSBasedInspection$MultiMapEx
11494:             2             48  com.intellij.stylelint.StylelintInspection
11495:             2             48  com.intellij.swagger.core.model.remote.RemoteSpecificationModel
11496:             2             48  com.intellij.tasks.context.WorkingContextManager
11497:             2             48  com.intellij.terminal.TerminalTitle$$Lambda/0x0000009805279db8
11498:             2             48  com.intellij.terminal.TerminalUiSettingsManager$State
11499:             1             48  com.intellij.terminal.backend.BackendTerminalInputKt$handleInputEvents$1
11500:             1             48  com.intellij.terminal.backend.StateAwareTerminalSession$1
11501:             1             48  com.intellij.terminal.backend.StateAwareTerminalSession$2
11502:             1             48  com.intellij.terminal.backend.TerminalDisplayImpl
11503:             2             48  com.intellij.terminal.backend.TerminalTabsStorage
11504:             3             48  com.intellij.terminal.backend.TerminalTabsStorage$State
11505:             2             48  com.intellij.terminal.backend.hyperlinks.TaskState
11506:             2             48  com.intellij.terminal.frontend.action.TerminalFindHandler
11507:             1             48  com.intellij.terminal.frontend.fus.TerminalFocusFusService$collectState$2
11508:             1             48  com.intellij.terminal.frontend.toolwindow.impl.TerminalTitleUtilsKt$updateBackendTabNameOnTitleChange$1
11509:             1             48  com.intellij.terminal.frontend.toolwindow.impl.TerminalToolWindowTabsManagerImpl$doCreateTab$3
11510:             2             48  com.intellij.terminal.frontend.toolwindow.impl.TitleData
11511:             2             48  com.intellij.terminal.frontend.view.impl.TerminalCursorPainter$CursorRendererBase$$Lambda/0x00000098052704f8
11512:             2             48  com.intellij.terminal.frontend.view.impl.TerminalCursorPainter$CursorState
11513:             2             48  com.intellij.terminal.frontend.view.impl.TerminalEditorFactory$listenEditorFontChanges$1
11514:             2             48  com.intellij.terminal.frontend.view.impl.TerminalEditorFactory$listenEditorFontChanges$fontSettingsListener$1
11515:             2             48  com.intellij.terminal.frontend.view.impl.TerminalEventDispatcherKt$$Lambda/0x0000009805272858
11516:             2             48  com.intellij.terminal.frontend.view.impl.TerminalEventDispatcherKt$$Lambda/0x0000009805272ab0
11517:             2             48  com.intellij.terminal.frontend.view.impl.TerminalEventDispatcherKt$setupMouseListener$1
11518:             2             48  com.intellij.terminal.frontend.view.impl.TerminalEventDispatcherKt$setupMouseListener$2
11519:             2             48  com.intellij.terminal.frontend.view.impl.TerminalKeyListener
11520:             1             48  com.intellij.terminal.frontend.view.impl.TerminalSessionController$handleEvents$1
11521:             2             48  com.intellij.terminal.frontend.view.impl.TerminalViewImpl$$Lambda/0x0000009805272d08
11522:             2             48  com.intellij.terminal.frontend.view.impl.TerminalViewImpl$$Lambda/0x0000009805273708
11523:             2             48  com.intellij.terminal.frontend.view.impl.TerminalViewImpl$configureOutputEditor$$inlined$map$1
11524:             2             48  com.intellij.terraform.template.editor.MaybeTfTemplateInspection
11525:             2             48  com.intellij.toolWindow.FrameLayeredPane$$Lambda/0x0000009802ad5fb0
11526:             1             48  com.intellij.toolWindow.MoreSquareStripeButtonKt$createPresentation$1
11527:             2             48  com.intellij.toolWindow.ToolWindowDescriptor$ToolWindowContentUiType
11528:             2             48  com.intellij.toolWindow.ToolWindowPaneState
11529:             3             48  com.intellij.ui.AbstractExpandableItemsHandler$2
11530:             3             48  com.intellij.ui.AbstractExpandableItemsHandler$3
11531:             3             48  com.intellij.ui.AbstractExpandableItemsHandler$4
11532:             3             48  com.intellij.ui.AbstractExpandableItemsHandler$5
11533:             3             48  com.intellij.ui.AbstractExpandableItemsHandler$6
11534:             3             48  com.intellij.ui.AbstractExpandableItemsHandler$7
11535:             3             48  com.intellij.ui.BadgeIconSupplier$$Lambda/0x0000009802ecad78
11536:             1             48  com.intellij.ui.EditorNotificationsImpl$6$1
11537:             1             48  com.intellij.ui.FilteringTree$SearchTreeModel
11538:             3             48  com.intellij.ui.IconDescriptionBundleEP
11539:             3             48  com.intellij.ui.LayeredIcon$$Lambda/0x0000009804067790
11540:             3             48  com.intellij.ui.LayeredIcon$$Lambda/0x00000098040679e8
11541:             2             48  com.intellij.ui.PopupHandler$$Lambda/0x0000009803e9cb00
11542:             3             48  com.intellij.ui.SpeedSearchBase$1
11543:             3             48  com.intellij.ui.SpeedSearchBase$2
11544:             3             48  com.intellij.ui.SpeedSearchBase$3
11545:             3             48  com.intellij.ui.SpeedSearchBase$4
11546:             3             48  com.intellij.ui.SpeedSearchBase$5
11547:             2             48  com.intellij.ui.TreeExpandableItemsHandler$1
11548:             2             48  com.intellij.ui.TreeExpandableItemsHandler$2
11549:             2             48  com.intellij.ui.TreeExpandableItemsHandler$3
11550:             2             48  com.intellij.ui.TreeExpandableItemsHandler$4
11551:             1             48  com.intellij.ui.TreeSpeedSearch$MySelectAllAction
11552:             1             48  com.intellij.ui.components.DefaultScrollBarUI
11553:             2             48  com.intellij.ui.components.MacScrollbarStyle
11554:             2             48  com.intellij.ui.components.panels.ListLayout$Axis
11555:             2             48  com.intellij.ui.components.panels.ListLayout$GrowPolicy
11556:             1             48  com.intellij.ui.components.panels.ListLayout$layoutContainer$majorAxisMin$1
11557:             1             48  com.intellij.ui.components.panels.ListLayout$layoutContainer$majorAxisPref$1
11558:             1             48  com.intellij.ui.components.panels.ListLayout$preferredLayoutSize$1
11559:             2             48  com.intellij.ui.dsl.builder.LabelPosition
11560:             2             48  com.intellij.ui.dsl.builder.RightGap
11561:             2             48  com.intellij.ui.dsl.builder.VerticalComponentGap
11562:             1             48  com.intellij.ui.dsl.builder.components.DslLabel$1
11563:             2             48  com.intellij.ui.dsl.builder.components.DslLabelType
11564:             1             48  com.intellij.ui.dsl.builder.impl.DialogPanelConfig
11565:             2             48  com.intellij.ui.hover.HoverListener$$Lambda/0x0000009803262ae0
11566:             1             48  com.intellij.ui.icons.CachedImageIconKt$EMPTY_ICON$2$1
11567:             1             48  com.intellij.ui.icons.IconUtilKt$iconToDisabledIcon$2$1
11568:             1             48  com.intellij.ui.icons.IconUtilKt$iconToIconWithCustomFilter$1$1
11569:             1             48  com.intellij.ui.icons.StrokeKt$strokeIconCache$2$1
11570:             2             48  com.intellij.ui.jcef.JBCefBrowser$2
11571:             2             48  com.intellij.ui.jcef.JBCefClient$JSQueryPool
11572:             2             48  com.intellij.ui.jcef.JCEFHtmlPanel$createDefaultContextMenuHandler$1
11573:             2             48  com.intellij.ui.jcef.menu.CefContextMenuRunner
11574:             2             48  com.intellij.ui.mac.MacMainFrameDecorator$2
11575:             2             48  com.intellij.ui.mac.MacWinTabsHandlerV2
11576:             2             48  com.intellij.ui.paint.LinePainter2D$Align
11577:             2             48  com.intellij.ui.paint.PaintUtil$ParityMode
11578:             3             48  com.intellij.ui.plaf.beg.BegMenuItemUI$$Lambda/0x0000009803327860
11579:             3             48  com.intellij.ui.popup.MovablePopup$$Lambda/0x0000009803302660
11580:             3             48  com.intellij.ui.popup.MovablePopup$1
11581:             2             48  com.intellij.ui.popup.list.ListPopupImpl$ExtendMode
11582:             1             48  com.intellij.ui.svg.SvgCacheManager$Companion$createSvgCacheManager$2$1$logSupplier$1
11583:             1             48  com.intellij.ui.svg.SvgKt$colorPatchCache$1$1
11584:             2             48  com.intellij.ui.tabs.FileColorManagerImpl
11585:             2             48  com.intellij.ui.tabs.FileColorManagerImpl$$Lambda/0x00000098038edd28
11586:             3             48  com.intellij.ui.tabs.impl.JBEditorTabPainter
11587:             2             48  com.intellij.ui.tabs.impl.JBEditorTabsBorder$1
11588:             3             48  com.intellij.ui.tabs.impl.JBTabsImpl$$Lambda/0x0000009803180460
11589:             3             48  com.intellij.ui.tabs.impl.JBTabsImpl$$Lambda/0x00000098031806b8
11590:             3             48  com.intellij.ui.tabs.impl.themes.EditorTabTheme
11591:             1             48  com.intellij.ui.tree.StructureTreeModel
11592:             2             48  com.intellij.ui.tree.TreeVisitor$VisitThread
11593:             2             48  com.intellij.ui.tree.ui.DefaultTreeLayoutCache$NodeList
11594:             2             48  com.intellij.ui.tree.ui.DefaultTreeUI$1
11595:             2             48  com.intellij.ui.tree.ui.DefaultTreeUI$5
11596:             2             48  com.intellij.ui.tree.ui.DefaultTreeUI$6
11597:             2             48  com.intellij.ui.tree.ui.DefaultTreeUI$MyTreeExpansionListener
11598:             2             48  com.intellij.ui.treeStructure.Tree$ExpandImpl
11599:             2             48  com.intellij.ui.treeStructure.Tree$MyMouseListener
11600:             2             48  com.intellij.ui.treeStructure.Tree$MyTreeModelListener
11601:             2             48  com.intellij.ui.treeStructure.Tree$MyUISettingsListener
11602:             2             48  com.intellij.uml.undo.UmlUndoProvider
11603:             2             48  com.intellij.util.Alarm$Request$$Lambda/0x0000009803755bd8
11604:             2             48  com.intellij.util.ComponentTreeEventDispatcher
11605:             2             48  com.intellij.util.ComponentTreeEventDispatcher$$Lambda/0x00000098028ad250
11606:             2             48  com.intellij.util.IconSizeWrapper
11607:             3             48  com.intellij.util.NotNullizer
11608:             2             48  com.intellij.util.PathUtilRt$Platform
11609:             2             48  com.intellij.util.animation.JBAnimator$Type
11610:             3             48  com.intellij.util.concurrency.AtomicFieldUpdater
11611:             3             48  com.intellij.util.concurrency.ContextRunnable$$Lambda/0x00000098024cd178
11612:             3             48  com.intellij.util.concurrency.CoroutineDispatcherBackedExecutor
11613:             2             48  com.intellij.util.concurrency.QueueProcessor$ThreadToUse
11614:             2             48  com.intellij.util.containers.ContainerUtil$SubList
11615:             2             48  com.intellij.util.containers.FilteredTraverserBase$Cond
11616:             3             48  com.intellij.util.containers.JBTreeTraverser
11617:             3             48  com.intellij.util.containers.ObjectIntHashMap
11618:             1             48  com.intellij.util.containers.SoftHashMap$SoftKey
11619:             2             48  com.intellij.util.containers.SoftValueHashMap
11620:             2             48  com.intellij.util.gist.PsiFileGistImpl
11621:             3             48  com.intellij.util.indexing.AdditionalIndexableFileSet$$Lambda/0x0000009803241778
11622:             3             48  com.intellij.util.indexing.CustomEntitiesCausingReindexTracker
11623:             3             48  com.intellij.util.indexing.CustomEntitiesCausingReindexTracker$1
11624:             2             48  com.intellij.util.indexing.DumbModeAccessType
11625:             2             48  com.intellij.util.indexing.FileBasedIndexInfrastructureExtension$InitializationResult
11626:             2             48  com.intellij.util.indexing.FileIndexingResult$ApplicationMode
11627:             2             48  com.intellij.util.indexing.FileIndexingStateWithExplanation
11628:             2             48  com.intellij.util.indexing.FirstScanningState
11629:             2             48  com.intellij.util.indexing.InitialScanningSkipReporter$SourceOfScanning
11630:             2             48  com.intellij.util.indexing.ProjectEntityIndexingService
11631:             2             48  com.intellij.util.indexing.Timestamps
11632:             2             48  com.intellij.util.indexing.UnindexedFilesScanner$TestMode
11633:             1             48  com.intellij.util.indexing.UnindexedFilesScannerExecutorImpl$nextTaskExecutionAllowed$2
11634:             1             48  com.intellij.util.indexing.dependencies.AppIndexingDependenciesStorage$Companion$openOrInit$1
11635:             2             48  com.intellij.util.indexing.dependencies.IndexingDependenciesFingerprint$FingerprintImpl
11636:             1             48  com.intellij.util.indexing.dependencies.ProjectIndexingDependenciesStorage$Companion$openOrInit$1
11637:             2             48  com.intellij.util.indexing.dependenciesCache.ExcludePolicyDescriptor
11638:             3             48  com.intellij.util.indexing.diagnostic.dto.JsonDateTime$Serializer
11639:             3             48  com.intellij.util.indexing.diagnostic.dto.JsonDuration$Serializer
11640:             2             48  com.intellij.util.indexing.hints.FileTypeSubstitutionStrategy
11641:             2             48  com.intellij.util.indexing.impl.forward.SingleEntryIndexForwardIndexAccessor$$Lambda/0x000000980281fa90
11642:             2             48  com.intellij.util.indexing.roots.IndexingIteratorsProviderImpl
11643:             1             48  com.intellij.util.io.DirectByteBufferAllocator
11644:             1             48  com.intellij.util.io.FilePageCache$1
11645:             2             48  com.intellij.util.io.InMemoryEnumerator
11646:             1             48  com.intellij.util.io.MacPowerService
11647:             3             48  com.intellij.util.io.PersistentStringEnumerator$1
11648:             1             48  com.intellij.util.io.keyStorage.AppendableStorageBackedByResizableMappedFile$MyBufferedIS
11649:             2             48  com.intellij.util.io.mvstore.StoreErrorHandler
11650:             2             48  com.intellij.util.lang.ClassPath$Measurer
11651:             3             48  com.intellij.util.messages.impl.BusState$Disposed
11652:             2             48  com.intellij.util.messages.impl.MessageListenerList
11653:             1             48  com.intellij.util.net.CustomizedPlatformJdkProxyProvider$CustomizedAuthenticator
11654:             1             48  com.intellij.util.net.DisabledProxyAuthPromptsManager$Companion$defaultPlatformDisabledPromptsManager$1
11655:             1             48  com.intellij.util.net.IdeProxyAuthenticator
11656:             1             48  com.intellij.util.net.OverrideDefaultJdkProxy$execute$2
11657:             1             48  com.intellij.util.net.OverrideDefaultJdkProxy$execute$3
11658:             1             48  com.intellij.util.net.PlatformJdkProxyProvider$authenticator$1
11659:             1             48  com.intellij.util.net.PlatformJdkProxyProvider$proxySelector$1
11660:             1             48  com.intellij.util.net.ProxyAuthentication$Companion$defaultPlatformProxyAuth$1
11661:             1             48  com.intellij.util.net.ProxyAuthentication$Companion$defaultPlatformProxyAuth$2
11662:             1             48  com.intellij.util.net.ProxyCredentialStore$Companion$platformCredentialStore$1
11663:             1             48  com.intellij.util.net.ProxySettingsCompatibilityImpl$1
11664:             1             48  com.intellij.util.net.ssl.ConfirmingTrustManager$MutableTrustManager
11665:             2             48  com.intellij.util.net.ssl.UntrustedCertificateStrategy
11666:             1             48  com.intellij.util.proxy.NonStaticAuthenticator$AuthenticatorWrapper
11667:             2             48  com.intellij.util.text.DateTimeFormatManager
11668:             1             48  com.intellij.util.ui.GrayFilter
11669:             1             48  com.intellij.util.ui.IconExtension$1
11670:             2             48  com.intellij.util.ui.NSScrollerHelper$ClickBehavior
11671:             2             48  com.intellij.util.ui.NSScrollerHelper$Style
11672:             2             48  com.intellij.util.ui.ShowingScopeKt$$Lambda/0x0000009802b33bc0
11673:             2             48  com.intellij.util.ui.ShowingScopeKt$installHierarchyListener$1
11674:             2             48  com.intellij.util.ui.UIUtil$FontColor
11675:             1             48  com.intellij.util.xml.impl.DomApplicationComponent
11676:             2             48  com.intellij.util.xmlb.annotations.Property$Style
11677:             2             48  com.intellij.util.xmlb.annotations.XCollection$Style
11678:             2             48  com.intellij.vcs.VcsLocaleHelper$Locale
11679:             2             48  com.intellij.vcs.commit.ChangesViewToolWindowRefresher
11680:             2             48  com.intellij.vcs.commit.CommitSessionCollector
11681:             2             48  com.intellij.vcs.git.branch.GitInOutProjectState
11682:             2             48  com.intellij.vcs.git.branch.GitInOutStateHolder
11683:             2             48  com.intellij.vcs.git.frontend.widget.GitWidgetStateHolder
11684:             1             48  com.intellij.vcs.git.repo.GitRepositoryStateImpl
11685:             2             48  com.intellij.vcs.github.ultimate.features.ide.documentation.GithubActionDocTargetProvider
11686:             2             48  com.intellij.vcs.github.ultimate.features.ide.documentation.GithubActionDocTargetProvider$special$$inlined$yamlKeysPattern$1
11687:             2             48  com.intellij.vcs.github.ultimate.features.ide.documentation.GithubActionDocTargetProvider$special$$inlined$yamlKeysPattern$2
11688:             1             48  com.intellij.vcs.log.data.RefsModel$getBranches$1
11689:             1             48  com.intellij.vcs.log.data.VcsLogRefresherImpl$handleRefreshRequests$1
11690:             1             48  com.intellij.vcs.log.data.index.IndexDiagnosticRunner
11691:             2             48  com.intellij.vcs.log.graph.utils.impl.BitSetFlags
11692:             2             48  com.intellij.vcs.log.impl.VcsLogErrorHandler$Source
11693:             1             48  com.intellij.vcs.log.impl.VcsLogManager$1
11694:             1             48  com.intellij.vcs.log.impl.VcsLogManager$refreshLogOnVcsEvents$2
11695:             2             48  com.intellij.vcs.log.impl.VcsLogProjectTabsProperties$State
11696:             2             48  com.intellij.vcs.log.impl.VcsLogSharedSettings
11697:             3             48  com.intellij.vcs.log.impl.VcsLogSharedSettings$State
11698:             2             48  com.intellij.vcs.log.util.SequentialLimitedLifoExecutor
11699:             2             48  com.intellij.webcore.resourceRoots.WebResourcesPathsConfiguration$State
11700:             2             48  com.intellij.workspaceModel.core.fileIndex.DependencyDescription$OnArbitraryEntity
11701:             2             48  com.intellij.workspaceModel.core.fileIndex.EntityStorageKind
11702:             2             48  com.intellij.workspaceModel.core.fileIndex.impl.ExcludedFileSet$ByFileKind
11703:             2             48  com.intellij.workspaceModel.core.fileIndex.impl.ModuleContentRootData
11704:             2             48  com.intellij.workspaceModel.core.fileIndex.impl.NonExistingWorkspaceRootsRegistry
11705:             2             48  com.intellij.workspaceModel.core.fileIndex.impl.WorkspaceFileIndexImpl
11706:             2             48  com.intellij.workspaceModel.ide.impl.EntitiesOrphanageImpl
11707:             1             48  com.intellij.workspaceModel.ide.impl.GlobalWorkspaceModel
11708:             2             48  com.intellij.workspaceModel.ide.impl.JpsProjectLoadingManagerImpl
11709:             3             48  com.intellij.workspaceModel.ide.impl.WorkspaceModelCacheSerializer
11710:             2             48  com.intellij.workspaceModel.ide.impl.legacyBridge.facet.FacetManagerBridge
11711:             1             48  com.intellij.workspaceModel.ide.impl.legacyBridge.module.ModuleManagerBridgeImplKt$$Lambda/0x0000009802c45620
11712:             2             48  com.intellij.xdebugger.evaluation.EvaluationMode
11713:             1             48  com.intellij.xdebugger.impl.actions.AttachToProcessAction
11714:             2             48  com.intellij.xdebugger.impl.actions.handlers.CurrentSessionXDebuggerResumeHandler$State
11715:             2             48  com.intellij.xdebugger.impl.actions.handlers.RightHandler
11716:             1             48  com.intellij.xdebugger.impl.rpc.models.XDebuggerBreakpointValueIdType$1
11717:             2             48  com.intellij.xml.util.CheckDtdReferencesInspection
11718:             2             48  com.intellij.xml.util.CheckEmptyTagInspection
11719:             2             48  com.intellij.xml.util.CheckTagEmptyBodyInspection
11720:             2             48  com.intellij.xml.util.CheckValidXmlInScriptBodyInspection
11721:             2             48  com.intellij.xml.util.CheckXmlFileWithXercesValidatorInspection
11722:             2             48  com.intellij.xml.util.XmlDuplicatedIdInspection
11723:             2             48  com.intellij.xml.util.XmlInvalidIdInspection
11724:             1             48  com.intellij.yaml.helm.lang.HelmJsonLanguage
11725:             1             48  com.intellij.yaml.helm.lang.HelmTextLanguage
11726:             1             48  com.intellij.yaml.helm.lang.HelmYamlLanguage
11727:             1             48  com.jediterm.core.typeahead.TerminalTypeAheadManager
11728:             2             48  com.jediterm.terminal.TerminalKeyEncoder
11729:             2             48  com.jediterm.terminal.model.CyclicBufferLinesStorage
11730:             2             48  com.jediterm.terminal.model.LinesBuffer
11731:             2             48  com.jetbrains.CustomTitleBar$$$/0x00000098025e4e68
11732:             2             48  com.jetbrains.Extensions
11733:             1             48  com.jetbrains.T.v.vl
11734:             2             48  com.jetbrains.T.v.vq
11735:             2             48  com.jetbrains.cef.remote.RpcExecutor (jcef)
11736:             2             48  com.jetbrains.cef.remote.ThriftTransport (jcef)
11737:             2             48  com.jetbrains.cef.remote.callback.RemoteSchemeHandlerFactory (jcef)
11738:             2             48  com.jetbrains.cef.remote.router.RemoteMessageRouterHandler (jcef)
11739:             2             48  com.jetbrains.cef.remote.thrift_codegen.Server$Client (jcef)
11740:             2             48  com.jetbrains.clones.configuration.DuplicateInspectionState
11741:             2             48  com.jetbrains.clones.languagescope.TypeScriptDuplicateScope
11742:             3             48  com.jetbrains.clones.languagescope.common.CommonDuplicateScope$$Lambda/0x0000009803ae3980
11743:             2             48  com.jetbrains.jsonSchema.JsonSchemaMappingsProjectConfiguration
11744:             3             48  com.jetbrains.jsonSchema.JsonSchemaMappingsProjectConfiguration$MyState
11745:             2             48  com.jetbrains.jsonSchema.widget.JsonSchemaStatusWidget$$Lambda/0x0000009803054a78
11746:             2             48  com.jetbrains.ls.requests.RequestMethod
11747:             2             48  com.jetbrains.performancePlugin.ProjectIndexingComponent
11748:             2             48  com.jetbrains.plugins.webDeployment.AutoUploadComponent
11749:             2             48  com.jetbrains.plugins.webDeployment.config.GroupedServersConfigManagerImpl
11750:             1             48  com.jetbrains.rd.framework.FrameworkMarshallers$Bool$1
11751:             1             48  com.jetbrains.rd.framework.FrameworkMarshallers$Bool$2
11752:             1             48  com.jetbrains.rd.framework.FrameworkMarshallers$BooleanArray$1
11753:             1             48  com.jetbrains.rd.framework.FrameworkMarshallers$BooleanArray$2
11754:             1             48  com.jetbrains.rd.framework.FrameworkMarshallers$ByteArray$1
11755:             1             48  com.jetbrains.rd.framework.FrameworkMarshallers$ByteArray$2
11756:             1             48  com.jetbrains.rd.framework.FrameworkMarshallers$Char$1
11757:             1             48  com.jetbrains.rd.framework.FrameworkMarshallers$Char$2
11758:             1             48  com.jetbrains.rd.framework.FrameworkMarshallers$CharArray$1
11759:             1             48  com.jetbrains.rd.framework.FrameworkMarshallers$CharArray$2
11760:             1             48  com.jetbrains.rd.framework.FrameworkMarshallers$DateTime$1
11761:             1             48  com.jetbrains.rd.framework.FrameworkMarshallers$DateTime$2
11762:             1             48  com.jetbrains.rd.framework.FrameworkMarshallers$Double$1
11763:             1             48  com.jetbrains.rd.framework.FrameworkMarshallers$Double$2
11764:             1             48  com.jetbrains.rd.framework.FrameworkMarshallers$DoubleArray$1
11765:             1             48  com.jetbrains.rd.framework.FrameworkMarshallers$DoubleArray$2
11766:             1             48  com.jetbrains.rd.framework.FrameworkMarshallers$Float$1
11767:             1             48  com.jetbrains.rd.framework.FrameworkMarshallers$Float$2
11768:             1             48  com.jetbrains.rd.framework.FrameworkMarshallers$FloatArray$1
11769:             1             48  com.jetbrains.rd.framework.FrameworkMarshallers$FloatArray$2
11770:             1             48  com.jetbrains.rd.framework.FrameworkMarshallers$Guid$2
11771:             1             48  com.jetbrains.rd.framework.FrameworkMarshallers$Int16$1
11772:             1             48  com.jetbrains.rd.framework.FrameworkMarshallers$Int16$2
11773:             1             48  com.jetbrains.rd.framework.FrameworkMarshallers$Int32$1
11774:             1             48  com.jetbrains.rd.framework.FrameworkMarshallers$Int32$2
11775:             1             48  com.jetbrains.rd.framework.FrameworkMarshallers$Int64$1
11776:             1             48  com.jetbrains.rd.framework.FrameworkMarshallers$Int64$2
11777:             1             48  com.jetbrains.rd.framework.FrameworkMarshallers$Int8$1
11778:             1             48  com.jetbrains.rd.framework.FrameworkMarshallers$Int8$2
11779:             1             48  com.jetbrains.rd.framework.FrameworkMarshallers$IntArray$1
11780:             1             48  com.jetbrains.rd.framework.FrameworkMarshallers$IntArray$2
11781:             1             48  com.jetbrains.rd.framework.FrameworkMarshallers$LongArray$1
11782:             1             48  com.jetbrains.rd.framework.FrameworkMarshallers$LongArray$2
11783:             1             48  com.jetbrains.rd.framework.FrameworkMarshallers$RdId$1
11784:             1             48  com.jetbrains.rd.framework.FrameworkMarshallers$RdId$2
11785:             1             48  com.jetbrains.rd.framework.FrameworkMarshallers$ShortArray$1
11786:             1             48  com.jetbrains.rd.framework.FrameworkMarshallers$ShortArray$2
11787:             1             48  com.jetbrains.rd.framework.FrameworkMarshallers$String$1
11788:             1             48  com.jetbrains.rd.framework.FrameworkMarshallers$String$2
11789:             1             48  com.jetbrains.rd.framework.FrameworkMarshallers$TimeSpan$1
11790:             1             48  com.jetbrains.rd.framework.FrameworkMarshallers$TimeSpan$2
11791:             1             48  com.jetbrains.rd.framework.FrameworkMarshallers$UByte$1
11792:             1             48  com.jetbrains.rd.framework.FrameworkMarshallers$UByte$2
11793:             1             48  com.jetbrains.rd.framework.FrameworkMarshallers$UByteArray$1
11794:             1             48  com.jetbrains.rd.framework.FrameworkMarshallers$UByteArray$2
11795:             1             48  com.jetbrains.rd.framework.FrameworkMarshallers$UInt$1
11796:             1             48  com.jetbrains.rd.framework.FrameworkMarshallers$UInt$2
11797:             1             48  com.jetbrains.rd.framework.FrameworkMarshallers$UIntArray$1
11798:             1             48  com.jetbrains.rd.framework.FrameworkMarshallers$UIntArray$2
11799:             1             48  com.jetbrains.rd.framework.FrameworkMarshallers$ULong$1
11800:             1             48  com.jetbrains.rd.framework.FrameworkMarshallers$ULong$2
11801:             1             48  com.jetbrains.rd.framework.FrameworkMarshallers$ULongArray$1
11802:             1             48  com.jetbrains.rd.framework.FrameworkMarshallers$ULongArray$2
11803:             1             48  com.jetbrains.rd.framework.FrameworkMarshallers$UShort$1
11804:             1             48  com.jetbrains.rd.framework.FrameworkMarshallers$UShort$2
11805:             1             48  com.jetbrains.rd.framework.FrameworkMarshallers$UShortArray$1
11806:             1             48  com.jetbrains.rd.framework.FrameworkMarshallers$UShortArray$2
11807:             1             48  com.jetbrains.rd.framework.FrameworkMarshallers$Uri$2
11808:             2             48  com.jetbrains.rd.framework.SerializationCtx
11809:             2             48  com.jetbrains.rd.util.SwitchLogger$Pair
11810:             2             48  com.jetbrains.rd.util.reactive.AddRemove
11811:             2             48  com.jetbrains.rd.util.reactive.BoolPropertyExKt$whenTrue$1
11812:             2             48  com.jetbrains.rd.util.reactive.IViewableMap$view$2
11813:             2             48  com.jetbrains.rd.util.reactive.SourceExKt$flowInto$3
11814:             3             48  com.jetbrains.rd.util.reflection.ReflectionUtilKt$threadLocal$1
11815:             2             48  com.jetbrains.rd.util.threading.coroutines.RdCoroutineScope$cancelledScope$2
11816:             3             48  com.jetbrains.rdserver.settings.BackendSettingsController
11817:             2             48  com.jetbrains.rhizomedb.Cardinality
11818:             1             48  com.maddyhome.idea.copyright.actions.UpdateCopyrightAction
11819:             2             48  com.pty4j.unix.Pollfd
11820:             1             48  com.pty4j.unix.Pty
11821:             2             48  com.pty4j.util.LazyValue
11822:             2             48  com.sun.jmx.mbeanserver.ClassLoaderRepositorySupport$LoaderEntry (java.management@21.0.8)
11823:             1             48  com.sun.jmx.mbeanserver.DefaultMXBeanMappingFactory$Mappings (java.management@21.0.8)
11824:             1             48  com.sun.jmx.mbeanserver.MBeanIntrospector$MBeanInfoMap (java.management@21.0.8)
11825:             1             48  com.sun.jmx.mbeanserver.MBeanIntrospector$PerInterfaceMap (java.management@21.0.8)
11826:             2             48  com.sun.jmx.mbeanserver.WeakIdentityHashMap (java.management@21.0.8)
11827:             2             48  com.sun.org.apache.xerces.internal.impl.dtd.DTDGrammarBucket (java.xml@21.0.8)
11828:             2             48  com.sun.org.apache.xerces.internal.impl.dtd.XMLAttributeDecl (java.xml@21.0.8)
11829:             3             48  com.sun.org.apache.xerces.internal.impl.dv.dtd.ListDatatypeValidator (java.xml@21.0.8)
11830:             1             48  com.sun.org.apache.xerces.internal.util.XMLAttributesImpl (java.xml@21.0.8)
11831:             1             48  fleet.fastutil.longs.LongOpenHashSet
11832:             2             48  fleet.kernel.ChangeInterceptor
11833:             1             48  fleet.kernel.DbTimestamp$Companion$1
11834:             1             48  fleet.kernel.RetractionRelation$Companion$1
11835:             1             48  fleet.kernel.SharedRetractionRelation$Companion$1
11836:             1             48  fleet.kernel.TransactorKt$subscribe$2$job$1
11837:             1             48  fleet.kernel.TransactorKt$withTransactor$2$1$3$1
11838:             2             48  fleet.kernel.rebase.InstructionSet
11839:             1             48  fleet.kernel.rebase.OfferContributorEntity$Companion$1
11840:             1             48  fleet.kernel.rebase.RemoteKernelConnectionEntity$Companion$1
11841:             2             48  fleet.kernel.rebase.SharedInstruction
11842:             1             48  fleet.kernel.rebase.WorkspaceClockEntity$Companion$1
11843:             3             48  fleet.kernel.rete.QueriesKt$$Lambda/0x0000009802648a30
11844:             2             48  fleet.kernel.rete.QueriesKt$$Lambda/0x0000009802655000
11845:             2             48  fleet.kernel.rete.QueriesKt$filter$1
11846:             2             48  fleet.kernel.rete.QueriesKt$flatMap$1$1$1
11847:             3             48  fleet.kernel.rete.Rete$ObserverId
11848:             1             48  fleet.kernel.rete.ReteEntity$Companion$1
11849:             3             48  fleet.kernel.rete.ReteKt$$Lambda/0x000000980268afd0
11850:             3             48  fleet.kernel.rete.ReteKt$matchesFlow$$inlined$mapNotNull$1$2
11851:             1             48  fleet.kernel.rete.ReteKt$withRete$2$1$1$1
11852:             2             48  fleet.kernel.rete.impl.IdGen
11853:             2             48  fleet.kernel.rete.impl.InvalidationReason
11854:             3             48  fleet.kernel.rete.impl.ObservableMatchKt$$Lambda/0x000000980266bd50
11855:             1             48  fleet.multiplatform.shims.SingleThreadCoroutineDispatcher_jvmKt$newSingleThreadCoroutineDispatcherJvm$1$use$1
11856:             1             48  fleet.multiplatform.shims.SingleThreadCoroutineDispatcher_jvmKt$newSingleThreadCoroutineDispatcherJvm$1$use$2
11857:             1             48  fleet.util.UID$Serializer$1
11858:             1             48  fleet.util.UID$Serializer$2
11859:             2             48  git4idea.ConfigStatus
11860:             2             48  git4idea.GitLocalBranch
11861:             1             48  git4idea.commands.GitHttpAuthServiceImpl
11862:             2             48  git4idea.commit.GitMergeCommitMessageHolder
11863:             2             48  git4idea.commit.signing.GpgAgentConfigurator
11864:             2             48  git4idea.config.GitVcsSettings
11865:             2             48  git4idea.history.GitLogParser$NameStatus
11866:             2             48  git4idea.ignore.GitIgnoreInStoreDirGenerator
11867:             1             48  git4idea.ignore.GitIgnoreInStoreDirGenerator$VfsEventsListener$affectedFilesInStoreDir$1
11868:             1             48  git4idea.ignore.GitIgnoreInStoreDirGenerator$VfsEventsListener$affectedFilesInStoreDir$2
11869:             1             48  git4idea.ignore.actions.GitIgnoreFileActionGroup
11870:             1             48  git4idea.ignore.lang.GitExcludeLanguage
11871:             1             48  git4idea.ignore.lang.GitIgnoreLanguage
11872:             2             48  git4idea.index.GitFileStatus
11873:             1             48  git4idea.index.actions.GitStageCompareLocalWithStagedAction
11874:             1             48  git4idea.rebase.GitRebaseEditorService
11875:             2             48  git4idea.remote.hosting.GitAsyncExtensionsKt$discoverServers$1$2
11876:             1             48  git4idea.remoteApi.GitIncomingOutgoingStateApiImpl$syncState$2$1
11877:             1             48  git4idea.remoteApi.GitIncomingOutgoingStateApiImpl$syncState$2$1$1
11878:             1             48  git4idea.remoteApi.GitRepositoryApiImpl$getRepositoriesEvents$2
11879:             1             48  git4idea.remoteApi.GitRepositoryColorsApiImpl$syncColors$2$1
11880:             1             48  git4idea.remoteApi.GitRepositoryColorsApiImpl$syncColors$2$1$1
11881:             1             48  git4idea.remoteApi.GitWidgetApiImpl$getWidgetState$2$1$1
11882:             1             48  git4idea.repo.GitRepositoryUpdater
11883:             1             48  git4idea.repo.GitUntrackedFilesHolder$1
11884:             1             48  git4idea.repo.GitUntrackedFilesHolder$2
11885:             2             48  io.grpc.DecompressorRegistry$DecompressorInfo
11886:             2             48  io.grpc.InternalKnownTransport
11887:             2             48  io.grpc.LoadBalancer$CreateSubchannelArgs$Key
11888:             2             48  io.grpc.internal.CallCredentialsApplyingTransportFactory
11889:             2             48  io.grpc.internal.ManagedChannelImpl$ExecutorHolder
11890:             1             48  io.grpc.internal.ManagedChannelOrphanWrapper$ManagedChannelReference
11891:             2             48  io.grpc.internal.MessageDeframer$State
11892:             3             48  io.grpc.internal.ReflectionLongAdderCounter
11893:             1             48  io.grpc.internal.Rescheduler
11894:             2             48  io.grpc.internal.SharedResourceHolder$Instance
11895:             3             48  io.grpc.internal.SharedResourcePool
11896:             2             48  io.grpc.netty.shaded.io.grpc.netty.Utils$DefaultEventLoopGroupResource
11897:             2             48  io.grpc.netty.shaded.io.grpc.netty.Utils$EventLoopGroupType
11898:             2             48  io.grpc.netty.shaded.io.netty.buffer.PoolArena$SizeClass
11899:             3             48  io.grpc.netty.shaded.io.netty.buffer.PoolThreadCache$FreeOnFinalize
11900:             2             48  io.grpc.netty.shaded.io.netty.buffer.PooledByteBufAllocator$PoolThreadLocalCache
11901:             1             48  io.grpc.netty.shaded.io.netty.buffer.UnpooledHeapByteBuf
11902:             2             48  io.grpc.netty.shaded.io.netty.handler.codec.http2.Http2FrameLogger$Direction
11903:             1             48  io.grpc.netty.shaded.io.netty.util.ResourceLeakDetector$TraceRecord$1
11904:             3             48  io.grpc.netty.shaded.io.netty.util.concurrent.PromiseTask$SentinelRunnable
11905:             1             48  io.ktor.client.HttpClient$2
11906:             1             48  io.ktor.client.engine.HttpClientEngine$install$1
11907:             1             48  io.ktor.client.engine.cio.CIOEngineConfig
11908:             1             48  io.ktor.client.plugins.AfterReceiveHook$install$1
11909:             1             48  io.ktor.client.plugins.AfterRenderHook$install$1
11910:             1             48  io.ktor.client.plugins.DefaultResponseValidationKt$addDefaultResponseValidation$1$1
11911:             1             48  io.ktor.client.plugins.DoubleReceivePluginKt$SaveBodyPlugin$1
11912:             1             48  io.ktor.client.plugins.DoubleReceivePluginKt$SaveBodyPlugin$2$1
11913:             1             48  io.ktor.client.plugins.HttpCallValidatorKt$HttpCallValidator$1
11914:             1             48  io.ktor.client.plugins.HttpCallValidatorKt$HttpCallValidator$2$2
11915:             1             48  io.ktor.client.plugins.HttpCallValidatorKt$HttpCallValidator$2$3
11916:             1             48  io.ktor.client.plugins.HttpCallValidatorKt$HttpCallValidator$2$4
11917:             1             48  io.ktor.client.plugins.HttpPlainTextKt$HttpPlainText$1
11918:             1             48  io.ktor.client.plugins.HttpPlainTextKt$HttpPlainText$2$1
11919:             1             48  io.ktor.client.plugins.HttpPlainTextKt$HttpPlainText$2$2
11920:             1             48  io.ktor.client.plugins.HttpRedirectKt$HttpRedirect$1
11921:             1             48  io.ktor.client.plugins.HttpRedirectKt$HttpRedirect$2$1
11922:             1             48  io.ktor.client.plugins.HttpRequestLifecycleKt$HttpRequestLifecycle$1$1
11923:             1             48  io.ktor.client.plugins.HttpSend$Plugin$install$1
11924:             1             48  io.ktor.client.plugins.RenderRequestHook$install$1
11925:             2             48  io.ktor.client.plugins.api.HookHandler
11926:             1             48  io.ktor.client.plugins.api.TransformResponseBodyHook$install$1
11927:             1             48  io.ktor.network.selector.ActorSelectorManager
11928:             1             48  io.ktor.network.selector.ActorSelectorManager
11929:             1             48  io.ktor.network.selector.ActorSelectorManager$1
11930:             1             48  io.ktor.network.selector.ActorSelectorManager$1
11931:             1             48  io.ktor.network.selector.ActorSelectorManager$process$1
11932:             1             48  io.ktor.network.selector.ActorSelectorManager$process$1
11933:             1             48  io.ktor.network.selector.ActorSelectorManager$select$1
11934:             2             48  io.ktor.network.tls.CipherType
11935:             2             48  io.ktor.network.tls.platform.PlatformVersion
11936:             1             48  io.ktor.server.cio.CIOApplicationEngine$startConnector$1
11937:             2             48  io.ktor.server.config.MapApplicationConfig
11938:             2             48  io.ktor.server.engine.BaseApplicationEngine$$Lambda/0x0000009803947ca8
11939:             2             48  io.ktor.server.engine.BaseApplicationEngine$$Lambda/0x0000009803979000
11940:             1             48  io.ktor.server.engine.DefaultTransformKt$installDefaultTransformations$2
11941:             2             48  io.ktor.server.engine.EngineConnectorBuilder
11942:             2             48  io.ktor.server.engine.EngineConnectorConfigJvmKt$withPort$2
11943:             2             48  io.ktor.server.engine.ShutdownHookKt$$Lambda/0x00000098039aeda8
11944:             2             48  io.ktor.server.engine.StartupInfo
11945:             2             48  io.ktor.server.routing.HttpHeaderRouteSelector
11946:             1             48  io.ktor.server.websocket.RoutingKt$webSocketRaw$2$1$1$1
11947:             1             48  io.ktor.utils.io.ByteChannel$readBuffer$1
11948:             1             48  io.ktor.utils.io.ByteChannel$writeBuffer$1
11949:             1             48  io.ktor.utils.io.CloseToken$wrapCause$1
11950:             2             48  io.ktor.websocket.WebSocketExtensionsConfig
11951:             2             48  io.netty.bootstrap.ServerBootstrap$ServerBootstrapAcceptor$1
11952:             2             48  io.netty.buffer.PoolArena$SizeClass
11953:             3             48  io.netty.buffer.PoolThreadCache$FreeOnFinalize
11954:             2             48  io.netty.buffer.UnreleasableByteBuf
11955:             2             48  io.netty.channel.ServerChannelRecvByteBufAllocator
11956:             2             48  io.netty.channel.SucceededChannelFuture
11957:             2             48  io.netty.handler.codec.http.HttpScheme
11958:             2             48  io.netty.handler.logging.ByteBufFormat
11959:             2             48  io.netty.resolver.AddressResolverGroup$1
11960:             2             48  io.netty.resolver.DefaultNameResolver
11961:             2             48  io.netty.resolver.InetSocketAddressResolver
11962:             1             48  io.netty.util.ResourceLeakDetector$TraceRecord$1
11963:             2             48  io.netty.util.concurrent.DefaultEventExecutorChooserFactory$GenericEventExecutorChooser
11964:             2             48  io.netty.util.concurrent.DefaultFutureListeners
11965:             3             48  io.netty.util.concurrent.MultithreadEventExecutorGroup$1
11966:             3             48  io.netty.util.concurrent.PromiseTask$SentinelRunnable
11967:             3             48  io.netty.util.concurrent.ThreadPerTaskExecutor
11968:             3             48  io.netty.util.internal.ObjectPool$RecyclerObjectPool
11969:             2             48  io.opencensus.trace.MessageEvent$Type
11970:             2             48  io.opentelemetry.sdk.common.export.MemoryMode
11971:             3             48  io.opentelemetry.sdk.internal.ScopeConfiguratorBuilder$$Lambda/0x000000980238a750
11972:             2             48  io.opentelemetry.sdk.metrics.InstrumentValueType
11973:             2             48  io.opentelemetry.sdk.metrics.SdkDoubleGauge
11974:             2             48  io.opentelemetry.sdk.metrics.data.AggregationTemporality
11975:             1             48  io.opentelemetry.sdk.trace.TracerSharedState
11976:             2             48  it.unimi.dsi.fastutil.ints.IntArraySet
11977:             3             48  it.unimi.dsi.fastutil.ints.IntImmutableList
11978:             2             48  it.unimi.dsi.fastutil.ints.IntSets$SynchronizedSet
11979:             2             48  it.unimi.dsi.fastutil.longs.LongArraySet
11980:             3             48  java.awt.ComponentOrientation (java.desktop)
11981:             1             48  java.awt.LightweightDispatcher (java.desktop)
11982:             2             48  java.awt.MediaTracker (java.desktop)
11983:             2             48  java.awt.desktop.QuitStrategy (java.desktop)
11984:             2             48  java.awt.geom.Point2D$Float (java.desktop)
11985:             2             48  java.io.File$PathStatus (java.base@21.0.8)
11986:             3             48  java.lang.Boolean (java.base@21.0.8)
11987:             1             48  java.lang.NullPointerException (java.base@21.0.8)
11988:             3             48  java.lang.ProcessImpl$$Lambda/0x0000009802059e58 (java.base@21.0.8)
11989:             1             48  java.lang.invoke.BoundMethodHandle$Specializer$Factory (java.base@21.0.8)
11990:             3             48  java.lang.invoke.MethodHandleImpl$CasesHolder (java.base@21.0.8)
11991:             2             48  java.net.Authenticator$RequestorType (java.base@21.0.8)
11992:             2             48  java.net.http.HttpClient$Version (java.net.http@21.0.8)
11993:             3             48  java.nio.charset.CodingErrorAction (java.base@21.0.8)
11994:             1             48  java.nio.file.NoSuchFileException (java.base@21.0.8)
11995:             3             48  java.nio.file.attribute.PosixFilePermissions$1 (java.base@21.0.8)
11996:             2             48  java.security.BasicPermissionCollection (java.base@21.0.8)
11997:             3             48  java.text.AttributedCharacterIterator$Attribute (java.base@21.0.8)
11998:             1             48  java.text.AttributedString$AttributedStringIterator (java.base@21.0.8)
11999:             2             48  java.time.OffsetDateTime (java.base@21.0.8)
12000:             2             48  java.time.OffsetTime (java.base@21.0.8)
12001:             3             48  java.time.format.DateTimeFormatterBuilder$StringLiteralPrinterParser (java.base@21.0.8)
12002:             2             48  java.time.format.DateTimeFormatterBuilder$ZoneIdPrinterParser (java.base@21.0.8)
12003:             3             48  java.util.Base64$Decoder (java.base@21.0.8)
12004:             2             48  java.util.Collections$UnmodifiableSortedSet (java.base@21.0.8)
12005:             3             48  java.util.ResourceBundle$NoFallbackControl (java.base@21.0.8)
12006:             2             48  java.util.TaskQueue (java.base@21.0.8)
12007:             2             48  java.util.Timer (java.base@21.0.8)
12008:             2             48  java.util.Timer$ThreadReaper (java.base@21.0.8)
12009:             2             48  java.util.concurrent.Executors$DefaultThreadFactory (java.base@21.0.8)
12010:             2             48  java.util.function.BiConsumer$$Lambda/0x000000980416b698 (java.base@21.0.8)
12011:             2             48  java.util.logging.Logger$LoggerBundle (java.logging@21.0.8)
12012:             2             48  java.util.logging.LoggingPermission (java.logging@21.0.8)
12013:             2             48  java.util.regex.CharPredicates$$Lambda/0x00000098033740c0 (java.base@21.0.8)
12014:             2             48  javax.crypto.CryptoPermissions (java.base@21.0.8)
12015:             2             48  javax.management.NotificationBroadcasterSupport (java.management@21.0.8)
12016:             2             48  javax.net.ssl.SSLContext (java.base@21.0.8)
12017:             1             48  javax.swing.ImageIcon (java.desktop)
12018:             3             48  javax.swing.JComboBox$1 (java.desktop)
12019:             1             48  javax.swing.JEditorPane$1 (java.desktop)
12020:             2             48  javax.swing.JTable$PrintMode (java.desktop)
12021:             3             48  javax.swing.TransferHandler$TransferAction (java.desktop)
12022:             1             48  javax.swing.UIDefaults$TextAndMnemonicHashMap (java.desktop)
12023:             1             48  javax.swing.UIManager$LAFState (java.desktop)
12024:             3             48  javax.swing.event.DocumentEvent$EventType (java.desktop)
12025:             3             48  javax.swing.event.HyperlinkEvent$EventType (java.desktop)
12026:             2             48  javax.swing.plaf.ComponentInputMapUIResource (java.desktop)
12027:             3             48  javax.swing.plaf.basic.BasicComboBoxUI$Handler (java.desktop)
12028:             3             48  javax.swing.plaf.basic.BasicComboPopup$Handler (java.desktop)
12029:             3             48  javax.swing.plaf.basic.BasicLookAndFeel$1 (java.desktop)
12030:             3             48  javax.swing.plaf.basic.BasicLookAndFeel$AWTEventHelper (java.desktop)
12031:             3             48  javax.swing.plaf.basic.BasicRootPaneUI$Actions (java.desktop)
12032:             2             48  javax.swing.plaf.basic.BasicTableHeaderUI$MouseInputHandler (java.desktop)
12033:             1             48  javax.swing.plaf.basic.BasicTextUI$TextTransferHandler (java.desktop)
12034:             2             48  javax.swing.plaf.basic.BasicTreeUI$ComponentHandler (java.desktop)
12035:             2             48  javax.swing.text.DefaultEditorKit$BeginAction (java.desktop)
12036:             2             48  javax.swing.text.DefaultEditorKit$DeleteWordAction (java.desktop)
12037:             2             48  javax.swing.text.DefaultEditorKit$EndAction (java.desktop)
12038:             2             48  javax.swing.text.DefaultEditorKit$NextWordAction (java.desktop)
12039:             2             48  javax.swing.text.DefaultEditorKit$PageAction (java.desktop)
12040:             2             48  javax.swing.text.DefaultEditorKit$PreviousWordAction (java.desktop)
12041:             1             48  javax.swing.text.FlowView$LogicalView (java.desktop)
12042:             2             48  javax.swing.text.html.HTMLEditorKit$BeginAction (java.desktop)
12043:             1             48  javax.swing.text.html.HTMLEditorKit$InsertHRAction (java.desktop)
12044:             2             48  javax.swing.text.html.HTMLEditorKit$NavigateLinkAction (java.desktop)
12045:             2             48  javax.swing.text.html.StyleSheet$BoxPainter$HorizontalMargin (java.desktop)
12046:             2             48  javax.xml.bind.annotation.XmlAccessOrder
12047:             2             48  jdk.internal.icu.impl.Norm2AllModes (java.base@21.0.8)
12048:             2             48  jdk.internal.icu.impl.Norm2AllModes$ComposeNormalizer2 (java.base@21.0.8)
12049:             2             48  jdk.internal.icu.impl.Norm2AllModes$Norm2AllModesSingleton (java.base@21.0.8)
12050:             1             48  jdk.internal.icu.impl.UCharacterProperty (java.base@21.0.8)
12051:             3             48  jdk.internal.icu.text.NormalizerBase$ModeImpl (java.base@21.0.8)
12052:             2             48  jdk.internal.icu.util.CodePointTrie$Type (java.base@21.0.8)
12053:             3             48  jdk.internal.icu.util.VersionInfo (java.base@21.0.8)
12054:             1             48  jdk.internal.jimage.ImageHeader (java.base@21.0.8)
12055:             2             48  jdk.internal.misc.Signal$NativeHandler (java.base@21.0.8)
12056:             3             48  jdk.internal.misc.ThreadTracker (java.base@21.0.8)
12057:             3             48  jdk.internal.module.ServicesCatalog (java.base@21.0.8)
12058:             2             48  jdk.internal.net.http.PlainHttpConnection$ConnectState (java.net.http@21.0.8)
12059:             2             48  jdk.internal.reflect.ReflectionFactory$Config (java.base@21.0.8)
12060:             1             48  jdk.jfr.internal.MetadataRepository (jdk.jfr@21.0.8)
12061:             1             48  jdk.jfr.internal.periodic.FlushTask (jdk.jfr@21.0.8)
12062:             1             48  jdk.management.jfr.FlightRecorderMXBeanImpl (jdk.management.jfr@21.0.8)
12063:             3             48  jdk.proxy2.$Proxy107 (jdk.proxy2)
12064:             3             48  jdk.proxy2.$Proxy124 (jdk.proxy2)
12065:             3             48  jdk.proxy2.$Proxy139 (jdk.proxy2)
12066:             3             48  jdk.proxy2.$Proxy172 (jdk.proxy2)
12067:             3             48  jdk.proxy2.$Proxy241 (jdk.proxy2)
12068:             3             48  jdk.proxy2.$Proxy245 (jdk.proxy2)
12069:             3             48  jdk.proxy2.$Proxy262 (jdk.proxy2)
12070:             3             48  jdk.proxy2.$Proxy45 (jdk.proxy2)
12071:             3             48  jdk.proxy2.$Proxy79 (jdk.proxy2)
12072:             3             48  jdk.proxy2.$Proxy81 (jdk.proxy2)
12073:             3             48  jdk.proxy2.$Proxy82 (jdk.proxy2)
12074:             3             48  jdk.proxy6.$Proxy193 (jdk.proxy6)
12075:             3             48  jdk.proxy7.$Proxy99 (jdk.proxy7)
12076:             3             48  jdk.proxy8.$Proxy263 (jdk.proxy8)
12077:             2             48  kotlin.Triple
12078:             3             48  kotlin.collections.ArraysKt___ArraysKt$asIterable$$inlined$Iterable$1
12079:             2             48  kotlin.coroutines.jvm.internal.ModuleNameRetriever$Cache
12080:             2             48  kotlin.io.FileWalkDirection
12081:             1             48  kotlin.reflect.jvm.ReflectLambdaKt$reflect$descriptor$1
12082:             2             48  kotlin.reflect.jvm.internal.KDeclarationContainerImpl$MemberBelonginess
12083:             3             48  kotlin.reflect.jvm.internal.KMutableProperty2Impl$$Lambda$0
12084:             3             48  kotlin.reflect.jvm.internal.KProperty2Impl$$Lambda$0
12085:             3             48  kotlin.reflect.jvm.internal.KProperty2Impl$$Lambda$1
12086:             2             48  kotlin.reflect.jvm.internal.impl.builtins.jvm.JvmBuiltIns$$Lambda$1
12087:             2             48  kotlin.reflect.jvm.internal.impl.builtins.jvm.JvmBuiltIns$Settings
12088:             3             48  kotlin.reflect.jvm.internal.impl.descriptors.ModuleCapability
12089:             2             48  kotlin.reflect.jvm.internal.impl.descriptors.annotations.AnnotationDescriptorImpl
12090:             3             48  kotlin.reflect.jvm.internal.impl.descriptors.annotations.AnnotationUtilKt$$Lambda$0
12091:             3             48  kotlin.reflect.jvm.internal.impl.descriptors.annotations.AnnotationsImpl
12092:             2             48  kotlin.reflect.jvm.internal.impl.descriptors.runtime.components.PackagePartScopeCache
12093:             2             48  kotlin.reflect.jvm.internal.impl.descriptors.runtime.components.RuntimeModuleData
12094:             2             48  kotlin.reflect.jvm.internal.impl.descriptors.runtime.structure.ReflectJavaArrayAnnotationArgument
12095:             1             48  kotlin.reflect.jvm.internal.impl.descriptors.runtime.structure.ReflectJavaClass$fields$1
12096:             1             48  kotlin.reflect.jvm.internal.impl.descriptors.runtime.structure.ReflectJavaClass$fields$2
12097:             1             48  kotlin.reflect.jvm.internal.impl.descriptors.runtime.structure.ReflectJavaClass$methods$2
12098:             2             48  kotlin.reflect.jvm.internal.impl.descriptors.runtime.structure.ReflectJavaEnumValueAnnotationArgument
12099:             2             48  kotlin.reflect.jvm.internal.impl.load.java.NullabilityAnnotationStatesImpl
12100:             2             48  kotlin.reflect.jvm.internal.impl.load.java.structure.LightClassOriginKind
12101:             2             48  kotlin.reflect.jvm.internal.impl.load.java.typeEnhancement.MutabilityQualifier
12102:             3             48  kotlin.reflect.jvm.internal.impl.protobuf.ExtensionRegistryLite
12103:             3             48  kotlin.reflect.jvm.internal.impl.resolve.constants.AnnotationValue
12104:             1             48  kotlin.reflect.jvm.internal.impl.resolve.descriptorUtil.DescriptorUtilsKt$declaresOrInheritsDefaultValue$2
12105:             2             48  kotlin.reflect.jvm.internal.impl.serialization.deserialization.descriptors.DeserializedContainerAbiStability
12106:             2             48  kotlin.reflect.jvm.internal.impl.types.DisjointKeysUnionTypeSubstitution
12107:             2             48  kotlin.reflect.jvm.internal.impl.types.TypeUsage
12108:             2             48  kotlin.reflect.jvm.internal.impl.types.TypeUtils$SpecialType
12109:             1             48  kotlin.sequences.SequencesKt___SequencesKt$flatMap$1
12110:             1             48  kotlin.sequences.SequencesKt___SequencesKt$flatMap$2
12111:             2             48  kotlin.text.Regex
12112:             1             48  kotlin.text.Regex$findAll$2
12113:             2             48  kotlin.time.Instant
12114:             2             48  kotlin.time.TimeSource$Monotonic$ValueTimeMark
12115:             1             48  kotlinx.coroutines.DefaultExecutor
12116:             1             48  kotlinx.coroutines.DefaultExecutor
12117:             1             48  kotlinx.coroutines.channels.BufferedChannel$onReceive$1
12118:             1             48  kotlinx.coroutines.channels.BufferedChannel$onReceive$2
12119:             1             48  kotlinx.coroutines.channels.BufferedChannel$onReceiveCatching$1
12120:             1             48  kotlinx.coroutines.channels.BufferedChannel$onReceiveCatching$2
12121:             1             48  kotlinx.coroutines.channels.BufferedChannel$onSend$1
12122:             1             48  kotlinx.coroutines.channels.BufferedChannel$onSend$2
12123:             1             48  kotlinx.coroutines.channels.BufferedChannelKt$createSegmentFunction$1
12124:             2             48  kotlinx.coroutines.flow.FlowKt__LimitKt$dropWhile$$inlined$unsafeFlow$1
12125:             2             48  kotlinx.coroutines.flow.FlowKt__LimitKt$dropWhile$1$1
12126:             2             48  kotlinx.coroutines.flow.FlowKt__MergeKt$flatMapConcat$$inlined$map$1
12127:             1             48  kotlinx.coroutines.flow.FlowKt__ShareKt$launchSharing$1$2
12128:             2             48  kotlinx.coroutines.flow.FlowKt__ZipKt$combine$$inlined$combineUnsafe$FlowKt__ZipKt$2
12129:             1             48  kotlinx.coroutines.flow.FlowKt__ZipKt$combine$$inlined$combineUnsafe$FlowKt__ZipKt$3$2
12130:             1             48  kotlinx.coroutines.flow.internal.SafeCollectorKt$emitFun$1
12131:             1             48  kotlinx.coroutines.internal.LimitedDispatcher
12132:             1             48  kotlinx.coroutines.internal.SoftLimitedDispatcher
12133:             2             48  kotlinx.coroutines.selects.OnTimeout
12134:             2             48  kotlinx.coroutines.selects.OnTimeout$$Lambda/0x00000098022ed5d8
12135:             1             48  kotlinx.coroutines.selects.OnTimeout$selectClause$1
12136:             1             48  kotlinx.coroutines.sync.SemaphoreAndMutexImpl$addAcquireToQueue$createNewSegment$1
12137:             1             48  kotlinx.coroutines.sync.SemaphoreAndMutexImpl$tryResumeNextFromQueue$createNewSegment$1
12138:             2             48  kotlinx.html.attributes.BooleanEncoder
12139:             2             48  kotlinx.serialization.cbor.CborImpl
12140:             2             48  kotlinx.serialization.internal.ClassValueCache
12141:             2             48  kotlinx.serialization.internal.ClassValueParametrizedCache
12142:             1             48  kotlinx.serialization.json.JsonConfiguration
12143:             2             48  net.loomchild.segment.srx.SrxDocument
12144:             2             48  okhttp3.CertificatePinner
12145:             1             48  okhttp3.ConnectionPool$1
12146:             1             48  okio.Buffer$UnsafeCursor
12147:             2             48  one.util.streamex.StreamContext
12148:             1             48  org.apache.commons.logging.impl.LogFactoryImpl
12149:             2             48  org.apache.http.client.utils.URIUtils$UriFlag
12150:             2             48  org.apache.http.conn.routing.RouteInfo$LayerType
12151:             2             48  org.apache.http.conn.routing.RouteInfo$TunnelType
12152:             2             48  org.apache.http.impl.cookie.DefaultCookieSpecProvider$CompatibilityLevel
12153:             2             48  org.apache.lucene.analysis.hunspell.AffixKind
12154:             2             48  org.apache.lucene.analysis.hunspell.CompoundRule
12155:             1             48  org.apache.lucene.util.packed.BulkOperationPacked1
12156:             1             48  org.apache.lucene.util.packed.BulkOperationPacked10
12157:             1             48  org.apache.lucene.util.packed.BulkOperationPacked11
12158:             1             48  org.apache.lucene.util.packed.BulkOperationPacked12
12159:             1             48  org.apache.lucene.util.packed.BulkOperationPacked13
12160:             1             48  org.apache.lucene.util.packed.BulkOperationPacked14
12161:             1             48  org.apache.lucene.util.packed.BulkOperationPacked15
12162:             1             48  org.apache.lucene.util.packed.BulkOperationPacked16
12163:             1             48  org.apache.lucene.util.packed.BulkOperationPacked17
12164:             1             48  org.apache.lucene.util.packed.BulkOperationPacked18
12165:             1             48  org.apache.lucene.util.packed.BulkOperationPacked19
12166:             1             48  org.apache.lucene.util.packed.BulkOperationPacked2
12167:             1             48  org.apache.lucene.util.packed.BulkOperationPacked20
12168:             1             48  org.apache.lucene.util.packed.BulkOperationPacked21
12169:             1             48  org.apache.lucene.util.packed.BulkOperationPacked22
12170:             1             48  org.apache.lucene.util.packed.BulkOperationPacked23
12171:             1             48  org.apache.lucene.util.packed.BulkOperationPacked24
12172:             1             48  org.apache.lucene.util.packed.BulkOperationPacked3
12173:             1             48  org.apache.lucene.util.packed.BulkOperationPacked4
12174:             1             48  org.apache.lucene.util.packed.BulkOperationPacked5
12175:             1             48  org.apache.lucene.util.packed.BulkOperationPacked6
12176:             1             48  org.apache.lucene.util.packed.BulkOperationPacked7
12177:             1             48  org.apache.lucene.util.packed.BulkOperationPacked8
12178:             1             48  org.apache.lucene.util.packed.BulkOperationPacked9
12179:             3             48  org.apache.xerces.impl.dv.dtd.ListDatatypeValidator
12180:             1             48  org.apache.xerces.impl.xs.XSAttributeGroupDecl
12181:             1             48  org.apache.xerces.util.URI
12182:             1             48  org.cef.CefApp (jcef)
12183:             2             48  org.cef.handler.CefFocusHandler$FocusSource (jcef)
12184:             2             48  org.editorconfig.configmanagement.EditorConfigEncodingInspection
12185:             2             48  org.h2.mvstore.MVStore$TxCounter
12186:             2             48  org.h2.mvstore.WriteBuffer
12187:             1             48  org.ini4j.Config
12188:             1             48  org.intellij.images.fileTypes.impl.SvgLanguage
12189:             2             48  org.intellij.markdown.parser.markerblocks.MarkerBlock$EventAction
12190:             1             48  org.intellij.plugins.intelliLang.Configuration$AdvancedConfiguration
12191:             1             48  org.intellij.plugins.intelliLang.Configuration$App
12192:             2             48  org.intellij.plugins.intelliLang.references.InjectedReferencesInspection
12193:             2             48  org.intellij.plugins.markdown.editor.lists.inspections.IncorrectListNumberingInspection
12194:             2             48  org.intellij.plugins.markdown.editor.tables.inspections.MarkdownIncorrectTableFormattingInspection
12195:             2             48  org.intellij.plugins.markdown.editor.tables.inspections.MarkdownNoTableBordersInspection
12196:             3             48  org.intellij.plugins.markdown.editor.tables.ui.MarkdownInlayUpdateOnSoftWrapListener$editorCreated$2
12197:             2             48  org.intellij.plugins.markdown.editor.toc.OutdatedTableOfContentsInspection
12198:             2             48  org.intellij.plugins.markdown.extensions.common.InlineStylesExtension
12199:             2             48  org.intellij.plugins.markdown.extensions.common.MathExtension
12200:             2             48  org.intellij.plugins.markdown.extensions.common.highlighter.CodeFenceCopyButtonBrowserExtension
12201:             2             48  org.intellij.plugins.markdown.extensions.jcef.ProcessImagesExtension
12202:             2             48  org.intellij.plugins.markdown.extensions.jcef.commandRunner.CommandRunnerExtension$$Lambda/0x0000009804d88c08
12203:             1             48  org.intellij.plugins.markdown.images.editor.MarkdownConfigureImageIntention$Companion$searchFunctions$2$1
12204:             1             48  org.intellij.plugins.markdown.images.editor.MarkdownConfigureImageIntention$Companion$searchFunctions$2$2
12205:             1             48  org.intellij.plugins.markdown.images.editor.MarkdownConfigureImageIntention$Companion$searchFunctions$2$3
12206:             2             48  org.intellij.plugins.markdown.lang.references.paths.MarkdownLinkDestinationWithSpacesInspection
12207:             2             48  org.intellij.plugins.markdown.lang.references.paths.MarkdownUnresolvedFileReferenceInspection
12208:             2             48  org.intellij.plugins.markdown.model.psi.headers.UnresolvedHeaderReferenceInspection
12209:             2             48  org.intellij.plugins.markdown.model.psi.labels.UnresolvedLinkLabelInspection
12210:             1             48  org.intellij.plugins.markdown.settings.MarkdownCodeFoldingSettings$State
12211:             1             48  org.intellij.plugins.markdown.ui.actions.styling.SetHeaderLevelImpl$Normal
12212:             1             48  org.intellij.plugins.markdown.ui.actions.styling.SetHeaderLevelImpl$Subtitle
12213:             1             48  org.intellij.plugins.markdown.ui.actions.styling.SetHeaderLevelImpl$Title
12214:             2             48  org.intellij.plugins.markdown.ui.preview.MarkdownEditorWithPreview$1
12215:             2             48  org.intellij.plugins.markdown.ui.preview.MarkdownEditorWithPreview$MyVisibleAreaListener
12216:             2             48  org.intellij.plugins.markdown.ui.preview.MarkdownPreviewFileEditor$$Lambda/0x0000009804d9a6b0
12217:             3             48  org.intellij.plugins.markdown.ui.preview.MarkdownPreviewFileEditor$AttachPanelOnVisibilityChangeListener
12218:             2             48  org.intellij.plugins.markdown.ui.preview.MarkdownUpdateHandler$Debounced
12219:             2             48  org.intellij.plugins.markdown.ui.preview.MarkdownUpdateHandler$PreviewRequest$Update
12220:             2             48  org.intellij.plugins.markdown.ui.preview.PreciseVerticalScrollHelper
12221:             2             48  org.intellij.plugins.markdown.ui.preview.jcef.MarkdownJCEFHtmlPanel$MyAggregatingResourceProvider
12222:             2             48  org.intellij.plugins.markdown.ui.preview.jcef.impl.FileSchemeResourcesProcessor
12223:             2             48  org.intellij.plugins.markdown.ui.preview.jcef.impl.JcefUtilKt$$Lambda/0x0000009804d69b38
12224:             2             48  org.intellij.plugins.markdown.ui.preview.jcef.impl.JcefUtilKt$$Lambda/0x0000009804d6b130
12225:             2             48  org.intellij.plugins.markdown.ui.preview.jcef.impl.JcefUtilKt$waitForLoad$2$1
12226:             2             48  org.intellij.plugins.markdown.ui.preview.jcef.impl.JcefUtilKt$waitForLoad$2$handler$1
12227:             2             48  org.intellij.plugins.relaxNG.inspections.RngDomInspection
12228:             1             48  org.intellij.terraform.hcl.HCLLexer
12229:             1             48  org.intellij.terraform.hil.HILLexer
12230:             2             48  org.intellij.terraform.hil.inspection.HILUnresolvedReferenceInspection
12231:             1             48  org.intellij.terraform.opentofu.runtime.OpenTofuConfigurationType
12232:             2             48  org.intellij.terraform.runtime.TfProjectSettings
12233:             3             48  org.intellij.terraform.runtime.TfRunManagerListener
12234:             2             48  org.jetbrains.builtInWebServer.BuiltInServerOptions
12235:             2             48  org.jetbrains.completion.full.line.LocalInferenceType
12236:             2             48  org.jetbrains.completion.full.line.impl.local.files.LocalModelsDownloadConsentManager
12237:             2             48  org.jetbrains.completion.full.line.language.supporters.MultilinePostProcessorType
12238:             1             48  org.jetbrains.completion.full.line.local.ModelSchema
12239:             1             48  org.jetbrains.completion.full.line.local.generation.model.remote.GrpcModelSessionWrapper
12240:             1             48  org.jetbrains.completion.full.line.local.tokenizer.FullLineTokenizer
12241:             2             48  org.jetbrains.completion.full.line.models.ModelType
12242:             3             48  org.jetbrains.io.webSocket.WebSocketHandshakeHandler$$Lambda/0x0000009804e6afb0
12243:             2             48  org.jetbrains.jewel.bridge.SwingBridgeReader$BridgeThemeData
12244:             2             48  org.jetbrains.jewel.foundation.DisabledAppearanceValues
12245:             2             48  org.jetbrains.jewel.foundation.GlobalMetrics
12246:             2             48  org.jetbrains.jewel.foundation.util.JewelLogger$ReflectionBasedFactory$getInstance$1
12247:             2             48  org.jetbrains.jewel.ui.component.styling.CheckboxStyle
12248:             2             48  org.jetbrains.jewel.ui.component.styling.ChipStyle
12249:             2             48  org.jetbrains.jewel.ui.component.styling.ComboBoxStyle
12250:             2             48  org.jetbrains.jewel.ui.component.styling.DividerStyle
12251:             2             48  org.jetbrains.jewel.ui.component.styling.GroupHeaderColors
12252:             2             48  org.jetbrains.jewel.ui.component.styling.GroupHeaderMetrics
12253:             2             48  org.jetbrains.jewel.ui.component.styling.GroupHeaderStyle
12254:             2             48  org.jetbrains.jewel.ui.component.styling.HorizontalProgressBarMetrics
12255:             2             48  org.jetbrains.jewel.ui.component.styling.LazyTreeStyle
12256:             2             48  org.jetbrains.jewel.ui.component.styling.LinkIcons
12257:             2             48  org.jetbrains.jewel.ui.component.styling.LinkUnderlineBehavior
12258:             2             48  org.jetbrains.jewel.ui.component.styling.PopupContainerStyle
12259:             2             48  org.jetbrains.jewel.ui.component.styling.RadioButtonStyle
12260:             2             48  org.jetbrains.jewel.ui.component.styling.SearchMatchMetrics
12261:             2             48  org.jetbrains.jewel.ui.component.styling.SearchMatchStyle
12262:             2             48  org.jetbrains.jewel.ui.component.styling.SegmentedControlButtonStyle
12263:             2             48  org.jetbrains.jewel.ui.component.styling.SegmentedControlMetrics
12264:             2             48  org.jetbrains.jewel.ui.component.styling.SegmentedControlStyle
12265:             2             48  org.jetbrains.jewel.ui.component.styling.SelectableLazyColumnStyle
12266:             2             48  org.jetbrains.jewel.ui.component.styling.SliderStyle
12267:             2             48  org.jetbrains.jewel.ui.component.styling.SpeedSearchStyle
12268:             2             48  org.jetbrains.jewel.ui.component.styling.SubmenuMetrics
12269:             2             48  org.jetbrains.jewel.ui.component.styling.TextAreaStyle
12270:             2             48  org.jetbrains.jewel.ui.component.styling.TextFieldStyle
12271:             2             48  org.jetbrains.jewel.ui.component.styling.TooltipStyle
12272:             2             48  org.jetbrains.jewel.ui.component.styling.TrackClickBehavior
12273:             2             48  org.jetbrains.jps.model.java.JavaResourceRootType
12274:             2             48  org.jetbrains.jps.model.java.JavaSourceRootType
12275:             2             48  org.jetbrains.plugins.github.pullrequest.GHServerVersionsCollector
12276:             1             48  org.jetbrains.plugins.github.pullrequest.config.GithubPullRequestsProjectUISettings
12277:             1             48  org.jetbrains.plugins.github.pullrequest.ui.GHPRProjectViewModel$selectorVm$2$1$1
12278:             1             48  org.jetbrains.plugins.github.pullrequest.ui.GHPRProjectViewModel$selectorVm$2$vm$1
12279:             1             48  org.jetbrains.plugins.github.pullrequest.ui.review.GHPROnCurrentBranchService$vmState_delegate$lambda$0$$inlined$flatMapLatest$1
12280:             1             48  org.jetbrains.plugins.github.pullrequest.ui.selector.GHRepositoryAndAccountSelectorViewModel$gheLoginAvailableState$1
12281:             1             48  org.jetbrains.plugins.github.pullrequest.ui.selector.GHRepositoryAndAccountSelectorViewModel$githubLoginAvailableState$1
12282:             2             48  org.jetbrains.plugins.github.pullrequest.ui.toolwindow.GHPRToolWindowController
12283:             1             48  org.jetbrains.plugins.github.pullrequest.ui.toolwindow.GHPRToolWindowController$manageIconInToolbar$2$3
12284:             1             48  org.jetbrains.plugins.github.pullrequest.ui.toolwindow.GHPRToolWindowController$manageIconInToolbar$2$3$2
12285:             2             48  org.jetbrains.plugins.github.util.GHHostedRepositoriesManager
12286:             2             48  org.jetbrains.plugins.gitlab.mergerequest.ui.toolwindow.GitLabMergeRequestsToolWindowController
12287:             1             48  org.jetbrains.plugins.gitlab.mergerequest.ui.toolwindow.GitLabMergeRequestsToolWindowController$manageToolWindow$1
12288:             1             48  org.jetbrains.plugins.gitlab.mergerequest.ui.toolwindow.model.GitLabRepositoryAndAccountSelectorViewModel$tokenLoginAvailableState$1
12289:             1             48  org.jetbrains.plugins.terminal.LocalTerminalTtyConnector
12290:             1             48  org.jetbrains.plugins.terminal.ShellStartupOptions
12291:             2             48  org.jetbrains.plugins.terminal.TerminalProjectOptionsProvider$State
12292:             2             48  org.jetbrains.plugins.terminal.action.Unit
12293:             2             48  org.jetbrains.plugins.terminal.block.BlockTerminalOptions$State
12294:             2             48  org.jetbrains.plugins.terminal.block.completion.TerminalCommandCompletionShowingMode
12295:             1             48  org.jetbrains.plugins.terminal.block.completion.spec.dsl.ShellCommandContextImpl$subcommands$supplier$1
12296:             2             48  org.jetbrains.plugins.terminal.block.hyperlinks.ComputedFilter
12297:             2             48  org.jetbrains.plugins.terminal.block.output.TerminalOutputEditorInputMethodSupport$$Lambda/0x000000980526df58
12298:             2             48  org.jetbrains.plugins.terminal.block.output.TerminalTextHighlighter
12299:             2             48  org.jetbrains.plugins.terminal.block.reworked.TerminalSessionModelImpl
12300:             2             48  org.jetbrains.plugins.terminal.block.reworked.hyperlinks.TerminalGenericFileFilter
12301:             3             48  org.jetbrains.plugins.terminal.block.ui.TerminalContrastRatioImpl
12302:             2             48  org.jetbrains.plugins.terminal.session.impl.TerminalStartupOptionsImpl
12303:             3             48  org.jetbrains.plugins.textmate.bundles.TextRuleDeserializer
12304:             1             48  org.jetbrains.plugins.textmate.cache.SLRUTextMateCache
12305:             2             48  org.jetbrains.plugins.textmate.cache.SLRUTextMateCache$LRUSegment
12306:             2             48  org.jetbrains.plugins.textmate.language.TextMateStandardTokenType
12307:             1             48  org.jetbrains.qodana.inspectionKts.KtsInspectionsManager$compiledInspectionsFilesFlow$$inlined$flatMapLatest$1
12308:             1             48  org.jetbrains.skia.Bitmap$imageInfo$1
12309:             2             48  org.jetbrains.skia.ClipMode
12310:             2             48  org.jetbrains.skia.ColorFilter
12311:             2             48  org.jetbrains.skia.FilterMode
12312:             2             48  org.jetbrains.skia.Paint
12313:             2             48  org.jetbrains.skia.SurfaceOrigin
12314:             2             48  org.jetbrains.skia.Typeface
12315:             2             48  org.jetbrains.skia.paragraph.Direction
12316:             2             48  org.jetbrains.skia.skottie.LogLevel
12317:             2             48  org.jetbrains.skia.svg.SVGPreserveAspectRatioScale
12318:             2             48  org.jsoup.nodes.Document$OutputSettings$Syntax
12319:             2             48  org.jsoup.parser.TagSet
12320:             2             48  org.jsoup.select.Evaluator$AttributeWithValue
12321:             2             48  org.languagetool.LevelToneTagCacheKey
12322:             2             48  org.languagetool.ResultCache
12323:             2             48  org.languagetool.rules.Category$Location
12324:             2             48  org.languagetool.rules.GenericUnpairedBracketsRule$Symbol$Type
12325:             1             48  org.languagetool.rules.en.AdverbFilter$1
12326:             1             48  org.languagetool.rules.ml.MLServerProto$SuggestedReplacement
12327:             2             48  org.languagetool.rules.patterns.EquivalenceTypeLocator
12328:             2             48  org.languagetool.rules.patterns.RepeatedPatternRuleTransformer
12329:             2             48  org.languagetool.rules.patterns.XMLRuleHandler$RegexpMode
12330:             2             48  org.languagetool.tagging.ManualTagger
12331:             2             48  org.languagetool.tagging.disambiguation.MultiWordChunker$Settings
12332:             2             48  org.slf4j.helpers.BasicMDCAdapter
12333:             2             48  org.slf4j.helpers.BasicMDCAdapter$1
12334:             3             48  org.slf4j.helpers.BasicMarkerFactory
12335:             2             48  org.slf4j.helpers.Reporter$TargetChoice
12336:             1             48  org.zmlx.hg4idea.ignore.lang.HgIgnoreLanguage
12337:             2             48  org.zmlx.hg4idea.repo.HgRepositoryManager
12338:             1             48  sun.awt.AWTThreading$TrackingQueue (java.desktop)
12339:             1             48  sun.awt.CGraphicsEnvironment (java.desktop)
12340:             2             48  sun.awt.MostRecentKeyValue (java.desktop)
12341:             2             48  sun.awt.im.InputMethodLocator (java.desktop)
12342:             1             48  sun.awt.image.GifFrame (java.desktop)
12343:             2             48  sun.font.CStrike$GlyphAdvanceCache$SparseBitShiftingTwoLayerArray (java.desktop)
12344:             1             48  sun.font.CompositeStrike (java.desktop)
12345:             1             48  sun.font.FontStrikeDisposer (java.desktop)
12346:             2             48  sun.font.GlyphLayout$LayoutEngineKey (java.desktop)
12347:             1             48  sun.font.ScriptRun (java.desktop)
12348:             2             48  sun.font.SunLayoutEngine (java.desktop)
12349:             2             48  sun.java2d.ReentrantContextProviderTL$1 (java.desktop)
12350:             1             48  sun.java2d.SurfaceData$PixelToPgramLoopConverter (java.desktop)
12351:             1             48  sun.java2d.loops.DrawGlyphListColor (java.desktop)
12352:             1             48  sun.java2d.loops.OpaqueCopyAnyToArgb (java.desktop)
12353:             1             48  sun.java2d.loops.OpaqueCopyArgbToAny (java.desktop)
12354:             1             48  sun.java2d.loops.SetDrawLineANY (java.desktop)
12355:             1             48  sun.java2d.loops.SetDrawPathANY (java.desktop)
12356:             1             48  sun.java2d.loops.SetDrawPolygonsANY (java.desktop)
12357:             1             48  sun.java2d.loops.SetDrawRectANY (java.desktop)
12358:             1             48  sun.java2d.loops.SetFillPathANY (java.desktop)
12359:             1             48  sun.java2d.loops.SetFillRectANY (java.desktop)
12360:             1             48  sun.java2d.loops.SetFillSpansANY (java.desktop)
12361:             2             48  sun.java2d.marlin.ArrayCacheByte$Reference (java.desktop)
12362:             3             48  sun.java2d.marlin.OffHeapArray$$Lambda/0x0000009802cd2ec0 (java.desktop)
12363:             1             48  sun.java2d.marlin.TransformingPathConsumer2D$CurveClipSplitter (java.desktop)
12364:             1             48  sun.java2d.metal.MTLLayer (java.desktop)
12365:             1             48  sun.java2d.metal.MTLRTTSurfaceToSurfaceBlit (java.desktop)
12366:             1             48  sun.java2d.metal.MTLRTTSurfaceToSurfaceScale (java.desktop)
12367:             1             48  sun.java2d.metal.MTLRTTSurfaceToSurfaceTransform (java.desktop)
12368:             1             48  sun.java2d.metal.MTLSurfaceToSurfaceBlit (java.desktop)
12369:             1             48  sun.java2d.metal.MTLSurfaceToSurfaceScale (java.desktop)
12370:             1             48  sun.java2d.metal.MTLSurfaceToSurfaceTransform (java.desktop)
12371:             1             48  sun.java2d.metal.MTLTextureToSurfaceBlit (java.desktop)
12372:             1             48  sun.java2d.metal.MTLTextureToSurfaceScale (java.desktop)
12373:             1             48  sun.java2d.metal.MTLTextureToSurfaceTransform (java.desktop)
12374:             1             48  sun.java2d.pipe.RenderBuffer (java.desktop)
12375:             3             48  sun.java2d.pipe.SpanClipRenderer (java.desktop)
12376:             1             48  sun.lwawt.LWWindowPeer$Jbr7481MouseEnteredExitedFix (java.desktop)
12377:             1             48  sun.lwawt.macosx.CClipboard (java.desktop)
12378:             1             48  sun.lwawt.macosx.CInputMethod (java.desktop)
12379:             1             48  sun.lwawt.macosx.CMenuBar (java.desktop)
12380:             2             48  sun.lwawt.macosx.CPlatformResponder$DeltaAccumulator (java.desktop)
12381:             3             48  sun.net.www.protocol.jar.Handler (java.base@21.0.8)
12382:             3             48  sun.nio.ch.SocketDispatcher (java.base@21.0.8)
12383:             3             48  sun.nio.ch.Util$2 (java.base@21.0.8)
12384:             2             48  sun.nio.fs.AbstractWatchKey$State (java.base@21.0.8)
12385:             1             48  sun.nio.fs.MacOSXWatchService (java.base@21.0.8)
12386:             1             48  sun.nio.fs.UnixMountEntry (java.base@21.0.8)
12387:             2             48  sun.security.ec.ParametersMap (jdk.crypto.ec@21.0.8)
12388:             2             48  sun.security.jca.ProviderList (java.base@21.0.8)
12389:             2             48  sun.security.jca.ProviderList$3 (java.base@21.0.8)
12390:             3             48  sun.security.provider.X509Factory (java.base@21.0.8)
12391:             3             48  sun.security.rsa.PSSParameters (java.base@21.0.8)
12392:             2             48  sun.security.ssl.SSLAlgorithmConstraints (java.base@21.0.8)
12393:             3             48  sun.security.ssl.SSLCipher$StreamReadCipherGenerator (java.base@21.0.8)
12394:             3             48  sun.security.ssl.SSLCipher$StreamWriteCipherGenerator (java.base@21.0.8)
12395:             2             48  sun.security.ssl.SSLKeyExchange (java.base@21.0.8)
12396:             3             48  sun.security.ssl.SSLSocketFactoryImpl (java.base@21.0.8)
12397:             3             48  sun.security.util.DisabledAlgorithmConstraints$Constraints (java.base@21.0.8)
12398:             2             48  sun.security.util.DisabledAlgorithmConstraints$jdkCAConstraint (java.base@21.0.8)
12399:             2             48  tech.units.indriya.function.AddConverter
12400:             1             48  training.featuresSuggester.listeners.BreakpointsListener$breakpointAdded$1
12401:             1             48  training.featuresSuggester.listeners.BreakpointsListener$breakpointChanged$1
12402:             1             48  training.featuresSuggester.listeners.BreakpointsListener$breakpointRemoved$1
12403:             2             48  training.featuresSuggester.settings.FeatureSuggesterSettings
12404:             1             48  training.featuresSuggester.suggesters.RunToCursorSuggester
12405:             1             48  training.featuresSuggester.suggesters.SurroundWithSuggester
12406:             1             48  training.featuresSuggester.suggesters.UnwrapSuggester
12407:             1             48  training.lang.LangSupportBean
12408:             2             48  training.learn.course.LearningCoursesMergeStrategy
12409:             2             48  training.learn.lesson.LessonState
12410:             1             40  [Landroidx.compose.runtime.Recomposer$State;
12411:             1             40  [Landroidx.compose.ui.node.LayoutNode$LayoutState;
12412:             1             40  [Landroidx.lifecycle.Lifecycle$State;
12413:             1             40  [Lcom.android.studio.ml.ErrorHandler$ErrorSource;
12414:             1             40  [Lcom.android.studio.ml.SmlCodeCompletionEvent$CompletionRevisionInfo$RevisionTrigger;
12415:             1             40  [Lcom.android.studio.ml.SmlCodeCompletionRequest$RelatedFileReason;
12416:             1             40  [Lcom.android.studio.ml.TransformEvent$Kind;
12417:             1             40  [Lcom.fasterxml.jackson.annotation.JsonAutoDetect$Visibility;
12418:             1             40  [Lcom.fasterxml.jackson.annotation.Nulls;
12419:             1             40  [Lcom.fasterxml.jackson.core.JsonEncoding;
12420:             1             40  [Lcom.fasterxml.jackson.core.JsonFactory$Feature;
12421:             1             40  [Lcom.fasterxml.jackson.core.JsonParser$NumberType;
12422:             1             40  [Lcom.fasterxml.jackson.core.JsonParser$NumberTypeFP;
12423:             1             40  [Lcom.fasterxml.jackson.core.StreamReadFeature;
12424:             1             40  [Lcom.fasterxml.jackson.core.type.WritableTypeId$Inclusion;
12425:             1             40  [Lcom.fasterxml.jackson.databind.cfg.JsonNodeFeature;
12426:             1             40  [Lcom.github.benmanes.caffeine.cache.RemovalCause;
12427:             1             40  [Lcom.github.markusbernhardt.proxy.util.Logger$LogLevel;
12428:             1             40  [Lcom.github.markusbernhardt.proxy.util.PlatformUtil$Desktop;
12429:             1             40  [Lcom.github.markusbernhardt.proxy.util.PlatformUtil$Platform;
12430:             1             40  [Lcom.github.weisj.jsvg.F;
12431:             1             40  [Lcom.github.weisj.jsvg.cy$a;
12432:             1             40  [Lcom.goide.comments.GoCommentSpanType;
12433:             1             40  [Lcom.goide.dfa.symbolicExecution.summaries.GoValueRestriction;
12434:             1             40  [Lcom.goide.execution.testing.GoTestFunctionType;
12435:             1             40  [Lcom.goide.util.GoZeroValue;
12436:             1             40  [Lcom.google.common.base.CaseFormat;
12437:             1             40  [Lcom.google.common.cache.RemovalCause;
12438:             1             40  [Lcom.google.tools.intellij.aiplugin.analytics.EditType;
12439:             1             40  [Lcom.google.tools.intellij.aiplugin.transform.AiPluginTransformSlashCommand;
12440:             1             40  [Lcom.ibm.icu.impl.ICUCurrencyDisplayInfoProvider$ICUCurrencyDisplayInfo$CurrencySink$EntrypointTable;
12441:             1             40  [Lcom.ibm.icu.number.NumberFormatter$GroupingStrategy;
12442:             1             40  [Lcom.ibm.icu.text.MeasureFormat$FormatWidth;
12443:             1             40  [Lcom.intellij.codeInsight.codeVision.CodeVisionAnchorKind;
12444:             1             40  [Lcom.intellij.codeInsight.codeVision.settings.PlatformCodeVisionIds;
12445:             1             40  [Lcom.intellij.codeInsight.completion.TypedEvent$TypedHandlerPhase;
12446:             1             40  [Lcom.intellij.codeInsight.daemon.impl.analysis.FileHighlightingSetting;
12447:             1             40  [Lcom.intellij.codeInsight.editorActions.enter.EnterHandlerDelegate$Result;
12448:             1             40  [Lcom.intellij.codeInsight.inline.completion.editor.InlineCompletionEditorType;
12449:             1             40  [Lcom.intellij.codeInsight.inline.completion.logs.InlineCompletionLogsContainer$Phase;
12450:             1             40  [Lcom.intellij.codeInsight.inline.completion.suggestion.InlineCompletionVariantState$Status;
12451:             1             40  [Lcom.intellij.codeInsight.lookup.impl.LookupUsageTracker$CompletionChar;
12452:             2             40  [Lcom.intellij.codeInspection.LocalInspectionTool;
12453:             1             40  [Lcom.intellij.completion.ml.personalization.session.SessionFactorsUtils$SessionFactor$LookupElementBased;
12454:             1             40  [Lcom.intellij.configurationStore.statistic.eventLog.SettingsFields$Companion$Types;
12455:             1             40  [Lcom.intellij.cwm.plugin.provisioner.ProvisionedCodeWithMeEnterpriseConfiguration;
12456:             1             40  [Lcom.intellij.database.dataSource.LocalDataSourceSerialization$SaveMode;
12457:             1             40  [Lcom.intellij.database.debugger.SqlDebugSessionRunner$SqlDebugAvailability;
12458:             1             40  [Lcom.intellij.database.settings.DatabaseSettings$ShowServicesMode;
12459:             1             40  [Lcom.intellij.database.settings.UserPatterns$ParameterPattern;
12460:             1             40  [Lcom.intellij.database.util.Case;
12461:             1             40  [Lcom.intellij.database.view.structure.DvForestAction$Place;
12462:             1             40  [Lcom.intellij.diagnostic.VMOptions$MemoryKind;
12463:             1             40  [Lcom.intellij.diff.tools.util.base.HighlightPolicy;
12464:             1             40  [Lcom.intellij.diff.tools.util.base.IgnorePolicy;
12465:             1             40  [Lcom.intellij.dvcs.repo.Repository$State;
12466:             1             40  [Lcom.intellij.execution.filters.ConsoleFilterProvider;
12467:             1             40  [Lcom.intellij.execution.runToolbar.data.RWSlotManagerState;
12468:             1             40  [Lcom.intellij.execution.ui.RunState;
12469:             1             40  [Lcom.intellij.find.FindModel$SearchContext;
12470:             1             40  [Lcom.intellij.formatting.service.AsyncDocumentFormattingService$FormattingRequestState;
12471:             1             40  [Lcom.intellij.grazie.utils.TextStyleDomain;
12472:             1             40  [Lcom.intellij.grid.scripting.impl.DataLoaderPluginsManager$AvailableFileExtension;
12473:             1             40  [Lcom.intellij.ide.HelpTooltip$Alignment;
12474:             1             40  [Lcom.intellij.ide.ImportOldConfigsUsagesCollector$ImportOldConfigType;
12475:             1             40  [Lcom.intellij.ide.actions.ToolWindowViewModeAction$ViewMode;
12476:             1             40  [Lcom.intellij.ide.plugins.PluginCpuArchRequirement;
12477:             1             40  [Lcom.intellij.ide.plugins.newui.PluginStatus;
12478:             1             40  [Lcom.intellij.ide.settings.RemoteSettingInfo$Direction;
12479:             1             40  [Lcom.intellij.ide.startup.importSettings.TransferableIdeId;
12480:             1             40  [Lcom.intellij.ide.ui.laf.darcula.ui.DarculaComboBoxBorder$Type;
12481:             1             40  [Lcom.intellij.javascript.nodejs.ModuleType;
12482:             1             40  [Lcom.intellij.javascript.nodejs.interpreter.fus.LocalInterpreterType;
12483:             1             40  [Lcom.intellij.javascript.nodejs.monorepo.JSMonorepoType;
12484:             1             40  [Lcom.intellij.javascript.testing.runScope.JsTestRunScopeKind;
12485:             1             40  [Lcom.intellij.l10n.LocalizationOrder;
12486:             1             40  [Lcom.intellij.lang.javascript.dialects.JSSettingsUsagesCollector$TypeScriptServerKind;
12487:             1             40  [Lcom.intellij.lang.javascript.formatter.JSCodeStyleSettings$JSFileNameStyle;
12488:             1             40  [Lcom.intellij.ml.inline.completion.impl.kit.MultilinePolicyType;
12489:             1             40  [Lcom.intellij.ml.inline.completion.impl.relevance.RelevanceModelResponse$Decision;
12490:             1             40  [Lcom.intellij.openapi.components.ServiceDescriptor$PreloadMode;
12491:             1             40  [Lcom.intellij.openapi.editor.CaretVisualAttributes$Shape;
12492:             1             40  [Lcom.intellij.openapi.editor.ComponentInlayAlignment;
12493:             1             40  [Lcom.intellij.openapi.editor.EditorKind;
12494:             1             40  [Lcom.intellij.openapi.editor.ScrollType;
12495:             1             40  [Lcom.intellij.openapi.editor.impl.DisplayedFoldingAnchor$Type;
12496:             1             40  [Lcom.intellij.openapi.extensions.ExtensionDescriptor$Os;
12497:             1             40  [Lcom.intellij.openapi.fileEditor.FileEditorPolicy;
12498:             1             40  [Lcom.intellij.openapi.keymap.impl.KeyState;
12499:             1             40  [Lcom.intellij.openapi.ui.ExitActionType;
12500:             1             40  [Lcom.intellij.openapi.vcs.VcsConfiguration$StandardOption;
12501:             1             40  [Lcom.intellij.openapi.vcs.actions.ShortNameType;
12502:             1             40  [Lcom.intellij.openapi.vcs.impl.VcsBackgroundableActions;
12503:             1             40  [Lcom.intellij.openapi.vcs.impl.VcsInitObject;
12504:             1             40  [Lcom.intellij.openapi.vfs.encoding.EncodingUtil$FailReason;
12505:             1             40  [Lcom.intellij.patterns.PsiElementPattern$Capture;
12506:             1             40  [Lcom.intellij.platform.diagnostic.telemetry.exporters.SpanKind;
12507:             1             40  [Lcom.intellij.platform.experiment.ab.impl.ABExperimentOption;
12508:             1             40  [Lcom.intellij.platform.ide.diagnostic.startUpPerformanceReporter.FUSProjectHotStartUpMeasurer$MarkupType;
12509:             1             40  [Lcom.intellij.platform.plugins.parser.impl.elements.ActionElement$ActionElementName;
12510:             1             40  [Lcom.intellij.platform.plugins.parser.impl.elements.OS;
12511:             1             40  [Lcom.intellij.platform.plugins.parser.impl.elements.PreloadMode;
12512:             1             40  [Lcom.intellij.psi.codeStyle.LanguageCodeStyleSettingsProvider$SettingsType;
12513:             1             40  [Lcom.intellij.psi.codeStyle.autodetect.LineIndentInfo$LineType;
12514:             2             40  [Lcom.intellij.psi.search.IndexPattern;
12515:             1             40  [Lcom.intellij.rml.dfa.analyzes.InitialAnalysis$SubsetComparisonTuple;
12516:             1             40  [Lcom.intellij.rml.dfa.impl.providers.ProviderType;
12517:             1             40  [Lcom.intellij.rml.dfa.impl.rml.ast.RelExprComparison$BinOp;
12518:             1             40  [Lcom.intellij.rml.dfa.rml.dsl.ast.AttributeBinOp;
12519:             1             40  [Lcom.intellij.rml.dfa.rml.dsl.ast.RmlPredefinedPredicate;
12520:             1             40  [Lcom.intellij.searchEverywhereMl.SearchEverywhereTab$TabWithExperiments;
12521:             1             40  [Lcom.intellij.serviceContainer.ComponentManagerImpl$ContainerState;
12522:             1             40  [Lcom.intellij.swagger.core.codegen.SwCodeGeneratorType;
12523:             1             40  [Lcom.intellij.terminal.completion.spec.ShellSuggestionType;
12524:             1             40  [Lcom.intellij.textMatching.PrefixMatchingType;
12525:             1             40  [Lcom.intellij.ui.CommonActionsPanel$Buttons;
12526:             1             40  [Lcom.intellij.ui.EditorNotificationPanel$Status;
12527:             1             40  [Lcom.intellij.ui.JBAccountInfoService$LicenseeType;
12528:             1             40  [Lcom.intellij.ui.components.JBHtmlPaneStyleConfiguration$ElementProperty;
12529:             1             40  [Lcom.intellij.ui.dsl.builder.DslComponentProperty;
12530:             1             40  [Lcom.intellij.ui.jcef.JBCefHealthMonitor$Status;
12531:             1             40  [Lcom.intellij.ui.paint.EffectPainter2D;
12532:             1             40  [Lcom.intellij.ui.paint.EffectPainter;
12533:             1             40  [Lcom.intellij.ui.popup.AbstractPopup$State;
12534:             1             40  [Lcom.intellij.ui.tree.AbstractTreeWalker$State;
12535:             1             40  [Lcom.intellij.util.indexing.ReusingPersistentFilterCondition;
12536:             1             40  [Lcom.intellij.util.system.CpuArch;
12537:             1             40  [Lcom.intellij.util.system.OS;
12538:             1             40  [Lcom.intellij.util.ui.UIUtilities$LSBCacheEntry;
12539:             1             40  [Lcom.intellij.vcs.git.repo.GitOperationState;
12540:             1             40  [Lcom.intellij.vcs.log.graph.api.EdgeFilter;
12541:             1             40  [Lcom.intellij.vcs.log.graph.api.elements.GraphEdgeType;
12542:             1             40  [Lcom.intellij.workspaceModel.core.fileIndex.WorkspaceFileKind;
12543:             1             40  [Lcom.intellij.xdebugger.impl.rpc.HotSwapVisibleStatus;
12544:             1             40  [Lcom.jediterm.terminal.CursorShape;
12545:             1             40  [Lcom.jediterm.terminal.emulator.mouse.MouseMode;
12546:             1             40  [Lcom.jetbrains.rd.util.LogLevel;
12547:             2             40  [Lcom.sun.jmx.mbeanserver.ClassLoaderRepositorySupport$LoaderEntry; (java.management@21.0.8)
12548:             1             40  [Lcom.sun.org.apache.xerces.internal.util.Status; (java.xml@21.0.8)
12549:             1             40  [Lcom.sun.xml.bind.v2.model.core.PropertyKind;
12550:             1             40  [Lgit4idea.config.GitSetupProjectConfig$ConfigVariables;
12551:             1             40  [Lgit4idea.telemetry.GitBackendTelemetrySpan$LogProvider;
12552:             1             40  [Lio.grpc.MethodDescriptor$MethodType;
12553:             1             40  [Lio.grpc.MetricInstrument;
12554:             1             40  [Lio.grpc.netty.shaded.io.netty.handler.codec.http2.Http2Headers$PseudoHeaderName;
12555:             1             40  [Lio.grpc.netty.shaded.io.netty.handler.logging.LogLevel;
12556:             1             40  [Lio.grpc.netty.shaded.io.netty.util.internal.logging.InternalLogLevel;
12557:             1             40  [Lio.ktor.network.tls.extensions.SignatureAlgorithm;
12558:             1             40  [Lio.netty.handler.codec.http.websocketx.WebSocketVersion;
12559:             1             40  [Lio.netty.handler.logging.LogLevel;
12560:             1             40  [Lio.netty.util.internal.logging.InternalLogLevel;
12561:             1             40  [Lio.opentelemetry.api.trace.SpanKind;
12562:             2             40  [Ljava.io.File; (java.base@21.0.8)
12563:             1             40  [Ljava.lang.ProcessBuilder$Redirect$Type; (java.base@21.0.8)
12564:             1             40  [Ljava.lang.Thread$State; (java.base@21.0.8)
12565:             1             40  [Ljava.lang.invoke.VarHandle$AccessType; (java.base@21.0.8)
12566:             1             40  [Ljava.lang.management.MemoryManagerMXBean; (java.management@21.0.8)
12567:             1             40  [Ljava.time.format.SignStyle; (java.base@21.0.8)
12568:             1             40  [Ljava.time.format.TextStyle; (java.base@21.0.8)
12569:             1             40  [Ljava.util.UUID; (java.base@21.0.8)
12570:             1             40  [Ljava.util.stream.StreamOpFlag; (java.base@21.0.8)
12571:             1             40  [Ljavax.net.ssl.SSLEngineResult$HandshakeStatus; (java.base@21.0.8)
12572:             1             40  [Ljavax.swing.AbstractAction; (java.desktop)
12573:             1             40  [Ljavax.swing.plaf.FontUIResource; (java.desktop)
12574:             1             40  [Ljdk.internal.net.http.Http1Exchange$State; (java.net.http@21.0.8)
12575:             1             40  [Ljdk.internal.net.http.hpack.Decoder$State; (java.net.http@21.0.8)
12576:             1             40  [Ljdk.jfr.internal.LogLevel; (jdk.jfr@21.0.8)
12577:             1             40  [Lkotlin.reflect.jvm.internal.impl.builtins.jvm.JvmBuiltInsCustomizer$JDKMemberStatus;
12578:             1             40  [Lkotlin.reflect.jvm.internal.impl.descriptors.ClassKind;
12579:             1             40  [Lkotlin.reflect.jvm.internal.impl.km.Visibility;
12580:             1             40  [Lkotlin.reflect.jvm.internal.impl.load.kotlin.header.KotlinClassHeader$Kind;
12581:             1             40  [Lkotlinx.coroutines.scheduling.CoroutineScheduler$WorkerState;
12582:             1             40  [Lkotlinx.coroutines.scheduling.CoroutineScheduler$WorkerState;
12583:             1             40  [Lkotlinx.html.ButtonFormMethod;
12584:             1             40  [Lkotlinx.html.FormMethod;
12585:             1             40  [Lkotlinx.html.InputFormMethod;
12586:             1             40  [Lkotlinx.html.TextAreaWrap;
12587:             1             40  [Lkotlinx.serialization.protobuf.internal.ProtobufTaggedEncoder$NullableMode;
12588:             1             40  [Lokhttp3.TlsVersion;
12589:             1             40  [Lokio.ByteString;
12590:             1             40  [Lorg.apache.http.auth.AuthProtocolState;
12591:             1             40  [Lorg.apache.lucene.analysis.hunspell.WordCase;
12592:             1             40  [Lorg.apache.lucene.analysis.hunspell.WordContext;
12593:             1             40  [Lorg.apache.xerces.impl.xs.XSAttributeUseImpl;
12594:             1             40  [Lorg.cef.CefApp$CefAppState; (jcef)
12595:             1             40  [Lorg.cef.OS$OSType; (jcef)
12596:             1             40  [Lorg.cef.network.CefRequest$TransitionType; (jcef)
12597:             1             40  [Lorg.imgscalr.Scalr$Method;
12598:             1             40  [Lorg.ini4j.spi.UnicodeInputStreamReader$Bom;
12599:             1             40  [Lorg.intellij.plugins.markdown.extensions.MarkdownBrowserPreviewExtension$Priority;
12600:             1             40  [Lorg.intellij.plugins.relaxNG.convert.SchemaType;
12601:             1             40  [Lorg.intellij.terraform.runtime.TfCommand;
12602:             1             40  [Lorg.jetbrains.completion.full.line.impl.local.files.LocalModelsShipmentState;
12603:             1             40  [Lorg.jetbrains.plugins.terminal.LocalTerminalCustomizer;
12604:             1             40  [Lorg.jetbrains.plugins.terminal.fus.TerminalOpeningWay;
12605:             1             40  [Lorg.jetbrains.plugins.terminal.session.impl.dto.MouseModeDto;
12606:             1             40  [Lorg.jetbrains.plugins.textmate.plist.PlistValueType;
12607:             1             40  [Lorg.jetbrains.qodana.license.QodanaLicenseType;
12608:             1             40  [Lorg.jetbrains.skia.PixelGeometry;
12609:             1             40  [Lorg.jetbrains.skia.paragraph.Alignment;
12610:             1             40  [Lorg.jetbrains.skia.paragraph.DecorationLineStyle;
12611:             1             40  [Lorg.jetbrains.skiko.Arch;
12612:             1             40  [Lorg.jetbrains.yaml.ImportantSchema;
12613:             1             40  [Lorg.slf4j.event.Level;
12614:             1             40  [Lorg.yaml.snakeyaml.DumperOptions$ScalarStyle;
12615:             1             40  [Lsun.awt.OSInfo$OSType; (java.desktop)
12616:             1             40  [Lsun.font.FontDesignMetrics; (java.desktop)
12617:             1             40  [Lsun.java2d.loops.RenderLoops; (java.desktop)
12618:             1             40  [Lsun.java2d.loops.SurfaceType; (java.desktop)
12619:             1             40  [Lsun.lwawt.LWWindowPeer$PeerType; (java.desktop)
12620:             1             40  [Lsun.security.ssl.CipherSuite$MacAlg; (java.base@21.0.8)
12621:             1             40  [Lsun.security.ssl.ContentType; (java.base@21.0.8)
12622:             1             40  [Lsun.security.ssl.SSLKeyExchange$T12KeyAgreement; (java.base@21.0.8)
12623:             1             40  [Lsun.security.ssl.X509Authentication; (java.base@21.0.8)
12624:             1             40  [Lsun.security.util.DisabledAlgorithmConstraints$Constraint$Operator; (java.base@21.0.8)
12625:             1             40  [Lsun.swing.SwingUtilities2$LSBCacheEntry; (java.desktop)
12626:             1             40  [Lsun.util.locale.provider.LocaleProviderAdapter$Type; (java.base@21.0.8)
12627:             1             40  [[Ljava.lang.invoke.LambdaForm$Name; (java.base@21.0.8)
12628:             1             40  [[[I (java.base@21.0.8)
12629:             1             40  [[[Lsun.awt.FontDescriptor; (java.desktop)
12630:             1             40  [[[S (java.base@21.0.8)
12631:             1             40  ai.grazie.detector.chain.ChainDetectorImpl
12632:             1             40  androidx.collection.MutableLongObjectMap
12633:             1             40  androidx.compose.foundation.layout.SizeElement
12634:             1             40  androidx.compose.ui.graphics.colorspace.Connector$Companion$identity$1
12635:             1             40  androidx.compose.ui.input.pointer.PointerEvent
12636:             1             40  com.android.studio.ml.ActiveModelProviderImpl$2
12637:             1             40  com.android.studio.ml.MetricsReporter$Companion$MulticastMetricsReporter$1
12638:             1             40  com.android.studio.ml.bot.configuration.StudioBotAppSettingsImpl$State$ModelIdState
12639:             1             40  com.android.studio.ml.completion.SmlInlineCompletionProvider
12640:             1             40  com.android.studio.ml.completion.SmlInlineCompletionStatusBarWidgetFactory$Widget$10
12641:             1             40  com.android.studio.ml.completion.SmlInlineCompletionStatusBarWidgetFactory$Widget$3
12642:             1             40  com.android.studio.ml.completion.SmlInlineCompletionStatusBarWidgetFactory$Widget$4
12643:             1             40  com.android.studio.ml.completion.SmlInlineCompletionStatusBarWidgetFactory$Widget$5
12644:             1             40  com.android.studio.ml.completion.metrics.InlineCompletionStudioClearcutLoggerImpl$1
12645:             1             40  com.android.studio.ml.metrics.AiCodeEditingActionListener$Companion$dispatcher$1
12646:             1             40  com.android.studio.ml.suggestion.controls.viewmodel.CodeDisplayKt$createHighlightedRowsOriginalLines$originalConstructedDocument$1
12647:             1             40  com.anthropic.code.plugin.actions.OpenClaudeInTerminalAction
12648:             1             40  com.apple.laf.AquaFileChooserUI$DirectoryComboBoxModel (java.desktop)
12649:             1             40  com.fasterxml.aalto.in.CharBasedPNameTable
12650:             1             40  com.fasterxml.jackson.annotation.JsonFormat$Value
12651:             1             40  com.fasterxml.jackson.annotation.JsonTypeInfo$Value
12652:             1             40  com.fasterxml.jackson.jr.ob.impl.JSONReader
12653:             1             40  com.fasterxml.jackson.jr.ob.impl.JSONWriter
12654:             1             40  com.github.benmanes.caffeine.cache.PSA
12655:             1             40  com.github.weisj.jsvg.C
12656:             1             40  com.github.weisj.jsvg.cS
12657:             1             40  com.github.weisj.jsvg.cW
12658:             1             40  com.goide.GoLanguage
12659:             1             40  com.goide.actions.GoAddContentRootFromGopathAction
12660:             1             40  com.goide.actions.GoOpenProjectFromGopathAction
12661:             1             40  com.goide.actions.GoRemoveContentRootAction
12662:             1             40  com.goide.actions.GoShareInPlaygroundAction
12663:             1             40  com.goide.actions.debugger.DlvDumpAction
12664:             1             40  com.goide.actions.debugger.DlvForceStepIntoAction
12665:             1             40  com.goide.actions.debugger.DlvRewindAction
12666:             1             40  com.goide.actions.debugger.GoDebugCoreDumpAction
12667:             1             40  com.goide.actions.debugger.GoReplayTraceAction
12668:             1             40  com.goide.actions.file.GoCreateFileAction
12669:             1             40  com.goide.actions.tool.GoFmtFileAction
12670:             1             40  com.goide.actions.tool.GoFmtProjectAction
12671:             1             40  com.goide.actions.tool.GoGenerateFileAction
12672:             1             40  com.goide.actions.tool.GoVetFileAction
12673:             1             40  com.goide.cgo.CgoLanguage
12674:             1             40  com.goide.dfa.translator.GoFunctionContractsServiceImpl
12675:             1             40  com.goide.dfa.ui.highlight.DfaHighlightedTraceService
12676:             1             40  com.goide.dfa.ui.highlight.DfaHighlightedTraceService$highlightedTraceStateUiUpdatesSubscription$1
12677:             1             40  com.goide.dfa.ui.highlight.DfaHighlightedTraceService$reportToHighlightEventSubscription$1
12678:             1             40  com.goide.execution.GoBuildResultKey
12679:             1             40  com.goide.execution.application.GoApplicationRunConfigurationType
12680:             1             40  com.goide.execution.testing.GoTestRunConfigurationType
12681:             1             40  com.goide.execution.testing.frameworks.gofuzz.corpus.GoFuzzCorpusLanguage
12682:             1             40  com.goide.generate.GoGenerateMethodAction
12683:             1             40  com.goide.generate.GoGenerateTestMethodActionGroup
12684:             1             40  com.goide.generate.GoGenerateTypeFromJsonAction
12685:             1             40  com.goide.generate.forstruct.GoGenerateConstructorAction
12686:             1             40  com.goide.generate.forstruct.GoGenerateGetterAction
12687:             1             40  com.goide.generate.forstruct.GoGenerateGetterSetterAction
12688:             1             40  com.goide.generate.forstruct.GoGenerateSetterAction
12689:             1             40  com.goide.generate.forstruct.GoGenerateStructFieldsFromJsonAction
12690:             1             40  com.goide.goland.GoMarkSourceRootAction
12691:             1             40  com.goide.ide.action.GoIdeNewEmptyProjectAction
12692:             1             40  com.goide.ide.action.GoIdeNewProjectAction
12693:             1             40  com.goide.inspections.buildTag.GoBuildLanguage
12694:             1             40  com.goide.inspections.buildTag.plusBuild.GoPlusBuildLanguage
12695:             1             40  com.goide.inspections.godebug.GoDebugLanguage
12696:             1             40  com.goide.inspections.tag.GoTagLanguage
12697:             1             40  com.goide.inspections.time.GoTimeLanguage
12698:             1             40  com.goide.lexer.GoLexer
12699:             1             40  com.goide.playground.actions.GoOpenInPlaygroundAction
12700:             1             40  com.goide.postfix.GoForPostfixTemplate
12701:             1             40  com.goide.postfix.GoForWithKeyPostfixTemplate
12702:             1             40  com.goide.postfix.GoIntroduceVarPostfixTemplate
12703:             1             40  com.goide.postfix.GoReturnPostfixTemplate
12704:             1             40  com.goide.postfix.reterr.GoVarCheckErrorPostfixTemplate
12705:             1             40  com.goide.refactor.addInterfaceMethod.GoAddMethodToInterfaceAction
12706:             1             40  com.goide.refactor.introduce.GoIntroduceTypeAction
12707:             1             40  com.goide.regexp.GoRegExpLanguage
12708:             1             40  com.goide.sdk.download.GoDownloadSdkService
12709:             1             40  com.goide.stubs.GoAnonymousFieldDefinitionStub
12710:             1             40  com.goide.template.GoTemplateLanguage
12711:             1             40  com.goide.terminal.GoShellCommandSpecsProvider$goFileSuggestionsGenerator$2
12712:             1             40  com.goide.terminal.GoShellCommandSpecsProvider$packageSuggestionsGenerator$2
12713:             1             40  com.goide.util.GoTargetSystem
12714:             1             40  com.goide.vendor.GoVendorDirectoriesCollector$subscribeToChangesInModules$1
12715:             1             40  com.goide.vgo.actions.VgoSyncAction
12716:             1             40  com.goide.vgo.actions.VgoTidyAction
12717:             1             40  com.goide.vgo.actions.VgoVendorAction
12718:             1             40  com.goide.vgo.mod.VgoLanguage
12719:             1             40  com.goide.vgo.mod.actions.VgoCreateModuleFileAction
12720:             1             40  com.goide.vgo.mod.actions.VgoCreateWorkspaceFileAction
12721:             1             40  com.goide.vgo.mod.psi.stub.VgoGoVersionDirectiveStub
12722:             1             40  com.goide.vgo.mod.psi.stub.VgoModuleDirectiveStub
12723:             1             40  com.goide.vgo.project.VgoStandaloneModule
12724:             1             40  com.goide.vgo.project.workspaceModel.entities.impl.VgoStandaloneModuleEntityData
12725:             1             40  com.goide.vgo.wizard.VgoProjectGeneratorPeer
12726:             1             40  com.google.cloud.developerexperience.cloudcode.intellij.auth.GoogleLoginStateStore
12727:             1             40  com.google.common.io.BaseEncoding$Base16Encoding
12728:             1             40  com.google.common.util.concurrent.AbstractFuture$Failure$1
12729:             1             40  com.google.common.util.concurrent.ThreadFactoryBuilder$1
12730:             1             40  com.google.gson.internal.Excluder
12731:             1             40  com.google.tools.intellij.aiplugin.AiPluginCloudCodePrivateApi
12732:             1             40  com.google.tools.intellij.aiplugin.action.AddToContextAction
12733:             1             40  com.google.tools.intellij.aiplugin.analytics.AiPluginCodeEditedListener$1
12734:             1             40  com.google.tools.intellij.aiplugin.completion.AcceptSuggestionAction
12735:             1             40  com.google.tools.intellij.aiplugin.completion.SuggestionManager$connectToFlags$2
12736:             1             40  com.google.tools.intellij.aiplugin.completion.SuggestionManager$connectToFlags$3
12737:             1             40  com.google.tools.intellij.aiplugin.experimentation.ExperimentationCacheService
12738:             1             40  com.google.tools.intellij.aiplugin.hats.HatsActivationManager
12739:             1             40  com.google.tools.intellij.aiplugin.hats.NotNowAction
12740:             1             40  com.google.tools.intellij.aiplugin.hats.OptOutAction
12741:             1             40  com.google.tools.intellij.aiplugin.hats.StartSurveyAction
12742:             1             40  com.google.tools.intellij.aiplugin.model.AiPluginChatModelProvider
12743:             1             40  com.google.tools.intellij.aiplugin.model.AiPluginChatModelProvider$1
12744:             1             40  com.google.tools.intellij.aiplugin.model.AipluginChatModelManager
12745:             1             40  com.google.tools.intellij.aiplugin.model.AipluginChatModelManager$1
12746:             1             40  com.google.tools.intellij.aiplugin.network.NetworkStatusService$1
12747:             1             40  com.google.tools.intellij.aiplugin.onboarding.AiPluginOnboardingState
12748:             1             40  com.google.tools.intellij.aiplugin.onboarding.AiPluginOnboardingState$1
12749:             1             40  com.google.tools.intellij.aiplugin.onboarding.AiPluginOnboardingState$3
12750:             1             40  com.google.tools.intellij.aiplugin.onboarding.AiPluginOnboardingState$4
12751:             1             40  com.google.tools.intellij.aiplugin.quota.QuotaService$1
12752:             1             40  com.google.tools.intellij.aiplugin.state.AiPluginSettingsProvider$1
12753:             1             40  com.google.tools.intellij.aiplugin.state.AiPluginSettingsProvider$2
12754:             1             40  com.google.tools.intellij.aiplugin.state.AiPluginSettingsProvider$3
12755:             1             40  com.google.tools.intellij.aiplugin.tier.UserTierService$2
12756:             1             40  com.google.tools.intellij.aiplugin.tier.UserTierService$3
12757:             1             40  com.google.tools.intellij.aiplugin.tier.UserTierService$dismissPrivacyNoticeAction$1
12758:             1             40  com.google.tools.intellij.aiplugin.tier.UserTierService$schedulePollingForCurrentTier$1
12759:             1             40  com.google.tools.intellij.aiplugin.transform.AiPluginTransformFinishChangesAction
12760:             1             40  com.ibm.icu.impl.FormattedStringBuilder
12761:             1             40  com.ibm.icu.impl.UCharacterProperty$15
12762:             1             40  com.ibm.icu.impl.UCharacterProperty$17
12763:             1             40  com.ibm.icu.impl.UCharacterProperty$19
12764:             1             40  com.ibm.icu.impl.UCharacterProperty$20
12765:             1             40  com.ibm.icu.impl.UCharacterProperty$24
12766:             1             40  com.ibm.icu.impl.UCharacterProperty$25
12767:             1             40  com.ibm.icu.impl.UCharacterProperty$26
12768:             1             40  com.ibm.icu.text.CurrencyMetaInfo$CurrencyFilter
12769:             1             40  com.intellij.accessibility.AccessibilityToolsStateCollector
12770:             1             40  com.intellij.analysis.problemsView.toolWindow.CopyProblemDescriptionAction
12771:             1             40  com.intellij.analysis.problemsView.toolWindow.ShowProblemsViewQuickFixesAction
12772:             1             40  com.intellij.application.options.codeStyle.arrangement.action.RearrangeCodeAction
12773:             1             40  com.intellij.application.options.codeStyle.arrangement.action.RemoveArrangementRuleAction
12774:             1             40  com.intellij.application.options.codeStyle.arrangement.action.tokens.RemoveArrangementAliasRuleAction
12775:             1             40  com.intellij.application.options.codeStyle.cache.CodeStyleCachingServiceImpl
12776:             1             40  com.intellij.application.options.codeStyle.cache.RollingAvgBuffer
12777:             1             40  com.intellij.application.options.colors.FontEditorPreview$RestorePreviewTextAction
12778:             1             40  com.intellij.application.options.colors.FontEditorPreview$ToggleBoldFontAction
12779:             1             40  com.intellij.aqua.runners.cypress.CypressConfigurationType
12780:             1             40  com.intellij.aqua.runners.playwright.js.PlaywrightConfigurationType
12781:             1             40  com.intellij.clouds.docker.gateway.actions.DevcontainerManageBackendsAction
12782:             1             40  com.intellij.clouds.docker.gateway.actions.NewDevContainerFileAction
12783:             1             40  com.intellij.clouds.docker.gateway.actions.NewDevcontainerAction
12784:             1             40  com.intellij.clouds.docker.gateway.actions.ShowRecentDevcontainersAction
12785:             1             40  com.intellij.clouds.kubernetes.frontend.editor.floatingToolbar.KubernetesContextSwitcherAction
12786:             1             40  com.intellij.clouds.kubernetes.frontend.editor.floatingToolbar.KubernetesFloatingToolbarAddContextAction
12787:             1             40  com.intellij.clouds.kubernetes.frontend.editor.floatingToolbar.KubernetesFloatingToolbarApplyAction
12788:             1             40  com.intellij.clouds.kubernetes.frontend.editor.floatingToolbar.KubernetesFloatingToolbarCompareWithClusterAction
12789:             1             40  com.intellij.clouds.kubernetes.frontend.editor.floatingToolbar.KubernetesFloatingToolbarDeleteAction
12790:             1             40  com.intellij.clouds.kubernetes.frontend.editor.floatingToolbar.KubernetesFloatingToolbarReloadContentAction
12791:             1             40  com.intellij.clouds.kubernetes.frontend.editor.floatingToolbar.KubernetesFloatingToolbarSettingsFrontend$visibilityFlow$2$1
12792:             1             40  com.intellij.clouds.kubernetes.frontend.editor.floatingToolbar.KubernetesNamespaceSwitcherAction
12793:             1             40  com.intellij.codeEditor.printing.ExportToHTMLAction
12794:             1             40  com.intellij.codeEditor.printing.PrintAction
12795:             1             40  com.intellij.codeInsight.actions.OptimizeImportsAction
12796:             1             40  com.intellij.codeInsight.actions.ReformatCodeAction
12797:             1             40  com.intellij.codeInsight.actions.ShowReformatFileDialog
12798:             1             40  com.intellij.codeInsight.codeVision.ui.CodeVisionView
12799:             1             40  com.intellij.codeInsight.codeVision.ui.CodeVisionView$runWithReusingLenses$1
12800:             1             40  com.intellij.codeInsight.codeVision.ui.renderers.providers.CodeVisionPainterProviders
12801:             1             40  com.intellij.codeInsight.completion.CompletionData$1
12802:             1             40  com.intellij.codeInsight.completion.NextPrevParameterAction$Next
12803:             1             40  com.intellij.codeInsight.completion.NextPrevParameterAction$Prev
12804:             1             40  com.intellij.codeInsight.completion.actions.CodeCompletionAction
12805:             1             40  com.intellij.codeInsight.completion.actions.HippieBackwardCompletionAction
12806:             1             40  com.intellij.codeInsight.completion.actions.HippieCompletionAction
12807:             1             40  com.intellij.codeInsight.completion.actions.SmartCodeCompletionAction
12808:             1             40  com.intellij.codeInsight.completion.command.configuration.EnableCommandCompletionAction
12809:             1             40  com.intellij.codeInsight.daemon.impl.ConfigureHighlightingLevelAction
12810:             1             40  com.intellij.codeInsight.daemon.impl.DaemonCodeAnalyzerStatusBarUpdater$execute$2
12811:             1             40  com.intellij.codeInsight.daemon.impl.Divider$DividedElements
12812:             1             40  com.intellij.codeInsight.daemon.impl.StatusBarUpdaterKt$initStatusBarUpdater$4
12813:             1             40  com.intellij.codeInsight.daemon.impl.WolfListeners$1
12814:             1             40  com.intellij.codeInsight.daemon.impl.actions.GotoNextElementUnderCaretUsageAction
12815:             1             40  com.intellij.codeInsight.daemon.impl.actions.GotoNextErrorAction
12816:             1             40  com.intellij.codeInsight.daemon.impl.actions.GotoPrevElementUnderCaretUsageAction
12817:             1             40  com.intellij.codeInsight.daemon.impl.actions.GotoPreviousErrorAction
12818:             1             40  com.intellij.codeInsight.daemon.impl.actions.ShowErrorDescriptionAction
12819:             1             40  com.intellij.codeInsight.documentation.ToggleShowDocsOnHoverAction
12820:             1             40  com.intellij.codeInsight.documentation.actions.CopyQuickDocAction
12821:             1             40  com.intellij.codeInsight.documentation.actions.ShowQuickDocInfoAction
12822:             1             40  com.intellij.codeInsight.editorActions.fillParagraph.FillParagraphAction
12823:             1             40  com.intellij.codeInsight.folding.impl.FoldingUpdate$$Lambda/0x00000098046e65d8
12824:             1             40  com.intellij.codeInsight.folding.impl.actions.CollapseBlockAction
12825:             1             40  com.intellij.codeInsight.folding.impl.actions.CollapseDocCommentsAction
12826:             1             40  com.intellij.codeInsight.folding.impl.actions.CollapseSelectionAction
12827:             1             40  com.intellij.codeInsight.folding.impl.actions.ExpandDocCommentsAction
12828:             1             40  com.intellij.codeInsight.generation.actions.AutoIndentLinesAction
12829:             1             40  com.intellij.codeInsight.generation.actions.CommentByBlockCommentAction
12830:             1             40  com.intellij.codeInsight.generation.actions.CommentByLineCommentAction
12831:             1             40  com.intellij.codeInsight.generation.actions.DelegateMethodsAction
12832:             1             40  com.intellij.codeInsight.generation.actions.GenerateAction
12833:             1             40  com.intellij.codeInsight.generation.actions.ImplementMethodsAction
12834:             1             40  com.intellij.codeInsight.generation.actions.OverrideMethodsAction
12835:             1             40  com.intellij.codeInsight.generation.actions.SurroundWithAction
12836:             1             40  com.intellij.codeInsight.highlighting.FileTypeBraceMatcher
12837:             1             40  com.intellij.codeInsight.highlighting.actions.HighlightUsagesAction
12838:             1             40  com.intellij.codeInsight.hint.actions.QuickPreviewAction
12839:             1             40  com.intellij.codeInsight.hint.actions.ShowContainerInfoAction
12840:             1             40  com.intellij.codeInsight.hint.actions.ShowExpressionTypeAction
12841:             1             40  com.intellij.codeInsight.hint.actions.ShowImplementationsAction
12842:             1             40  com.intellij.codeInsight.hint.actions.ShowParameterInfoAction
12843:             1             40  com.intellij.codeInsight.hint.actions.ShowTypeDefinitionAction
12844:             1             40  com.intellij.codeInsight.intention.actions.ShowIntentionActionsAction
12845:             1             40  com.intellij.codeInsight.multiverse.CodeInsightContextManagerImpl$subscribeToChanges$1
12846:             1             40  com.intellij.codeInsight.multiverse.CodeInsightContextManagerImpl$subscribeToChanges$1$2
12847:             1             40  com.intellij.codeInsight.navigation.actions.GotoDeclarationAction
12848:             1             40  com.intellij.codeInsight.navigation.actions.GotoImplementationAction
12849:             1             40  com.intellij.codeInsight.navigation.actions.GotoSuperAction
12850:             1             40  com.intellij.codeInsight.navigation.actions.GotoTypeDeclarationAction
12851:             1             40  com.intellij.codeInsight.navigation.actions.MethodDownAction
12852:             1             40  com.intellij.codeInsight.navigation.actions.MethodUpAction
12853:             1             40  com.intellij.codeInsight.preview.ImageOrColorPreviewService$1
12854:             1             40  com.intellij.codeInsight.preview.ImageOrColorPreviewService$1$1
12855:             1             40  com.intellij.codeInsight.preview.ImageOrColorPreviewService$2
12856:             1             40  com.intellij.codeInsight.template.actions.SaveAsTemplateAction
12857:             1             40  com.intellij.codeInsight.template.impl.actions.ListTemplatesAction
12858:             1             40  com.intellij.codeInsight.template.postfix.settings.PostfixTemplateMetaData
12859:             1             40  com.intellij.codeInsight.unwrap.UnwrapAction
12860:             1             40  com.intellij.codeInspection.actions.SilentCodeCleanupAction
12861:             1             40  com.intellij.codeInspection.actions.ViewOfflineResultsAction
12862:             1             40  com.intellij.codeInspection.ex.Dynamic_inspectionsKt$dynamicInspectionsFlow$1
12863:             1             40  com.intellij.codeInspection.ex.Dynamic_inspectionsKt$dynamicInspectionsFlow$2$2
12864:             1             40  com.intellij.codeInspection.ex.Dynamic_inspectionsKt$dynamicInspectionsFlow$2$allDynamicInspectionsFlows$1$1
12865:             1             40  com.intellij.codeInspection.ex.Dynamic_inspectionsKt$dynamicInspectionsFlow$lambda$0$$inlined$combine$1$3
12866:             1             40  com.intellij.codeStyle.ConvertToMacLineSeparatorsAction
12867:             1             40  com.intellij.codeStyle.ConvertToUnixLineSeparatorsAction
12868:             1             40  com.intellij.codeStyle.ConvertToWindowsLineSeparatorsAction
12869:             1             40  com.intellij.completion.ml.common.CurrentProjectInfo
12870:             1             40  com.intellij.configurationStore.ApplicationStoreImpl
12871:             1             40  com.intellij.configurationStore.DefaultProjectStoreImpl
12872:             1             40  com.intellij.configurationStore.ExportSettingsAction
12873:             1             40  com.intellij.configurationStore.ImportSettingsAction
12874:             1             40  com.intellij.configurationStore.RestoreDefaultSettingsAction
12875:             1             40  com.intellij.configurationStore.SaveAndSyncHandlerImpl$1$1
12876:             1             40  com.intellij.configurationStore.SaveAndSyncHandlerImpl$1$4
12877:             1             40  com.intellij.configurationStore.SaveAndSyncHandlerImpl$listenIdleAndActivate$1
12878:             1             40  com.intellij.configurationStore.SaveAndSyncHandlerImpl$listenIdleAndActivate$5
12879:             1             40  com.intellij.configurationStore.StoreReloadManagerImpl$1
12880:             1             40  com.intellij.core.rwmutex.RWMutexIdeaImpl
12881:             1             40  com.intellij.core.rwmutex.ReadWriteMutexWithWriteIntentImpl$ReadCQS
12882:             1             40  com.intellij.core.rwmutex.ReadWriteMutexWithWriteIntentImpl$UpgradingWriteIntentToWriteCQS
12883:             1             40  com.intellij.core.rwmutex.ReadWriteMutexWithWriteIntentImpl$WriteCQS
12884:             1             40  com.intellij.core.rwmutex.ReadWriteMutexWithWriteIntentImpl$WriteIntentCQS
12885:             1             40  com.intellij.coverage.actions.GenerateCoverageReportAction
12886:             1             40  com.intellij.coverage.actions.HideCoverageInfoAction
12887:             1             40  com.intellij.coverage.actions.SwitchCoverageSuiteAction
12888:             1             40  com.intellij.credentialStore.PasswordSafeOptions
12889:             1             40  com.intellij.cwm.plugin.common.telephony.JoinCallAction
12890:             1             40  com.intellij.cwm.plugin.common.toolbar.CWMCallSplitButtonAction
12891:             1             40  com.intellij.cwm.plugin.common.toolbar.CWMUserCirclesGroup
12892:             1             40  com.intellij.cwm.plugin.common.toolbar.CWMUserCirclesGroupOldUi
12893:             1             40  com.intellij.cwm.plugin.diagnostics.CWMBackendCollectZippedLogsWithRemoteAction
12894:             1             40  com.intellij.cwm.plugin.elevation.sudoAskPass.SudoExternalProcessRest
12895:             1             40  com.intellij.cwm.plugin.options.CodeWithMeSystemSettings$1
12896:             1             40  com.intellij.database.actions.CreateDataSourceFromSettings
12897:             1             40  com.intellij.database.actions.DatabaseViewActions$AddDataSourceFromPathAction
12898:             1             40  com.intellij.database.actions.DatabaseViewActions$AddDataSourceFromThatAction
12899:             1             40  com.intellij.database.actions.DatabaseViewActions$AddDataSourceFromUrlAction
12900:             1             40  com.intellij.database.actions.DatabaseViewActions$AddDataSourceHereAction
12901:             1             40  com.intellij.database.actions.DatabaseViewActions$AddDriver
12902:             1             40  com.intellij.database.actions.DebugQueryAction
12903:             1             40  com.intellij.database.actions.EditAsTableAction
12904:             1             40  com.intellij.database.actions.ExplainActionBase$Raw$Analyse
12905:             1             40  com.intellij.database.actions.ExplainActionBase$Raw$Plan
12906:             1             40  com.intellij.database.actions.ExplainActionBase$Ui$Analyse
12907:             1             40  com.intellij.database.actions.ExplainActionBase$Ui$Plan
12908:             1             40  com.intellij.database.actions.GotoDatabaseObjectAction
12909:             1             40  com.intellij.database.actions.GotoReferencedResultAction
12910:             1             40  com.intellij.database.actions.GridCopyAction
12911:             1             40  com.intellij.database.actions.ImportAction$ImportFileToDatabaseAction
12912:             1             40  com.intellij.database.actions.OpenConsoleAction$CreateNew
12913:             1             40  com.intellij.database.actions.OpenConsoleAction$CreateNewInPath
12914:             1             40  com.intellij.database.actions.OpenConsoleAction$CreateScratch
12915:             1             40  com.intellij.database.actions.RecompileAction
12916:             1             40  com.intellij.database.actions.RunQueryAction$Alt1
12917:             1             40  com.intellij.database.actions.SelectRowAction
12918:             1             40  com.intellij.database.actions.ViewAsTableAction
12919:             1             40  com.intellij.database.actions.ddl.CreateObjectGroup$Public
12920:             1             40  com.intellij.database.actions.ddl.ModifyObjectAction$Public
12921:             1             40  com.intellij.database.actions.diagnostic.ShowSqlLogAction
12922:             1             40  com.intellij.database.console.runConfiguration.DatabaseScriptRunConfiguration
12923:             1             40  com.intellij.database.console.runConfiguration.DatabaseScriptRunConfigurationType
12924:             1             40  com.intellij.database.dataSource.DataSourceStorage$App
12925:             1             40  com.intellij.database.dataSource.srcStorage.DbSrcChangesTrackerApplication$launchUpdater$1
12926:             1             40  com.intellij.database.dataSource.srcStorage.DbSrcChangesTrackerApplication$launchUpdater$1$1
12927:             1             40  com.intellij.database.diagram.actions.DbShowDiagram
12928:             1             40  com.intellij.database.diagram.actions.DbShowDiagramPopup
12929:             1             40  com.intellij.database.dialects.mssql.testing.tsqlt.TSqltRunConfiguration
12930:             1             40  com.intellij.database.dialects.oracle.introspector.OraIntrospectorStatsProvider
12931:             1             40  com.intellij.database.dialects.oracle.testing.utplsql.UtPlSqlRunConfiguration
12932:             1             40  com.intellij.database.editor.GotoRowAction
12933:             1             40  com.intellij.database.run.actions.ChooseDataSourceAction
12934:             1             40  com.intellij.database.run.actions.ColumnAction$Visibility
12935:             1             40  com.intellij.database.run.actions.EditValueAction
12936:             1             40  com.intellij.database.run.actions.NavigateAction
12937:             1             40  com.intellij.database.run.actions.NavigateLocalFileUrlAction
12938:             1             40  com.intellij.database.run.actions.NavigateWebUrlAction
12939:             1             40  com.intellij.database.run.actions.ShowConsoleMigrationDialogAction
12940:             1             40  com.intellij.database.run.actions.ShowDumpDialogAction
12941:             1             40  com.intellij.database.script.MongoJSLanguage
12942:             1             40  com.intellij.database.statistic.DatabaseUsagesCollectors$SettingsState
12943:             1             40  com.intellij.database.util.AsyncTask$Frame
12944:             1             40  com.intellij.database.vfs.DbStorageFileType$H2Storage
12945:             1             40  com.intellij.database.vfs.DbStorageFileType$SqliteStorage
12946:             1             40  com.intellij.database.view.DataSourceCopyAction
12947:             1             40  com.intellij.database.view.DataSourceCutAction
12948:             1             40  com.intellij.database.view.DataSourcePasteAction
12949:             1             40  com.intellij.database.view.structure.DvForestAction$CreateNewFolder
12950:             1             40  com.intellij.dev.psiViewer.PsiViewerAction
12951:             1             40  com.intellij.dev.psiViewer.PsiViewerAction$ForContext
12952:             1             40  com.intellij.diagnostic.IdeHeartbeatEventReporterService$1
12953:             1             40  com.intellij.diagnostic.LowMemoryNotifier$ThrottlingWindowedFilter
12954:             1             40  com.intellij.diagnostic.PerformanceWatcherImpl$1
12955:             1             40  com.intellij.diagnostic.PerformanceWatcherImpl$1$1
12956:             1             40  com.intellij.diagnostic.ShowMemoryDialogAction
12957:             1             40  com.intellij.diagnostic.WriteDelayDiagnosticsHandlerImpl
12958:             1             40  com.intellij.diagnostic.fus.FusReportingEventWatcher$samplingCoroutine$1
12959:             1             40  com.intellij.diagnostic.specialPaths.BrowseSpecialPathsAction
12960:             1             40  com.intellij.diagram.actions.CollapseNodesAction
12961:             1             40  com.intellij.diagram.actions.DiagramIntentionAction
12962:             1             40  com.intellij.diagram.actions.ExpandNodesAction
12963:             1             40  com.intellij.diagram.vcs.ShowChangesAction
12964:             1             40  com.intellij.diff.actions.CompareClipboardWithSelectionAction
12965:             1             40  com.intellij.diff.actions.CompareFileWithEditorAction
12966:             1             40  com.intellij.diff.actions.CompareFilesAction
12967:             1             40  com.intellij.diff.tools.combined.CombinedCaretToNextBlockAction
12968:             1             40  com.intellij.diff.tools.combined.CombinedCaretToPrevBlockAction
12969:             1             40  com.intellij.diff.tools.util.base.TextDiffSettingsHolder$TextDiffSettings$breadcrumbsPlacement$2
12970:             1             40  com.intellij.diff.tools.util.base.TextDiffSettingsHolder$TextDiffSettings$contextRange$2
12971:             1             40  com.intellij.diff.tools.util.base.TextDiffSettingsHolder$TextDiffSettings$highlightingLevel$2
12972:             1             40  com.intellij.diff.tools.util.base.TextDiffSettingsHolder$TextDiffSettings$ignorePolicy$2
12973:             1             40  com.intellij.diff.tools.util.base.TextDiffSettingsHolder$TextDiffSettings$isAutoApplyNonConflictedChanges$2
12974:             1             40  com.intellij.diff.tools.util.base.TextDiffSettingsHolder$TextDiffSettings$isAutoResolveImportConflicts$2
12975:             1             40  com.intellij.diff.tools.util.base.TextDiffSettingsHolder$TextDiffSettings$isEnableAligningChangesMode$2
12976:             1             40  com.intellij.diff.tools.util.base.TextDiffSettingsHolder$TextDiffSettings$isEnableLstGutterMarkersInMerge$2
12977:             1             40  com.intellij.diff.tools.util.base.TextDiffSettingsHolder$TextDiffSettings$isEnableSyncScroll$2
12978:             1             40  com.intellij.diff.tools.util.base.TextDiffSettingsHolder$TextDiffSettings$isExpandByDefault$2
12979:             1             40  com.intellij.diff.tools.util.base.TextDiffSettingsHolder$TextDiffSettings$isReadOnlyLock$2
12980:             1             40  com.intellij.diff.tools.util.base.TextDiffSettingsHolder$TextDiffSettings$isShowIndentLines$2
12981:             1             40  com.intellij.diff.tools.util.base.TextDiffSettingsHolder$TextDiffSettings$isShowLineNumbers$2
12982:             1             40  com.intellij.diff.tools.util.base.TextDiffSettingsHolder$TextDiffSettings$isShowWhitespaces$2
12983:             1             40  com.intellij.diff.tools.util.base.TextDiffSettingsHolder$TextDiffSettings$isUseSoftWraps$2
12984:             1             40  com.intellij.docker.action.AddDockerConnectionAction
12985:             1             40  com.intellij.docker.action.ImportDockerConnectionsFromContextsAction
12986:             1             40  com.intellij.docker.action.NewDockerfileAction
12987:             1             40  com.intellij.docker.composeFile.actions.SyncComposeFileWithServiceView
12988:             1             40  com.intellij.docker.dockerFile.DockerLanguage
12989:             1             40  com.intellij.docker.settings.CloudEnvironmentUsagesCollector
12990:             1             40  com.intellij.docker.splitApi.FrontendDockerServerRuntimesManager$1
12991:             1             40  com.intellij.docker.splitApi.FrontendDockerServerRuntimesManager$2
12992:             1             40  com.intellij.docker.splitApi.registry.actions.AddDockerRegistryAction
12993:             1             40  com.intellij.dupLocator.resultUI.DuplicatesForm$SendToLeftAction
12994:             1             40  com.intellij.dvcs.ignore.IgnoredToExcludedSynchronizer$1
12995:             1             40  com.intellij.dvcs.push.VcsPushAction
12996:             1             40  com.intellij.editorconfig.common.syntax.EditorConfigLanguage
12997:             1             40  com.intellij.execution.actions.ActivateDebugToolWindowAction
12998:             1             40  com.intellij.execution.actions.ActivateRunToolWindowAction
12999:             1             40  com.intellij.execution.actions.ChooseDebugConfigurationPopupAction
13000:             1             40  com.intellij.execution.actions.ChooseRunConfigurationPopupAction
13001:             1             40  com.intellij.execution.actions.CreateNewConfigurationAction
13002:             1             40  com.intellij.execution.actions.EOFAction
13003:             1             40  com.intellij.execution.actions.EditRunConfigurationTemplatesForNewProjectsAction
13004:             1             40  com.intellij.execution.actions.EditRunConfigurationsAction
13005:             1             40  com.intellij.execution.actions.ExecutionTargetComboBoxAction
13006:             1             40  com.intellij.execution.actions.RunConfigurationsComboBoxAction
13007:             1             40  com.intellij.execution.actions.ShowRunningListAction
13008:             1             40  com.intellij.execution.actions.StopAction
13009:             1             40  com.intellij.execution.actions.StopBackgroundProcessesAction
13010:             1             40  com.intellij.execution.compound.CompoundRunConfigurationType
13011:             1             40  com.intellij.execution.configurations.UnknownConfigurationType
13012:             1             40  com.intellij.execution.impl.ConsoleViewRunningState
13013:             1             40  com.intellij.execution.impl.ExecutionManagerImpl
13014:             1             40  com.intellij.execution.impl.RunConfigurationIconAndInvalidCache$ConfigurationInfo
13015:             1             40  com.intellij.execution.process.NopProcessHandler
13016:             1             40  com.intellij.execution.runToolbar.RunToolbarRollbackToPrevious
13017:             1             40  com.intellij.execution.runners.FakeRerunAction
13018:             1             40  com.intellij.execution.runners.RunContentBuilder$ConsoleToFrontListener
13019:             1             40  com.intellij.execution.target.ManageTargetEnvironmentsAction
13020:             1             40  com.intellij.execution.testframework.sm.runner.history.actions.ImportTestsFromFileAction
13021:             1             40  com.intellij.execution.ui.MoreRunToolbarActions
13022:             1             40  com.intellij.execution.ui.RedesignedRunConfigurationSelector
13023:             1             40  com.intellij.execution.ui.RunContentManagerImpl$showRunContent$1
13024:             1             40  com.intellij.execution.ui.RunToolbarTopLevelExecutorActionGroup
13025:             1             40  com.intellij.execution.ui.actions.FocusOnStartAction
13026:             1             40  com.intellij.execution.ui.layout.actions.CloseViewAction
13027:             1             40  com.intellij.execution.ui.layout.impl.RunnerLayout
13028:             1             40  com.intellij.execution.update.UpdateRunningApplicationAction
13029:             1             40  com.intellij.externalProcessAuthHelper.NativeSshExternalProcessRest
13030:             1             40  com.intellij.featureStatistics.ProductivityFeaturesRegistryImpl
13031:             1             40  com.intellij.featureStatistics.actions.ShowFeatureUsageStatisticsAction
13032:             1             40  com.intellij.featureStatistics.fusCollectors.EventsIdentityThrottle
13033:             1             40  com.intellij.featureStatistics.fusCollectors.EventsRateThrottle
13034:             1             40  com.intellij.featureStatistics.fusCollectors.IdeSessionDataCollector
13035:             1             40  com.intellij.find.actions.ActivateFindToolWindowAction
13036:             1             40  com.intellij.find.actions.FindInPathAction
13037:             1             40  com.intellij.find.actions.FindUsagesAction
13038:             1             40  com.intellij.find.actions.FindUsagesAction$ShowSettingsAndFindUsages
13039:             1             40  com.intellij.find.actions.FindUsagesInFileAction
13040:             1             40  com.intellij.find.actions.ReplaceInPathAction
13041:             1             40  com.intellij.find.actions.ShowUsagesAction
13042:             1             40  com.intellij.find.editorHeaderActions.ToggleFindInSelectionAction
13043:             1             40  com.intellij.find.editorHeaderActions.ToggleScrollToResultsDuringTypingAction
13044:             1             40  com.intellij.find.impl.ShowRecentFindUsagesGroup
13045:             1             40  com.intellij.find.impl.TextSearchContributor$Companion$TextSearchAction
13046:             1             40  com.intellij.framework.detection.impl.FrameworkDetectorRegistryImpl
13047:             1             40  com.intellij.fullLine.go.GoExperiments$FullLineGo400MDebounce0
13048:             1             40  com.intellij.fullLine.go.GoExperiments$FullLineGo400MDebounce50
13049:             1             40  com.intellij.fullLine.go.GoExperiments$FullLineGo400MDebounce50MinTime150
13050:             1             40  com.intellij.fullLine.go.GoExperiments$FullLineGoFimSkipLines5
13051:             1             40  com.intellij.fullLine.go.GoExperiments$FullLineGoFimSkipLines5FilterModel
13052:             1             40  com.intellij.fullLine.go.GoExperiments$FullLineGoFimSkipLines5FilterModelV2
13053:             1             40  com.intellij.fullLine.go.GoExperiments$FullLineGoIndentsFilterModel
13054:             1             40  com.intellij.fullLine.go.GoExperiments$FullLineGoMultiline
13055:             1             40  com.intellij.fullLine.go.GoExperiments$FullLineGoMultilineFilterModel
13056:             1             40  com.intellij.fullLine.go.GoExperiments$FullLineGoMultilineFilterModel243
13057:             1             40  com.intellij.fullLine.go.GoExperiments$FullLineGoMultilineFilterModelV2
13058:             1             40  com.intellij.fullLine.go.GoExperiments$FullLineGoMultilineFimSkipLines5
13059:             1             40  com.intellij.fullLine.go.relevance.models.GoInlineFilterModelProvider
13060:             1             40  com.intellij.fullLine.html.HtmlExperiments$FullLineHTMLFimSkipLines5
13061:             1             40  com.intellij.fullLine.html.HtmlExperiments$FullLineHTMLFimSkipLines5FilterModel
13062:             1             40  com.intellij.fullLine.html.HtmlExperiments$FullLineHTMLFimSkipLines5FilterModelV2
13063:             1             40  com.intellij.fullLine.html.HtmlExperiments$FullLineHTMLMultiline
13064:             1             40  com.intellij.fullLine.html.HtmlExperiments$FullLineHTMLMultilineFilterModel
13065:             1             40  com.intellij.fullLine.html.HtmlExperiments$FullLineHTMLMultilineFilterModelV2
13066:             1             40  com.intellij.fullLine.html.HtmlExperiments$FullLineHTMLMultilineFimSkipLines5
13067:             1             40  com.intellij.fullLine.vcs.CommitMessageFakeLanguage
13068:             1             40  com.intellij.go.common.frontend.welcomeScreen.rightTab.GoWelcomeRightTabContentProvider
13069:             1             40  com.intellij.go.welcomeScreen.docker.leftPanel.CreateDockerfileAction
13070:             1             40  com.intellij.go.welcomeScreen.kubernetes.leftPanel.CreateKubernetesResourceAction
13071:             1             40  com.intellij.grazie.cloud.license.GrazieLoginManager$2
13072:             1             40  com.intellij.grazie.cloud.license.GrazieLoginManager$2$1
13073:             1             40  com.intellij.grazie.cloud.license.GrazieLoginManager$3
13074:             1             40  com.intellij.grazie.cloud.license.GrazieLoginManager$3$1
13075:             1             40  com.intellij.grazie.spellcheck.hunspell.HunspellDictionary
13076:             1             40  com.intellij.grid.scripting.impl.DataLoaderManager$1
13077:             1             40  com.intellij.grid.scripting.impl.DataLoaderManager$Associations$1
13078:             1             40  com.intellij.grid.scripting.impl.DataLoaderManager$Associations$1$1
13079:             1             40  com.intellij.grid.scripting.impl.DataLoaderManager$handleDrops$2
13080:             1             40  com.intellij.grid.scripting.impl.DataLoaderPluginsManager$Companion$REJECT_ACTION$1
13081:             1             40  com.intellij.history.integration.LocalHistoryImpl$init$3
13082:             1             40  com.intellij.history.integration.ui.actions.PutLabelAction
13083:             1             40  com.intellij.history.integration.ui.actions.RecentChangesAction
13084:             1             40  com.intellij.history.integration.ui.actions.ShowHistoryAction
13085:             1             40  com.intellij.history.integration.ui.actions.ShowProjectHistoryAction
13086:             1             40  com.intellij.history.integration.ui.actions.ShowSelectionHistoryAction
13087:             1             40  com.intellij.htmltools.xml.actions.HtmlAddTableColumnAfterAction
13088:             1             40  com.intellij.htmltools.xml.actions.HtmlAddTableColumnBeforeAction
13089:             1             40  com.intellij.httpClient.actions.ConvertCurlToHttpRequestAction
13090:             1             40  com.intellij.httpClient.actions.HttpClientAddAuthConfigurationAction
13091:             1             40  com.intellij.httpClient.actions.HttpClientAddVariableAction$Private
13092:             1             40  com.intellij.httpClient.actions.HttpClientAddVariableAction$Public
13093:             1             40  com.intellij.httpClient.actions.HttpRequestOpenCollectionAction
13094:             1             40  com.intellij.httpClient.actions.HttpRequestShowHistoryAction
13095:             1             40  com.intellij.httpClient.actions.NewHttpRequestInToolMenuAction
13096:             1             40  com.intellij.httpClient.actions.copyPaste.HttpRequestCopyAsCurlAction
13097:             1             40  com.intellij.httpClient.http.request.HttpRequestLanguage
13098:             1             40  com.intellij.httpClient.http.request.actions.NewHttpRequestFileAction
13099:             1             40  com.intellij.httpClient.http.request.cookies.CookieLanguage
13100:             1             40  com.intellij.httpClient.http.request.run.config.HttpRequestRunConfiguration
13101:             1             40  com.intellij.httpClient.http.request.run.console.editor.HtmlPreviewNavigateBackAction
13102:             1             40  com.intellij.httpClient.http.request.run.console.editor.HtmlPreviewNavigateForwardAction
13103:             1             40  com.intellij.httpClient.postman.converter.action.ConvertPostmanCollectionToHttpFileFromProjectViewAction
13104:             1             40  com.intellij.httpClient.postman.converter.action.ConvertPostmanEnvironmentToHttpFileFromProjectViewAction
13105:             1             40  com.intellij.httpClient.postman.converter.action.ConvertPostmanToHttpFileAction
13106:             1             40  com.intellij.ide.AgreementUpdater$execute$1
13107:             1             40  com.intellij.ide.AppIdleMemoryCleaner
13108:             1             40  com.intellij.ide.AppIdleMemoryCleaner$1
13109:             1             40  com.intellij.ide.AppIdleMemoryCleanerKt$hasActiveBackgroundTasksStateFlow$1
13110:             1             40  com.intellij.ide.AppIdleMemoryCleanerKt$hasActiveBackgroundTasksStateFlow$2
13111:             1             40  com.intellij.ide.GeneralLocalState
13112:             1             40  com.intellij.ide.GeneratedSourceFileChangeTrackerImpl$startHandlingCheckRequests$1
13113:             1             40  com.intellij.ide.GeneratedSourceFileChangeTrackerImpl$startHandlingCheckRequests$1$1
13114:             1             40  com.intellij.ide.GeneratedSourceFileChangeTrackerImpl$startHandlingCheckRequests$1$2
13115:             1             40  com.intellij.ide.IdeTooltipManager$3
13116:             1             40  com.intellij.ide.IdeTooltipManager$3$1
13117:             1             40  com.intellij.ide.IdeTooltipManager$4
13118:             1             40  com.intellij.ide.ManageRecentProjectsAction
13119:             1             40  com.intellij.ide.ProjectWidgetGradientLocationService$1
13120:             1             40  com.intellij.ide.ProjectWidgetGradientLocationService$1$2
13121:             1             40  com.intellij.ide.ProjectWindowCustomizerService
13122:             1             40  com.intellij.ide.RecentProjectsManagerBase$1
13123:             1             40  com.intellij.ide.RecentProjectsManagerBase$1$1
13124:             1             40  com.intellij.ide.actionMacro.actions.EditMacrosAction
13125:             1             40  com.intellij.ide.actionMacro.actions.MacrosGroup
13126:             1             40  com.intellij.ide.actionMacro.actions.PlaySavedMacros
13127:             1             40  com.intellij.ide.actionMacro.actions.PlaybackLastMacroAction
13128:             1             40  com.intellij.ide.actionMacro.actions.StartStopMacroRecordingAction
13129:             1             40  com.intellij.ide.actions.AboutAction
13130:             1             40  com.intellij.ide.actions.ActivityMonitorAction
13131:             1             40  com.intellij.ide.actions.AssociateFileTypeAction
13132:             1             40  com.intellij.ide.actions.BackAction
13133:             1             40  com.intellij.ide.actions.CloseAction
13134:             1             40  com.intellij.ide.actions.CloseActiveTabAction
13135:             1             40  com.intellij.ide.actions.CloseAllEditorsAction
13136:             1             40  com.intellij.ide.actions.CloseAllEditorsButActiveAction
13137:             1             40  com.intellij.ide.actions.CloseAllEditorsToTheLeftAction
13138:             1             40  com.intellij.ide.actions.CloseAllEditorsToTheRightAction
13139:             1             40  com.intellij.ide.actions.CloseAllProjectsAction
13140:             1             40  com.intellij.ide.actions.CloseAllReadonlyEditorsAction
13141:             1             40  com.intellij.ide.actions.CloseAllUnmodifiedEditorsAction
13142:             1             40  com.intellij.ide.actions.CloseAllUnpinnedEditorsAction
13143:             1             40  com.intellij.ide.actions.CloseOtherProjectsAction
13144:             1             40  com.intellij.ide.actions.CloseProjectAction
13145:             1             40  com.intellij.ide.actions.CollapseAllAction
13146:             1             40  com.intellij.ide.actions.CollectZippedLogsAction
13147:             1             40  com.intellij.ide.actions.ConfigureEditorTabsAction
13148:             1             40  com.intellij.ide.actions.CopyAbsolutePathProvider
13149:             1             40  com.intellij.ide.actions.CopyAction
13150:             1             40  com.intellij.ide.actions.CopyContentRootPathProvider
13151:             1             40  com.intellij.ide.actions.CopyElementAction
13152:             1             40  com.intellij.ide.actions.CopyFileNameProvider
13153:             1             40  com.intellij.ide.actions.CopyFileWithLineNumberPathProvider
13154:             1             40  com.intellij.ide.actions.CopyPathsAction
13155:             1             40  com.intellij.ide.actions.CopySourceRootPathProvider
13156:             1             40  com.intellij.ide.actions.CopyTBXReferenceProvider
13157:             1             40  com.intellij.ide.actions.CreateDesktopEntryAction
13158:             1             40  com.intellij.ide.actions.CreateDirectoryOrPackageAction
13159:             1             40  com.intellij.ide.actions.CreateFileAction
13160:             1             40  com.intellij.ide.actions.CreateHtmlFileAction
13161:             1             40  com.intellij.ide.actions.CreateLauncherScriptAction
13162:             1             40  com.intellij.ide.actions.CustomLayoutsActionGroup$CustomLayoutActionGroup$Apply
13163:             1             40  com.intellij.ide.actions.CustomLayoutsActionGroup$CustomLayoutActionGroup$Delete
13164:             1             40  com.intellij.ide.actions.CustomLayoutsActionGroup$CustomLayoutActionGroup$Restore
13165:             1             40  com.intellij.ide.actions.CustomLayoutsActionGroup$CustomLayoutActionGroup$Save
13166:             1             40  com.intellij.ide.actions.CutAction
13167:             1             40  com.intellij.ide.actions.DebugLogConfigureAction
13168:             1             40  com.intellij.ide.actions.DeleteAction
13169:             1             40  com.intellij.ide.actions.DeleteOldAppDirectoriesAction
13170:             1             40  com.intellij.ide.actions.DumpThreadsAction
13171:             1             40  com.intellij.ide.actions.EditCustomPropertiesAction
13172:             1             40  com.intellij.ide.actions.EditCustomVmOptionsAction
13173:             1             40  com.intellij.ide.actions.EditSourceAction
13174:             1             40  com.intellij.ide.actions.ExitAction
13175:             1             40  com.intellij.ide.actions.ExpandAllAction
13176:             1             40  com.intellij.ide.actions.ExternalJavaDocAction
13177:             1             40  com.intellij.ide.actions.ForwardAction
13178:             1             40  com.intellij.ide.actions.GoToLinkTargetAction
13179:             1             40  com.intellij.ide.actions.GotoActionAction
13180:             1             40  com.intellij.ide.actions.GotoClassAction
13181:             1             40  com.intellij.ide.actions.GotoFileAction
13182:             1             40  com.intellij.ide.actions.GotoLineAction
13183:             1             40  com.intellij.ide.actions.GotoRelatedSymbolAction
13184:             1             40  com.intellij.ide.actions.GotoSymbolAction
13185:             1             40  com.intellij.ide.actions.HelpTopicsAction
13186:             1             40  com.intellij.ide.actions.HideAllToolWindowsAction
13187:             1             40  com.intellij.ide.actions.HideSideWindowsAction
13188:             1             40  com.intellij.ide.actions.HideToolWindowAction
13189:             1             40  com.intellij.ide.actions.InteractiveSplitAction
13190:             1             40  com.intellij.ide.actions.InteractiveSplitAction$Key$Duplicate
13191:             1             40  com.intellij.ide.actions.InteractiveSplitAction$Key$Exit
13192:             1             40  com.intellij.ide.actions.InteractiveSplitAction$Key$NextWindow
13193:             1             40  com.intellij.ide.actions.InteractiveSplitAction$Key$PreviousWindow
13194:             1             40  com.intellij.ide.actions.InteractiveSplitAction$Key$Split
13195:             1             40  com.intellij.ide.actions.InteractiveSplitAction$Key$SplitCenter
13196:             1             40  com.intellij.ide.actions.InteractiveSplitAction$Key$SplitDown
13197:             1             40  com.intellij.ide.actions.InteractiveSplitAction$Key$SplitLeft
13198:             1             40  com.intellij.ide.actions.InteractiveSplitAction$Key$SplitRight
13199:             1             40  com.intellij.ide.actions.InteractiveSplitAction$Key$SplitTop
13200:             1             40  com.intellij.ide.actions.InvalidateCachesAction
13201:             1             40  com.intellij.ide.actions.JetBrainsTvAction
13202:             1             40  com.intellij.ide.actions.JumpToLastEditAction
13203:             1             40  com.intellij.ide.actions.JumpToLastWindowAction
13204:             1             40  com.intellij.ide.actions.JumpToNextEditAction
13205:             1             40  com.intellij.ide.actions.KeepTabOpenAction
13206:             1             40  com.intellij.ide.actions.MacEmojiAndSymbolsInputAction
13207:             1             40  com.intellij.ide.actions.MaximizeEditorInSplitAction
13208:             1             40  com.intellij.ide.actions.MemTestAction
13209:             1             40  com.intellij.ide.actions.MinimizeCurrentWindowAction
13210:             1             40  com.intellij.ide.actions.MoveTabDownAction
13211:             1             40  com.intellij.ide.actions.MoveTabRightAction
13212:             1             40  com.intellij.ide.actions.MoveWindowBuiltinDisplayAction
13213:             1             40  com.intellij.ide.actions.NewActionGroup
13214:             1             40  com.intellij.ide.actions.NewElementAction
13215:             1             40  com.intellij.ide.actions.NextOccurenceAction
13216:             1             40  com.intellij.ide.actions.NextOccurenceToolbarAction
13217:             1             40  com.intellij.ide.actions.NextTabAction
13218:             1             40  com.intellij.ide.actions.OnlineDocAction
13219:             1             40  com.intellij.ide.actions.OpenFileAction
13220:             1             40  com.intellij.ide.actions.OpenFileAction$OnWelcomeScreen
13221:             1             40  com.intellij.ide.actions.OpenInAssociatedApplicationAction
13222:             1             40  com.intellij.ide.actions.OpenInRightSplitAction
13223:             1             40  com.intellij.ide.actions.PasteAction
13224:             1             40  com.intellij.ide.actions.PinActiveTabAction$EW
13225:             1             40  com.intellij.ide.actions.PreviousOccurenceAction
13226:             1             40  com.intellij.ide.actions.PreviousOccurenceToolbarAction
13227:             1             40  com.intellij.ide.actions.PreviousTabAction
13228:             1             40  com.intellij.ide.actions.ProjectViewEditSourceAction
13229:             1             40  com.intellij.ide.actions.QuickChangeSchemesAction
13230:             1             40  com.intellij.ide.actions.RecentLocationsAction
13231:             1             40  com.intellij.ide.actions.RecentProjectsGroup
13232:             1             40  com.intellij.ide.actions.RedoAction
13233:             1             40  com.intellij.ide.actions.RefCardAction
13234:             1             40  com.intellij.ide.actions.RenameLayoutAction
13235:             1             40  com.intellij.ide.actions.ReportProblemAction
13236:             1             40  com.intellij.ide.actions.ResizeToolWindowAction$Down
13237:             1             40  com.intellij.ide.actions.ResizeToolWindowAction$Left
13238:             1             40  com.intellij.ide.actions.ResizeToolWindowAction$Right
13239:             1             40  com.intellij.ide.actions.ResizeToolWindowAction$Up
13240:             1             40  com.intellij.ide.actions.RestoreDefaultLayoutAction
13241:             1             40  com.intellij.ide.actions.RestoreFactoryDefaultLayoutAction
13242:             1             40  com.intellij.ide.actions.RevealFileAction
13243:             1             40  com.intellij.ide.actions.SaveAllAction
13244:             1             40  com.intellij.ide.actions.SaveAsAction
13245:             1             40  com.intellij.ide.actions.SaveFileAsTemplateAction
13246:             1             40  com.intellij.ide.actions.SearchEverywhereAction
13247:             1             40  com.intellij.ide.actions.SelectInAction
13248:             1             40  com.intellij.ide.actions.SendFeedbackAction
13249:             1             40  com.intellij.ide.actions.SetShortcutAction
13250:             1             40  com.intellij.ide.actions.SettingsEntryPointAction
13251:             1             40  com.intellij.ide.actions.ShowContentAction
13252:             1             40  com.intellij.ide.actions.ShowFilePathAction
13253:             1             40  com.intellij.ide.actions.ShowLogAction
13254:             1             40  com.intellij.ide.actions.ShowNavigationBarMembersAction
13255:             1             40  com.intellij.ide.actions.ShowRecentFilesAction
13256:             1             40  com.intellij.ide.actions.ShowRecentlyEditedFilesAction
13257:             1             40  com.intellij.ide.actions.ShowSettingsAction
13258:             1             40  com.intellij.ide.actions.ShowTipsAction
13259:             1             40  com.intellij.ide.actions.SplitHorizontallyAction
13260:             1             40  com.intellij.ide.actions.SplitVerticallyAction
13261:             1             40  com.intellij.ide.actions.SplitterAction$ChangeOrientation
13262:             1             40  com.intellij.ide.actions.SplitterAction$Goto$Next
13263:             1             40  com.intellij.ide.actions.SplitterAction$Goto$Previous
13264:             1             40  com.intellij.ide.actions.SplitterAction$Unsplit
13265:             1             40  com.intellij.ide.actions.SplitterAction$UnsplitAll
13266:             1             40  com.intellij.ide.actions.StoreDefaultLayoutAction
13267:             1             40  com.intellij.ide.actions.StoreNewLayoutAction
13268:             1             40  com.intellij.ide.actions.StretchSplitAction$StretchToBottom
13269:             1             40  com.intellij.ide.actions.StretchSplitAction$StretchToLeft
13270:             1             40  com.intellij.ide.actions.StretchSplitAction$StretchToRight
13271:             1             40  com.intellij.ide.actions.StretchSplitAction$StretchToTop
13272:             1             40  com.intellij.ide.actions.SwitchIdeScaleAction
13273:             1             40  com.intellij.ide.actions.SwitcherIterateThroughItemsAction
13274:             1             40  com.intellij.ide.actions.SwitcherToggleOnlyEditedFilesAction
13275:             1             40  com.intellij.ide.actions.SynchronizeAction
13276:             1             40  com.intellij.ide.actions.SynchronizeCurrentFileAction
13277:             1             40  com.intellij.ide.actions.TabListAction
13278:             1             40  com.intellij.ide.actions.TechnicalSupportAction
13279:             1             40  com.intellij.ide.actions.TemplateProjectPropertiesAction
13280:             1             40  com.intellij.ide.actions.ToggleCompactModeAction
13281:             1             40  com.intellij.ide.actions.ToggleContentUiTypeAction
13282:             1             40  com.intellij.ide.actions.ToggleFullScreenAction
13283:             1             40  com.intellij.ide.actions.TogglePowerSaveAction
13284:             1             40  com.intellij.ide.actions.TogglePresentationModeAction
13285:             1             40  com.intellij.ide.actions.ToggleReadOnlyAttributeAction
13286:             1             40  com.intellij.ide.actions.ToggleZenModeAction
13287:             1             40  com.intellij.ide.actions.ToolWindowCloseAllTabsAction
13288:             1             40  com.intellij.ide.actions.ToolWindowCloseOtherTabsAction
13289:             1             40  com.intellij.ide.actions.ToolWindowDockPinnedAction
13290:             1             40  com.intellij.ide.actions.ToolWindowDockUnpinnedAction
13291:             1             40  com.intellij.ide.actions.ToolWindowFloatAction
13292:             1             40  com.intellij.ide.actions.ToolWindowMoveToNextSplitterAction
13293:             1             40  com.intellij.ide.actions.ToolWindowMoveToPreviousSplitterAction
13294:             1             40  com.intellij.ide.actions.ToolWindowSplitAndMoveDownAction
13295:             1             40  com.intellij.ide.actions.ToolWindowSplitAndMoveRightAction
13296:             1             40  com.intellij.ide.actions.ToolWindowSplitDownAction
13297:             1             40  com.intellij.ide.actions.ToolWindowSplitRightAction
13298:             1             40  com.intellij.ide.actions.ToolWindowUndockAction
13299:             1             40  com.intellij.ide.actions.ToolWindowUnsplitAction
13300:             1             40  com.intellij.ide.actions.ToolWindowWindowAction
13301:             1             40  com.intellij.ide.actions.ToolWindowsGroup
13302:             1             40  com.intellij.ide.actions.UndoAction
13303:             1             40  com.intellij.ide.actions.ViewMainMenuAction
13304:             1             40  com.intellij.ide.actions.ViewNavigationBarMembersAction
13305:             1             40  com.intellij.ide.actions.ViewSourceAction
13306:             1             40  com.intellij.ide.actions.ViewStatusBarAction
13307:             1             40  com.intellij.ide.actions.ViewStructureAction
13308:             1             40  com.intellij.ide.actions.ViewToolWindowButtonsAction
13309:             1             40  com.intellij.ide.actions.ViewToolbarAction
13310:             1             40  com.intellij.ide.actions.WhatsNewAction
13311:             1             40  com.intellij.ide.actions.ZoomCurrentWindowAction
13312:             1             40  com.intellij.ide.actions.cache.CacheRecoveryActionGroup
13313:             1             40  com.intellij.ide.actions.cache.CallSaulAction
13314:             1             40  com.intellij.ide.actions.exclusion.ExcludeTreeNodeAction
13315:             1             40  com.intellij.ide.actions.exclusion.IncludeTreeNodeAction
13316:             1             40  com.intellij.ide.actions.navbar.HideNavBarAction
13317:             1             40  com.intellij.ide.actions.navbar.NavBarBottomLocationAction
13318:             1             40  com.intellij.ide.actions.navbar.NavBarTopLocationAction
13319:             1             40  com.intellij.ide.actions.navbar.ViewNavigationBarAction
13320:             1             40  com.intellij.ide.actions.speedSearch.SpeedSearchAction
13321:             1             40  com.intellij.ide.actions.toolbar.experimental.ViewNewToolbarAction
13322:             1             40  com.intellij.ide.actions.toolbar.experimental.ViewObsoleteNavBarAction
13323:             1             40  com.intellij.ide.actions.toolbar.experimental.ViewObsoleteToolbarAction
13324:             1             40  com.intellij.ide.actions.ui.ideScaleIndicator.IdeScaleIndicatorManager$1
13325:             1             40  com.intellij.ide.bookmark.actions.AddAnotherBookmarkAction
13326:             1             40  com.intellij.ide.bookmark.actions.ChooseBookmarkTypeAction
13327:             1             40  com.intellij.ide.bookmark.actions.DeleteBookmarkTypeAction
13328:             1             40  com.intellij.ide.bookmark.actions.EditBookmarkAction
13329:             1             40  com.intellij.ide.bookmark.actions.GotoBookmark0Action
13330:             1             40  com.intellij.ide.bookmark.actions.GotoBookmark1Action
13331:             1             40  com.intellij.ide.bookmark.actions.GotoBookmark2Action
13332:             1             40  com.intellij.ide.bookmark.actions.GotoBookmark3Action
13333:             1             40  com.intellij.ide.bookmark.actions.GotoBookmark4Action
13334:             1             40  com.intellij.ide.bookmark.actions.GotoBookmark5Action
13335:             1             40  com.intellij.ide.bookmark.actions.GotoBookmark6Action
13336:             1             40  com.intellij.ide.bookmark.actions.GotoBookmark7Action
13337:             1             40  com.intellij.ide.bookmark.actions.GotoBookmark8Action
13338:             1             40  com.intellij.ide.bookmark.actions.GotoBookmark9Action
13339:             1             40  com.intellij.ide.bookmark.actions.NextBookmarkAction
13340:             1             40  com.intellij.ide.bookmark.actions.NodeDeleteAction
13341:             1             40  com.intellij.ide.bookmark.actions.PreviousBookmarkAction
13342:             1             40  com.intellij.ide.bookmark.actions.ShowLineBookmarksAction
13343:             1             40  com.intellij.ide.bookmark.actions.ShowTypeBookmarksAction
13344:             1             40  com.intellij.ide.bookmark.actions.ToggleBookmarkAction
13345:             1             40  com.intellij.ide.bookmarks.BookmarkManager
13346:             1             40  com.intellij.ide.browsers.WebBrowserManager
13347:             1             40  com.intellij.ide.browsers.actions.OpenHtmlInEmbeddedBrowserAction
13348:             1             40  com.intellij.ide.extensionResources.RestoreBundledExtensionsAction
13349:             1             40  com.intellij.ide.fileTemplates.actions.CreateFromTemplateGroup
13350:             1             40  com.intellij.ide.fileTemplates.actions.FileTemplateSeparator
13351:             1             40  com.intellij.ide.fileTemplates.impl.FileTemplateManagerImpl
13352:             1             40  com.intellij.ide.hierarchy.actions.ActivateHierarchyToolWindowAction
13353:             1             40  com.intellij.ide.hierarchy.actions.BrowseCallHierarchyAction
13354:             1             40  com.intellij.ide.hierarchy.actions.BrowseMethodHierarchyAction
13355:             1             40  com.intellij.ide.hierarchy.actions.BrowseTypeHierarchyAction
13356:             1             40  com.intellij.ide.lightEdit.LightEditServiceImpl
13357:             1             40  com.intellij.ide.nls.NlsMessages$CachedFormats
13358:             1             40  com.intellij.ide.plugins.PluginSet
13359:             1             40  com.intellij.ide.plugins.marketplace.MarketplaceRequests
13360:             1             40  com.intellij.ide.plugins.org.PluginManagerConfigurableForOrgState
13361:             1             40  com.intellij.ide.projectView.actions.ExpandRecursivelyAction
13362:             1             40  com.intellij.ide.projectView.actions.MarkExcludeRootAction
13363:             1             40  com.intellij.ide.projectView.actions.ProjectViewExpandAllAction
13364:             1             40  com.intellij.ide.projectView.actions.UnmarkRootAction
13365:             1             40  com.intellij.ide.projectView.impl.SelectFileAction
13366:             1             40  com.intellij.ide.scratch.ScratchFileActions$ChangeLanguageAction
13367:             1             40  com.intellij.ide.scratch.ScratchFileActions$NewFileAction
13368:             1             40  com.intellij.ide.scratch.ScratchFilesUsagesCollector
13369:             1             40  com.intellij.ide.scratch.workspace.ScratchWorkspaceStartupActivity$execute$1
13370:             1             40  com.intellij.ide.scratch.workspace.ScratchWorkspaceStartupActivity$execute$2
13371:             1             40  com.intellij.ide.ui.LafFlowService$lafChangedFlow$1
13372:             1             40  com.intellij.ide.ui.experimental.meetNewUi.ActivateMeetNewUIToolWindowAction
13373:             1             40  com.intellij.ide.ui.experimental.meetNewUi.MeetNewUIAction
13374:             1             40  com.intellij.ide.ui.html.GlobalStyleSheetUpdateService$init$2
13375:             1             40  com.intellij.ide.ui.html.GlobalStyleSheetUpdateService$init$2$1
13376:             1             40  com.intellij.ide.ui.laf.MnemonicListenerService$1
13377:             1             40  com.intellij.ide.v.D.e
13378:             1             40  com.intellij.ide.v.G.v
13379:             1             40  com.intellij.ide.v.R.TQ
13380:             1             40  com.intellij.ide.v.R.vr
13381:             1             40  com.intellij.indexing.shared.download.IndexDownloadHistoryState
13382:             1             40  com.intellij.indexing.shared.download.SharedIndexProjectRootsRefreshQueue$1
13383:             1             40  com.intellij.indexing.shared.platform.impl.SharedIndexMainZipStorage
13384:             1             40  com.intellij.indexing.shared.platform.impl.SharedIndexesProjectStateCollector
13385:             1             40  com.intellij.internal.statistic.BookmarkUsagesFUSCollector
13386:             1             40  com.intellij.internal.statistic.collectors.fus.environment.EditorsCollector
13387:             1             40  com.intellij.internal.statistic.collectors.fus.fileTypes.FileTypeUsagesCollector
13388:             1             40  com.intellij.internal.statistic.collectors.fus.plugins.PluginsUsagesCollector
13389:             1             40  com.intellij.internal.statistic.eventLog.validator.storage.persistence.EventLogMetadataSettingsPersistence
13390:             1             40  com.intellij.internal.statistic.service.fus.collectors.FUStateUsagesLogger$1
13391:             1             40  com.intellij.internal.statistic.service.fus.collectors.FUStateUsagesLogger$logApplicationStateRegularly$1
13392:             1             40  com.intellij.internal.statistic.service.fus.collectors.ProjectFUStateUsagesLogger$1
13393:             1             40  com.intellij.internal.statistic.service.fus.collectors.ProjectFUStateUsagesLogger$logProjectStateRegularly$1
13394:             1             40  com.intellij.internal.statistic.updater.StatisticsJobsScheduler$execute$1
13395:             1             40  com.intellij.internal.statistic.updater.StatisticsJobsScheduler$execute$2
13396:             1             40  com.intellij.internal.statistic.updater.StatisticsJobsScheduler$execute$2$4
13397:             1             40  com.intellij.javascript.debugger.execution.JavascriptDebugConfigurationType
13398:             1             40  com.intellij.javascript.debugger.frontend.rpc.HostRequestListenerActivityKt$launchHostRequestListener$1
13399:             1             40  com.intellij.javascript.debugger.sourcemap.visualizer.actions.AddSourceContentsAction
13400:             1             40  com.intellij.javascript.debugger.sourcemap.visualizer.actions.VisualizeSourceMapAction
13401:             1             40  com.intellij.javascript.jest.JestConfigurationType
13402:             1             40  com.intellij.javascript.jest.JestRunConfiguration
13403:             1             40  com.intellij.javascript.nodejs.npm.InstallNodeLocalDependenciesAction
13404:             1             40  com.intellij.javascript.nodejs.npm.NpmPackageRefResolver
13405:             1             40  com.intellij.javascript.nodejs.npm.registry.CustomNpmRegistryService
13406:             1             40  com.intellij.javascript.protractor.ProtractorConfigurationType
13407:             1             40  com.intellij.javascript.protractor.ProtractorRunConfiguration
13408:             1             40  com.intellij.javascript.testFramework.jasmine.codeInsight.JasmineGenerateAfterEachMethodAction
13409:             1             40  com.intellij.javascript.testFramework.jasmine.codeInsight.JasmineGenerateBeforeEachMethodAction
13410:             1             40  com.intellij.javascript.testFramework.jasmine.codeInsight.JasmineGenerateNewSpecAction
13411:             1             40  com.intellij.javascript.testFramework.jasmine.codeInsight.JasmineGenerateNewSuiteAction
13412:             1             40  com.intellij.javascript.testFramework.qunit.codeInsight.QUnitGenerateNewTestAction
13413:             1             40  com.intellij.javascript.testFramework.qunit.codeInsight.QUnitGenerateSetupAction
13414:             1             40  com.intellij.javascript.testFramework.qunit.codeInsight.QUnitGenerateTearDownAction
13415:             1             40  com.intellij.javascript.testing.vitest.VitestConfigurationType
13416:             1             40  com.intellij.javascript.testing.vitest.VitestRunConfiguration
13417:             1             40  com.intellij.json.JsonLanguage
13418:             1             40  com.intellij.json.actions.JsonJacksonReformatAction
13419:             1             40  com.intellij.json.editor.JsonCopyPointerAction
13420:             1             40  com.intellij.json.json5.Json5Language
13421:             1             40  com.intellij.json.jsonLines.JsonLinesLanguage
13422:             1             40  com.intellij.jsonpath.JsonPathLanguage
13423:             1             40  com.intellij.jsonpath.ui.JsonPathEvaluateAction
13424:             1             40  com.intellij.jsonpath.ui.JsonPathExportEvaluateResultAction
13425:             1             40  com.intellij.kubernetes.KubernetesProjectMetricsCollector
13426:             1             40  com.intellij.kubernetes.MiscUtilKt$eventuallyConsistentExpiringLazy$1
13427:             1             40  com.intellij.kubernetes.frontend.FrontendKubernetesApiProvider
13428:             1             40  com.intellij.kubernetes.frontend.FrontendKubernetesApiProvider$1
13429:             1             40  com.intellij.kubernetes.frontend.FrontendKubernetesApiProvider$isRefreshingFlow$1
13430:             1             40  com.intellij.kubernetes.helm.HelmExecutionManager
13431:             1             40  com.intellij.kubernetes.helm.gotpl.werf.WerfYamlLanguage
13432:             1             40  com.intellij.kubernetes.logs.actions.KubernetesClearLogsAction
13433:             1             40  com.intellij.kubernetes.logs.actions.KubernetesDownloadFilteredContextLogsAction
13434:             1             40  com.intellij.kubernetes.logs.actions.KubernetesScrollToTheEndAction
13435:             1             40  com.intellij.kubernetes.logs.actions.KubernetesSoftWrapLogsAction
13436:             1             40  com.intellij.kubernetes.splitApi.FrontendKubernetesSynchronizedStateMap
13437:             1             40  com.intellij.kubernetes.telepresence.debugWithTelepresence.TelepresenceRunLineMarkerAction
13438:             1             40  com.intellij.kubernetes.ui.actions.ConfigureHelmParametersAction
13439:             1             40  com.intellij.kubernetes.ui.actions.GenerateHelmDependencyAction
13440:             1             40  com.intellij.kubernetes.ui.actions.HelmCreateChartAction
13441:             1             40  com.intellij.kubernetes.ui.actions.KubernetesResourceFromTemplateAction
13442:             1             40  com.intellij.kubernetes.ui.notifications.KubernetesSuggestClusterConfigurationPanel$SubscriptionService$1
13443:             1             40  com.intellij.kubernetes.view.ui.actions.KubernetesAddContextAction
13444:             1             40  com.intellij.kubernetes.view.ui.actions.KubernetesApplyAction
13445:             1             40  com.intellij.kubernetes.view.ui.actions.KubernetesAttachContextAction
13446:             1             40  com.intellij.kubernetes.view.ui.actions.KubernetesCompareWithClusterAction
13447:             1             40  com.intellij.kubernetes.view.ui.actions.KubernetesDeleteAction
13448:             1             40  com.intellij.kubernetes.view.ui.actions.KubernetesPasteContextContentAction
13449:             1             40  com.intellij.kubernetes.view.ui.actions.KubernetesReloadContentAction
13450:             1             40  com.intellij.kubernetes.view.ui.actions.KubernetesShowSettingsAction
13451:             1             40  com.intellij.lang.Language$1
13452:             1             40  com.intellij.lang.css.CSSLanguage
13453:             1             40  com.intellij.lang.css.actions.CreateStylesheetFileAction
13454:             1             40  com.intellij.lang.customFolding.GotoCustomRegionAction
13455:             1             40  com.intellij.lang.documentation.ide.actions.AdjustFontSizeAction
13456:             1             40  com.intellij.lang.documentation.ide.actions.DocumentationBackAction
13457:             1             40  com.intellij.lang.documentation.ide.actions.DocumentationEditSourceAction
13458:             1             40  com.intellij.lang.documentation.ide.actions.DocumentationForwardAction
13459:             1             40  com.intellij.lang.documentation.ide.actions.DocumentationViewExternalAction
13460:             1             40  com.intellij.lang.documentation.ide.actions.ToggleAutoShowAction
13461:             1             40  com.intellij.lang.documentation.ide.actions.ToggleAutoUpdateAction
13462:             1             40  com.intellij.lang.documentation.ide.actions.ToggleShowDocsInPopupAction
13463:             1             40  com.intellij.lang.html.HtmlCompatibleMetaLanguage
13464:             1             40  com.intellij.lang.javascript.actions.CreateJavaScriptFileAction
13465:             1             40  com.intellij.lang.javascript.actions.CreateTypeScriptFileAction
13466:             1             40  com.intellij.lang.javascript.buildTools.base.actions.JsbtShowPopupAction
13467:             1             40  com.intellij.lang.javascript.buildTools.grunt.ShowGruntTasksAction
13468:             1             40  com.intellij.lang.javascript.buildTools.grunt.rc.GruntConfigurationType
13469:             1             40  com.intellij.lang.javascript.buildTools.gulp.ShowGulpTasksAction
13470:             1             40  com.intellij.lang.javascript.buildTools.gulp.rc.GulpConfigurationType
13471:             1             40  com.intellij.lang.javascript.buildTools.gulp.rc.GulpRunConfiguration
13472:             1             40  com.intellij.lang.javascript.buildTools.npm.ShowNpmScriptsAction
13473:             1             40  com.intellij.lang.javascript.buildTools.npm.rc.NpmConfigurationType
13474:             1             40  com.intellij.lang.javascript.editor.JSNavBarStructureViewModel
13475:             1             40  com.intellij.lang.javascript.frameworks.jquery.JQueryCssLanguage
13476:             1             40  com.intellij.lang.javascript.generation.JavaScriptGenerateConstructorAction
13477:             1             40  com.intellij.lang.javascript.generation.JavaScriptGenerateGetAccessorAction
13478:             1             40  com.intellij.lang.javascript.generation.JavaScriptGenerateGetSetAccessorAction
13479:             1             40  com.intellij.lang.javascript.generation.JavaScriptGenerateSetAccessorAction
13480:             1             40  com.intellij.lang.javascript.generation.JavaScriptImplementsMethodsAction
13481:             1             40  com.intellij.lang.javascript.generation.TypeScriptImplementMembersAction
13482:             1             40  com.intellij.lang.javascript.library.typings.TypeScriptExternalDefinitionsService$4
13483:             1             40  com.intellij.lang.javascript.library.typings.TypeScriptExternalDefinitionsService$4$1
13484:             1             40  com.intellij.lang.javascript.linter.eslint.EsLintFixAction
13485:             1             40  com.intellij.lang.javascript.linter.eslint.importer.EslintImportCodeStyleAction
13486:             1             40  com.intellij.lang.javascript.linter.eslint.standardjs.StandardJSFixAction
13487:             1             40  com.intellij.lang.javascript.psi.resolve.JSGenericTypesEvaluator$GenericEvaluationContext
13488:             1             40  com.intellij.lang.javascript.psi.util.JSTreeUtil$JSScopeNamesUsages
13489:             1             40  com.intellij.lang.javascript.service.JSNodeServicesProfilerAction
13490:             1             40  com.intellij.lang.javascript.template.postfix.JSArgumentPostfixTemplate
13491:             1             40  com.intellij.lang.javascript.template.postfix.JSAwaitPostfixTemplate
13492:             1             40  com.intellij.lang.javascript.template.postfix.JSDForOfPostfixTemplate
13493:             1             40  com.intellij.lang.javascript.template.postfix.JSDestructAllPostfixTemplate
13494:             1             40  com.intellij.lang.javascript.template.postfix.JSDestructPostfixTemplate
13495:             1             40  com.intellij.lang.javascript.template.postfix.JSForIndexedPostfixTemplate
13496:             1             40  com.intellij.lang.javascript.template.postfix.JSForIndexedReversedPostfixTemplate
13497:             1             40  com.intellij.lang.javascript.template.postfix.JSForOfPostfixTemplate
13498:             1             40  com.intellij.lang.javascript.template.postfix.JSIfInstanceOfPostfixTemplate
13499:             1             40  com.intellij.lang.javascript.template.postfix.JSIfTypeOfPostfixTemplate
13500:             1             40  com.intellij.lang.javascript.template.postfix.JSIntroduceConstPostfixTemplate
13501:             1             40  com.intellij.lang.javascript.template.postfix.JSIntroduceLetPostfixTemplate
13502:             1             40  com.intellij.lang.javascript.template.postfix.JSIntroduceVarPostfixTemplate
13503:             1             40  com.intellij.lang.javascript.template.postfix.JSLogPostfixTemplate
13504:             1             40  com.intellij.lang.javascript.template.postfix.JSReturnStatementPostfixTemplate
13505:             1             40  com.intellij.lang.javascript.template.postfix.JSSwitchPostfixTemplate
13506:             1             40  com.intellij.lang.javascript.template.postfix.JSThrowStatementPostfixTemplate
13507:             1             40  com.intellij.lang.javascript.template.postfix.JSTypeOfExpressionPostfixTemplate
13508:             1             40  com.intellij.lang.typescript.compiler.action.TypeScriptCompileAction
13509:             1             40  com.intellij.lang.typescript.library.TypeScriptJSSourcesAction
13510:             1             40  com.intellij.lang.typescript.lsp.TypeScriptGoTypeEvaluationLspService
13511:             1             40  com.intellij.lang.typescript.refactoring.TypeScriptExtractTypeAliasAction
13512:             1             40  com.intellij.lang.typescript.settings.exclude.TypeScriptIncludeGeneratedDeclarationFilesAction
13513:             1             40  com.intellij.lang.typescript.template.postfix.TypeScriptCastPostfixTemplate
13514:             1             40  com.intellij.lang.typescript.tsconfig.TypeScriptConfigLibraryUpdater$1
13515:             1             40  com.intellij.lang.typescript.tsconfig.TypeScriptConfigLibraryUpdater$1$1
13516:             1             40  com.intellij.llmInstaller.AILicenseManager$licenseState$1
13517:             1             40  com.intellij.llmInstaller.ActivateAIAssistantToolWindowAction
13518:             1             40  com.intellij.llmInstaller.ui.hub.AIHubPopupAction
13519:             1             40  com.intellij.llmInstaller.ui.promo2.AIPromoWindowAdvisor$createVerdictCalculationDef$1
13520:             1             40  com.intellij.mcpserver.settings.McpServerSettings$MyState
13521:             1             40  com.intellij.microservices.backend.flat.OpenInScratchFileAction
13522:             1             40  com.intellij.microservices.backend.gotourl.UrlSearchEveryWhereAction
13523:             1             40  com.intellij.ml.inline.completion.go.GoSuggestionEnricher
13524:             1             40  com.intellij.model.psi.impl.TargetsKt$declaredReferencedData$withMinimalRanges$1
13525:             1             40  com.intellij.navigation.ItemPresentationProviders
13526:             1             40  com.intellij.notification.impl.NotificationSettingsCollector
13527:             1             40  com.intellij.notification.impl.NotificationsToolWindowFactory$manage$2
13528:             1             40  com.intellij.openapi.actionSystem.ActionGroup$1
13529:             1             40  com.intellij.openapi.actionSystem.AnActionWrapper
13530:             1             40  com.intellij.openapi.actionSystem.impl.ActionManagerImpl$MyTimer$2
13531:             1             40  com.intellij.openapi.actionSystem.impl.ActionManagerState
13532:             1             40  com.intellij.openapi.components.impl.ModulePathMacroManager
13533:             1             40  com.intellij.openapi.diagnostic.AsyncLog$job$1$1
13534:             1             40  com.intellij.openapi.diff.impl.ToggleSearchInChangesAction
13535:             1             40  com.intellij.openapi.editor.actions.AddBomAction
13536:             1             40  com.intellij.openapi.editor.actions.ChangeEditorFontSizeAction$DecreaseEditorFontSize
13537:             1             40  com.intellij.openapi.editor.actions.ChangeEditorFontSizeAction$DecreaseEditorFontSizeGlobal
13538:             1             40  com.intellij.openapi.editor.actions.ChangeEditorFontSizeAction$IncreaseEditorFontSize
13539:             1             40  com.intellij.openapi.editor.actions.ChangeEditorFontSizeAction$IncreaseEditorFontSizeGlobal
13540:             1             40  com.intellij.openapi.editor.actions.MultiplePasteAction
13541:             1             40  com.intellij.openapi.editor.actions.RemoveBomAction
13542:             1             40  com.intellij.openapi.editor.actions.SetEditorBidiTextDirectionAction$ContentBased
13543:             1             40  com.intellij.openapi.editor.actions.SetEditorBidiTextDirectionAction$Ltr
13544:             1             40  com.intellij.openapi.editor.actions.SetEditorBidiTextDirectionAction$Rtl
13545:             1             40  com.intellij.openapi.editor.actions.TerminalChangeFontSizeAction$DecreaseEditorFontSize
13546:             1             40  com.intellij.openapi.editor.actions.TerminalChangeFontSizeAction$IncreaseEditorFontSize
13547:             1             40  com.intellij.openapi.editor.actions.TerminalResetFontSizeAction
13548:             1             40  com.intellij.openapi.editor.actions.ToggleColumnModeAction
13549:             1             40  com.intellij.openapi.editor.actions.ToggleShowGutterIconsAction
13550:             1             40  com.intellij.openapi.editor.actions.ToggleShowImportPopupsAction
13551:             1             40  com.intellij.openapi.editor.actions.ToggleShowIndentLinesAction
13552:             1             40  com.intellij.openapi.editor.actions.ToggleShowLineNumbersAction
13553:             1             40  com.intellij.openapi.editor.actions.ToggleShowWhitespacesAction
13554:             1             40  com.intellij.openapi.editor.actions.ToggleUseSoftWrapsInPreviewAction
13555:             1             40  com.intellij.openapi.editor.actions.ToggleUseSoftWrapsMenuAction
13556:             1             40  com.intellij.openapi.editor.actions.ToggleUseSoftWrapsToolbarAction
13557:             1             40  com.intellij.openapi.editor.ex.EditorSettingsExternalizable
13558:             1             40  com.intellij.openapi.editor.impl.EditorCaretRepaintService$1
13559:             1             40  com.intellij.openapi.editor.impl.EditorCaretRepaintService$1$1
13560:             1             40  com.intellij.openapi.editor.richcopy.CopyAsRichTextAction
13561:             1             40  com.intellij.openapi.extensions.ExtensionNotApplicableException
13562:             1             40  com.intellij.openapi.extensions.impl.ObjectComponentAdapter
13563:             1             40  com.intellij.openapi.externalSystem.action.DetachExternalProjectAction
13564:             1             40  com.intellij.openapi.externalSystem.autoimport.HideProjectRefreshAction
13565:             1             40  com.intellij.openapi.externalSystem.autoimport.ProjectRefreshAction
13566:             1             40  com.intellij.openapi.externalSystem.service.RemoteExternalSystemCommunicationManager$1
13567:             1             40  com.intellij.openapi.externalSystem.service.project.manage.ExternalProjectsDataStorage
13568:             1             40  com.intellij.openapi.file.exclude.OverrideFileTypeAction
13569:             1             40  com.intellij.openapi.file.exclude.ReverteOverrideFileTypeAction
13570:             1             40  com.intellij.openapi.fileChooser.actions.FileDeleteAction
13571:             1             40  com.intellij.openapi.fileChooser.actions.GotoHomeAction
13572:             1             40  com.intellij.openapi.fileEditor.ChangePreviewLayoutAction$EditorAndPreview
13573:             1             40  com.intellij.openapi.fileEditor.ChangePreviewLayoutAction$EditorOnly
13574:             1             40  com.intellij.openapi.fileEditor.ChangePreviewLayoutAction$PreviewOnly
13575:             1             40  com.intellij.openapi.fileEditor.impl.EditorsSplitters$3
13576:             1             40  com.intellij.openapi.fileEditor.impl.EditorsSplitters$5
13577:             1             40  com.intellij.openapi.fileEditor.impl.EditorsSplitters$5$1
13578:             1             40  com.intellij.openapi.fileEditor.impl.FileDocumentManagerImpl
13579:             1             40  com.intellij.openapi.fileEditor.impl.FileEditorManagerImpl$1
13580:             1             40  com.intellij.openapi.fileEditor.impl.FileEditorManagerImpl$2
13581:             1             40  com.intellij.openapi.fileEditor.impl.FileEditorManagerImpl$4$1
13582:             1             40  com.intellij.openapi.fileEditor.impl.FileEditorManagerImpl$MyRootListener$rootChangedRequests$2$1
13583:             1             40  com.intellij.openapi.fileEditor.impl.FileEditorManagerImpl$processFileUpdateRequests$1
13584:             1             40  com.intellij.openapi.fileEditor.impl.FileEditorManagerImpl$processFileUpdateRequests$2
13585:             1             40  com.intellij.openapi.fileEditor.impl.FileEditorManagerImpl$selectionFlow$2$1
13586:             1             40  com.intellij.openapi.fileEditor.impl.FileEditorManagerImpl$selectionFlow$2$2
13587:             1             40  com.intellij.openapi.fileEditor.impl.ReopenClosedTabAction
13588:             1             40  com.intellij.openapi.fileTypes.BinaryFileTypeDecompilers
13589:             1             40  com.intellij.openapi.fileTypes.FileTypeEditorHighlighterProviders
13590:             1             40  com.intellij.openapi.fileTypes.PlainTextLanguage
13591:             1             40  com.intellij.openapi.fileTypes.impl.AlarmAdapterKt$singleAlarm$1$1
13592:             1             40  com.intellij.openapi.graph.builder.actions.DeleteSelectionAction
13593:             1             40  com.intellij.openapi.graph.builder.actions.ZoomInAction
13594:             1             40  com.intellij.openapi.graph.builder.actions.ZoomOutAction
13595:             1             40  com.intellij.openapi.graph.builder.actions.align.GraphAlignNodesBottomAction
13596:             1             40  com.intellij.openapi.graph.builder.actions.align.GraphAlignNodesCenterAction
13597:             1             40  com.intellij.openapi.graph.builder.actions.align.GraphAlignNodesLeftAction
13598:             1             40  com.intellij.openapi.graph.builder.actions.align.GraphAlignNodesMiddleAction
13599:             1             40  com.intellij.openapi.graph.builder.actions.align.GraphAlignNodesRightAction
13600:             1             40  com.intellij.openapi.graph.builder.actions.align.GraphAlignNodesTopAction
13601:             1             40  com.intellij.openapi.keymap.impl.IdeKeyEventDispatcher$1
13602:             1             40  com.intellij.openapi.keymap.impl.IdeKeyEventDispatcher$1$1
13603:             1             40  com.intellij.openapi.keymap.impl.IdeMouseEventDispatcher
13604:             1             40  com.intellij.openapi.keymap.impl.SystemShortcuts
13605:             1             40  com.intellij.openapi.module.impl.scopes.ModuleWithDependenciesContentScope
13606:             1             40  com.intellij.openapi.options.advanced.AdvancedSettingsImpl
13607:             1             40  com.intellij.openapi.progress.util.ProgressDialogUI
13608:             1             40  com.intellij.openapi.project.SmartModeScheduler$2
13609:             1             40  com.intellij.openapi.project.SmartModeScheduler$3
13610:             1             40  com.intellij.openapi.project.impl.DefaultProject$timedProject$1
13611:             1             40  com.intellij.openapi.project.impl.ProjectManagerImpl
13612:             1             40  com.intellij.openapi.roots.ImmutableSyntheticLibrary
13613:             1             40  com.intellij.openapi.roots.impl.LibraryScopeCache$LibrariesOnlyScope
13614:             1             40  com.intellij.openapi.updateSettings.impl.CheckForUpdateAction
13615:             1             40  com.intellij.openapi.updateSettings.impl.PluginAutoUpdateFUSCollector
13616:             1             40  com.intellij.openapi.updateSettings.impl.pluginsAdvertisement.EnvironmentScanner$hasToolInLocalPath$2
13617:             1             40  com.intellij.openapi.util.registry.Registry
13618:             1             40  com.intellij.openapi.vcs.VcsVFSListener$StateProcessor
13619:             1             40  com.intellij.openapi.vcs.actions.AnnotateToggleAction
13620:             1             40  com.intellij.openapi.vcs.actions.CompareWithSelectedRevisionAction
13621:             1             40  com.intellij.openapi.vcs.actions.CompareWithTheSameVersionAction
13622:             1             40  com.intellij.openapi.vcs.actions.SelectedBlockHistoryAction
13623:             1             40  com.intellij.openapi.vcs.actions.ShowBaseRevisionAction
13624:             1             40  com.intellij.openapi.vcs.actions.ShowChangeMarkerAction$Next
13625:             1             40  com.intellij.openapi.vcs.actions.ShowChangeMarkerAction$Prev
13626:             1             40  com.intellij.openapi.vcs.actions.TabbedShowHistoryAction
13627:             1             40  com.intellij.openapi.vcs.actions.VcsGroupsWrapper
13628:             1             40  com.intellij.openapi.vcs.actions.VcsQuickListPopupAction
13629:             1             40  com.intellij.openapi.vcs.actions.commit.CommonCheckinFilesAction
13630:             1             40  com.intellij.openapi.vcs.actions.commit.CommonCheckinProjectAction
13631:             1             40  com.intellij.openapi.vcs.changes.RemoteRevisionsCache
13632:             1             40  com.intellij.openapi.vcs.changes.RemoteRevisionsNumbersCache
13633:             1             40  com.intellij.openapi.vcs.changes.actions.CreatePatchAction
13634:             1             40  com.intellij.openapi.vcs.changes.actions.RollbackAction
13635:             1             40  com.intellij.openapi.vcs.changes.actions.RollbackFilesAction
13636:             1             40  com.intellij.openapi.vcs.changes.actions.ScheduleForAdditionWithIgnoredFilesConfirmationAction
13637:             1             40  com.intellij.openapi.vcs.changes.actions.SetDefaultChangeListAction
13638:             1             40  com.intellij.openapi.vcs.changes.patch.ApplyPatchAction
13639:             1             40  com.intellij.openapi.vcs.changes.patch.ApplyPatchFromClipboardAction
13640:             1             40  com.intellij.openapi.vcs.changes.savedPatches.DropShelfAction
13641:             1             40  com.intellij.openapi.vcs.changes.shelf.ShelveChangesAction
13642:             1             40  com.intellij.openapi.vcs.changes.ui.ActivateCommitToolWindowAction
13643:             1             40  com.intellij.openapi.vcs.roots.VcsRootScanner$4
13644:             1             40  com.intellij.openapi.vcs.roots.VcsRootScanner$4$1
13645:             1             40  com.intellij.openapi.vfs.PlatformVirtualFileManager
13646:             1             40  com.intellij.openapi.vfs.encoding.ChangeFileEncodingAction
13647:             1             40  com.intellij.openapi.vfs.impl.http.RemoteFileManagerImpl
13648:             1             40  com.intellij.openapi.vfs.limits.FileSizeLimit$Companion$getContentLoadLimit$1
13649:             1             40  com.intellij.openapi.vfs.limits.FileSizeLimit$Companion$getIntellisenseLimit$1
13650:             1             40  com.intellij.openapi.vfs.newvfs.persistent.PersistentFSImpl$$Lambda/0x0000009802513190
13651:             1             40  com.intellij.openapi.vfs.newvfs.persistent.PersistentFSTreeRawAccessor
13652:             1             40  com.intellij.openapi.vfs.newvfs.persistent.VFSDefragmentationChecker$execute$1
13653:             1             40  com.intellij.openapi.vfs.newvfs.persistent.VFSHealthCheckServiceStarter$execute$1
13654:             1             40  com.intellij.openapi.vfs.newvfs.persistent.namecache.MRUFileNameCache
13655:             1             40  com.intellij.openapi.vfs.transformer.TextPresentationTransformers
13656:             1             40  com.intellij.openapi.wm.ex.IdeFocusTraversalPolicy
13657:             1             40  com.intellij.openapi.wm.impl.IdeFrameImpl$1$1
13658:             1             40  com.intellij.openapi.wm.impl.LibraryDependentToolWindowManager$execute$1
13659:             1             40  com.intellij.openapi.wm.impl.LibraryDependentToolWindowManager$execute$2$2
13660:             1             40  com.intellij.openapi.wm.impl.MaximizeToolWindowAction
13661:             1             40  com.intellij.openapi.wm.impl.NextProjectWindow
13662:             1             40  com.intellij.openapi.wm.impl.NextWindow
13663:             1             40  com.intellij.openapi.wm.impl.PreviousProjectWindow
13664:             1             40  com.intellij.openapi.wm.impl.PreviousWindow
13665:             1             40  com.intellij.openapi.wm.impl.ProjectFrameCustomHeaderHelper$5
13666:             1             40  com.intellij.openapi.wm.impl.ToolWindowManagerImpl$ToolWindowManagerAppLevelHelper$1
13667:             1             40  com.intellij.openapi.wm.impl.WindowManagerImpl
13668:             1             40  com.intellij.openapi.wm.impl.customFrameDecorations.header.MacToolbarFrameHeader$3
13669:             1             40  com.intellij.openapi.wm.impl.headertoolbar.FilenameToolbarWidgetAction
13670:             1             40  com.intellij.openapi.wm.impl.headertoolbar.ProjectToolbarWidgetAction
13671:             1             40  com.intellij.openapi.wm.impl.status.AutoShowProcessPopupAction
13672:             1             40  com.intellij.openapi.wm.impl.status.IdeStatusBarImplKt$createComponentByWidgetPresentation$1
13673:             1             40  com.intellij.openapi.wm.impl.status.IdeStatusBarImplKt$createComponentByWidgetPresentation$1$1
13674:             1             40  com.intellij.openapi.wm.impl.status.IdeStatusBarImplKt$createComponentByWidgetPresentation$2
13675:             1             40  com.intellij.openapi.wm.impl.status.IdeStatusBarImplKt$createComponentByWidgetPresentation$2$1
13676:             1             40  com.intellij.openapi.wm.impl.status.InfoAndProgressPanel$3
13677:             1             40  com.intellij.openapi.wm.impl.status.InfoAndProgressPanel$3$1
13678:             1             40  com.intellij.openapi.wm.impl.status.InfoAndProgressPanel$4
13679:             1             40  com.intellij.openapi.wm.impl.status.InfoAndProgressPanel$5
13680:             1             40  com.intellij.openapi.wm.impl.status.PositionPanel$text$1
13681:             1             40  com.intellij.openapi.wm.impl.status.PositionPanel$text$2
13682:             1             40  com.intellij.openapi.wm.impl.status.PositionPanel$text$3
13683:             1             40  com.intellij.openapi.wm.impl.status.PositionPanel$text$4
13684:             1             40  com.intellij.openapi.wm.impl.status.ShowProcessWindowAction
13685:             1             40  com.intellij.openapi.wm.impl.status.StatusTextModeAction
13686:             1             40  com.intellij.openapi.wm.impl.status.ToggleReadOnlyAttributePanel$createFileFlow$1
13687:             1             40  com.intellij.openapi.wm.impl.status.ToggleReadOnlyAttributePanel$createFileFlow$2
13688:             1             40  com.intellij.openapi.wm.impl.status.ToggleReadOnlyAttributePanel$icon$1
13689:             1             40  com.intellij.openapi.wm.impl.tabInEditor.ToolWindowTabInEditorAction
13690:             1             40  com.intellij.openapi.wm.impl.welcomeScreen.ActionGroupPanelWrapper$$Lambda/0x00000098040cb618
13691:             1             40  com.intellij.openapi.wm.impl.welcomeScreen.ProjectFromVersionControlAction
13692:             1             40  com.intellij.openapi.wm.impl.welcomeScreen.projectActions.RemoveSelectedProjectsAction
13693:             1             40  com.intellij.openapi.wm.impl.welcomeScreen.recentProjects.RecentProjectFilteringTree$ProjectActionRenderer
13694:             1             40  com.intellij.packageChecker.actions.AnalyzeVulnerableDependencies
13695:             1             40  com.intellij.platform.AttachProjectAction
13696:             1             40  com.intellij.platform.debugger.impl.backend.BackendXDebuggerManagerApi$currentSession$2
13697:             1             40  com.intellij.platform.debugger.impl.frontend.FrontendXBreakpointManager$initializeBreakpoints$1
13698:             1             40  com.intellij.platform.debugger.impl.frontend.FrontendXDebuggerManager$2
13699:             1             40  com.intellij.platform.debugger.impl.frontend.FrontendXDebuggerManager$currentSession$1$1$1
13700:             1             40  com.intellij.platform.debugger.impl.frontend.FrontendXDebuggerManager$currentSession$1$2$1
13701:             1             40  com.intellij.platform.debugger.impl.frontend.FrontendXDebuggerManager$initSessions$1
13702:             1             40  com.intellij.platform.debugger.impl.frontend.FrontendXDebuggerManager$initSessions$1$2$1
13703:             1             40  com.intellij.platform.debugger.impl.frontend.FrontendXDependentBreakpointManagerProxy$1
13704:             1             40  com.intellij.platform.debugger.impl.frontend.editor.XDebuggerLineChangeHandler$1
13705:             1             40  com.intellij.platform.debugger.impl.frontend.hotswap.FrontendHotSwapManager$frontendStatusFlow$1$1
13706:             1             40  com.intellij.platform.debugger.impl.frontend.hotswap.FrontendHotSwapManager$frontendStatusFlow$1$1$1$1
13707:             1             40  com.intellij.platform.debugger.impl.frontend.hotswap.HideAction
13708:             1             40  com.intellij.platform.debugger.impl.frontend.hotswap.HotSwapFloatingToolbarProvider
13709:             1             40  com.intellij.platform.debugger.impl.frontend.hotswap.HotSwapModifiedFilesAction
13710:             1             40  com.intellij.platform.debugger.impl.frontend.hotswap.HotSwapWithRebuildAction
13711:             1             40  com.intellij.platform.diagnostic.telemetry.exporters.BatchSpanProcessor
13712:             1             40  com.intellij.platform.diagnostic.telemetry.exporters.BatchSpanProcessor$1$1$3
13713:             1             40  com.intellij.platform.diagnostic.telemetry.impl.helpers.ReentrantReadWriteLockUsageMonitor
13714:             1             40  com.intellij.platform.eel.impl.local.LocalEelPosixProcess
13715:             1             40  com.intellij.platform.eel.impl.local.LocalEelPosixProcess$exitCode$1
13716:             1             40  com.intellij.platform.eel.impl.local.LocalPosixEelApiImpl
13717:             1             40  com.intellij.platform.execution.dashboard.actions.DebugAction
13718:             1             40  com.intellij.platform.execution.dashboard.actions.RunAction
13719:             1             40  com.intellij.platform.execution.dashboard.actions.UngroupConfigurationsActions
13720:             1             40  com.intellij.platform.execution.dashboard.splitApi.frontend.FrontendRunDashboardLuxHolder$subscribeToRunToolwindowUpdates$1
13721:             1             40  com.intellij.platform.execution.dashboard.splitApi.frontend.FrontendRunDashboardManager$subscribeToBackendConfigurationTypesUpdates$1
13722:             1             40  com.intellij.platform.execution.dashboard.splitApi.frontend.FrontendRunDashboardManager$subscribeToBackendCustomizationsUpdates$1
13723:             1             40  com.intellij.platform.execution.dashboard.splitApi.frontend.FrontendRunDashboardManager$subscribeToBackendExcludedConfigurationUpdates$1
13724:             1             40  com.intellij.platform.execution.dashboard.splitApi.frontend.FrontendRunDashboardManager$subscribeToBackendServicesUpdates$1
13725:             1             40  com.intellij.platform.execution.dashboard.splitApi.frontend.FrontendRunDashboardManager$subscribeToBackendSettingsUpdates$1
13726:             1             40  com.intellij.platform.execution.dashboard.splitApi.frontend.FrontendRunDashboardManager$subscribeToBackendStatusesUpdates$1
13727:             1             40  com.intellij.platform.execution.dashboard.splitApi.frontend.RunDashboardServiceSynchronizer$execute$2
13728:             1             40  com.intellij.platform.execution.dashboard.splitApi.frontend.RunDashboardServiceSynchronizer$execute$3
13729:             1             40  com.intellij.platform.execution.dashboard.splitApi.frontend.RunDashboardServiceSynchronizer$execute$4
13730:             1             40  com.intellij.platform.execution.dashboard.splitApi.frontend.RunDashboardServiceSynchronizer$execute$5
13731:             1             40  com.intellij.platform.execution.dashboard.splitApi.frontend.RunDashboardServiceSynchronizer$execute$6
13732:             1             40  com.intellij.platform.execution.dashboard.splitApi.frontend.RunDashboardServiceSynchronizer$execute$7
13733:             1             40  com.intellij.platform.execution.dashboard.splitApi.frontend.RunDashboardServiceSynchronizer$execute$9
13734:             1             40  com.intellij.platform.execution.serviceView.ServiceViewActionProvider$2
13735:             1             40  com.intellij.platform.feedback.eap.EAPFeedbackToolbarAction
13736:             1             40  com.intellij.platform.feedback.impl.statistics.FeedbackSurveysStateCollector
13737:             1             40  com.intellij.platform.ide.bootstrap.StartupUtil$startApplication$5
13738:             1             40  com.intellij.platform.ide.diagnostic.startUpPerformanceReporter.IdeStartUpPerformanceService
13739:             1             40  com.intellij.platform.ide.impl.presentationAssistant.TogglePresentationAssistantAction
13740:             1             40  com.intellij.platform.ide.menu.IdeMenuBarHelper$4
13741:             1             40  com.intellij.platform.ide.menu.IdeMenuBarHelper$4$1
13742:             1             40  com.intellij.platform.ide.nonModalWelcomeScreen.actions.OpenWelcomeScreenAction
13743:             1             40  com.intellij.platform.ide.nonModalWelcomeScreen.actions.WelcomeScreenAwareCloseProjectAction
13744:             1             40  com.intellij.platform.lsp.impl.intention.LspIntentionActionService
13745:             1             40  com.intellij.platform.navbar.frontend.actions.NavBarActions$Down
13746:             1             40  com.intellij.platform.navbar.frontend.actions.NavBarActions$Enter
13747:             1             40  com.intellij.platform.navbar.frontend.actions.NavBarActions$Left
13748:             1             40  com.intellij.platform.navbar.frontend.actions.NavBarActions$Right
13749:             1             40  com.intellij.platform.navbar.frontend.actions.NavBarActions$Up
13750:             1             40  com.intellij.platform.navbar.frontend.actions.ShowNavBarAction
13751:             1             40  com.intellij.platform.navbar.frontend.ui.NewNavBarPanel$2
13752:             1             40  com.intellij.platform.navbar.frontend.ui.NewNavBarPanel$handleSelection$2
13753:             1             40  com.intellij.platform.navbar.frontend.ui.StaticNavBarPanel$handleVm$1
13754:             1             40  com.intellij.platform.navbar.frontend.vm.impl.NavBarVmImpl$1
13755:             1             40  com.intellij.platform.navbar.frontend.vm.impl.NavBarVmImpl$1$1
13756:             1             40  com.intellij.platform.navbar.frontend.vm.impl.NavBarVmImpl$2
13757:             1             40  com.intellij.platform.navbar.frontend.vm.impl.NavBarVmImpl$3
13758:             1             40  com.intellij.platform.navbar.frontend.vm.impl.NavBarVmImpl$handlePopupRequests$2
13759:             1             40  com.intellij.platform.project.ProjectIdsStorage$1
13760:             1             40  com.intellij.platform.project.module.ModulesStateService$loadModuleNamesAndSubscribe$1
13761:             1             40  com.intellij.platform.recentFiles.backend.BackendRecentFileEventsModel$2
13762:             1             40  com.intellij.platform.recentFiles.backend.BackendRecentFileEventsModel$3
13763:             1             40  com.intellij.platform.recentFiles.backend.BackendRecentFileModelSynchronizer$execute$2
13764:             1             40  com.intellij.platform.recentFiles.backend.BackendRecentFileModelSynchronizer$execute$3
13765:             1             40  com.intellij.platform.recentFiles.backend.BackendRecentFileModelSynchronizer$execute$4
13766:             1             40  com.intellij.platform.recentFiles.frontend.RecentFilesEditorTypingListener$1
13767:             1             40  com.intellij.platform.recentFiles.frontend.ShowRecentFilesAction
13768:             1             40  com.intellij.platform.recentFiles.frontend.ShowRecentlyEditedFilesAction
13769:             1             40  com.intellij.platform.recentFiles.frontend.SwitcherIterateThroughItemsAction
13770:             1             40  com.intellij.platform.recentFiles.frontend.SwitcherToggleOnlyEditedFilesAction
13771:             1             40  com.intellij.platform.recentFiles.frontend.model.RecentFileModelSynchronizer$execute$2
13772:             1             40  com.intellij.platform.recentFiles.frontend.model.RecentFileModelSynchronizer$execute$3
13773:             1             40  com.intellij.platform.recentFiles.frontend.model.RecentFileModelSynchronizer$execute$4
13774:             1             40  com.intellij.platform.registry.cloud.ConfigRefreshService$1
13775:             1             40  com.intellij.platform.registry.cloud.ConfigRefreshService$execute$1
13776:             1             40  com.intellij.platform.renameProject.RenameProjectAction
13777:             1             40  com.intellij.platform.rpc.topics.frontend.FrontendRemoteTopicListenersRegistry$1
13778:             1             40  com.intellij.platform.rpc.topics.impl.RemoteTopicSubscribersManager$1
13779:             1             40  com.intellij.platform.templates.ManageProjectTemplatesAction
13780:             1             40  com.intellij.platform.templates.SaveProjectAsTemplateAction
13781:             1             40  com.intellij.platform.trialPromotion.common.TrialStateService$1
13782:             1             40  com.intellij.platform.trialPromotion.common.TrialStateService$2
13783:             1             40  com.intellij.platform.trialPromotion.common.TrialStateService$2$1
13784:             1             40  com.intellij.platform.trialPromotion.common.TrialStateService$3
13785:             1             40  com.intellij.platform.trialPromotion.common.TrialStateService$3$1
13786:             1             40  com.intellij.platform.trialPromotion.common.TrialStateService$4$3
13787:             1             40  com.intellij.platform.trialPromotion.common.TrialStateService$licensingState$1
13788:             1             40  com.intellij.platform.trialPromotion.common.TrialStateService$ultimatePluginUpdateFlow$2
13789:             1             40  com.intellij.platform.util.coroutines.flow.FlowKt$debounceBatch$1$1
13790:             1             40  com.intellij.platform.util.coroutines.flow.IncrementalUpdateFlowProducer
13791:             1             40  com.intellij.platform.util.io.storages.blobstorage.StreamlinedBlobStorageHelper$$Lambda/0x00000098024aaeb0
13792:             1             40  com.intellij.platform.util.io.storages.intmultimaps.extendiblehashmap.ExtendibleHashMap
13793:             1             40  com.intellij.platform.vcs.impl.frontend.changes.actions.FrontendDeleteAction
13794:             1             40  com.intellij.platform.vcs.impl.shared.SingleTaskRunner
13795:             1             40  com.intellij.platform.vcs.impl.shared.SingleTaskRunner$processorJob$1$1
13796:             1             40  com.intellij.platform.workspace.jps.serialization.impl.JpsArtifactsExternalFileSerializer
13797:             1             40  com.intellij.platform.workspace.jps.serialization.impl.JpsLibrariesExternalFileSerializer
13798:             1             40  com.intellij.platform.workspace.storage.impl.MutableRefsTable
13799:             1             40  com.intellij.polySymbols.PolySymbolEnabledLanguage
13800:             1             40  com.intellij.polySymbols.framework.PolySymbolFramework$Companion$WEB_FRAMEWORK_EP$1
13801:             1             40  com.intellij.polySymbols.webTypes.impl.WebTypesSymbolTypeSupportFactoryEP
13802:             1             40  com.intellij.polySymbols.webTypes.json.Html
13803:             1             40  com.intellij.profiler.CallTreeState
13804:             1             40  com.intellij.profiler.actions.ImportProfilerResultGroup
13805:             1             40  com.intellij.profiler.api.configurations.ProfilerRunConfigurationsManager
13806:             1             40  com.intellij.protobuf.lang.PbLanguage
13807:             1             40  com.intellij.protobuf.lang.PbTextLanguage
13808:             1             40  com.intellij.protobuf.lang.ProtoBaseLanguage
13809:             1             40  com.intellij.psi.ElementManipulators
13810:             1             40  com.intellij.psi.FileTypeFileViewProviders
13811:             1             40  com.intellij.psi.ReferenceProviderType$1
13812:             1             40  com.intellij.psi.css.inspections.clones.CssDuplicatesIndexConfiguration
13813:             1             40  com.intellij.psi.impl.cache.impl.id.IdIndexers
13814:             1             40  com.intellij.psi.impl.cache.impl.todo.TodoIndexers
13815:             1             40  com.intellij.psi.impl.file.PsiBinaryFileImpl
13816:             1             40  com.intellij.psi.impl.source.codeStyle.CodeStyleSchemeImpl
13817:             1             40  com.intellij.psi.impl.source.resolve.reference.impl.providers.XsdRegExpParserDefinition$1
13818:             1             40  com.intellij.psi.impl.source.tree.injected.InjectedLanguageManagerImpl
13819:             1             40  com.intellij.psi.search.FileTypeIndexChangeNotifier$worker$1
13820:             1             40  com.intellij.psi.search.FileTypeIndexChangeNotifier$worker$1$1
13821:             1             40  com.intellij.psi.search.LocalSearchScope
13822:             1             40  com.intellij.psi.stubs.BinaryFileStubBuilders
13823:             1             40  com.intellij.psi.stubs.PerFileElementTypeStubModificationTracker
13824:             1             40  com.intellij.psi.templateLanguages.ChangeTemplateDataLanguageAction
13825:             1             40  com.intellij.psi.templateLanguages.TemplateDataElementType
13826:             1             40  com.intellij.react.refactoring.ReactClassToFunctionComponentAction
13827:             1             40  com.intellij.react.refactoring.ReactFunctionToClassComponentAction
13828:             1             40  com.intellij.react.refactoring.extractComponent.ReactExtractComponentAction
13829:             1             40  com.intellij.refactoring.actions.IntroduceParameterObjectAction
13830:             1             40  com.intellij.refactoring.actions.InvertBooleanAction
13831:             1             40  com.intellij.refactoring.actions.MoveAction
13832:             1             40  com.intellij.refactoring.actions.RefactoringQuickListPopupAction
13833:             1             40  com.intellij.refactoring.actions.RenameElementAction
13834:             1             40  com.intellij.refactoring.actions.SafeDeleteAction
13835:             1             40  com.intellij.rml.dfa.IntraproceduralAnalysisDescription
13836:             1             40  com.intellij.rml.dfa.impl.bdd.BddOpCacheTable
13837:             1             40  com.intellij.rml.dfa.impl.rml.ast.RelExprOrder
13838:             1             40  com.intellij.rml.dfa.impl.rml.profiler.ProfilePoint
13839:             1             40  com.intellij.settingsSync.core.config.SettingsSyncOpenSettingsAction$Simple
13840:             1             40  com.intellij.settingsSync.core.statistics.SettingsSyncStateStatistics
13841:             1             40  com.intellij.sh.ShLanguage
13842:             1             40  com.intellij.sh.backend.actions.ShGenerateForLoop
13843:             1             40  com.intellij.sh.backend.actions.ShGenerateUntilLoop
13844:             1             40  com.intellij.sh.backend.actions.ShGenerateWhileLoop
13845:             1             40  com.intellij.sh.run.ShConfigurationType
13846:             1             40  com.intellij.slicer.SliceBackwardAction
13847:             1             40  com.intellij.slicer.SliceForwardAction
13848:             1             40  com.intellij.sql.actions.SqlIntroduceTableAliasAction
13849:             1             40  com.intellij.sql.dialects.ChangeDialectAction
13850:             1             40  com.intellij.sql.dialects.dateTime.SqlDtLanguage
13851:             1             40  com.intellij.sql.dialects.mysql.MysqlBaseMetaLanguage
13852:             1             40  com.intellij.sql.editor.SqlGenerateGroup
13853:             1             40  com.intellij.sql.postfixTemplates.SqlAllAliasedFromPostfixTemplate
13854:             1             40  com.intellij.sql.postfixTemplates.SqlAllFromPostfixTemplate
13855:             1             40  com.intellij.sql.postfixTemplates.SqlCastPostfixTemplate
13856:             1             40  com.intellij.sql.postfixTemplates.SqlFromPostfixTemplate
13857:             1             40  com.intellij.sql.postfixTemplates.SqlJoinPostfixTemplate
13858:             1             40  com.intellij.sql.psi.SqlLanguage
13859:             1             40  com.intellij.sql.refactoring.SqlExtractNamedQueryAction
13860:             1             40  com.intellij.ssh.fus.SshApplicationUsagesCollector$SharedFields
13861:             1             40  com.intellij.ssh.fus.SshApplicationUsagesCollector$SharedFields$configParser$1
13862:             1             40  com.intellij.station.backend.split.recents.StationRecentProjectProgressManager$1
13863:             1             40  com.intellij.station.backend.split.recents.StationRecentProjectsService
13864:             1             40  com.intellij.station.backend.split.recents.StationRecentProjectsService$1
13865:             1             40  com.intellij.station.backend.split.recents.StationRecentProjectsServiceKt$combineStates$1$collect$1
13866:             1             40  com.intellij.station.comms.common.netty.server.NettyServicesServerBase
13867:             1             40  com.intellij.station.comms.common.netty.server.NettyServicesServerBase$1
13868:             1             40  com.intellij.station.comms.common.netty.server.NettyServicesServerBase$3
13869:             1             40  com.intellij.station.core.discovery.DefaultDiscoveryService
13870:             1             40  com.intellij.station.core.discovery.DefaultDiscoveryService$1
13871:             1             40  com.intellij.station.core.discovery.DefaultDiscoveryService$doDiscovery$1
13872:             1             40  com.intellij.station.core.discovery.DefaultDiscoveryService$doDiscovery$2
13873:             1             40  com.intellij.station.core.discovery.DefaultDiscoveryService$doDiscovery$2$handler$1
13874:             1             40  com.intellij.station.core.impl.IdeStationServicesClientImpl$Companion$createEventLoopOnScope$1
13875:             1             40  com.intellij.station.core.impl.StationConnectionUtilKt$connectWithRetries$connectionLoop$1
13876:             1             40  com.intellij.station.core.services.IdeStationServerService$1
13877:             1             40  com.intellij.station.core.services.IdeStationServerService$1$1$1
13878:             1             40  com.intellij.station.core.toolbox.ToolboxDaemonLauncher$1
13879:             1             40  com.intellij.station.core.toolbox.ToolboxDaemonLauncher$1$1
13880:             1             40  com.intellij.station.frontend.action.ToolboxWelcomeRemdevAction
13881:             1             40  com.intellij.station.frontend.gateway.action.CombinedWelcomeRemdevAction
13882:             1             40  com.intellij.structuralsearch.plugin.StructuralReplaceAction
13883:             1             40  com.intellij.structuralsearch.plugin.StructuralSearchAction
13884:             1             40  com.intellij.swagger.core.SwaggerFeatureUsageCollector$VISUAL_SPEC_EDITING_EVENT$1
13885:             1             40  com.intellij.swagger.core.actions.CreateOpenapiSpecificationFromTemplateAction
13886:             1             40  com.intellij.swagger.core.codegen.SwaggerCodegenConfigurationType
13887:             1             40  com.intellij.swagger.core.diff.actions.ComputeDiffBetweenPhysicalFilesAction
13888:             1             40  com.intellij.swagger.core.diff.actions.ComputeDiffWithPreviousRevisionAction
13889:             1             40  com.intellij.swagger.core.httpClient.ConvertSwaggerToHttpFileAction
13890:             1             40  com.intellij.swagger.endpoints.synthetic.OasEndpointsSidePanelExportAction
13891:             1             40  com.intellij.terminal.backend.BackendTerminalInputKt$createTerminalInputChannel$1
13892:             1             40  com.intellij.terminal.backend.BackendTerminalSessionImpl$closeAwareOutputFlow$1
13893:             1             40  com.intellij.terminal.backend.JediTermServices
13894:             1             40  com.intellij.terminal.backend.TerminalContentChangesTracker
13895:             1             40  com.intellij.terminal.backend.TerminalOutputKt$$Lambda/0x00000098053307b0
13896:             1             40  com.intellij.terminal.backend.TerminalOutputKt$$Lambda/0x00000098053313f0
13897:             1             40  com.intellij.terminal.backend.TerminalOutputKt$createTerminalOutputFlow$3
13898:             1             40  com.intellij.terminal.backend.TerminalOutputKt$createTerminalOutputFlow$4
13899:             1             40  com.intellij.terminal.backend.TerminalOutputKt$createTerminalOutputFlow$5
13900:             1             40  com.intellij.terminal.backend.TerminalSessionStartKt$createTerminalSession$2
13901:             1             40  com.intellij.terminal.backend.TerminalSessionsManager$storeSession$1
13902:             1             40  com.intellij.terminal.backend.TerminalTabsManager$startTerminalSessionForTab$2$1
13903:             1             40  com.intellij.terminal.frontend.action.MoveTerminalSessionToEditorAction
13904:             1             40  com.intellij.terminal.frontend.action.RevealFileInReworkedTerminalAction
13905:             1             40  com.intellij.terminal.frontend.action.TerminalClearAction
13906:             1             40  com.intellij.terminal.frontend.action.TerminalCommandCompletionAction
13907:             1             40  com.intellij.terminal.frontend.action.TerminalCommandCompletionActionGen2
13908:             1             40  com.intellij.terminal.frontend.action.TerminalCompletionDownAction
13909:             1             40  com.intellij.terminal.frontend.action.TerminalCompletionEnterAction
13910:             1             40  com.intellij.terminal.frontend.action.TerminalCompletionUpAction
13911:             1             40  com.intellij.terminal.frontend.action.TerminalEscapeAction
13912:             1             40  com.intellij.terminal.frontend.action.TerminalFindAction
13913:             1             40  com.intellij.terminal.frontend.action.TerminalInsertInlineCompletionAction
13914:             1             40  com.intellij.terminal.frontend.action.TerminalNewPredefinedSessionAction
13915:             1             40  com.intellij.terminal.frontend.action.TerminalNewTabAction
13916:             1             40  com.intellij.terminal.frontend.action.TerminalPasteAction
13917:             1             40  com.intellij.terminal.frontend.fus.TerminalFocusFusService$ensureInitialized$2
13918:             1             40  com.intellij.terminal.frontend.toolwindow.impl.TerminalTitleUtilsKt$updateTabNameOnTitleChange$1
13919:             1             40  com.intellij.terminal.frontend.toolwindow.impl.TerminalToolWindowTabsManagerImpl$createBackendTabAndStartSession$1$1
13920:             1             40  com.intellij.terminal.frontend.view.impl.TerminalInput
13921:             1             40  com.intellij.terminal.frontend.view.impl.TerminalKeyEncodingManager$1
13922:             1             40  com.intellij.terminal.frontend.view.impl.TerminalShellIntegrationEventsHandler
13923:             1             40  com.intellij.terminal.frontend.view.impl.TerminalTypeAheadOutputModelController
13924:             1             40  com.intellij.terminal.frontend.view.impl.TerminalTypeAheadOutputModelController$1
13925:             1             40  com.intellij.terminal.frontend.view.impl.TerminalViewImpl$listenAlternateBufferSwitch$1
13926:             1             40  com.intellij.testIntegration.GenerateFromTestCreatorsGroup
13927:             1             40  com.intellij.testIntegration.GotoTestOrCodeAction
13928:             1             40  com.intellij.tools.ExternalToolsGroup
13929:             1             40  com.intellij.ui.AppIcon$MacAppIcon
13930:             1             40  com.intellij.ui.BalloonLayoutImpl$1
13931:             1             40  com.intellij.ui.ClearTextAction
13932:             1             40  com.intellij.ui.CloseAllNotificationsAction
13933:             1             40  com.intellij.ui.CloseFirstNotificationAction
13934:             1             40  com.intellij.ui.EditorNotificationsImpl$6
13935:             1             40  com.intellij.ui.IconDeferrerImpl
13936:             1             40  com.intellij.ui.IconDeferrerImpl$scheduleCacheClearingTask$1
13937:             1             40  com.intellij.ui.ListActions$Down
13938:             1             40  com.intellij.ui.ListActions$Left
13939:             1             40  com.intellij.ui.ListActions$Right
13940:             1             40  com.intellij.ui.ListActions$ShiftUp
13941:             1             40  com.intellij.ui.ListActions$Up
13942:             1             40  com.intellij.ui.TableActions$Down
13943:             1             40  com.intellij.ui.TableActions$Left
13944:             1             40  com.intellij.ui.TableActions$Right
13945:             1             40  com.intellij.ui.TableActions$ShiftUp
13946:             1             40  com.intellij.ui.TableActions$Up
13947:             1             40  com.intellij.ui.TreeActions$Down
13948:             1             40  com.intellij.ui.TreeActions$Left
13949:             1             40  com.intellij.ui.TreeActions$Right
13950:             1             40  com.intellij.ui.TreeActions$SelectAll
13951:             1             40  com.intellij.ui.TreeActions$ShiftUp
13952:             1             40  com.intellij.ui.TreeActions$Up
13953:             1             40  com.intellij.ui.codeFloatingToolbar.GotoNextFloatingToolbarMenu
13954:             1             40  com.intellij.ui.content.tabs.PinToolwindowTabAction
13955:             1             40  com.intellij.ui.dsl.gridLayout.impl.ColumnsSizeCalculator$calculateMinCoords$sortedSizes$1
13956:             1             40  com.intellij.ui.dsl.gridLayout.impl.ColumnsSizeCalculator$calculateMinCoords$sortedSizes$2
13957:             1             40  com.intellij.ui.jcef.JBCefApp
13958:             1             40  com.intellij.ui.mac.MergeAllWindowsAction
13959:             1             40  com.intellij.ui.svg.SvgCacheManager$Companion$createSvgCacheManager$1
13960:             1             40  com.intellij.ui.svg.SvgCacheManager$Companion$createSvgCacheManager$2
13961:             1             40  com.intellij.ui.tree.AsyncTreeModel
13962:             1             40  com.intellij.uml.core.actions.DiagramDeleteSelectionAction
13963:             1             40  com.intellij.uml.core.actions.DiagramSelectAll
13964:             1             40  com.intellij.uml.export.OpenDiagramInWebEditorService
13965:             1             40  com.intellij.unscramble.AnalyzeStacktraceAction
13966:             1             40  com.intellij.usages.actions.RemoveUsageAction
13967:             1             40  com.intellij.util.ExceptionUtilRt$RethrownStack
13968:             1             40  com.intellij.util.UrlImpl
13969:             1             40  com.intellij.util.concurrency.AppDelayQueue
13970:             1             40  com.intellij.util.concurrency.AppJavaExecutorUtil$awaitCancellationAndDispose$1
13971:             1             40  com.intellij.util.concurrency.AppScheduledExecutorService
13972:             1             40  com.intellij.util.containers.SoftValueHashMap$MySoftReference
13973:             1             40  com.intellij.util.indexing.DumbModeWhileScanningTrigger$subscribe$1$1
13974:             1             40  com.intellij.util.indexing.IndexConfiguration
13975:             1             40  com.intellij.util.indexing.UnindexedFilesScannerExecutorImpl$1$1
13976:             1             40  com.intellij.util.indexing.UnindexedFilesScannerExecutorImpl$1$1$1
13977:             1             40  com.intellij.util.indexing.UnindexedFilesScannerExecutorImpl$1$1$2
13978:             1             40  com.intellij.util.indexing.UnindexedFilesScannerExecutorImpl$1$2
13979:             1             40  com.intellij.util.indexing.UnindexedFilesScannerExecutorImpl$nextTaskExecutionAllowed$1
13980:             1             40  com.intellij.util.indexing.UnindexedFilesScannerExecutorImpl$nextTaskExecutionAllowed$flow$1
13981:             1             40  com.intellij.util.indexing.UnindexedFilesScannerExecutorImpl$nextTaskExecutionAllowed$flow$2
13982:             1             40  com.intellij.util.indexing.dependenciesCache.DependenciesIndexedStatusService
13983:             1             40  com.intellij.util.indexing.diagnostic.DumbModeFromScanningTrackerService$1
13984:             1             40  com.intellij.util.indexing.diagnostic.ProjectScanningHistoryImpl$Stage$CollectingIndexableFiles$getProperty$1
13985:             1             40  com.intellij.util.indexing.diagnostic.ProjectScanningHistoryImpl$Stage$CreatingIterators$getProperty$1
13986:             1             40  com.intellij.util.indexing.diagnostic.ProjectScanningHistoryImpl$Stage$DelayedPushProperties$getProperty$1
13987:             1             40  com.intellij.util.indexing.diagnostic.ProjectScanningHistoryImpl$Stage$DumbMode$getProperty$1
13988:             1             40  com.intellij.util.indexing.events.ChangedFilesCollector
13989:             1             40  com.intellij.util.indexing.events.ChangedFilesCollector$workersFinishedSync$1
13990:             1             40  com.intellij.util.io.BlockingKt$loopInterruptible$1
13991:             1             40  com.intellij.util.io.OpenChannelsCache
13992:             1             40  com.intellij.util.io.keyStorage.MappedFileInputStream
13993:             1             40  com.intellij.util.text.DateTimeFormatManager$Formats
13994:             1             40  com.intellij.util.xml.impl.DomManagerImpl
13995:             1             40  com.intellij.util.xml.ui.DomCollectionControl$RemoveAction
13996:             1             40  com.intellij.vcs.VcsShowShelfAction
13997:             1             40  com.intellij.vcs.commit.ChangesViewToolWindowRefresher$1
13998:             1             40  com.intellij.vcs.git.branch.GitInOutStateHolder$1
13999:             1             40  com.intellij.vcs.git.frontend.widget.GitToolbarWidgetAction
14000:             1             40  com.intellij.vcs.git.repo.GitRepositoriesHolder$subscribeToRepoEvents$2
14001:             1             40  com.intellij.vcs.git.repo.GitRepositoryColorsHolder$1
14002:             1             40  com.intellij.vcs.github.git.share.GithubShareAction
14003:             1             40  com.intellij.vcs.github.ultimate.features.expression.lang.GithubExpressionLanguage
14004:             1             40  com.intellij.vcs.github.ultimate.features.ide.actions.CreateActionFileAction
14005:             1             40  com.intellij.vcs.github.ultimate.features.ide.actions.CreateWorkflowFileAction
14006:             1             40  com.intellij.vcs.gitlab.git.GitLabShareProjectAction
14007:             1             40  com.intellij.vcs.gitlab.ultimate.ci.sh.injection.GitLabCiSwitchShellLanguageInjectionAction
14008:             1             40  com.intellij.vcs.gitlab.ultimate.features.expressionLang.lang.GitLabCiExpressionLanguage
14009:             1             40  com.intellij.vcs.log.data.ContainingBranchesGetter
14010:             1             40  com.intellij.vcs.log.data.ContainingBranchesGetter$1
14011:             1             40  com.intellij.vcs.log.data.VcsLogProgress
14012:             1             40  com.intellij.vcs.log.data.VcsLogRefresherImpl$1
14013:             1             40  com.intellij.vcs.log.data.VcsLogStatusBarProgress
14014:             1             40  com.intellij.vcs.log.data.VcsLogStorageImpl
14015:             1             40  com.intellij.vcs.log.data.index.IndexDiagnosticRunner$1
14016:             1             40  com.intellij.vcs.log.graph.impl.facade.PermanentGraphImpl
14017:             1             40  com.intellij.vcs.log.impl.IdeVcsLogManager$createUi$1
14018:             1             40  com.intellij.vcs.log.impl.VcsLogManager$refreshLogOnVcsEvents$1
14019:             1             40  com.intellij.vcs.log.statistics.VcsLogIndexProjectStatisticsCollector
14020:             1             40  com.intellij.vcs.log.ui.actions.GoToChildRowAction
14021:             1             40  com.intellij.vcs.log.ui.actions.GoToParentRowAction
14022:             1             40  com.intellij.vcs.log.ui.actions.VcsShowLogAction
14023:             1             40  com.intellij.vfs.AsyncVfsEventsPostProcessorImpl$1
14024:             1             40  com.intellij.webcore.resourceRoots.MarkResourceRootAction
14025:             1             40  com.intellij.webcore.resourceRoots.UnmarkResourceRootAction
14026:             1             40  com.intellij.workspaceModel.ide.impl.GlobalWorkspaceModelCacheImpl$1
14027:             1             40  com.intellij.workspaceModel.ide.impl.WorkspaceEntitiesLifecycleActivity$execute$1
14028:             1             40  com.intellij.workspaceModel.ide.impl.WorkspaceEntitiesLifecycleActivity$execute$2
14029:             1             40  com.intellij.workspaceModel.ide.impl.WorkspaceModelCacheImpl$2
14030:             1             40  com.intellij.workspaceModel.ide.impl.jps.serialization.JpsProjectModelSynchronizer
14031:             1             40  com.intellij.workspaceModel.ide.impl.legacyBridge.library.GlobalLibraryTableBridgeImpl$Companion$$Lambda/0x0000009802ca6d28
14032:             1             40  com.intellij.xdebugger.impl.actions.EvaluateAction
14033:             1             40  com.intellij.xdebugger.impl.actions.ForceRunToCursorAction
14034:             1             40  com.intellij.xdebugger.impl.actions.ForceStepOverAction
14035:             1             40  com.intellij.xdebugger.impl.actions.PauseAction
14036:             1             40  com.intellij.xdebugger.impl.actions.ResetFrameAction
14037:             1             40  com.intellij.xdebugger.impl.actions.RestoreBreakpointAction
14038:             1             40  com.intellij.xdebugger.impl.actions.ResumeAction
14039:             1             40  com.intellij.xdebugger.impl.actions.RunToCursorAction
14040:             1             40  com.intellij.xdebugger.impl.actions.ShowExecutionPointAction
14041:             1             40  com.intellij.xdebugger.impl.actions.SmartStepIntoAction
14042:             1             40  com.intellij.xdebugger.impl.actions.StepIntoAction
14043:             1             40  com.intellij.xdebugger.impl.actions.StepOutAction
14044:             1             40  com.intellij.xdebugger.impl.actions.StepOverAction
14045:             1             40  com.intellij.xdebugger.impl.actions.ToggleBreakpointEnabledAction
14046:             1             40  com.intellij.xdebugger.impl.actions.ToggleLineBreakpointAction
14047:             1             40  com.intellij.xdebugger.impl.actions.ToggleTemporaryLineBreakpointAction
14048:             1             40  com.intellij.xdebugger.impl.actions.ViewBreakpointsAction
14049:             1             40  com.intellij.xdebugger.impl.frame.actions.XRemoveWatchAction
14050:             1             40  com.intellij.xdebugger.impl.hotswap.HotSwapSessionManagerImpl
14051:             1             40  com.intellij.xdebugger.impl.runToolbar.ConfigurationXDebuggerResumeAction
14052:             1             40  com.intellij.xdebugger.impl.ui.tree.actions.XCopyValueAction$Simple
14053:             1             40  com.intellij.xml.actions.EscapeEntitiesAction
14054:             1             40  com.intellij.xml.actions.GenerateXmlTagAction
14055:             1             40  com.intellij.xml.breadcrumbs.ToggleBreadcrumbsAction$ShowHide
14056:             1             40  com.jediterm.terminal.model.JediTermTypeAheadModel
14057:             1             40  com.jetbrains.cef.remote.RpcContext (jcef)
14058:             1             40  com.jetbrains.cef.remote.thrift_codegen.ScreenInfo (jcef)
14059:             1             40  com.jetbrains.gateway.actions.OpenRemoteDevelopmentWelcomeScreenAction
14060:             1             40  com.jetbrains.internal.ProxyRepository$Registry (java.base@21.0.8)
14061:             1             40  com.jetbrains.lang.makefile.MakefileLanguage
14062:             1             40  com.jetbrains.performancePlugin.actions.CaptureMemorySnapshotAction
14063:             1             40  com.jetbrains.performancePlugin.actions.OpenIndexingDiagnosticsAction
14064:             1             40  com.jetbrains.performancePlugin.profilers.async.core.actions.CaptureCPUUsageDataAction
14065:             1             40  com.jetbrains.performancePlugin.profilers.async.core.actions.ProfileIndexingAction
14066:             1             40  com.jetbrains.performancePlugin.profilers.async.core.actions.StartStopAsyncProfilerAction
14067:             1             40  com.jetbrains.plugins.remotesdk.console.RunSshConsoleAction
14068:             1             40  com.jetbrains.plugins.remotesdk.tools.RemoteExternalToolActionGroup
14069:             1             40  com.jetbrains.plugins.webDeployment.actions.BrowseServersAction
14070:             1             40  com.jetbrains.plugins.webDeployment.actions.CompareLocalVsRemoteAction
14071:             1             40  com.jetbrains.plugins.webDeployment.actions.CompareLocalVsRemoteWithAction
14072:             1             40  com.jetbrains.plugins.webDeployment.actions.ConfigureDeploymentAction
14073:             1             40  com.jetbrains.plugins.webDeployment.actions.ConfigureDeploymentOptionsAction
14074:             1             40  com.jetbrains.plugins.webDeployment.actions.DownloadAction
14075:             1             40  com.jetbrains.plugins.webDeployment.actions.DownloadFromAction
14076:             1             40  com.jetbrains.plugins.webDeployment.actions.SyncLocalVsRemoteAction
14077:             1             40  com.jetbrains.plugins.webDeployment.actions.SyncLocalVsRemoteWithAction
14078:             1             40  com.jetbrains.plugins.webDeployment.actions.ToggleAutoUploadAction
14079:             1             40  com.jetbrains.plugins.webDeployment.actions.UploadAllOpenFilesAction
14080:             1             40  com.jetbrains.plugins.webDeployment.actions.UploadAllOpenFilesToAction
14081:             1             40  com.jetbrains.plugins.webDeployment.actions.UploadFilesAction
14082:             1             40  com.jetbrains.plugins.webDeployment.actions.UploadFilesToAction
14083:             1             40  com.jetbrains.plugins.webDeployment.config.WebServersConfigManagerBaseImpl$App
14084:             1             40  com.jetbrains.rd.util.reactive.Signal$fire$1
14085:             1             40  com.jetbrains.rd.util.threading.SingleThreadScheduler
14086:             1             40  com.jetbrains.rdserver.actions.copyPaste.DownloadRemoteFileToLocalMachineAction
14087:             1             40  com.jetbrains.rdserver.ui.BackendDeferredIconStorage$1
14088:             1             40  com.maddyhome.idea.copyright.CopyrightUpdaters
14089:             1             40  com.maddyhome.idea.copyright.actions.GenerateCopyrightAction
14090:             1             40  com.plan9.intel.lang.AsmIntelLanguage
14091:             1             40  com.sun.beans.finder.MethodFinder$1 (java.desktop)
14092:             1             40  com.sun.beans.introspect.ClassInfo$1 (java.desktop)
14093:             1             40  com.sun.jmx.interceptor.DefaultMBeanServerInterceptor (java.management@21.0.8)
14094:             1             40  com.sun.jmx.mbeanserver.JmxMBeanServer (java.management@21.0.8)
14095:             1             40  com.sun.jmx.mbeanserver.MBeanServerDelegateImpl (java.management@21.0.8)
14096:             1             40  com.sun.management.internal.DiagnosticCommandImpl (jdk.management@21.0.8)
14097:             1             40  com.sun.management.internal.OperatingSystemImpl$ProcessCpuTicks (jdk.management@21.0.8)
14098:             1             40  com.sun.management.internal.OperatingSystemImpl$SystemCpuTicks (jdk.management@21.0.8)
14099:             1             40  com.sun.org.apache.xerces.internal.impl.XMLEntityScanner$1 (java.xml@21.0.8)
14100:             1             40  com.sun.org.apache.xerces.internal.impl.XMLErrorReporter (java.xml@21.0.8)
14101:             1             40  com.sun.org.apache.xerces.internal.impl.XMLVersionDetector (java.xml@21.0.8)
14102:             1             40  com.sun.org.apache.xerces.internal.util.SymbolTable (java.xml@21.0.8)
14103:             1             40  com.sun.org.apache.xerces.internal.utils.XMLLimitAnalyzer (java.xml@21.0.8)
14104:             1             40  com.sun.org.apache.xerces.internal.utils.XMLSecurityManager (java.xml@21.0.8)
14105:             1             40  com.sun.xml.internal.stream.XMLEntityStorage (java.xml@21.0.8)
14106:             1             40  fleet.kernel.ChangeInterceptor$Companion$Identity$1
14107:             1             40  fleet.kernel.TransactorKt$withTransactor$2$transactor$1
14108:             1             40  fleet.kernel.rete.ReteKt$withRete$2$1$1$1$1$2$1$1
14109:             1             40  fleet.kernel.rete.ReteKt$withRete$2$1$1$1$1$2$1$2
14110:             1             40  fleet.kernel.rete.ReteKt$withRete$2$1$1$3$1
14111:             1             40  fleet.kernel.rete.impl.ReteNetworkImpl
14112:             1             40  fleet.kernel.rete.impl.SubscriptionsIndex$PatternIndexEntry$DatomEntry
14113:             1             40  git4idea.actions.CopyPathFromRepositoryRootProvider
14114:             1             40  git4idea.actions.GitCloneAction
14115:             1             40  git4idea.actions.GitCompareWithRefAction
14116:             1             40  git4idea.actions.GitCreateNewBranchAction
14117:             1             40  git4idea.actions.GitFetch
14118:             1             40  git4idea.actions.GitInit
14119:             1             40  git4idea.actions.GitMerge
14120:             1             40  git4idea.actions.GitPull
14121:             1             40  git4idea.actions.GitRebase
14122:             1             40  git4idea.actions.GitRebaseAbort
14123:             1             40  git4idea.actions.GitRebaseContinue
14124:             1             40  git4idea.actions.GitResetHead
14125:             1             40  git4idea.actions.GitResolveConflictsAction
14126:             1             40  git4idea.actions.GitRevertResolvedAction
14127:             1             40  git4idea.actions.GitStash
14128:             1             40  git4idea.actions.GitTag
14129:             1             40  git4idea.actions.GitUnshallowRepositoryAction
14130:             1             40  git4idea.actions.GitUnstash
14131:             1             40  git4idea.actions.tag.GitPushTagsActionGroup
14132:             1             40  git4idea.annotate.GitAnnotationsListener$registerListener$1
14133:             1             40  git4idea.commands.GitAskPassExternalProcessRest
14134:             1             40  git4idea.commit.signing.GpgAgentConfigurator$init$2
14135:             1             40  git4idea.commit.signing.GpgAgentConfigurator$init$2$2
14136:             1             40  git4idea.config.GitExecutable$Local$getModificationTime$1
14137:             1             40  git4idea.config.GitExecutableDetector
14138:             1             40  git4idea.config.GitSetupProjectConfig$ConfigVariables$2
14139:             1             40  git4idea.config.GitSetupProjectConfig$ConfigVariables$3
14140:             1             40  git4idea.config.GitSetupProjectConfig$ConfigVariables$5
14141:             1             40  git4idea.config.GitSetupProjectConfig$ConfigVariables$6
14142:             1             40  git4idea.config.GitSetupProjectConfig$ConfigVariables$8
14143:             1             40  git4idea.index.actions.GitCommitWithStagingAreaAction
14144:             1             40  git4idea.index.actions.GitShowStagedVersionAction
14145:             1             40  git4idea.index.actions.GitStageCompareThreeVersionsAction
14146:             1             40  git4idea.rebase.GitRebaseEditorExternalProcessRest
14147:             1             40  git4idea.remote.GitConfigureRemotesAction
14148:             1             40  git4idea.repo.GitRecentProjectsBranchesService$2
14149:             1             40  git4idea.repo.GitRecentProjectsBranchesService$2$1
14150:             1             40  git4idea.repo.GitTagHolder
14151:             1             40  git4idea.stash.ui.GitDropStashAction
14152:             1             40  git4idea.stash.ui.GitShowStashTabAction
14153:             1             40  git4idea.terminal.GitAliasContributorKt$aliasGenerator$1
14154:             1             40  git4idea.terminal.GitShellCommandOverrideSpecKt$allBranchesGenerator$1
14155:             1             40  git4idea.terminal.GitShellCommandOverrideSpecKt$gitOverrideSpec$1$1
14156:             1             40  git4idea.terminal.GitShellCommandOverrideSpecKt$localBranchesGenerator$1
14157:             1             40  git4idea.terminal.GitShellCommandOverrideSpecKt$localOrRemoteBranchesGenerator$1
14158:             1             40  git4idea.terminal.GitShellCommandOverrideSpecKt$remoteBranchesGenerator$1
14159:             1             40  git4idea.terminal.GitShellCommandOverrideSpecKt$remotesGenerator$1
14160:             1             40  git4idea.ui.branch.GitBranchesAction
14161:             1             40  git4idea.ui.branch.dashboard.BranchesDashboardActions$UpdateBranchFilterInLogAction
14162:             1             40  git4idea.ui.toolbar.GitMergeRebaseWidget
14163:             1             40  io.grpc.internal.CallTracer
14164:             1             40  io.grpc.internal.ChannelTracer
14165:             1             40  io.grpc.internal.ManagedChannelServiceConfig
14166:             1             40  io.grpc.netty.shaded.io.netty.channel.AdaptiveRecvByteBufAllocator
14167:             1             40  io.grpc.netty.shaded.io.netty.handler.codec.http.HttpStatusClass$1
14168:             1             40  io.grpc.netty.shaded.io.netty.util.ResourceLeakDetector
14169:             1             40  io.grpc.netty.shaded.io.netty.util.concurrent.DefaultPromise$StacklessCancellationException
14170:             1             40  io.ktor.client.HttpClient$4
14171:             1             40  io.ktor.client.engine.cio.CIOEngine$1
14172:             1             40  io.ktor.client.plugins.BodyProgressKt$BodyProgress$1$1
14173:             1             40  io.ktor.client.plugins.BodyProgressKt$BodyProgress$1$2
14174:             1             40  io.ktor.client.plugins.DefaultTransformKt$defaultTransformers$1
14175:             1             40  io.ktor.client.plugins.DefaultTransformersJvmKt$platformResponseDefaultTransformers$1
14176:             1             40  io.ktor.client.plugins.HttpCallValidatorKt$HttpCallValidator$2$1
14177:             1             40  io.ktor.client.plugins.HttpTimeoutKt$HttpTimeout$2
14178:             1             40  io.ktor.client.plugins.ReceiveError$install$1
14179:             1             40  io.ktor.client.plugins.RequestError$install$1
14180:             1             40  io.ktor.client.plugins.SetupRequestContext$install$1
14181:             1             40  io.ktor.client.plugins.api.SetupRequest$install$1
14182:             1             40  io.ktor.client.request.HttpRequestPipeline
14183:             1             40  io.ktor.client.request.HttpSendPipeline
14184:             1             40  io.ktor.client.statement.HttpReceivePipeline
14185:             1             40  io.ktor.client.statement.HttpResponsePipeline
14186:             1             40  io.ktor.network.selector.ActorSelectorManager$receiveOrNullSuspend$1
14187:             1             40  io.ktor.network.selector.InterestSuspensionsMap$Companion$updaters$1$property$1
14188:             1             40  io.ktor.network.selector.InterestSuspensionsMap$Companion$updaters$1$property$2
14189:             1             40  io.ktor.network.selector.InterestSuspensionsMap$Companion$updaters$1$property$3
14190:             1             40  io.ktor.network.selector.InterestSuspensionsMap$Companion$updaters$1$property$4
14191:             1             40  io.ktor.network.selector.LockFreeMPSCQueueCore
14192:             1             40  io.ktor.network.selector.LockFreeMPSCQueueCore
14193:             1             40  io.ktor.network.sockets.ServerSocketImpl$acceptSuspend$1
14194:             1             40  io.ktor.server.cio.backend.HttpServerKt$httpServer$serverJob$1
14195:             1             40  io.ktor.server.engine.BaseApplicationEngineKt$installDefaultInterceptors$1
14196:             1             40  io.ktor.server.engine.BaseApplicationEngineKt$installDefaultInterceptors$2
14197:             1             40  io.ktor.server.engine.BaseApplicationEngineKt$installDefaultTransformationChecker$1
14198:             1             40  io.ktor.server.engine.BaseApplicationEngineKt$installDefaultTransformationChecker$2
14199:             1             40  io.ktor.server.engine.DefaultTransformKt$installDefaultTransformations$1
14200:             1             40  io.ktor.server.engine.DefaultTransformKt$installDefaultTransformations$3
14201:             1             40  io.ktor.server.engine.EmbeddedServer$_applicationInstance$1
14202:             1             40  io.ktor.server.routing.RoutingRoot$Plugin$install$1
14203:             1             40  io.ktor.server.websocket.RoutingKt$webSocket$1
14204:             1             40  io.ktor.server.websocket.WebSockets$Plugin$install$1$2
14205:             1             40  io.netty.buffer.LongLongHashMap
14206:             1             40  io.netty.channel.AdaptiveRecvByteBufAllocator
14207:             1             40  io.netty.handler.codec.http.HttpStatusClass$1
14208:             1             40  io.netty.util.ResourceLeakDetector
14209:             1             40  io.netty.util.concurrent.DefaultPromise$StacklessCancellationException
14210:             1             40  io.opentelemetry.sdk.logs.LoggerSharedState
14211:             1             40  io.opentelemetry.sdk.metrics.SdkMeterProvider
14212:             1             40  io.opentelemetry.sdk.trace.AutoValue_SpanLimits_SpanLimitsValue
14213:             1             40  it.unimi.dsi.fastutil.objects.Object2LongMaps$SynchronizedMap
14214:             1             40  java.awt.Component$BltSubRegionBufferStrategy (java.desktop)
14215:             1             40  java.awt.datatransfer.SystemFlavorMap (java.datatransfer@21.0.8)
14216:             1             40  java.beans.WeakIdentityMap$Entry (java.desktop)
14217:             1             40  java.io.FilePermission (java.base@21.0.8)
14218:             1             40  java.lang.ArithmeticException (java.base@21.0.8)
14219:             1             40  java.lang.IllegalStateException (java.base@21.0.8)
14220:             1             40  java.lang.Package$VersionInfo (java.base@21.0.8)
14221:             1             40  java.lang.RuntimeException (java.base@21.0.8)
14222:             1             40  java.lang.VirtualMachineError (java.base@21.0.8)
14223:             1             40  java.lang.invoke.VarHandleBooleans$Array (java.base@21.0.8)
14224:             1             40  java.lang.invoke.VarHandleLongs$Array (java.base@21.0.8)
14225:             1             40  java.net.InetAddress$CachedLookup (java.base@21.0.8)
14226:             1             40  java.nio.channels.Channels$WritableByteChannelImpl (java.base@21.0.8)
14227:             1             40  java.util.Collections$UnmodifiableNavigableMap$EmptyNavigableMap (java.base@21.0.8)
14228:             1             40  java.util.ResourceBundle$2 (java.base@21.0.8)
14229:             1             40  java.util.ServiceLoader$LazyClassPathLookupIterator (java.base@21.0.8)
14230:             1             40  java.util.concurrent.LinkedBlockingDeque (java.base@21.0.8)
14231:             1             40  java.util.regex.Pattern$LazyLoop (java.base@21.0.8)
14232:             1             40  javax.crypto.CryptoAllPermission (java.base@21.0.8)
14233:             1             40  javax.swing.LegacyLayoutFocusTraversalPolicy (java.desktop)
14234:             1             40  javax.swing.border.MatteBorder (java.desktop)
14235:             1             40  javax.swing.plaf.basic.BasicTableUI$Handler (java.desktop)
14236:             1             40  javax.swing.plaf.basic.BasicTextUI$BasicCursor (java.desktop)
14237:             1             40  javax.swing.table.DefaultTableColumnModel (java.desktop)
14238:             1             40  javax.swing.text.JTextComponent$4 (java.desktop)
14239:             1             40  javax.swing.text.StyleContext (java.desktop)
14240:             1             40  jdk.internal.event.SecurityProviderServiceEvent (java.base@21.0.8)
14241:             1             40  jdk.internal.event.ThreadSleepEvent (java.base@21.0.8)
14242:             1             40  jdk.internal.icu.impl.CharTrie (java.base@21.0.8)
14243:             1             40  jdk.internal.icu.text.StringPrep (java.base@21.0.8)
14244:             1             40  jdk.internal.net.http.ConnectionPool (java.net.http@21.0.8)
14245:             1             40  jdk.internal.net.http.Http2ClientImpl (java.net.http@21.0.8)
14246:             1             40  jdk.internal.ref.CleanerImpl$CleanerCleanable (java.base@21.0.8)
14247:             1             40  kotlin.random.XorWowRandom
14248:             1             40  kotlin.ranges.LongRange
14249:             1             40  kotlin.reflect.full.KClasses$isSubclassOf$1
14250:             1             40  kotlin.reflect.jvm.internal.impl.builtins.jvm.FallbackBuiltIns
14251:             1             40  kotlin.reflect.jvm.internal.impl.km.Attributes$isNegated$2
14252:             1             40  kotlin.reflect.jvm.internal.impl.km.Attributes$isNullCheckPredicate$2
14253:             1             40  kotlin.reflect.jvm.internal.impl.km.Attributes$isReified$2
14254:             1             40  kotlin.reflect.jvm.internal.impl.km.Attributes$kind$11
14255:             1             40  kotlin.reflect.jvm.internal.impl.km.Attributes$kind$2
14256:             1             40  kotlin.reflect.jvm.internal.impl.km.Attributes$kind$7
14257:             1             40  kotlin.reflect.jvm.internal.impl.km.Attributes$modality$10
14258:             1             40  kotlin.reflect.jvm.internal.impl.km.Attributes$modality$14
14259:             1             40  kotlin.reflect.jvm.internal.impl.km.Attributes$modality$2
14260:             1             40  kotlin.reflect.jvm.internal.impl.km.Attributes$modality$6
14261:             1             40  kotlin.reflect.jvm.internal.impl.km.Attributes$visibility$10
14262:             1             40  kotlin.reflect.jvm.internal.impl.km.Attributes$visibility$14
14263:             1             40  kotlin.reflect.jvm.internal.impl.km.Attributes$visibility$18
14264:             1             40  kotlin.reflect.jvm.internal.impl.km.Attributes$visibility$2
14265:             1             40  kotlin.reflect.jvm.internal.impl.km.Attributes$visibility$22
14266:             1             40  kotlin.reflect.jvm.internal.impl.km.Attributes$visibility$6
14267:             1             40  kotlin.reflect.jvm.internal.impl.km.internal.FlagDelegatesImplKt$classBooleanFlag$1
14268:             1             40  kotlin.reflect.jvm.internal.impl.km.internal.FlagDelegatesImplKt$constructorBooleanFlag$1
14269:             1             40  kotlin.reflect.jvm.internal.impl.km.internal.FlagDelegatesImplKt$functionBooleanFlag$1
14270:             1             40  kotlin.reflect.jvm.internal.impl.km.internal.FlagDelegatesImplKt$propertyAccessorBooleanFlag$1
14271:             1             40  kotlin.reflect.jvm.internal.impl.km.internal.FlagDelegatesImplKt$propertyBooleanFlag$1
14272:             1             40  kotlin.reflect.jvm.internal.impl.km.internal.FlagDelegatesImplKt$typeAliasBooleanFlag$1
14273:             1             40  kotlin.reflect.jvm.internal.impl.km.internal.FlagDelegatesImplKt$typeBooleanFlag$1
14274:             1             40  kotlin.reflect.jvm.internal.impl.km.internal.FlagDelegatesImplKt$valueParameterBooleanFlag$1
14275:             1             40  kotlin.reflect.jvm.internal.impl.serialization.deserialization.TypeDeserializer$typeConstructor$notFoundClass$classNestingLevel$1
14276:             1             40  kotlinx.coroutines.BlockingCoroutine
14277:             1             40  kotlinx.coroutines.InterruptibleKt$runInterruptible$2
14278:             1             40  kotlinx.coroutines.JobCancellationException
14279:             1             40  kotlinx.coroutines.ThreadState
14280:             1             40  kotlinx.coroutines.TimeoutCoroutine
14281:             1             40  kotlinx.coroutines.flow.ChannelAsFlow
14282:             1             40  kotlinx.coroutines.flow.FlowKt__LimitKt$takeWhile$$inlined$unsafeFlow$1$1
14283:             1             40  kotlinx.coroutines.flow.FlowKt__ReduceKt$first$1
14284:             1             40  kotlinx.coroutines.flow.StartedWhileSubscribed$command$2
14285:             1             40  kotlinx.coroutines.internal.DiagnosticCoroutineContextException
14286:             1             40  kotlinx.coroutines.scheduling.DefaultScheduler
14287:             1             40  kotlinx.coroutines.scheduling.DefaultScheduler
14288:             1             40  kotlinx.serialization.modules.SerialModuleImpl
14289:             1             40  okhttp3.Dispatcher
14290:             1             40  okhttp3.internal.concurrent.TaskQueue
14291:             1             40  okhttp3.internal.connection.RealConnectionPool$cleanupTask$1
14292:             1             40  okio.Timeout$Companion$NONE$1
14293:             1             40  org.apache.http.config.ConnectionConfig
14294:             1             40  org.apache.http.config.SocketConfig
14295:             1             40  org.apache.http.impl.conn.ManagedHttpClientConnectionFactory
14296:             1             40  org.apache.xerces.impl.XMLEntityScanner$1
14297:             1             40  org.editorconfig.configmanagement.create.CreateEditorConfigAction
14298:             1             40  org.editorconfig.configmanagement.generate.EditorConfigGenerateLanguagePropertiesAction
14299:             1             40  org.intellij.images.actions.ConvertSvgToPngAction
14300:             1             40  org.intellij.images.actions.EditExternallyAction
14301:             1             40  org.intellij.images.editor.actions.SetBackgroundImageAction
14302:             1             40  org.intellij.lang.regexp.RegExpLanguage
14303:             1             40  org.intellij.lang.regexp.ecmascript.EcmaScriptRegexpLanguage
14304:             1             40  org.intellij.lang.regexp.ecmascript.EcmaScriptUnicodeRegexpLanguage
14305:             1             40  org.intellij.plugins.markdown.editor.tables.actions.InsertEmptyTableAction
14306:             1             40  org.intellij.plugins.markdown.editor.toc.GenerateTableOfContentsAction
14307:             1             40  org.intellij.plugins.markdown.fileActions.export.MarkdownExportAction
14308:             1             40  org.intellij.plugins.markdown.fileActions.importFrom.docx.MarkdownImportFromDocxAction
14309:             1             40  org.intellij.plugins.markdown.images.editor.actions.InsertImageAction
14310:             1             40  org.intellij.plugins.markdown.lang.MarkdownLanguage
14311:             1             40  org.intellij.plugins.markdown.ui.actions.ConfigurePandocAction
14312:             1             40  org.intellij.plugins.markdown.ui.actions.styling.CreateOrChangeListActionGroup$CheckmarkList
14313:             1             40  org.intellij.plugins.markdown.ui.actions.styling.CreateOrChangeListActionGroup$OrderedList
14314:             1             40  org.intellij.plugins.markdown.ui.actions.styling.CreateOrChangeListActionGroup$UnorderedList
14315:             1             40  org.intellij.plugins.markdown.ui.actions.styling.CreateOrChangeListPopupAction
14316:             1             40  org.intellij.plugins.markdown.ui.actions.styling.MarkdownCreateLinkAction
14317:             1             40  org.intellij.plugins.markdown.ui.actions.styling.SetHeaderLevelAction
14318:             1             40  org.intellij.plugins.markdown.ui.actions.styling.ToggleBoldAction
14319:             1             40  org.intellij.plugins.markdown.ui.actions.styling.ToggleCodeSpanAction
14320:             1             40  org.intellij.plugins.markdown.ui.actions.styling.ToggleItalicAction
14321:             1             40  org.intellij.plugins.markdown.ui.actions.styling.ToggleStrikethroughAction
14322:             1             40  org.intellij.plugins.relaxNG.compact.RngCompactLanguage
14323:             1             40  org.intellij.plugins.relaxNG.convert.ConvertSchemaAction
14324:             1             40  org.intellij.terraform.config.TerraformLanguage
14325:             1             40  org.intellij.terraform.config.actions.TfCreateFileFromTemplateAction
14326:             1             40  org.intellij.terraform.config.actions.TfFmtFileAction
14327:             1             40  org.intellij.terraform.config.actions.TfGenerateLocalMetadataAction
14328:             1             40  org.intellij.terraform.config.actions.TfInitAction
14329:             1             40  org.intellij.terraform.hcl.HCLLanguage
14330:             1             40  org.intellij.terraform.hil.HILLanguage
14331:             1             40  org.intellij.terraform.hil.psi.template.TftplLanguage
14332:             1             40  org.intellij.terraform.runtime.TfConfigurationType
14333:             1             40  org.jetbrains.completion.full.line.css.CSSExperiments$FullLineCSSFimSkipLines5
14334:             1             40  org.jetbrains.completion.full.line.css.CSSExperiments$FullLineCSSFimSkipLines5FilterModel
14335:             1             40  org.jetbrains.completion.full.line.css.CSSExperiments$FullLineCSSFimSkipLines5FilterModelV2
14336:             1             40  org.jetbrains.completion.full.line.css.CSSExperiments$FullLineCSSMultiline
14337:             1             40  org.jetbrains.completion.full.line.css.CSSExperiments$FullLineCSSMultilineFilterModel
14338:             1             40  org.jetbrains.completion.full.line.css.CSSExperiments$FullLineCSSMultilineFilterModelV2
14339:             1             40  org.jetbrains.completion.full.line.css.CSSExperiments$FullLineCSSMultilineFimSkipLines5
14340:             1             40  org.jetbrains.completion.full.line.css.CSSExperiments$FullLineCSSRagOptimized
14341:             1             40  org.jetbrains.completion.full.line.experiments.CommonExperiments$FullLineDebounce250
14342:             1             40  org.jetbrains.completion.full.line.experiments.CommonExperiments$FullLineLlama
14343:             1             40  org.jetbrains.completion.full.line.experiments.CommonExperiments$FullLineLlamaDebounce50MinTime150
14344:             1             40  org.jetbrains.completion.full.line.experiments.CommonExperiments$FullLineLlamaDuplicate
14345:             1             40  org.jetbrains.completion.full.line.experiments.CommonExperiments$FullLineLlamaFilterModel
14346:             1             40  org.jetbrains.completion.full.line.experiments.CommonExperiments$FullLineLlamaFilterModelDebounce100
14347:             1             40  org.jetbrains.completion.full.line.experiments.CommonExperiments$FullLineLlamaFilterModelRag
14348:             1             40  org.jetbrains.completion.full.line.experiments.CommonExperiments$FullLineLlamaMidLine
14349:             1             40  org.jetbrains.completion.full.line.experiments.CommonExperiments$FullLineLlamaV2FilterModel
14350:             1             40  org.jetbrains.completion.full.line.experiments.CommonExperiments$FullLineLlamaV2FilterModelRag
14351:             1             40  org.jetbrains.completion.full.line.experiments.CommonExperiments$FullLineMultiline
14352:             1             40  org.jetbrains.completion.full.line.experiments.CommonExperiments$FullLineRAGOOnlyRecentContextFilterModel
14353:             1             40  org.jetbrains.completion.full.line.experiments.CommonExperiments$FullLineRAGOnlyRecentContextFilterModelV2
14354:             1             40  org.jetbrains.completion.full.line.experiments.CommonExperiments$FullLineRAGRecentContextLinesNumber5ChunksNumber4
14355:             1             40  org.jetbrains.completion.full.line.experiments.CommonExperiments$FullLineRag
14356:             1             40  org.jetbrains.completion.full.line.experiments.CommonExperiments$FullLineRagDebounce0
14357:             1             40  org.jetbrains.completion.full.line.experiments.CommonExperiments$FullLineRagDefaultAndRecentContext
14358:             1             40  org.jetbrains.completion.full.line.experiments.CommonExperiments$FullLineRagOnlyRecentContext
14359:             1             40  org.jetbrains.completion.full.line.experiments.CommonExperiments$FullLineRagOnlyRecentContextCacheRatio75
14360:             1             40  org.jetbrains.completion.full.line.experiments.CommonExperiments$FullLineSilentFilters
14361:             1             40  org.jetbrains.completion.full.line.impl.local.files.LocalModelsFilesService
14362:             1             40  org.jetbrains.completion.full.line.impl.platform.inline.FullLineInlineCompletionProvider
14363:             1             40  org.jetbrains.completion.full.line.impl.platform.logs.FullLineStateLogs
14364:             1             40  org.jetbrains.completion.full.line.js.JSExperiments$FullLineJSFimSkipLines5
14365:             1             40  org.jetbrains.completion.full.line.js.JSExperiments$FullLineJSFimSkipLines5FilterModel
14366:             1             40  org.jetbrains.completion.full.line.js.JSExperiments$FullLineJSFimSkipLines5FilterModelV2
14367:             1             40  org.jetbrains.completion.full.line.js.JSExperiments$FullLineJSMultiline
14368:             1             40  org.jetbrains.completion.full.line.js.JSExperiments$FullLineJSMultilineFilterModel
14369:             1             40  org.jetbrains.completion.full.line.js.JSExperiments$FullLineJSMultilineFilterModelV2
14370:             1             40  org.jetbrains.completion.full.line.js.JSExperiments$FullLineJSMultilineFimSkipLines5
14371:             1             40  org.jetbrains.completion.full.line.js.JSExperiments$FullLineJSRAGOnlyRecentContextAdditionalLanguagesDebounce50MinTime150
14372:             1             40  org.jetbrains.completion.full.line.js.JSExperiments$FullLineJSRAGOnlyRecentContextAdditionalLanguagesDebounce50MinTime150FilterModelV2
14373:             1             40  org.jetbrains.completion.full.line.js.JSExperiments$FullLineJSRAGOptimizedDebounce50MinTime150
14374:             1             40  org.jetbrains.completion.full.line.js.JSExperiments$FullLineJSRagOptimized
14375:             1             40  org.jetbrains.completion.full.line.local.server.stubs.OnnxNative$floats
14376:             1             40  org.jetbrains.completion.full.line.local.server.stubs.OnnxNative$get_request
14377:             1             40  org.jetbrains.completion.full.line.local.server.stubs.OnnxNative$inference_settings
14378:             1             40  org.jetbrains.completion.full.line.local.server.stubs.OnnxNative$ints
14379:             1             40  org.jetbrains.completion.full.line.local.server.stubs.OnnxNative$prefill_block
14380:             1             40  org.jetbrains.completion.full.line.local.server.stubs.OnnxNative$prefill_response
14381:             1             40  org.jetbrains.concurrency.AsyncPromise$Companion$CANCELED$1
14382:             1             40  org.jetbrains.ide.InstallPluginService
14383:             1             40  org.jetbrains.ide.ToolboxSettingsActionRegistry$1
14384:             1             40  org.jetbrains.ide.UploadLogsService
14385:             1             40  org.jetbrains.jewel.bridge.SwingBridgeReader$currentBridgeThemeData$1$1
14386:             1             40  org.jetbrains.jewel.bridge.SwingBridgeReader$editorSchemeChangeFlow$1
14387:             1             40  org.jetbrains.jewel.bridge.SwingBridgeReader$editorSchemeChangeFlow$2
14388:             1             40  org.jetbrains.jewel.bridge.SwingBridgeReader$uiSettingsChangeFlow$1
14389:             1             40  org.jetbrains.jewel.bridge.SwingBridgeReader$uiSettingsChangeFlow$2
14390:             1             40  org.jetbrains.jewel.foundation.util.JewelLogger$IdeaFactory
14391:             1             40  org.jetbrains.plugins.emojipicker.action.OpenEmojiPickerAction
14392:             1             40  org.jetbrains.plugins.github.GHCopyLinkActionGroup
14393:             1             40  org.jetbrains.plugins.github.GHOpenInBrowserActionGroup
14394:             1             40  org.jetbrains.plugins.github.GithubCreateGistAction
14395:             1             40  org.jetbrains.plugins.github.GithubSyncForkAction
14396:             1             40  org.jetbrains.plugins.github.GithubViewPullRequestsAction
14397:             1             40  org.jetbrains.plugins.github.authentication.GHOAuthCallbackHandler
14398:             1             40  org.jetbrains.plugins.github.authentication.accounts.GHAccountManager
14399:             1             40  org.jetbrains.plugins.github.pullrequest.GHRepositoryConnectionManager$1
14400:             1             40  org.jetbrains.plugins.github.pullrequest.GHServerVersionsCollector$1
14401:             1             40  org.jetbrains.plugins.github.pullrequest.action.GHPRCreatePullRequestAction
14402:             1             40  org.jetbrains.plugins.github.pullrequest.ui.GHPRProjectViewModel$selectorVm$2$1
14403:             1             40  org.jetbrains.plugins.github.pullrequest.ui.GHPRProjectViewModel$selectorVm$2$2
14404:             1             40  org.jetbrains.plugins.github.pullrequest.ui.review.GHPROnCurrentBranchService$vmState$2$2
14405:             1             40  org.jetbrains.plugins.github.pullrequest.ui.toolwindow.GHPRToolWindowController$manageIconInToolbar$2$1
14406:             1             40  org.jetbrains.plugins.github.pullrequest.ui.toolwindow.GHPRToolWindowController$manageIconInToolbar$2$2
14407:             1             40  org.jetbrains.plugins.github.pullrequest.ui.toolwindow.GHPRToolWindowController$manageIconInToolbar$2$3$invokeSuspend$$inlined$flatMapLatest$1
14408:             1             40  org.jetbrains.plugins.github.ui.GHOpenSettingsAction
14409:             1             40  org.jetbrains.plugins.github.ui.cloneDialog.GHCloneRepositoryAction
14410:             1             40  org.jetbrains.plugins.gitlab.GitLabOpenSettingsAction
14411:             1             40  org.jetbrains.plugins.gitlab.GitLabProjectsManagerImpl$knownRepositoriesState$2$discoveredServersFlow$1
14412:             1             40  org.jetbrains.plugins.gitlab.GitLabProjectsManagerImpl$knownRepositoriesState$2$discoveredServersFlow$2
14413:             1             40  org.jetbrains.plugins.gitlab.GitLabProjectsManagerImpl$knownRepositoriesState$2$knownRepositoriesFlow$2
14414:             1             40  org.jetbrains.plugins.gitlab.GitLabProjectsManagerImpl$knownRepositoriesState$2$serversFlow$1
14415:             1             40  org.jetbrains.plugins.gitlab.api.GitLabProjectConnectionManager$1
14416:             1             40  org.jetbrains.plugins.gitlab.authentication.accounts.PersistentGitLabAccountManager
14417:             1             40  org.jetbrains.plugins.gitlab.mergerequest.action.GitLabShowMergeRequestsAction
14418:             1             40  org.jetbrains.plugins.gitlab.mergerequest.ui.create.action.GitLabMergeRequestOpenCreateTabAction
14419:             1             40  org.jetbrains.plugins.gitlab.mergerequest.ui.review.GitLabMergeRequestOnCurrentBranchService$mergeRequestReviewVmState$2$2
14420:             1             40  org.jetbrains.plugins.gitlab.mergerequest.ui.review.GitLabMergeRequestOnCurrentBranchService$mergeRequestReviewVmState_delegate$lambda$0$$inlined$flatMapLatest$1
14421:             1             40  org.jetbrains.plugins.gitlab.mergerequest.ui.toolwindow.GitLabMergeRequestsToolWindowController$manageToolWindow$2$1
14422:             1             40  org.jetbrains.plugins.gitlab.mergerequest.ui.toolwindow.GitLabMergeRequestsToolWindowController$manageToolWindow$2$2
14423:             1             40  org.jetbrains.plugins.gitlab.mergerequest.ui.toolwindow.model.GitLabRepositoryAndAccountSelectorViewModel$1
14424:             1             40  org.jetbrains.plugins.gitlab.snippets.GitLabCreateSnippetAction
14425:             1             40  org.jetbrains.plugins.gitlab.ui.action.GitLabCopyLinkActionGroup
14426:             1             40  org.jetbrains.plugins.gitlab.ui.action.GitLabOpenInBrowserActionGroup
14427:             1             40  org.jetbrains.plugins.gitlab.ui.clone.GitLabCloneAction
14428:             1             40  org.jetbrains.plugins.terminal.TerminalFontSettingsService
14429:             1             40  org.jetbrains.plugins.terminal.TerminalProjectOptionsProvider$startingDirectory$2
14430:             1             40  org.jetbrains.plugins.terminal.action.MoveTerminalToolWindowTabLeftAction
14431:             1             40  org.jetbrains.plugins.terminal.action.MoveTerminalToolWindowTabRightAction
14432:             1             40  org.jetbrains.plugins.terminal.action.RevealFileInTerminalAction
14433:             1             40  org.jetbrains.plugins.terminal.action.TerminalCloseTabAction
14434:             1             40  org.jetbrains.plugins.terminal.action.TerminalCopyBlockAction
14435:             1             40  org.jetbrains.plugins.terminal.action.TerminalCopyTextAction
14436:             1             40  org.jetbrains.plugins.terminal.action.TerminalLineDownAction
14437:             1             40  org.jetbrains.plugins.terminal.action.TerminalLineUpAction
14438:             1             40  org.jetbrains.plugins.terminal.action.TerminalPageDownAction
14439:             1             40  org.jetbrains.plugins.terminal.action.TerminalPageUpAction
14440:             1             40  org.jetbrains.plugins.terminal.action.TerminalSelectAllAction
14441:             1             40  org.jetbrains.plugins.terminal.block.completion.spec.impl.ShellCommandSpecImpl$createOptionsGenerator$1
14442:             1             40  org.jetbrains.plugins.terminal.block.prompt.TerminalExpandBlockSelectionAboveAction
14443:             1             40  org.jetbrains.plugins.terminal.block.prompt.TerminalSelectBlockAboveAction
14444:             1             40  org.jetbrains.plugins.terminal.block.prompt.TerminalSelectBlockBelowAction
14445:             1             40  org.jetbrains.plugins.terminal.block.reworked.lang.TerminalOutputLanguage
14446:             1             40  org.jetbrains.plugins.terminal.block.reworked.session.FrontendTerminalSession$getOutputFlow$2$1
14447:             1             40  org.jetbrains.plugins.terminal.block.reworked.session.TerminalSessionTab
14448:             1             40  org.jetbrains.plugins.terminal.hyperlinks.HyperlinkContextMenuActionGroup
14449:             1             40  org.jetbrains.plugins.terminal.session.impl.dto.StyleRangeDto
14450:             1             40  org.jetbrains.plugins.terminal.session.impl.dto.TerminalStateDto
14451:             1             40  org.jetbrains.plugins.textmate.TextMateLanguage
14452:             1             40  org.jetbrains.plugins.textmate.language.preferences.PreferencesRegistryImpl
14453:             1             40  org.jetbrains.plugins.textmate.language.syntax.SyntaxIncludeRawNode$resolveInclude$1
14454:             1             40  org.jetbrains.qodana.actions.AddQodanaToCiAction
14455:             1             40  org.jetbrains.qodana.actions.OpenReportAction
14456:             1             40  org.jetbrains.qodana.actions.RunQodanaAction
14457:             1             40  org.jetbrains.qodana.actions.SarifFileReportAction
14458:             1             40  org.jetbrains.qodana.cloud.QodanaCloudStateService$startStatesUpdatesSubscription$1$1
14459:             1             40  org.jetbrains.qodana.cloud.QodanaCloudStateService$startStatesUpdatesSubscription$1$2
14460:             1             40  org.jetbrains.qodana.cloud.QodanaCloudStateService$startStatesUpdatesSubscription$1$2$1
14461:             1             40  org.jetbrains.qodana.cloud.authorization.QodanaCloudOAuthCallbackHandler
14462:             1             40  org.jetbrains.qodana.cloud.project.QodanaCloudProjectLinkService$observeLinkStateUpdates$2
14463:             1             40  org.jetbrains.qodana.cloud.project.QodanaCloudProjectLinkService$observeUserStateUpdates$2
14464:             1             40  org.jetbrains.qodana.cloud.project.QodanaCloudProjectLinkService$stateUpdatesSubscription$1
14465:             1             40  org.jetbrains.qodana.cloud.project.QodanaCloudProjectLinkService$stateUpdatesSubscription$1$1
14466:             1             40  org.jetbrains.qodana.cloud.project.QodanaCloudProjectLinkService$stateUpdatesSubscription$1$2
14467:             1             40  org.jetbrains.qodana.inspectionKts.KtsInspectionsManager$ktsInspectionsFlow$2$1
14468:             1             40  org.jetbrains.qodana.inspectionKts.templates.NewKtsInspectionAction
14469:             1             40  org.jetbrains.yaml.YAMLLanguage
14470:             1             40  org.languagetool.rules.ml.MLServerProto$RuleCategory
14471:             1             40  org.languagetool.rules.patterns.StringMatcher$TooComplexRegexp$1
14472:             1             40  org.languagetool.tools.Cache.ProtoResultCache$MatchPosition
14473:             1             40  sun.awt.AWTAutoShutdown (java.desktop)
14474:             1             40  sun.awt.AWTThreading (java.desktop)
14475:             1             40  sun.awt.resources.awt (java.desktop)
14476:             1             40  sun.awt.resources.awtosx (java.desktop)
14477:             1             40  sun.font.FontRunIterator (java.desktop)
14478:             1             40  sun.font.GlyphLayout$EngineRecord (java.desktop)
14479:             1             40  sun.java2d.SurfaceDataProxy$1 (java.desktop)
14480:             1             40  sun.java2d.marlin.Helpers$IndexStack (java.desktop)
14481:             1             40  sun.java2d.marlin.TransformingPathConsumer2D$CurveBasicMonotonizer (java.desktop)
14482:             1             40  sun.lwawt.macosx.CPlatformComponent (java.desktop)
14483:             1             40  sun.net.www.http.KeepAliveStreamCleaner (java.base@21.0.8)
14484:             1             40  sun.nio.ch.ServerSocketAdaptor (java.base@21.0.8)
14485:             1             40  sun.nio.cs.StandardCharsets$Aliases (java.base@21.0.8)
14486:             1             40  sun.nio.cs.StandardCharsets$Cache (java.base@21.0.8)
14487:             1             40  sun.nio.cs.StandardCharsets$Classes (java.base@21.0.8)
14488:             1             40  sun.security.ec.ECOperations (jdk.crypto.ec@21.0.8)
14489:             1             40  sun.security.pkcs12.PKCS12KeyStore$DualFormatPKCS12 (java.base@21.0.8)
14490:             1             40  sun.security.ssl.Plaintext (java.base@21.0.8)
14491:             1             40  sun.security.ssl.TrustStoreManager$TrustStoreDescriptor (java.base@21.0.8)
14492:             1             40  sun.security.util.KnownOIDs$1 (java.base@21.0.8)
14493:             1             40  sun.security.util.KnownOIDs$10 (java.base@21.0.8)
14494:             1             40  sun.security.util.KnownOIDs$2 (java.base@21.0.8)
14495:             1             40  sun.security.util.KnownOIDs$3 (java.base@21.0.8)
14496:             1             40  sun.security.util.KnownOIDs$4 (java.base@21.0.8)
14497:             1             40  sun.security.util.KnownOIDs$5 (java.base@21.0.8)
14498:             1             40  sun.security.util.KnownOIDs$6 (java.base@21.0.8)
14499:             1             40  sun.security.util.KnownOIDs$7 (java.base@21.0.8)
14500:             1             40  sun.security.util.KnownOIDs$8 (java.base@21.0.8)
14501:             1             40  sun.security.util.KnownOIDs$9 (java.base@21.0.8)
14502:             1             40  sun.text.resources.cldr.FormatData (java.base@21.0.8)
14503:             1             40  sun.text.resources.cldr.FormatData_en (java.base@21.0.8)
14504:             1             40  sun.text.resources.cldr.ext.FormatData_en_001 (jdk.localedata@21.0.8)
14505:             1             40  sun.text.resources.cldr.ext.FormatData_en_IN (jdk.localedata@21.0.8)
14506:             1             40  sun.util.locale.InternalLocaleBuilder (java.base@21.0.8)
14507:             1             40  sun.util.resources.Bundles$1 (java.base@21.0.8)
14508:             1             40  training.actions.OpenLearnPanel
14509:             1             32  [Lai.grazie.detector.LanguageDetector$Type;
14510:             1             32  [Lai.grazie.rules.StyleFlavor;
14511:             1             32  [Lai.grazie.spell.dictionary.RuleDictionary$Result;
14512:             1             32  [Lai.grazie.utils.mpp.Platform;
14513:             1             32  [Landroidx.compose.foundation.layout.Direction;
14514:             1             32  [Landroidx.compose.runtime.composer.InvalidationResult;
14515:             1             32  [Landroidx.compose.ui.LayerType;
14516:             1             32  [Landroidx.compose.ui.focus.CustomDestinationResult;
14517:             1             32  [Landroidx.compose.ui.focus.FocusStateImpl;
14518:             1             32  [Landroidx.compose.ui.input.pointer.PointerEventPass;
14519:             1             32  [Landroidx.compose.ui.node.Invalidation;
14520:             1             32  [Landroidx.compose.ui.node.LayoutNode$UsageByParent;
14521:             1             32  [Landroidx.compose.ui.text.FontHinting;
14522:             1             32  [Landroidx.compose.ui.text.FontSmoothing;
14523:             1             32  [Landroidx.compose.ui.unit.TextUnitType;
14524:             1             32  [Lcom.android.studio.ml.TransformEvent$Phase;
14525:             1             32  [Lcom.android.studio.ml.bot.ui.onboarding.OnboardingState$State;
14526:             1             32  [Lcom.android.studio.ml.deprecation.DeprecationPolicy$DeprecationStatus;
14527:             1             32  [Lcom.android.studio.ml.metrics.AiCodeEditingActionListener$CodeEditingAction;
14528:             1             32  [Lcom.android.studio.ml.suggestion.controls.viewmodel.DiffStyle;
14529:             1             32  [Lcom.android.studio.ml.templates.PromptTemplatesManager$StoredPromptTemplate;
14530:             1             32  [Lcom.android.tools.idea.studiobot.AiExcludeService$ExclusionStatus;
14531:             1             32  [Lcom.android.tools.idea.studiobot.util.Diffs$LineType;
14532:             1             32  [Lcom.fasterxml.jackson.core.Base64Variant$PaddingReadBehaviour;
14533:             1             32  [Lcom.fasterxml.jackson.core.StreamReadCapability;
14534:             1             32  [Lcom.fasterxml.jackson.core.util.Separators$Spacing;
14535:             1             32  [Lcom.fasterxml.jackson.databind.cfg.ConstructorDetector$SingleArgConstructor;
14536:             1             32  [Lcom.fasterxml.jackson.databind.jsontype.PolymorphicTypeValidator$Validity;
14537:             1             32  [Lcom.fasterxml.jackson.databind.util.AccessPattern;
14538:             1             32  [Lcom.fasterxml.jackson.databind.util.internal.PrivateMaxEntriesMap$DrainStatus;
14539:             1             32  [Lcom.github.markusbernhardt.proxy.selector.misc.BufferedProxySelector$CacheScope;
14540:             1             32  [Lcom.github.markusbernhardt.proxy.selector.whitelist.HostnameFilter$Mode;
14541:             1             32  [Lcom.github.weisj.jsvg.bk$a;
14542:             1             32  [Lcom.github.weisj.jsvg.f;
14543:             1             32  [Lcom.github.weisj.jsvg.h$b;
14544:             1             32  [Lcom.github.weisj.jsvg.parser.SeparatorMode;
14545:             1             32  [Lcom.goide.GoOsManager$OS;
14546:             1             32  [Lcom.goide.codeInsight.imports.GoManualImportDetector$CommandType;
14547:             1             32  [Lcom.goide.completion.GoStructLiteralCompletion$Variants;
14548:             1             32  [Lcom.goide.dfa.inspections.GoDfaInspection;
14549:             1             32  [Lcom.goide.dfa.symbolicExecution.common.GoParameterNilability;
14550:             1             32  [Lcom.goide.dfa.symbolicExecution.interpreter.ResourceState;
14551:             1             32  [Lcom.goide.dfa.symbolicExecution.solver.GoSummarySolver$RestrictionStatus;
14552:             1             32  [Lcom.goide.dfa.symbolicExecution.solver.GoValueDomain;
14553:             1             32  [Lcom.goide.dfaApi.GoNilability;
14554:             1             32  [Lcom.goide.execution.GoBuildingRunConfiguration$Kind;
14555:             1             32  [Lcom.goide.formatter.GoLineIndentProvider$GoElement;
14556:             1             32  [Lcom.goide.formatter.settings.GoCodeStyleSettings$ImportSorting;
14557:             1             32  [Lcom.goide.inspections.GoPrintFunctionsInspection$PlaceholderPart;
14558:             1             32  [Lcom.goide.intentions.declarations.GoRefactorDeclarationsUtil$VarOrConstSpecInfo$Type;
14559:             1             32  [Lcom.goide.psi.impl.GoPsiImplUtil$ChannelDirection;
14560:             1             32  [Lcom.goide.sdk.GoSdkUtil$FeatureSupported;
14561:             1             32  [Lcom.goide.util.GoBuildMatcher$MatchingCause;
14562:             1             32  [Lcom.goide.util.GoExecutor$ExecutionResult$Status;
14563:             1             32  [Lcom.google.cloud.tools.intellij.analytics.MetricsEnvironmentProviderBase$MetricsEnvironment;
14564:             1             32  [Lcom.google.cloud.tools.intellij.service.EndpointOverrideUrl;
14565:             1             32  [Lcom.google.cloud.tools.intellij.util.CloudCodePlatform;
14566:             1             32  [Lcom.google.common.cache.LocalCache$Strength;
14567:             1             32  [Lcom.google.common.collect.AbstractIterator$State;
14568:             1             32  [Lcom.google.common.collect.MapMakerInternalMap$Segment;
14569:             1             32  [Lcom.google.gson.ReflectionAccessFilter$FilterResult;
14570:             1             32  [Lcom.google.gson.Strictness;
14571:             1             32  [Lcom.google.gson.ToNumberPolicy;
14572:             1             32  [Lcom.google.protobuf.FieldType$Collection;
14573:             1             32  [Lcom.google.tools.intellij.aiplugin.experimentation.ExperimentationFlagsService$FlagsState;
14574:             1             32  [Lcom.google.tools.intellij.aiplugin.startup.StartupWindowLauncher$LaunchType;
14575:             1             32  [Lcom.ibm.icu.impl.CurrencyData$CurrencySpacingInfo$SpacingPattern;
14576:             1             32  [Lcom.ibm.icu.impl.CurrencyData$CurrencySpacingInfo$SpacingType;
14577:             1             32  [Lcom.ibm.icu.impl.ICUResourceBundle$OpenType;
14578:             1             32  [Lcom.ibm.icu.impl.number.Padder$PadPosition;
14579:             1             32  [Lcom.ibm.icu.text.DisplayContext$Type;
14580:             1             32  [Lcom.ibm.icu.text.ListFormatter$Type;
14581:             1             32  [Lcom.ibm.icu.text.ListFormatter$Width;
14582:             1             32  [Lcom.ibm.icu.util.CodePointTrie$ValueWidth;
14583:             1             32  [Lcom.ibm.icu.util.UResourceBundle$RootType;
14584:             1             32  [Lcom.intellij.GetPolicy;
14585:             1             32  [Lcom.intellij.codeHighlighting.TextEditorHighlightingPassRegistrar$Anchor;
14586:             1             32  [Lcom.intellij.codeInsight.actions.ReaderModeProvider$ReaderMode;
14587:             1             32  [Lcom.intellij.codeInsight.completion.CompletionProgressIndicator$LookupAppearancePolicy;
14588:             1             32  [Lcom.intellij.codeInsight.completion.CompletionType;
14589:             1             32  [Lcom.intellij.codeInsight.completion.command.configuration.CommandCompletionEnabled;
14590:             1             32  [Lcom.intellij.codeInsight.daemon.impl.CanISilentlyChange$Result;
14591:             1             32  [Lcom.intellij.codeInsight.daemon.impl.HighlightingNecromancer$GraveDecision;
14592:             1             32  [Lcom.intellij.codeInsight.daemon.impl.HighlightingNecromancer$Status;
14593:             1             32  [Lcom.intellij.codeInsight.daemon.impl.IntentionActionFilter;
14594:             1             32  [Lcom.intellij.codeInsight.daemon.impl.LineMarkersPass$Mode;
14595:             1             32  [Lcom.intellij.codeInsight.editorActions.SmartBackspaceMode;
14596:             1             32  [Lcom.intellij.codeInsight.editorActions.TypedHandlerDelegate$Result;
14597:             1             32  [Lcom.intellij.codeInsight.folding.impl.UpdateFoldRegionsOperation$ApplyDefaultStateMode;
14598:             1             32  [Lcom.intellij.codeInsight.highlighting.ReadWriteAccessDetector$Access;
14599:             1             32  [Lcom.intellij.codeInsight.hints.ParameterHintsUpdater$InlayUpdateInfo$Action;
14600:             1             32  [Lcom.intellij.codeInsight.inline.completion.logs.InlineCompletionUsageTracker$InvokedEvents$Outcome;
14601:             1             32  [Lcom.intellij.codeInsight.inline.completion.logs.statistics.CompletionFinishType;
14602:             1             32  [Lcom.intellij.codeInsight.inline.completion.shortcut.InlineCompletionShortcutHint;
14603:             1             32  [Lcom.intellij.codeInsight.inline.completion.shortcut.InlineCompletionShortcutHintState;
14604:             1             32  [Lcom.intellij.codeInsight.inline.completion.suggestion.InlineCompletionVariant$Snapshot$State;
14605:             1             32  [Lcom.intellij.codeInsight.intention.impl.preview.IntentionPreviewDiffResult$HighlightingType;
14606:             1             32  [Lcom.intellij.codeInsight.lookup.AutoCompletionPolicy;
14607:             1             32  [Lcom.intellij.codeInsight.lookup.CharFilter$Result;
14608:             1             32  [Lcom.intellij.codeInsight.lookup.LookupActionProvider;
14609:             1             32  [Lcom.intellij.codeInsight.lookup.LookupFocusDegree;
14610:             1             32  [Lcom.intellij.codeInsight.lookup.impl.LookupUsageTracker$FinishType;
14611:             1             32  [Lcom.intellij.codeInsight.template.CustomLiveTemplate;
14612:             1             32  [Lcom.intellij.codeInspection.NonAsciiCharactersInspection$PsiElementKind;
14613:             1             32  [Lcom.intellij.collaboration.ui.codereview.diff.DiscussionsViewOption;
14614:             1             32  [Lcom.intellij.completion.ml.common.CommonLocationFeatures$CaseSensitivity;
14615:             1             32  [Lcom.intellij.configurationStore.StateLoadPolicy;
14616:             1             32  [Lcom.intellij.configurationStore.TypeMarker;
14617:             1             32  [Lcom.intellij.credentialStore.ProviderType;
14618:             1             32  [Lcom.intellij.cwm.plugin.options.LobbyServerConfiguration;
14619:             1             32  [Lcom.intellij.cwm.v.v.C.D;
14620:             1             32  [Lcom.intellij.database.actions.ActionStatus;
14621:             1             32  [Lcom.intellij.database.csv.CsvRecordFormat$QuotationPolicy;
14622:             1             32  [Lcom.intellij.database.dataSource.srcStorage.DbSrcFileSystemCore$ItemType;
14623:             1             32  [Lcom.intellij.database.datagrid.RowSortOrder$Type;
14624:             1             32  [Lcom.intellij.database.introspection.DBIntrospectionOptions$SourceLoading;
14625:             1             32  [Lcom.intellij.database.model.properties.DataTypeFactory$Variant;
14626:             1             32  [Lcom.intellij.database.settings.DataGridSettings$AutoTransposeMode;
14627:             1             32  [Lcom.intellij.database.settings.DataGridSettings$PagingDisplayMode;
14628:             1             32  [Lcom.intellij.database.settings.DatabaseSettings$SplitScriptMode;
14629:             1             32  [Lcom.intellij.database.view.SelectInDatabaseView$Extension;
14630:             1             32  [Lcom.intellij.database.view.ui.KnownCloudProviderPlugins;
14631:             1             32  [Lcom.intellij.diagnostic.JitWatcher$CompilerState;
14632:             1             32  [Lcom.intellij.diagnostic.MessagePool$State;
14633:             1             32  [Lcom.intellij.diagnostic.StackframeShrinkVerdict;
14634:             1             32  [Lcom.intellij.diagnostic.WindowsDefenderChecker$ProjectStatus;
14635:             1             32  [Lcom.intellij.diagnostic.logs.DebugLogLevel;
14636:             1             32  [Lcom.intellij.diff.comparison.ComparisonPolicy;
14637:             1             32  [Lcom.intellij.diff.impl.DiffSettingsHolder$IncludeInNavigationHistory;
14638:             1             32  [Lcom.intellij.diff.tools.util.base.HighlightingLevel;
14639:             1             32  [Lcom.intellij.diff.tools.util.breadcrumbs.BreadcrumbsPlacement;
14640:             1             32  [Lcom.intellij.docker.DockerComposeRemoveImagesOnDown;
14641:             1             32  [Lcom.intellij.docker.agent.DockerAgentDeploymentConfig$PullImage;
14642:             1             32  [Lcom.intellij.dvcs.branch.DvcsSyncSettings$Value;
14643:             1             32  [Lcom.intellij.execution.ExecutorActionStatus;
14644:             1             32  [Lcom.intellij.execution.configurations.GeneralCommandLine$ParentEnvironmentType;
14645:             1             32  [Lcom.intellij.execution.configurations.RunConfigurationSingletonPolicy;
14646:             1             32  [Lcom.intellij.execution.impl.RunConfigurationLevel;
14647:             1             32  [Lcom.intellij.execution.impl.statistics.RunConfigurationUsageTriggerCollector$RunConfigurationFinishType;
14648:             1             32  [Lcom.intellij.execution.process.AnsiTerminalEmulator$BlinkSpeed;
14649:             1             32  [Lcom.intellij.execution.process.AnsiTerminalEmulator$FrameType;
14650:             1             32  [Lcom.intellij.execution.process.AnsiTerminalEmulator$Underline;
14651:             1             32  [Lcom.intellij.execution.process.AnsiTerminalEmulator$Weight;
14652:             1             32  [Lcom.intellij.execution.process.ProcessHandler$State;
14653:             1             32  [Lcom.intellij.externalProcessAuthHelper.AuthenticationMode;
14654:             1             32  [Lcom.intellij.featureStatistics.fusCollectors.EAPUsageCollector$LicenceType;
14655:             1             32  [Lcom.intellij.featureStatistics.fusCollectors.FileEditorCollector$EmptyStateCause;
14656:             1             32  [Lcom.intellij.featureStatistics.fusCollectors.FileEditorCollector$MarkupGraveEvent;
14657:             1             32  [Lcom.intellij.find.findUsages.FindUsagesHandlerFactory$OperationMode;
14658:             1             32  [Lcom.intellij.find.usages.api.UsageAccess;
14659:             1             32  [Lcom.intellij.formatting.FormatterTagHandler$FormatterTag;
14660:             1             32  [Lcom.intellij.formatting.FormattingMode;
14661:             1             32  [Lcom.intellij.formatting.FormattingStateId;
14662:             1             32  [Lcom.intellij.formatting.WrapType;
14663:             1             32  [Lcom.intellij.go.linter.statistics.GoLinterCounterCollector$OnboardingNotificationContext;
14664:             1             32  [Lcom.intellij.grazie.GrazieConfig$Version;
14665:             1             32  [Lcom.intellij.grazie.remote.HunspellDescriptor;
14666:             1             32  [Lcom.intellij.grazie.text.TextContent$ExclusionKind;
14667:             1             32  [Lcom.intellij.grazie.text.TextContentImpl$TokenKind;
14668:             1             32  [Lcom.intellij.grid.scripting.impl.DataLoaderPluginsManager$DataLoaderPlugin;
14669:             1             32  [Lcom.intellij.ide.ApplicationActivationStateManagerState;
14670:             1             32  [Lcom.intellij.ide.GeneralSettings$PropertyNames;
14671:             1             32  [Lcom.intellij.ide.ProcessCloseConfirmation;
14672:             1             32  [Lcom.intellij.ide.actions.StretchSplitAction$StretchDirection;
14673:             1             32  [Lcom.intellij.ide.browsers.BrowserFamily;
14674:             1             32  [Lcom.intellij.ide.browsers.DefaultBrowserPolicy;
14675:             1             32  [Lcom.intellij.ide.browsers.ReloadMode;
14676:             1             32  [Lcom.intellij.ide.diff.DirDiffSettings$CompareMode;
14677:             1             32  [Lcom.intellij.ide.gdpr.ConsentOptions$Permission;
14678:             1             32  [Lcom.intellij.ide.plugins.ModuleLoadingRule;
14679:             1             32  [Lcom.intellij.ide.plugins.ModuleVisibility;
14680:             1             32  [Lcom.intellij.ide.plugins.PluginModuleVisibilityCheckOption;
14681:             1             32  [Lcom.intellij.ide.plugins.PluginNode$Status;
14682:             1             32  [Lcom.intellij.ide.plugins.newui.EventHandler$SelectionType;
14683:             1             32  [Lcom.intellij.ide.plugins.newui.PluginDetailsPageComponent$EmptyState;
14684:             1             32  [Lcom.intellij.ide.projectView.NodeSortKey;
14685:             1             32  [Lcom.intellij.ide.projectView.impl.ProjectViewPreloadMode;
14686:             1             32  [Lcom.intellij.ide.scratch.ScratchFileService$Option;
14687:             1             32  [Lcom.intellij.ide.settings.RemoteSettingInfo$Endpoint;
14688:             1             32  [Lcom.intellij.ide.ui.AntialiasingType;
14689:             1             32  [Lcom.intellij.ide.ui.MainMenuDisplayMode;
14690:             1             32  [Lcom.intellij.ide.ui.laf.MouseDragSelectionEventHandler$DragSelectionMode;
14691:             1             32  [Lcom.intellij.ide.util.ModuleRendererFactory;
14692:             1             32  [Lcom.intellij.ide.util.treeView.TreeState$MultiplePathsVisitor$PathMatch;
14693:             1             32  [Lcom.intellij.ide.v.R.T3;
14694:             1             32  [Lcom.intellij.ide.v.R.Th;
14695:             1             32  [Lcom.intellij.indexing.shared.download.IndexDownloadConsentDecision;
14696:             1             32  [Lcom.intellij.internal.statistic.IdeActivityState;
14697:             1             32  [Lcom.intellij.internal.statistic.collectors.fus.settings.ProxySettingsCollector$ProxyType;
14698:             1             32  [Lcom.intellij.internal.statistic.config.eventLog.EventLogBuildType;
14699:             1             32  [Lcom.intellij.internal.statistic.eventLog.logger.EventsRateResultType;
14700:             1             32  [Lcom.intellij.internal.statistic.uploader.events.ExternalSystemEventType;
14701:             1             32  [Lcom.intellij.internal.statistic.utils.EventRateThrottleResult;
14702:             1             32  [Lcom.intellij.javascript.protractor.scope.ProtractorScopeKind;
14703:             1             32  [Lcom.intellij.javascript.terminal.PackageManager;
14704:             1             32  [Lcom.intellij.javascript.testing.detection.JsTestFrameworkApiDesign;
14705:             1             32  [Lcom.intellij.json.formatter.JsonCodeStyleSettings$PropertyAlignment;
14706:             1             32  [Lcom.intellij.kubernetes.editor.floatingToolbar.KubernetesFloatingToolbarVisibility;
14707:             1             32  [Lcom.intellij.kubernetes.telepresence.CommandFilter;
14708:             1             32  [Lcom.intellij.lang.ParserDefinition$SpaceRequirements;
14709:             1             32  [Lcom.intellij.lang.documentation.ide.ui.PopupUpdateEvent$ContentUpdateKind;
14710:             1             32  [Lcom.intellij.lang.javascript.dialects.JSLanguageLevel;
14711:             1             32  [Lcom.intellij.lang.javascript.formatter.JSCodeStyleSettings$BooleanWithGlobalOption;
14712:             1             32  [Lcom.intellij.lang.javascript.formatter.JSCodeStyleSettings$JSXAttributeValuePresentation;
14713:             1             32  [Lcom.intellij.lang.javascript.formatter.JSCodeStyleSettings$PathMappingOption;
14714:             1             32  [Lcom.intellij.lang.javascript.formatter.JSCodeStyleSettings$TrailingCommaOption;
14715:             1             32  [Lcom.intellij.lang.javascript.formatter.JSCodeStyleSettings$UseExplicitExtension;
14716:             1             32  [Lcom.intellij.lang.javascript.formatter.JSCodeStyleSettings$UseImportType;
14717:             1             32  [Lcom.intellij.lang.javascript.library.JSBundledLibraryFolder$RefreshStatus;
14718:             1             32  [Lcom.intellij.lang.javascript.parsing.ExpressionParser$BinaryParsingState;
14719:             1             32  [Lcom.intellij.lang.javascript.parsing.FunctionParser$Context;
14720:             1             32  [Lcom.intellij.lang.javascript.psi.JSElementBase$ClassOrInterface;
14721:             1             32  [Lcom.intellij.lang.javascript.psi.types.JSContext;
14722:             1             32  [Lcom.intellij.lang.javascript.psi.types.JSRecursiveTypeVisitor$Checks;
14723:             1             32  [Lcom.intellij.lang.javascript.psi.types.JSTypeContext;
14724:             1             32  [Lcom.intellij.lang.javascript.psi.types.JSTypeSource$SourceLanguage;
14725:             1             32  [Lcom.intellij.lang.javascript.service.ide.JSLanguageServiceEditorListenerBase$FileEditorEventType;
14726:             1             32  [Lcom.intellij.lang.parameterInfo.ParameterInfoUIContextEx$Flag;
14727:             1             32  [Lcom.intellij.lang.typescript.compiler.TypeScriptCompilerSettings$TypeScriptCompilerVersionType;
14728:             1             32  [Lcom.intellij.lang.typescript.compiler.languageService.TypeScriptLanguageServiceUtil$TypeScriptUseServiceState;
14729:             1             32  [Lcom.intellij.llmInstaller.InstallationState;
14730:             1             32  [Lcom.intellij.llmInstaller.ui.promo2.RemoteFeatureDisablerVerdict;
14731:             1             32  [Lcom.intellij.microservices.endpoints.EndpointsViewListener$ChangeType;
14732:             1             32  [Lcom.intellij.ml.inline.completion.features.correctness.EnrichmentTool$Aspect;
14733:             1             32  [Lcom.intellij.ml.inline.completion.impl.configuration.RedCodePolicy;
14734:             1             32  [Lcom.intellij.ml.inline.completion.impl.kit.MidLineInvocationPolicy;
14735:             1             32  [Lcom.intellij.ml.inline.completion.impl.logs.ProposalFeatures$CorrectnessState;
14736:             1             32  [Lcom.intellij.ml.inline.completion.impl.relevance.FilterModelState;
14737:             1             32  [Lcom.intellij.modcommand.Presentation$HighlightingKind;
14738:             1             32  [Lcom.intellij.notification.NotificationAnnouncingMode;
14739:             1             32  [Lcom.intellij.notification.NotificationDisplayType;
14740:             1             32  [Lcom.intellij.notification.NotificationType;
14741:             1             32  [Lcom.intellij.notification.impl.NotificationCollector$NotificationSeverity;
14742:             1             32  [Lcom.intellij.openapi.actionSystem.KeepPopupOnPerform;
14743:             1             32  [Lcom.intellij.openapi.actionSystem.toolbarLayout.Kind;
14744:             1             32  [Lcom.intellij.openapi.application.CoroutineSupport$UiDispatcherKind;
14745:             1             32  [Lcom.intellij.openapi.application.EdtReplacementThread;
14746:             1             32  [Lcom.intellij.openapi.application.impl.EdtDispatcherKind$LockBehavior;
14747:             1             32  [Lcom.intellij.openapi.application.impl.EdtDispatcherKind;
14748:             1             32  [Lcom.intellij.openapi.client.ClientType;
14749:             1             32  [Lcom.intellij.openapi.command.UndoConfirmationPolicy;
14750:             1             32  [Lcom.intellij.openapi.command.impl.MovementAvailability;
14751:             1             32  [Lcom.intellij.openapi.command.impl.UndoClientState$OperationInProgress;
14752:             1             32  [Lcom.intellij.openapi.components.StateStorageChooserEx$Resolution;
14753:             1             32  [Lcom.intellij.openapi.diagnostic.FrequentEventDetector$Level;
14754:             1             32  [Lcom.intellij.openapi.editor.CaretVisualAttributes$Weight;
14755:             1             32  [Lcom.intellij.openapi.editor.GenericLineWrapPositionStrategy$WrapCondition;
14756:             1             32  [Lcom.intellij.openapi.editor.HoverPopupContext$Relation;
14757:             1             32  [Lcom.intellij.openapi.editor.Inlay$Placement;
14758:             1             32  [Lcom.intellij.openapi.editor.actions.lists.TrailingComma;
14759:             1             32  [Lcom.intellij.openapi.editor.ex.BidiTextDirection;
14760:             1             32  [Lcom.intellij.openapi.editor.ex.EditorGutterFreePainterAreaState;
14761:             1             32  [Lcom.intellij.openapi.editor.ex.util.EditorActionAvailabilityHint$AvailabilityCondition;
14762:             1             32  [Lcom.intellij.openapi.editor.impl.ComplementaryFontsRegistry$FallBackInfo;
14763:             1             32  [Lcom.intellij.openapi.editor.impl.TabCharacterPaintMode;
14764:             1             32  [Lcom.intellij.openapi.editor.markup.AnalyzingType;
14765:             1             32  [Lcom.intellij.openapi.editor.markup.CustomHighlighterOrder;
14766:             1             32  [Lcom.intellij.openapi.editor.markup.GutterIconRenderer$Alignment;
14767:             1             32  [Lcom.intellij.openapi.editor.markup.LineMarkerRendererEx$Position;
14768:             1             32  [Lcom.intellij.openapi.editor.markup.TextAttributesEffectsBuilder$EffectSlot;
14769:             1             32  [Lcom.intellij.openapi.externalSystem.autoimport.ExternalSystemModificationType;
14770:             1             32  [Lcom.intellij.openapi.externalSystem.autoimport.ExternalSystemRefreshStatus;
14771:             1             32  [Lcom.intellij.openapi.externalSystem.autoimport.ExternalSystemSettingsFilesModificationContext$Event;
14772:             1             32  [Lcom.intellij.openapi.externalSystem.autoimport.ExternalSystemSettingsFilesModificationContext$ReloadStatus;
14773:             1             32  [Lcom.intellij.openapi.fileEditor.FileEditorStateLevel;
14774:             1             32  [Lcom.intellij.openapi.fileEditor.TextEditorWithPreview$Layout;
14775:             1             32  [Lcom.intellij.openapi.fileEditor.impl.FileEditorManagerImpl$OpenMode;
14776:             1             32  [Lcom.intellij.openapi.fileTypes.LanguageFileType;
14777:             1             32  [Lcom.intellij.openapi.observable.operation.core.ObservableOperationStatus;
14778:             1             32  [Lcom.intellij.openapi.options.SchemeState;
14779:             1             32  [Lcom.intellij.openapi.options.advanced.AdvancedSettingType;
14780:             1             32  [Lcom.intellij.openapi.progress.EmptyProgressIndicatorBase$RunState;
14781:             1             32  [Lcom.intellij.openapi.progress.impl.CoreProgressManager$CheckCanceledBehavior;
14782:             1             32  [Lcom.intellij.openapi.progress.util.TooManyUsagesStatus$Status;
14783:             1             32  [Lcom.intellij.openapi.project.SingleTaskExecutor$RunState;
14784:             1             32  [Lcom.intellij.openapi.project.configuration.HeadlessLogging$SeverityKind;
14785:             1             32  [Lcom.intellij.openapi.roots.OrderEnumerationHandler$AddDependencyType;
14786:             1             32  [Lcom.intellij.openapi.roots.impl.OrderEnumeratorBase$ProcessEntryActionType;
14787:             1             32  [Lcom.intellij.openapi.ui.DialogWrapper$IdeModalityType;
14788:             1             32  [Lcom.intellij.openapi.ui.Splitter$DividerPositionStrategy;
14789:             1             32  [Lcom.intellij.openapi.ui.Splitter$LackOfSpaceStrategy;
14790:             1             32  [Lcom.intellij.openapi.ui.panel.ProgressPanel$State;
14791:             1             32  [Lcom.intellij.openapi.ui.popup.Balloon$Position;
14792:             1             32  [Lcom.intellij.openapi.ui.popup.PopupCornerType;
14793:             1             32  [Lcom.intellij.openapi.updateSettings.impl.ChannelStatus;
14794:             1             32  [Lcom.intellij.openapi.updateSettings.impl.ExternalUpdateManager;
14795:             1             32  [Lcom.intellij.openapi.util.Pair;
14796:             1             32  [Lcom.intellij.openapi.util.io.FileAttributes$CaseSensitivity;
14797:             1             32  [Lcom.intellij.openapi.util.registry.RegistryValueSource;
14798:             1             32  [Lcom.intellij.openapi.vcs.VcsShowConfirmationOption$Value;
14799:             1             32  [Lcom.intellij.openapi.vcs.changes.Change$Type;
14800:             1             32  [Lcom.intellij.openapi.vcs.changes.IgnoreSettingsType;
14801:             1             32  [Lcom.intellij.openapi.vcs.impl.VcsInitialization$Status;
14802:             1             32  [Lcom.intellij.openapi.vcs.telemetry.VcsBackendTelemetrySpan$LogHistory;
14803:             1             32  [Lcom.intellij.openapi.vfs.CharsetToolkit$GuessedEncoding;
14804:             1             32  [Lcom.intellij.openapi.vfs.VFileProperty;
14805:             1             32  [Lcom.intellij.openapi.vfs.VersionManagingFileSystem$VersioningType;
14806:             1             32  [Lcom.intellij.openapi.vfs.encoding.EncodingProjectManagerImpl$BOMForNewUTF8Files;
14807:             1             32  [Lcom.intellij.openapi.wm.ToolWindow;
14808:             1             32  [Lcom.intellij.openapi.wm.ToolWindowType;
14809:             1             32  [Lcom.intellij.openapi.wm.ex.WindowManagerEx$WindowShadowMode;
14810:             1             32  [Lcom.intellij.openapi.wm.impl.IdeBackgroundUtil$Fill;
14811:             1             32  [Lcom.intellij.openapi.wm.impl.KeyState;
14812:             1             32  [Lcom.intellij.openapi.wm.impl.content.TabContentLayout$TabsDrawMode;
14813:             1             32  [Lcom.intellij.openapi.wm.impl.customFrameDecorations.header.toolbar.ShowMode;
14814:             1             32  [Lcom.intellij.openapi.wm.impl.status.InfoAndProgressPanel$AutoscrollLimit;
14815:             1             32  [Lcom.intellij.openapi.wm.impl.status.Position;
14816:             1             32  [Lcom.intellij.openapi.wm.impl.welcomeScreen.collapsedActionGroup.CollapsibleGroupHeaderSeparator$GroupHeaderSeparatorState;
14817:             1             32  [Lcom.intellij.platform.debugger.impl.frontend.RegistrationStatus;
14818:             1             32  [Lcom.intellij.platform.debugger.impl.frontend.hotswap.HotSwapButtonStatus;
14819:             1             32  [Lcom.intellij.platform.debugger.impl.rpc.XBreakpointTypeSerializableStandardPanels;
14820:             1             32  [Lcom.intellij.platform.eel.EelExecPosixApi$PosixEnvironmentVariablesOptions$Mode;
14821:             1             32  [Lcom.intellij.platform.eel.fs.EelFileInfo$CaseSensitivity;
14822:             1             32  [Lcom.intellij.platform.eel.fs.EelFileSystemApi$FileChangeType;
14823:             1             32  [Lcom.intellij.platform.eel.fs.EelFileSystemApi$SymlinkPolicy;
14824:             1             32  [Lcom.intellij.platform.eel.fs.EelOpenedFile$SeekWhence;
14825:             1             32  [Lcom.intellij.platform.ide.diagnostic.startUpPerformanceReporter.FUSProjectHotStartUpMeasurer$ProjectsType;
14826:             1             32  [Lcom.intellij.platform.plugins.parser.impl.elements.ModuleLoadingRule;
14827:             1             32  [Lcom.intellij.platform.plugins.parser.impl.elements.ModuleVisibility;
14828:             1             32  [Lcom.intellij.platform.recentFiles.shared.FileChangeKind;
14829:             1             32  [Lcom.intellij.platform.recentFiles.shared.RecentFileKind;
14830:             1             32  [Lcom.intellij.platform.settings.SetResultResolution;
14831:             1             32  [Lcom.intellij.platform.split.connection.SessionEndedReason;
14832:             1             32  [Lcom.intellij.platform.util.io.storages.intmultimaps.extendiblehashmap.ExtendibleMapFactory$NotClosedProperlyAction;
14833:             1             32  [Lcom.intellij.platform.util.io.storages.mmapped.MMappedFileStorageFactory$IfNotPageAligned;
14834:             1             32  [Lcom.intellij.profiler.CommonProfilerUiOptions$TabNameFormat;
14835:             1             32  [Lcom.intellij.psi.codeStyle.CodeStyleSettings$QuoteStyle;
14836:             1             32  [Lcom.intellij.psi.codeStyle.CommonCodeStyleSettings$WrapOnTyping;
14837:             1             32  [Lcom.intellij.psi.codeStyle.NameUtil$MatchingCaseSensitivity;
14838:             1             32  [Lcom.intellij.psi.impl.search.PsiSearchHelperImpl$QueryRequestsRunResult;
14839:             1             32  [Lcom.intellij.psi.search.PsiSearchHelper$SearchCostResult;
14840:             1             32  [Lcom.intellij.psi.stubs.SerializedStubTree$DeserializedIndexedStubs$RestoreState;
14841:             1             32  [Lcom.intellij.psi.stubs.StubInconsistencyReporter$StubTreeAndIndexDoNotMatchSource;
14842:             1             32  [Lcom.intellij.psi.stubs.StubList$ChildrenStorage;
14843:             1             32  [Lcom.intellij.refactoring.suggested.SuggestedRefactoringState$ErrorLevel;
14844:             1             32  [Lcom.intellij.rml.dfa.AnalysisOptions$CheckMode;
14845:             1             32  [Lcom.intellij.rml.dfa.AnalysisOptions$InlineVarsMode;
14846:             1             32  [Lcom.intellij.rml.dfa.AnalysisPass;
14847:             1             32  [Lcom.intellij.rml.dfa.BaseRelationKind;
14848:             1             32  [Lcom.intellij.rml.dfa.impl.transform.PathSensitiveCfgProcessorImpl$SplitMode;
14849:             1             32  [Lcom.intellij.rml.dfa.rml.dsl.ast.RmlAssignStatement$OperationType;
14850:             1             32  [Lcom.intellij.rml.dfa.rml.dsl.ast.RmlBinaryExpr$RelationBinOp;
14851:             1             32  [Lcom.intellij.settingsSync.core.config.SyncStatus;
14852:             1             32  [Lcom.intellij.spellchecker.dictionary.Dictionary$LookupStatus;
14853:             1             32  [Lcom.intellij.spellchecker.inspections.SpellCheckingInspection$SpellCheckingScope;
14854:             1             32  [Lcom.intellij.sql.psi.SqlLazyElementTypeImpl$ReparseType;
14855:             1             32  [Lcom.intellij.swagger.core.SwDownloadableFileType;
14856:             1             32  [Lcom.intellij.swagger.core.ui.SwPreviewType;
14857:             1             32  [Lcom.intellij.tasks.TaskType;
14858:             1             32  [Lcom.intellij.terminal.TerminalUiSettingsManager$CursorShape;
14859:             1             32  [Lcom.intellij.terminal.backend.TerminalShellIntegrationController$Param;
14860:             1             32  [Lcom.intellij.terminal.completion.spec.ShellFileInfo$Type;
14861:             1             32  [Lcom.intellij.terminal.frontend.action.TerminalEscapeAction$Handler;
14862:             1             32  [Lcom.intellij.toolWindow.InternalDecoratorImpl$Mode;
14863:             1             32  [Lcom.intellij.toolWindow.ToolWindowProperty;
14864:             1             32  [Lcom.intellij.ui.BalloonLayoutData$Type;
14865:             1             32  [Lcom.intellij.ui.HintHint$Status;
14866:             1             32  [Lcom.intellij.ui.JBAccountInfoService$LicensePack;
14867:             1             32  [Lcom.intellij.ui.LightweightHint$HintMode;
14868:             1             32  [Lcom.intellij.ui.components.JBHtmlPaneStyleConfiguration$ElementKind;
14869:             1             32  [Lcom.intellij.ui.components.JBScrollPane$Alignment;
14870:             1             32  [Lcom.intellij.ui.components.JBScrollPane$Flip;
14871:             1             32  [Lcom.intellij.ui.components.ScrollSource;
14872:             1             32  [Lcom.intellij.ui.components.panels.HorizontalLayout$Group;
14873:             1             32  [Lcom.intellij.ui.components.panels.ListLayout$Alignment;
14874:             1             32  [Lcom.intellij.ui.content.ContentManagerEvent$ContentOperation;
14875:             1             32  [Lcom.intellij.ui.dsl.builder.BottomGap;
14876:             1             32  [Lcom.intellij.ui.dsl.builder.RowLayout;
14877:             1             32  [Lcom.intellij.ui.dsl.builder.TopGap;
14878:             1             32  [Lcom.intellij.ui.dsl.builder.impl.DslComponentPropertyInternal;
14879:             1             32  [Lcom.intellij.ui.dsl.gridLayout.HorizontalAlign;
14880:             1             32  [Lcom.intellij.ui.icons.RowIcon$Alignment;
14881:             1             32  [Lcom.intellij.ui.paint.LinePainter2D$StrokeType;
14882:             1             32  [Lcom.intellij.ui.paint.PaintUtil$RoundingMode;
14883:             1             32  [Lcom.intellij.ui.popup.PopupComponentFactory$PopupType;
14884:             1             32  [Lcom.intellij.ui.popup.PopupPositionManager$Position;
14885:             1             32  [Lcom.intellij.ui.popup.list.SelectablePanel$Side;
14886:             1             32  [Lcom.intellij.ui.scale.DerivedScaleType;
14887:             1             32  [Lcom.intellij.ui.stripe.ErrorStripePainter$Alignment;
14888:             1             32  [Lcom.intellij.ui.tabs.JBTabsPosition;
14889:             1             32  [Lcom.intellij.ui.tabs.impl.TabLabel$ActionsPosition;
14890:             1             32  [Lcom.intellij.ui.tree.LeafState;
14891:             1             32  [Lcom.intellij.ui.tree.TreeVisitor$Action;
14892:             1             32  [Lcom.intellij.util.Alarm$ThreadToUse;
14893:             1             32  [Lcom.intellij.util.LineSeparator;
14894:             1             32  [Lcom.intellij.util.TakeWhileInclusiveSequence$NextState;
14895:             1             32  [Lcom.intellij.util.animation.Animation$Phase;
14896:             1             32  [Lcom.intellij.util.containers.ContainerUtil$MergeResult;
14897:             1             32  [Lcom.intellij.util.containers.JBIterator$Do;
14898:             1             32  [Lcom.intellij.util.containers.TreeNodeProcessingResult;
14899:             1             32  [Lcom.intellij.util.containers.TreeTraversal$BiOrderIt$Order;
14900:             1             32  [Lcom.intellij.util.containers.prefixTree.PrefixTreeImpl$TraverseDecision;
14901:             1             32  [Lcom.intellij.util.diff.DiffTree$CompareResult;
14902:             1             32  [Lcom.intellij.util.indexing.FileIndexingStateWithExplanation$FileIndexingState;
14903:             1             32  [Lcom.intellij.util.indexing.InitialScanningSkipReporter$NotSeenIdsBasedFullScanningDecision;
14904:             1             32  [Lcom.intellij.util.indexing.ProjectEntityIndexingService$Change;
14905:             1             32  [Lcom.intellij.util.indexing.RebuildStatus;
14906:             1             32  [Lcom.intellij.util.indexing.SkippingFullScanningCondition;
14907:             1             32  [Lcom.intellij.util.indexing.dependencies.IsFileChangedResult;
14908:             1             32  [Lcom.intellij.util.indexing.diagnostic.IndexLookupTimingsReporting$LookupOperation;
14909:             1             32  [Lcom.intellij.util.indexing.diagnostic.IndexesEvaluated;
14910:             1             32  [Lcom.intellij.util.indexing.diagnostic.ProjectScanningHistoryImpl$Stage;
14911:             1             32  [Lcom.intellij.util.indexing.impl.UpdatedEntryProcessor$UpdateKind;
14912:             1             32  [Lcom.intellij.util.indexing.projectFilter.FilterActionCancellationReason;
14913:             1             32  [Lcom.intellij.util.io.PowerStatus;
14914:             1             32  [Lcom.intellij.util.io.storage.HeavyProcessLatch$Type;
14915:             1             32  [Lcom.intellij.util.messages.Topic$BroadcastDirection;
14916:             1             32  [Lcom.intellij.util.ui.Centerizer$TYPE;
14917:             1             32  [Lcom.intellij.util.ui.UIUtil$ComponentStyle;
14918:             1             32  [Lcom.intellij.util.ui.UIUtil$FontSize;
14919:             1             32  [Lcom.intellij.util.ui.tree.ExpandOnDoubleClick;
14920:             1             32  [Lcom.intellij.util.ui.tree.TreeModelAdapter$EventType;
14921:             1             32  [Lcom.intellij.v.C.f;
14922:             1             32  [Lcom.intellij.vcs.DefaultVcsSymlinkResolver$Mode;
14923:             1             32  [Lcom.intellij.vcs.log.data.CurrentBranchConditionCache$State;
14924:             1             32  [Lcom.intellij.vcs.log.impl.VcsLogTabLocation;
14925:             1             32  [Lcom.intellij.vcs.log.visible.FilterKind;
14926:             1             32  [Lcom.intellij.webcore.libraries.ScriptingLibraryModel$LibraryLevel;
14927:             1             32  [Lcom.intellij.workspaceModel.core.fileIndex.impl.NonExistingFileSetKind;
14928:             1             32  [Lcom.intellij.workspaceModel.core.fileIndex.impl.WorkspaceFileInternalInfo$NonWorkspace;
14929:             1             32  [Lcom.intellij.xdebugger.breakpoints.SuspendPolicy;
14930:             1             32  [Lcom.jediterm.core.Platform;
14931:             1             32  [Lcom.jediterm.core.typeahead.TypeAheadTerminalModel$ShellType;
14932:             1             32  [Lcom.jediterm.terminal.emulator.charset.GraphicSet;
14933:             1             32  [Lcom.jediterm.terminal.emulator.mouse.MouseFormat;
14934:             1             32  [Lcom.jetbrains.T.v.v.v.C.v.j;
14935:             1             32  [Lcom.jetbrains.T.v.v.v.C.v.v;
14936:             2             32  [Lcom.jetbrains.cef.remote.thrift_codegen.ClientHandlers$AppHandler_OnContextInitialized_args$_Fields; (jcef)
14937:             2             32  [Lcom.jetbrains.cef.remote.thrift_codegen.ClientHandlers$LoadHandler_OnLoadEnd_result$_Fields; (jcef)
14938:             2             32  [Lcom.jetbrains.cef.remote.thrift_codegen.ClientHandlers$LoadHandler_OnLoadError_result$_Fields; (jcef)
14939:             2             32  [Lcom.jetbrains.cef.remote.thrift_codegen.ClientHandlers$LoadHandler_OnLoadStart_result$_Fields; (jcef)
14940:             2             32  [Lcom.jetbrains.cef.remote.thrift_codegen.ClientHandlers$RenderHandler_OnPaint_result$_Fields; (jcef)
14941:             2             32  [Lcom.jetbrains.cef.remote.thrift_codegen.ClientHandlers$ResourceHandler_Cancel_result$_Fields; (jcef)
14942:             2             32  [Lcom.jetbrains.cef.remote.thrift_codegen.ClientHandlers$ResourceRequestHandler_OnResourceLoadComplete_result$_Fields; (jcef)
14943:             2             32  [Lcom.jetbrains.cef.remote.thrift_codegen.Server$MessageRouter_AddHandler_result$_Fields; (jcef)
14944:             2             32  [Lcom.jetbrains.cef.remote.thrift_codegen.Server$MessageRouter_RemoveHandler_result$_Fields; (jcef)
14945:             2             32  [Lcom.jetbrains.cef.remote.thrift_codegen.Server$MessageRouter_RemoveMessageRouterFromBrowser_result$_Fields; (jcef)
14946:             2             32  [Lcom.jetbrains.cef.remote.thrift_codegen.Server$Request_Update_result$_Fields; (jcef)
14947:             2             32  [Lcom.jetbrains.cef.remote.thrift_codegen.Server$Response_Update_result$_Fields; (jcef)
14948:             2             32  [Lcom.jetbrains.cef.remote.thrift_codegen.Server$attach_result$_Fields; (jcef)
14949:             1             32  [Lcom.jetbrains.clones.configuration.RestrictedDuplicateScope;
14950:             1             32  [Lcom.jetbrains.ide.model.uiautomation.BeToolWindowState;
14951:             1             32  [Lcom.jetbrains.internal.IoOverNio$Debug; (java.base@21.0.8)
14952:             1             32  [Lcom.jetbrains.jsonSchema.widget.JsonSchemaStatusWidget$WidgetStatus;
14953:             1             32  [Lcom.jetbrains.plugins.webDeployment.config.PublishConfig$AutoUploadState;
14954:             1             32  [Lcom.jetbrains.plugins.webDeployment.config.PublishConfig$PromptOnRemoteOverwrite;
14955:             1             32  [Lcom.jetbrains.plugins.webDeployment.config.PublishConfig$TraceLevel;
14956:             1             32  [Lcom.jetbrains.rd.framework.base.BindState;
14957:             1             32  [Lcom.jetbrains.rhizomedb.Indexing;
14958:             1             32  [Lcom.jetbrains.rhizomedb.RefFlags;
14959:             1             32  [Lcom.sun.beans.util.Cache$Kind; (java.desktop)
14960:             1             32  [Lcom.sun.org.apache.xerces.internal.utils.XMLSecurityManager$NameMap; (java.xml@21.0.8)
14961:             1             32  [Lcom.sun.xml.bind.v2.model.core.ID;
14962:             1             32  [Lfleet.multiplatform.shims.DispatcherPriority;
14963:             1             32  [Lgit4idea.FsMonitor;
14964:             1             32  [Lgit4idea.branch.GitBranchType;
14965:             1             32  [Lgit4idea.commands.GitCommand$LockingPolicy;
14966:             1             32  [Lgit4idea.config.GitIncomingCheckStrategy;
14967:             1             32  [Lgit4idea.config.GitVcsApplicationSettings$AnnotateDetectMovementsOption;
14968:             1             32  [Lgit4idea.config.UpdateMethod;
14969:             1             32  [Lgit4idea.fetch.GitFetchTagsMode;
14970:             1             32  [Lgit4idea.index.ContentVersion;
14971:             1             32  [Lgit4idea.push.GitPushTargetType;
14972:             1             32  [Lgit4idea.statistics.RepositoryAvailability;
14973:             1             32  [Lio.grpc.ChannelLogger$ChannelLogLevel;
14974:             1             32  [Lio.grpc.InternalChannelz$ChannelTrace$Event$Severity;
14975:             1             32  [Lio.grpc.SecurityLevel;
14976:             1             32  [Lio.grpc.internal.ClientStreamListener$RpcProgress;
14977:             1             32  [Lio.grpc.internal.ManagedChannelImpl$ResolutionState;
14978:             1             32  [Lio.grpc.netty.shaded.io.grpc.netty.NegotiationType;
14979:             1             32  [Lio.grpc.netty.shaded.io.netty.handler.codec.http2.HpackDecoder$HeaderType;
14980:             1             32  [Lio.grpc.netty.shaded.io.netty.handler.codec.http2.HpackUtil$IndexType;
14981:             1             32  [Lio.grpc.netty.shaded.io.netty.handler.codec.http2.Http2Exception$ShutdownHint;
14982:             1             32  [Lio.grpc.netty.shaded.io.netty.util.ResourceLeakDetector$Level;
14983:             1             32  [Lio.netty.channel.DefaultChannelPipeline$AddStrategy;
14984:             1             32  [Lio.netty.util.ResourceLeakDetector$Level;
14985:             1             32  [Lio.opentelemetry.api.trace.StatusCode;
14986:             1             32  [Lio.opentelemetry.sdk.trace.SdkSpan$EndState;
14987:             1             32  [Lio.opentelemetry.sdk.trace.samplers.SamplingDecision;
14988:             1             32  [Lit.unimi.dsi.fastutil.ints.IntOpenHashSet;
14989:             1             32  [Ljava.awt.Dialog$ModalExclusionType; (java.desktop)
14990:             1             32  [Ljava.awt.Dialog$ModalityType; (java.desktop)
14991:             1             32  [Ljava.awt.EventFilter$FilterAction; (java.desktop)
14992:             1             32  [Ljava.awt.GraphicsDevice$WindowTranslucency; (java.desktop)
14993:             1             32  [Ljava.awt.Rectangle; (java.desktop)
14994:             1             32  [Ljava.awt.Window$Type; (java.desktop)
14995:             1             32  [Ljava.awt.image.ColorModel; (java.desktop)
14996:             1             32  [Ljava.awt.image.DirectColorModel; (java.desktop)
14997:             1             32  [Ljava.lang.ProcessImpl$LaunchMechanism; (java.base@21.0.8)
14998:             1             32  [Ljava.lang.StackStreamFactory$WalkerState; (java.base@21.0.8)
14999:             1             32  [Ljava.lang.Thread; (java.base@21.0.8)
15000:             1             32  [Ljava.lang.ThreadGroup; (java.base@21.0.8)
15001:             1             32  [Ljava.lang.ThreadLocal; (java.base@21.0.8)
15002:             1             32  [Ljava.lang.invoke.MethodHandleImpl$ArrayAccess; (java.base@21.0.8)
15003:             1             32  [Ljava.lang.module.ModuleDescriptor$Modifier; (java.base@21.0.8)
15004:             1             32  [Ljava.lang.module.ModuleDescriptor$Requires$Modifier; (java.base@21.0.8)
15005:             1             32  [Ljava.net.Proxy$Type; (java.base@21.0.8)
15006:             1             32  [Ljava.net.http.HttpClient$Redirect; (java.net.http@21.0.8)
15007:             1             32  [Ljava.nio.file.AccessMode; (java.base@21.0.8)
15008:             1             32  [Ljava.nio.file.FileTreeWalker$EventType; (java.base@21.0.8)
15009:             1             32  [Ljava.nio.file.FileVisitResult; (java.base@21.0.8)
15010:             1             32  [Ljava.nio.file.StandardCopyOption; (java.base@21.0.8)
15011:             2             32  [Ljava.nio.file.attribute.FileAttribute; (java.base@21.0.8)
15012:             1             32  [Ljava.text.Normalizer$Form; (java.base@21.0.8)
15013:             1             32  [Ljava.time.format.DateTimeFormatter; (java.base@21.0.8)
15014:             1             32  [Ljava.time.format.DateTimeFormatterBuilder$SettingsParser; (java.base@21.0.8)
15015:             1             32  [Ljava.time.format.ResolverStyle; (java.base@21.0.8)
15016:             1             32  [Ljava.time.temporal.IsoFields$Field; (java.base@21.0.8)
15017:             1             32  [Ljava.time.temporal.JulianFields$Field; (java.base@21.0.8)
15018:             1             32  [Ljava.util.LinkedHashMap; (java.base@21.0.8)
15019:             1             32  [Ljava.util.concurrent.atomic.AtomicLong; (java.base@21.0.8)
15020:             1             32  [Ljava.util.concurrent.atomic.AtomicReferenceFieldUpdater; (java.base@21.0.8)
15021:             1             32  [Ljava.util.regex.Pattern$Qtype; (java.base@21.0.8)
15022:             1             32  [Ljava.util.stream.MatchOps$MatchKind; (java.base@21.0.8)
15023:             1             32  [Ljava.util.stream.StreamShape; (java.base@21.0.8)
15024:             1             32  [Ljava.util.zip.ZipCoder$Comparison; (java.base@21.0.8)
15025:             1             32  [Ljavax.net.ssl.SSLEngineResult$Status; (java.base@21.0.8)
15026:             2             32  [Ljavax.security.cert.X509Certificate; (java.base@21.0.8)
15027:             1             32  [Ljavax.swing.ClientPropertyKey; (java.desktop)
15028:             1             32  [Ljavax.swing.GroupLayout$Alignment; (java.desktop)
15029:             1             32  [Ljavax.swing.UIManager$LookAndFeelInfo; (java.desktop)
15030:             1             32  [Ljavax.swing.text.PlainView$FPMethodArgs; (java.desktop)
15031:             1             32  [Ljavax.swing.text.html.CSS$CssValue; (java.desktop)
15032:             1             32  [Ljavax.xml.bind.annotation.XmlAccessType;
15033:             1             32  [Ljavax.xml.catalog.CatalogFeatures$Feature; (java.xml@21.0.8)
15034:             1             32  [Ljdk.internal.icu.util.CodePointTrie$ValueWidth; (java.base@21.0.8)
15035:             1             32  [Ljdk.internal.logger.BootstrapLogger$LoggingBackend; (java.base@21.0.8)
15036:             1             32  [Ljdk.internal.module.ServicesCatalog; (java.base@21.0.8)
15037:             1             32  [Ljdk.internal.net.http.Http1Response$State; (java.net.http@21.0.8)
15038:             1             32  [Ljdk.internal.net.http.ResponseContent$ChunkState; (java.net.http@21.0.8)
15039:             1             32  [Ljdk.internal.net.http.common.SubscriberWrapper$SchedulingAction; (java.net.http@21.0.8)
15040:             1             32  [Ljdk.internal.net.http.hpack.HPACK$Logger$Level; (java.net.http@21.0.8)
15041:             1             32  [Lkotlin.LazyThreadSafetyMode;
15042:             1             32  [Lkotlin.LazyThreadSafetyMode;
15043:             1             32  [Lkotlin.coroutines.intrinsics.CoroutineSingletons;
15044:             1             32  [Lkotlin.reflect.KFunction;
15045:             1             32  [Lkotlin.reflect.KParameter$Kind;
15046:             1             32  [Lkotlin.reflect.KVariance;
15047:             1             32  [Lkotlin.reflect.jvm.internal.impl.builtins.UnsignedArrayType;
15048:             1             32  [Lkotlin.reflect.jvm.internal.impl.builtins.UnsignedType;
15049:             1             32  [Lkotlin.reflect.jvm.internal.impl.builtins.functions.FunctionTypeKind;
15050:             1             32  [Lkotlin.reflect.jvm.internal.impl.builtins.jvm.JvmBuiltIns$Kind;
15051:             1             32  [Lkotlin.reflect.jvm.internal.impl.descriptors.CallableMemberDescriptor$Kind;
15052:             1             32  [Lkotlin.reflect.jvm.internal.impl.descriptors.Modality;
15053:             1             32  [Lkotlin.reflect.jvm.internal.impl.km.KmVariance;
15054:             1             32  [Lkotlin.reflect.jvm.internal.impl.km.KmVersionRequirementLevel;
15055:             1             32  [Lkotlin.reflect.jvm.internal.impl.km.KmVersionRequirementVersionKind;
15056:             1             32  [Lkotlin.reflect.jvm.internal.impl.km.MemberKind;
15057:             1             32  [Lkotlin.reflect.jvm.internal.impl.km.Modality;
15058:             1             32  [Lkotlin.reflect.jvm.internal.impl.load.java.ReportLevel;
15059:             1             32  [Lkotlin.reflect.jvm.internal.impl.load.java.SpecialGenericSignatures$SpecialSignatureInfo;
15060:             1             32  [Lkotlin.reflect.jvm.internal.impl.load.java.SpecialGenericSignatures$TypeSafeBarrierDescription;
15061:             1             32  [Lkotlin.reflect.jvm.internal.impl.load.java.descriptors.JavaMethodDescriptor$ParameterNamesStatus;
15062:             1             32  [Lkotlin.reflect.jvm.internal.impl.load.java.lazy.types.JavaTypeFlexibility;
15063:             1             32  [Lkotlin.reflect.jvm.internal.impl.load.java.typeEnhancement.NullabilityQualifier;
15064:             1             32  [Lkotlin.reflect.jvm.internal.impl.load.java.typeEnhancement.TypeComponentPosition;
15065:             1             32  [Lkotlin.reflect.jvm.internal.impl.metadata.ProtoBuf$Effect$EffectType;
15066:             1             32  [Lkotlin.reflect.jvm.internal.impl.metadata.ProtoBuf$Effect$InvocationKind;
15067:             1             32  [Lkotlin.reflect.jvm.internal.impl.metadata.ProtoBuf$Expression$ConstantValue;
15068:             1             32  [Lkotlin.reflect.jvm.internal.impl.metadata.ProtoBuf$QualifiedNameTable$QualifiedName$Kind;
15069:             1             32  [Lkotlin.reflect.jvm.internal.impl.metadata.ProtoBuf$Type$Argument$Projection;
15070:             1             32  [Lkotlin.reflect.jvm.internal.impl.metadata.ProtoBuf$TypeParameter$Variance;
15071:             1             32  [Lkotlin.reflect.jvm.internal.impl.metadata.ProtoBuf$VersionRequirement$Level;
15072:             1             32  [Lkotlin.reflect.jvm.internal.impl.metadata.ProtoBuf$VersionRequirement$VersionKind;
15073:             1             32  [Lkotlin.reflect.jvm.internal.impl.metadata.jvm.JvmProtoBuf$StringTableTypes$Record$Operation;
15074:             1             32  [Lkotlin.reflect.jvm.internal.impl.renderer.AnnotationArgumentsRenderingPolicy;
15075:             1             32  [Lkotlin.reflect.jvm.internal.impl.renderer.OverrideRenderingPolicy;
15076:             1             32  [Lkotlin.reflect.jvm.internal.impl.renderer.ParameterNameRenderingPolicy;
15077:             1             32  [Lkotlin.reflect.jvm.internal.impl.renderer.PropertyAccessorRenderingPolicy;
15078:             1             32  [Lkotlin.reflect.jvm.internal.impl.resolve.ExternalOverridabilityCondition$Contract;
15079:             1             32  [Lkotlin.reflect.jvm.internal.impl.resolve.ExternalOverridabilityCondition$Result;
15080:             1             32  [Lkotlin.reflect.jvm.internal.impl.resolve.OverridingUtil$OverrideCompatibilityInfo$Result;
15081:             1             32  [Lkotlin.reflect.jvm.internal.impl.serialization.deserialization.AnnotatedCallableKind;
15082:             1             32  [Lkotlin.reflect.jvm.internal.impl.storage.LockBasedStorageManager$NotValue;
15083:             1             32  [Lkotlin.reflect.jvm.internal.impl.types.TypeCheckerState$LowerCapturedTypePolicy;
15084:             1             32  [Lkotlin.reflect.jvm.internal.impl.types.TypeSubstitutor$VarianceConflictType;
15085:             1             32  [Lkotlin.reflect.jvm.internal.impl.types.Variance;
15086:             1             32  [Lkotlin.reflect.jvm.internal.impl.types.model.CaptureStatus;
15087:             1             32  [Lkotlin.reflect.jvm.internal.impl.types.model.TypeVariance;
15088:             1             32  [Lkotlin.time.Duration;
15089:             1             32  [Lkotlinx.coroutines.CoroutineStart;
15090:             1             32  [Lkotlinx.coroutines.CoroutineStart;
15091:             1             32  [Lkotlinx.coroutines.channels.BufferOverflow;
15092:             1             32  [Lkotlinx.coroutines.flow.SharingCommand;
15093:             1             32  [Lkotlinx.coroutines.internal.ThreadSafeHeapNode;
15094:             1             32  [Lkotlinx.coroutines.selects.TrySelectDetailedResult;
15095:             1             32  [Lkotlinx.html.AreaShape;
15096:             1             32  [Lkotlinx.html.ButtonFormEncType;
15097:             1             32  [Lkotlinx.html.ButtonType;
15098:             1             32  [Lkotlinx.html.CommandType;
15099:             1             32  [Lkotlinx.html.Dir;
15100:             1             32  [Lkotlinx.html.Draggable;
15101:             1             32  [Lkotlinx.html.FormEncType;
15102:             1             32  [Lkotlinx.html.IframeSandbox;
15103:             1             32  [Lkotlinx.html.InputFormEncType;
15104:             1             32  [Lkotlinx.html.ThScope;
15105:             1             32  [Lkotlinx.serialization.json.ClassDiscriminatorMode;
15106:             1             32  [Lkotlinx.serialization.json.ClassDiscriminatorMode;
15107:             1             32  [Lkotlinx.serialization.json.internal.WriteMode;
15108:             1             32  [Lkotlinx.serialization.json.internal.WriteMode;
15109:             1             32  [Lkotlinx.serialization.protobuf.ProtoIntegerType;
15110:             1             32  [Lorg.apache.http.conn.ssl.DefaultHostnameVerifier$HostNameType;
15111:             1             32  [Lorg.apache.http.conn.util.DomainType;
15112:             1             32  [Lorg.apache.http.impl.cookie.RFC6265CookieSpecProvider$CompatibilityLevel;
15113:             1             32  [Lorg.apache.lucene.analysis.hunspell.ModifyingSuggester$GradedSuggestions;
15114:             1             32  [Lorg.apache.lucene.analysis.hunspell.TimeoutPolicy;
15115:             1             32  [Lorg.apache.lucene.analysis.hunspell.WordCase$CharCase;
15116:             1             32  [Lorg.apache.lucene.store.ReadAdvice;
15117:             1             32  [Lorg.apache.lucene.util.fst.FST$INPUT_TYPE;
15118:             1             32  [Lorg.apache.xerces.impl.dv.xs.AbstractDateTimeDV$DateTimeData;
15119:             1             32  [Lorg.h2.mvstore.MVMap$Decision;
15120:             1             32  [Lorg.imgscalr.Scalr$Mode;
15121:             1             32  [Lorg.intellij.markdown.flavours.gfm.TablesGeneratingProvider$Alignment;
15122:             1             32  [Lorg.intellij.markdown.parser.markerblocks.MarkerBlock$ClosingAction;
15123:             1             32  [Lorg.intellij.plugins.intelliLang.Configuration$DfaOption;
15124:             1             32  [Lorg.intellij.plugins.intelliLang.Configuration$InstrumentationType;
15125:             1             32  [Lorg.intellij.plugins.markdown.settings.MarkdownCodeInsightSettings$ListNumberingType;
15126:             1             32  [Lorg.intellij.terraform.hcl._HCLLexer$StringType;
15127:             1             32  [Lorg.intellij.terraform.hcl.formatter.PropertyAlignment;
15128:             1             32  [Lorg.intellij.terraform.hil.ILLanguageInjector$Type;
15129:             1             32  [Lorg.intellij.terraform.install.TfToolType;
15130:             1             32  [Lorg.jdom.output.Format$TextMode;
15131:             1             32  [Lorg.jetbrains.completion.full.line.impl.hardware.FullLineHardwareInfoService$CompatibilityState;
15132:             1             32  [Lorg.jetbrains.completion.full.line.impl.local.LocalGeneratorsCache$GeneratorState;
15133:             1             32  [Lorg.jetbrains.completion.full.line.impl.local.files.DownloadModelConsentPolicy;
15134:             1             32  [Lorg.jetbrains.completion.full.line.language.BlockType;
15135:             1             32  [Lorg.jetbrains.completion.full.line.language.TrimPolicy;
15136:             1             32  [Lorg.jetbrains.completion.full.line.language.supporters.FormatterType;
15137:             1             32  [Lorg.jetbrains.concurrency.Promise$State;
15138:             1             32  [Lorg.jetbrains.ide.HttpRequestHandler$OriginCheckResult;
15139:             1             32  [Lorg.jetbrains.jewel.foundation.Stroke$Alignment;
15140:             1             32  [Lorg.jetbrains.jewel.ui.component.styling.TooltipAutoHideBehavior;
15141:             1             32  [Lorg.jetbrains.plugins.terminal.TerminalEngine;
15142:             1             32  [Lorg.jetbrains.plugins.terminal.block.completion.spec.ShellCommandSpecConflictStrategy;
15143:             1             32  [Lorg.jetbrains.plugins.terminal.block.prompt.TerminalPromptStyle;
15144:             1             32  [Lorg.jetbrains.plugins.terminal.block.reworked.hyperlinks.ParsingState;
15145:             1             32  [Lorg.jetbrains.plugins.terminal.fus.TerminalCommandCompletionMode;
15146:             1             32  [Lorg.jetbrains.plugins.terminal.fus.TerminalNonToolWindowFocus;
15147:             1             32  [Lorg.jetbrains.plugins.terminal.session.impl.dto.MouseFormatDto;
15148:             1             32  [Lorg.jetbrains.plugins.terminal.util.ShellType;
15149:             1             32  [Lorg.jetbrains.plugins.textmate.Constants$CaptureKey;
15150:             1             32  [Lorg.jetbrains.plugins.textmate.bundles.BundleType;
15151:             1             32  [Lorg.jetbrains.skia.ColorAlphaType;
15152:             1             32  [Lorg.jetbrains.skia.FilterTileMode;
15153:             1             32  [Lorg.jetbrains.skia.FontEdging;
15154:             1             32  [Lorg.jetbrains.skia.FontHinting;
15155:             1             32  [Lorg.jetbrains.skia.FontSlant;
15156:             1             32  [Lorg.jetbrains.skia.MipmapMode;
15157:             1             32  [Lorg.jetbrains.skia.PaintMode;
15158:             1             32  [Lorg.jetbrains.skia.PaintStrokeJoin;
15159:             1             32  [Lorg.jetbrains.skia.PathFillMode;
15160:             1             32  [Lorg.jetbrains.skia.paragraph.HeightMode;
15161:             1             32  [Lorg.jetbrains.skiko.FrameBuffering;
15162:             1             32  [Lorg.jetbrains.skiko.GpuPriority;
15163:             1             32  [Lorg.jsoup.nodes.Document$QuirksMode;
15164:             1             32  [Lorg.jsoup.nodes.Entities$CoreCharset;
15165:             1             32  [Lorg.jsoup.nodes.Entities$EscapeMode;
15166:             1             32  [Lorg.languagetool.JLanguageTool$Mode;
15167:             1             32  [Lorg.languagetool.JLanguageTool$ParagraphHandling;
15168:             1             32  [Lorg.languagetool.markup.TextPart$Type;
15169:             1             32  [Lorg.languagetool.rules.AbstractSimpleReplaceRule2$CaseSensitivy;
15170:             1             32  [Lorg.languagetool.rules.en.AvsAnRule$Determiner;
15171:             1             32  [Lorg.slf4j.helpers.Reporter$Level;
15172:             1             32  [Lorg.yaml.snakeyaml.DumperOptions$FlowStyle;
15173:             1             32  [Lorg.yaml.snakeyaml.comments.CommentType;
15174:             1             32  [Lorg.yaml.snakeyaml.nodes.NodeId;
15175:             1             32  [Lsun.awt.AppContext$State; (java.desktop)
15176:             1             32  [Lsun.font.PhysicalStrike; (java.desktop)
15177:             1             32  [Lsun.java2d.MacOSFlags$PropertyState; (java.desktop)
15178:             1             32  [Lsun.java2d.StateTrackable$State; (java.desktop)
15179:             1             32  [Lsun.java2d.SunGraphicsEnvironment$LogDisplay; (java.desktop)
15180:             1             32  [Lsun.java2d.marlin.DMarlinRenderingEngine$NormMode; (java.desktop)
15181:             1             32  [Lsun.lwawt.LWComponentPeer; (java.desktop)
15182:             1             32  [Lsun.net.www.protocol.http.HttpURLConnection$TunnelState; (java.base@21.0.8)
15183:             1             32  [Lsun.security.provider.NativePRNG$Variant; (java.base@21.0.8)
15184:             1             32  [Lsun.security.provider.certpath.OCSP$RevocationStatus$CertStatus; (java.base@21.0.8)
15185:             1             32  [Lsun.security.ssl.CipherSuite$HashAlg; (java.base@21.0.8)
15186:             1             32  [Lsun.security.ssl.CipherType; (java.base@21.0.8)
15187:             1             32  [Lsun.security.ssl.ClientAuthType; (java.base@21.0.8)
15188:             1             32  [Lsun.security.ssl.ECPointFormatsExtension$ECPointFormat; (java.base@21.0.8)
15189:             1             32  [Lsun.security.ssl.Finished$VerifyDataScheme; (java.base@21.0.8)
15190:             1             32  [Lsun.security.ssl.SSLMasterKeyDerivation; (java.base@21.0.8)
15191:             1             32  [Lsun.security.ssl.SSLTrafficKeyDerivation; (java.base@21.0.8)
15192:             1             32  [Lsun.security.ssl.SignatureScheme$SigAlgParamSpec; (java.base@21.0.8)
15193:             1             32  [[Ljavax.swing.text.html.CSS$Attribute; (java.desktop)
15194:             1             32  [[Lsun.security.ec.point.ProjectivePoint$Immutable; (jdk.crypto.ec@21.0.8)
15195:             2             32  ai.grazie.detector.utils.filter.AggregatedTextFilter
15196:             2             32  ai.grazie.nlp.utils.normalization.StripAccentsNormalizer
15197:             1             32  ai.grazie.rules.common.MultiWordSpelling
15198:             1             32  ai.grazie.rules.common.MultiWordSpelling$$Lambda/0x0000009804c28000
15199:             1             32  ai.grazie.rules.en.EnglishParameters$ContractionUse
15200:             1             32  ai.grazie.rules.en.EnglishParameters$DashStyle
15201:             1             32  ai.grazie.rules.en.EnglishParameters$SpellOutNumerals
15202:             1             32  ai.grazie.rules.en.EnglishParameters$UseSerialComma
15203:             1             32  ai.grazie.rules.en.EnglishParameters$Variant
15204:             1             32  ai.grazie.rules.en.EnglishTreeSupport
15205:             1             32  ai.grazie.rules.en.PunctuationRules$$Lambda/0x0000009804c46018
15206:             2             32  ai.grazie.rules.tree.NodeCorrector$$Lambda/0x0000009804be3398
15207:             2             32  ai.grazie.rules.tree.NodePattern$$Lambda/0x0000009804c3d8d8
15208:             2             32  ai.grazie.rules.tree.NodePattern$$Lambda/0x0000009804c3db30
15209:             2             32  ai.grazie.rules.tree.NodePattern$$Lambda/0x0000009804c3ea28
15210:             2             32  ai.grazie.rules.tree.NodePattern$$Lambda/0x0000009804c3ec78
15211:             1             32  ai.grazie.rules.tree.PosEnumerator
15212:             2             32  ai.grazie.spell.GrazieSpeller
15213:             2             32  ai.grazie.spell.dictionary.RuleDictionary$Aggregated
15214:             2             32  ai.grazie.spell.suggestion.ranker.CasingSuggestionRanker
15215:             2             32  ai.grazie.spell.suggestion.ranker.DamerauLevenshteinSuggestionRanker
15216:             2             32  ai.grazie.spell.suggestion.ranker.FrequencySuggestionRanker
15217:             1             32  androidx.collection.MutableIntSet
15218:             1             32  androidx.collection.MutableLongSet
15219:             2             32  androidx.collection.internal.Lock
15220:             2             32  androidx.collection.internal.LruHashMap
15221:             2             32  androidx.compose.foundation.layout.WrapContentElement$Companion$$Lambda/0x0000009803c1b848
15222:             2             32  androidx.compose.foundation.layout.WrapContentElement$Companion$$Lambda/0x0000009803c1baa0
15223:             2             32  androidx.compose.foundation.layout.WrapContentElement$Companion$$Lambda/0x0000009803c1bcf8
15224:             1             32  androidx.compose.foundation.shape.RoundedCornerShape
15225:             2             32  androidx.compose.runtime.composer.gapbuffer.GapAnchor
15226:             1             32  androidx.compose.runtime.external.kotlinx.collections.immutable.implementations.immutableMap.PersistentHashMap
15227:             1             32  androidx.compose.runtime.external.kotlinx.collections.immutable.implementations.immutableMap.TrieNode
15228:             1             32  androidx.compose.runtime.internal.PersistentCompositionLocalHashMap
15229:             1             32  androidx.compose.runtime.snapshots.SnapshotDoubleIndexHeap
15230:             1             32  androidx.compose.ui.graphics.BlurEffect
15231:             1             32  androidx.compose.ui.graphics.Shadow
15232:             1             32  androidx.compose.ui.graphics.colorspace.Lab
15233:             1             32  androidx.compose.ui.graphics.colorspace.Oklab
15234:             1             32  androidx.compose.ui.graphics.colorspace.Xyz
15235:             2             32  androidx.compose.ui.layout.HorizontalAlignmentLine
15236:             1             32  androidx.compose.ui.text.AnnotatedString
15237:             1             32  androidx.compose.ui.text.ExpireAfterAccessCache
15238:             1             32  androidx.compose.ui.text.font.AsyncTypefaceCache
15239:             2             32  androidx.compose.ui.text.font.AsyncTypefaceCache$AsyncTypefaceResult
15240:             1             32  androidx.compose.ui.text.platform.FontCache
15241:             2             32  androidx.compose.ui.text.platform.SynchronizedObject
15242:             1             32  androidx.compose.ui.text.style.TextIndent
15243:             2             32  androidx.compose.ui.text.style.TextMotion
15244:             1             32  androidx.compose.ui.unit.IntRect
15245:             1             32  com.android.studio.ml.ActiveModelProviderImpl
15246:             1             32  com.android.studio.ml.Authenticator$UserInfo
15247:             1             32  com.android.studio.ml.SmlBundle
15248:             2             32  com.android.studio.ml.completion.SmlInlineCompletionStatusBarWidgetFactory$Widget$$Lambda/0x0000009803a2c888
15249:             1             32  com.android.studio.ml.completion.metrics.RevisionTrackerService
15250:             1             32  com.android.studio.ml.deprecation.DeprecationPolicy
15251:             1             32  com.android.studio.ml.devmode.DevModeModelProvider
15252:             1             32  com.android.studio.ml.metrics.SmlCodeEditedMetricsServiceImpl
15253:             1             32  com.android.studio.ml.templates.RulesPromptsProvider
15254:             1             32  com.android.studio.ml.vcs.action.SuggestCommitMessageAction$PromptProvider
15255:             2             32  com.apple.eawt.FullScreenHandler (java.desktop)
15256:             1             32  com.apple.laf.AquaFileChooserUI$ApproveSelectionAction (java.desktop)
15257:             1             32  com.apple.laf.AquaFileChooserUI$DefaultButtonAction (java.desktop)
15258:             1             32  com.apple.laf.AquaFileChooserUI$DirectoryComboBoxAction (java.desktop)
15259:             1             32  com.apple.laf.AquaFileChooserUI$FilterComboBoxAction (java.desktop)
15260:             1             32  com.apple.laf.AquaFileChooserUI$FilterComboBoxModel (java.desktop)
15261:             1             32  com.apple.laf.AquaFileChooserUI$NewFolderAction (java.desktop)
15262:             1             32  com.apple.laf.AquaFileChooserUI$OpenSelectionAction (java.desktop)
15263:             2             32  com.apple.laf.AquaFileChooserUI$SaveTextFocusListener (java.desktop)
15264:             1             32  com.apple.laf.AquaFileSystemModel$FilesLoader (java.desktop)
15265:             2             32  com.apple.laf.AquaIcon$SystemIconSingleton (java.desktop)
15266:             1             32  com.apple.laf.AquaLookAndFeel (java.desktop)
15267:             1             32  com.esotericsoftware.kryo.kryo5.util.Generics$GenericsHierarchy
15268:             1             32  com.fasterxml.aalto.util.BufferRecycler
15269:             2             32  com.fasterxml.aalto.util.UriCanonicalizer
15270:             1             32  com.fasterxml.jackson.databind.cfg.DatatypeFeatures
15271:             1             32  com.fasterxml.jackson.databind.deser.std.JsonNodeDeserializer
15272:             1             32  com.fasterxml.jackson.databind.introspect.DefaultAccessorNamingStrategy$Provider
15273:             2             32  com.fasterxml.jackson.databind.node.BooleanNode
15274:             2             32  com.fasterxml.jackson.databind.ser.impl.PropertySerializerMap$Empty
15275:             1             32  com.fasterxml.jackson.databind.ser.std.CalendarSerializer
15276:             1             32  com.fasterxml.jackson.databind.ser.std.DateSerializer
15277:             1             32  com.fasterxml.jackson.databind.ser.std.NumberSerializers$FloatSerializer
15278:             1             32  com.fasterxml.jackson.databind.ser.std.NumberSerializers$IntLikeSerializer
15279:             1             32  com.fasterxml.jackson.databind.ser.std.NumberSerializers$ShortSerializer
15280:             2             32  com.fasterxml.jackson.databind.type.TypeParser
15281:             1             32  com.fasterxml.jackson.jr.ob.api.MapBuilder$Default
15282:             1             32  com.fasterxml.jackson.jr.type.TypeBindings
15283:             2             32  com.github.benmanes.caffeine.cache.Async$AsyncWeigher
15284:             2             32  com.github.benmanes.caffeine.cache.LocalAsyncLoadingCache$$Lambda/0x00000098028bc888
15285:             1             32  com.github.benmanes.caffeine.cache.NodeFactory$DeadWeakKey
15286:             1             32  com.github.benmanes.caffeine.cache.NodeFactory$RetiredWeakKey
15287:             1             32  com.github.benmanes.caffeine.cache.PWMS
15288:             2             32  com.goide.GoPluginDisposable
15289:             2             32  com.goide.codeInsight.imports.GoImportOptimizer$Task
15290:             2             32  com.goide.codeInsight.imports.GoOptimizedImportsTracker
15291:             2             32  com.goide.completion.BracesInsertHandler
15292:             2             32  com.goide.completion.GoCompletionUtil$GoExprCaseClauseKeyword
15293:             2             32  com.goide.completion.GoTypeKeywordCompletionContributor$TypeCompletionProvider
15294:             1             32  com.goide.completion.ml.GoMLRankingProvider
15295:             2             32  com.goide.dfa.symbolicExecution.interpreter.Restriction$Bool
15296:             2             32  com.goide.dfa.symbolicExecution.interpreter.Restriction$Nilness
15297:             1             32  com.goide.dlv.DlvGoVersion
15298:             1             32  com.goide.documentation.GoDocLink$Type$1
15299:             1             32  com.goide.documentation.GoDocLink$Type$2
15300:             1             32  com.goide.documentation.GoDocLink$Type$3
15301:             1             32  com.goide.documentation.GoDocLink$Type$4
15302:             1             32  com.goide.documentation.GoKeywordDescription
15303:             2             32  com.goide.editor.GoInstallTemplatePluginNotificationProvider
15304:             2             32  com.goide.editor.ui.GoLand5Anniversary
15305:             1             32  com.goide.execution.GoBuildingRunner$DownloadFromTargetParameter
15306:             2             32  com.goide.execution.GoBuildingRunningState$$Lambda/0x0000009805e47740
15307:             1             32  com.goide.execution.GoRemoteDebugConfigurationType
15308:             1             32  com.goide.execution.extension.GoRunConfigurationExtensionsManager
15309:             2             32  com.goide.go.GoInheritorsSearch
15310:             2             32  com.goide.go.GoMethodInheritorsSearch
15311:             2             32  com.goide.highlighting.GoAnnotator
15312:             2             32  com.goide.highlighting.errors.GoFunctionDeclarationSpecChecker$$Lambda/0x000000980491a9c8
15313:             2             32  com.goide.highlighting.legacyErrorInspections.GoTypeCheckingUtil$NamedTypeWithoutQualifierPresentationFunction
15314:             2             32  com.goide.inspections.GoFileTooBigNotificationProvider
15315:             2             32  com.goide.inspections.GoWrongSdkConfigurationNotificationProvider
15316:             1             32  com.goide.inspections.clones.GoDuplicateScope
15317:             1             32  com.goide.inspections.fmtstring.GoExcludedPrintfFuncsPersistentSet
15318:             1             32  com.goide.inspections.fmtstring.parser.tokens.GoFmtStringText
15319:             2             32  com.goide.microservices.declarations.HttpMethodResolution$FromChainedMethod
15320:             2             32  com.goide.postfix.GoPostfixTemplateExpressionCondition$GoChannel
15321:             2             32  com.goide.postfix.GoPostfixTemplateExpressionCondition$GoMap
15322:             2             32  com.goide.postfix.GoPostfixTemplateExpressionCondition$GoSlice
15323:             1             32  com.goide.profiler.block.PprofBlockingState
15324:             1             32  com.goide.profiler.memory.PprofMemoryState
15325:             1             32  com.goide.profiler.mutex.PprofMutexState
15326:             2             32  com.goide.project.GoPluginInitialConfigurator$1
15327:             2             32  com.goide.project.GoPluginUrgentConfigurator$$Lambda/0x0000009803695060
15328:             2             32  com.goide.project.GoScopesProvider
15329:             1             32  com.goide.project.GoSdkLibraryRootProvider$GoSdkLibrary
15330:             2             32  com.goide.psi.GoFile$$Lambda/0x0000009804783480
15331:             2             32  com.goide.psi.GoPsiTreeChangeProcessor
15332:             2             32  com.goide.psi.impl.GoLightType$$Lambda/0x00000098048c3b58
15333:             2             32  com.goide.psi.impl.GoLightType$$Lambda/0x0000009804919c70
15334:             2             32  com.goide.refactor.GoNamesValidator
15335:             2             32  com.goide.refactor.addInterfaceMethod.GoAddMethodToInterfaceCodeVisionEditorListener
15336:             2             32  com.goide.sdk.GoSdkService$GoProjectsSdkState
15337:             1             32  com.goide.statistics.GoRunConfigurationStatisticsCollector
15338:             1             32  com.goide.statistics.errors.GoStatisticsWhiteListsService
15339:             2             32  com.goide.vendor.GoEditingVendoredFileNotificationProvider
15340:             2             32  com.goide.vendor.GoVendoredFileChangeTracker$$Lambda/0x0000009803edfcf0
15341:             2             32  com.goide.vendor.GoVendoredFileChangeTracker$MyFileDocumentManagerListener
15342:             2             32  com.goide.vendor.GoVendoredFileChangeTracker$MyFileEditorManagerListener
15343:             2             32  com.goide.vgo.$Proxy147
15344:             2             32  com.goide.vgo.VgoExternalSystemAutoImportDisabledNotificationProvider
15345:             2             32  com.goide.vgo.VgoModulesAware$2
15346:             2             32  com.goide.vgo.VgoProxyNeededNotificationProvider
15347:             2             32  com.goide.vgo.VgoUnknownDependenciesNotificationProvider
15348:             2             32  com.goide.vgo.mod.workspace.VgoWorkspaceUnsupportedSDKVersionNotificationProvider
15349:             1             32  com.goide.vgo.project.workspaceModel.entities.VgoModuleCacheDirectoryEntityType
15350:             1             32  com.goide.vgo.project.workspaceModel.entities.VgoStandaloneModuleEntityType
15351:             2             32  com.goide.watchers.GoFmtFileWatcherMigrationHandler$$Lambda/0x0000009804014000
15352:             2             32  com.google.aiplugin.mcp.McpHostImpl$StudioBotToolWindowListener
15353:             1             32  com.google.api.client.util.DateTime
15354:             1             32  com.google.cloud.developerexperience.cloudcode.intellij.auth.GoogleLoginCredential
15355:             2             32  com.google.cloud.tools.intellij.service.ApiEndpointOverride
15356:             1             32  com.google.common.base.CaseFormat$1
15357:             1             32  com.google.common.base.CaseFormat$2
15358:             1             32  com.google.common.base.CaseFormat$3
15359:             1             32  com.google.common.base.CaseFormat$4
15360:             1             32  com.google.common.base.CaseFormat$5
15361:             2             32  com.google.common.base.CharMatcher$InRange
15362:             1             32  com.google.common.base.Splitter
15363:             2             32  com.google.gson.internal.bind.JsonAdapterAnnotationTypeAdapterFactory$DummyTypeAdapterFactory
15364:             1             32  com.google.gson.internal.reflect.ReflectionHelper$RecordSupportedHelper
15365:             1             32  com.google.protobuf.DescriptorMessageInfoFactory$IsInitializedCheckAnalyzer
15366:             1             32  com.google.protobuf.ExtensionRegistry
15367:             1             32  com.google.protobuf.FloatArrayList
15368:             1             32  com.google.protobuf.IntArrayList
15369:             1             32  com.google.protobuf.ProtobufArrayList
15370:             1             32  com.google.protobuf.UnknownFieldSetLite
15371:             1             32  com.google.tools.intellij.aiplugin.AiPluginCompletionModel
15372:             2             32  com.google.tools.intellij.aiplugin.AiPluginProductBrandingProvider
15373:             1             32  com.google.tools.intellij.aiplugin.CaicProjectServiceImpl$2
15374:             1             32  com.google.tools.intellij.aiplugin.SmlIjBundle
15375:             1             32  com.google.tools.intellij.aiplugin.analytics.AiPluginCodeEditedListener
15376:             1             32  com.google.tools.intellij.aiplugin.analytics.AiPluginOnboardingSessionTracking
15377:             1             32  com.google.tools.intellij.aiplugin.analytics.UsageTrackerService
15378:             2             32  com.google.tools.intellij.aiplugin.completion.DismissSuggestionsActivity$$Lambda/0x0000009803934000
15379:             1             32  com.google.tools.intellij.aiplugin.experimentation.ExperimentationCacheService$1
15380:             1             32  com.google.tools.intellij.aiplugin.oauth.AiPluginLoginService
15381:             1             32  com.google.tools.intellij.aiplugin.onboarding.HealthChecker
15382:             1             32  com.google.tools.intellij.aiplugin.settings.AiPluginEndpointOverrideUrl
15383:             1             32  com.google.tools.intellij.aiplugin.tier.UserTierService$State$Ready
15384:             2             32  com.google.tools.intellij.aiplugin.transform.discover.DismissFinishChangesDiscoverabilityEditorInlay$$Lambda/0x00000098039360a0
15385:             1             32  com.ibm.icu.impl.ICUResourceBundleReader$Table
15386:             1             32  com.ibm.icu.impl.PluralRulesLoader
15387:             1             32  com.ibm.icu.impl.UCharacterProperty$1
15388:             1             32  com.ibm.icu.impl.UCharacterProperty$10
15389:             1             32  com.ibm.icu.impl.UCharacterProperty$11
15390:             1             32  com.ibm.icu.impl.UCharacterProperty$12
15391:             1             32  com.ibm.icu.impl.UCharacterProperty$13
15392:             1             32  com.ibm.icu.impl.UCharacterProperty$14
15393:             1             32  com.ibm.icu.impl.UCharacterProperty$16
15394:             1             32  com.ibm.icu.impl.UCharacterProperty$18
15395:             1             32  com.ibm.icu.impl.UCharacterProperty$2
15396:             1             32  com.ibm.icu.impl.UCharacterProperty$21
15397:             1             32  com.ibm.icu.impl.UCharacterProperty$22
15398:             1             32  com.ibm.icu.impl.UCharacterProperty$23
15399:             1             32  com.ibm.icu.impl.UCharacterProperty$27
15400:             1             32  com.ibm.icu.impl.UCharacterProperty$28
15401:             1             32  com.ibm.icu.impl.UCharacterProperty$29
15402:             1             32  com.ibm.icu.impl.UCharacterProperty$3
15403:             1             32  com.ibm.icu.impl.UCharacterProperty$30
15404:             1             32  com.ibm.icu.impl.UCharacterProperty$4
15405:             1             32  com.ibm.icu.impl.UCharacterProperty$5
15406:             1             32  com.ibm.icu.impl.UCharacterProperty$6
15407:             1             32  com.ibm.icu.impl.UCharacterProperty$7
15408:             1             32  com.ibm.icu.impl.UCharacterProperty$8
15409:             1             32  com.ibm.icu.impl.UCharacterProperty$9
15410:             1             32  com.ibm.icu.impl.UCharacterProperty$MCMBinaryProperty
15411:             1             32  com.ibm.icu.impl.number.ConstantAffixModifier
15412:             1             32  com.ibm.icu.number.Precision$IncrementFiveRounderImpl
15413:             1             32  com.ibm.icu.text.NumberFormatServiceShim$NFService$1RBNumberFormatFactory
15414:             1             32  com.ibm.icu.text.NumberingSystem
15415:             1             32  com.ibm.icu.util.Currency
15416:             2             32  com.ibm.icu.util.ULocale$Type
15417:             1             32  com.intellij.DynamicBundle$1
15418:             1             32  com.intellij.aqua.runners.cypress.CypressDetector
15419:             2             32  com.intellij.aqua.runners.js.core.JsTestRunnerConfigurationType$$Lambda/0x0000009804b8a350
15420:             1             32  com.intellij.aqua.runners.playwright.js.PlaywrightDetector
15421:             1             32  com.intellij.aqua.runners.playwright.js.PlaywrightRunConfigurationProducer
15422:             1             32  com.intellij.clouds.docker.gateway.statistics.GatewayDevcontainersClientConnStateCollector
15423:             1             32  com.intellij.codeInsight.actions.ReaderModeSettingsImpl$State$SchemeState
15424:             1             32  com.intellij.codeInsight.codeVision.ui.renderers.providers.AdditionalCodeVisionEntryPainter
15425:             2             32  com.intellij.codeInsight.completion.AutoCompletionDecision
15426:             1             32  com.intellij.codeInsight.completion.CompletionVariant
15427:             2             32  com.intellij.codeInsight.completion.CompositeDeclarativeInsertHandler$Companion$$Lambda/0x0000009805292360
15428:             1             32  com.intellij.codeInsight.completion.command.CommandCompletionStateCollector
15429:             2             32  com.intellij.codeInsight.completion.ml.MLFeatureValue$BinaryValue
15430:             2             32  com.intellij.codeInsight.daemon.impl.DaemonCodeAnalyzerImpl$UpdateRunnable
15431:             2             32  com.intellij.codeInsight.daemon.impl.DaemonCodeAnalyzerRepaintIconHelper
15432:             1             32  com.intellij.codeInsight.daemon.impl.DaemonFusReporter
15433:             2             32  com.intellij.codeInsight.daemon.impl.DaemonListeners$$Lambda/0x0000009802e7ee70
15434:             2             32  com.intellij.codeInsight.daemon.impl.DaemonListeners$$Lambda/0x0000009802e97288
15435:             2             32  com.intellij.codeInsight.daemon.impl.DaemonListeners$$Lambda/0x0000009802e9c278
15436:             2             32  com.intellij.codeInsight.daemon.impl.DaemonListeners$$Lambda/0x0000009802e9c710
15437:             2             32  com.intellij.codeInsight.daemon.impl.DaemonListeners$$Lambda/0x0000009802eabc08
15438:             2             32  com.intellij.codeInsight.daemon.impl.DaemonListeners$$Lambda/0x0000009802eb76b0
15439:             2             32  com.intellij.codeInsight.daemon.impl.DaemonListeners$1
15440:             2             32  com.intellij.codeInsight.daemon.impl.DaemonListeners$11
15441:             2             32  com.intellij.codeInsight.daemon.impl.DaemonListeners$5
15442:             2             32  com.intellij.codeInsight.daemon.impl.DaemonListeners$6
15443:             2             32  com.intellij.codeInsight.daemon.impl.DaemonListeners$8
15444:             2             32  com.intellij.codeInsight.daemon.impl.DaemonListeners$MyCommandListener
15445:             2             32  com.intellij.codeInsight.daemon.impl.DaemonListeners$MyProfileChangeListener
15446:             2             32  com.intellij.codeInsight.daemon.impl.DaemonListeners$MyTodoListener
15447:             1             32  com.intellij.codeInsight.daemon.impl.HighlightingNecromancer
15448:             1             32  com.intellij.codeInsight.daemon.impl.InspectionVisitorOptimizer$1
15449:             2             32  com.intellij.codeInsight.daemon.impl.LineMarkerSettingsImpl
15450:             1             32  com.intellij.codeInsight.daemon.impl.analysis.HighlightingSettingsPerFileCollector
15451:             2             32  com.intellij.codeInsight.documentation.DocumentationSettingsListener$execute$2
15452:             2             32  com.intellij.codeInsight.documentation.render.DocRenderDummyLineMarkerProvider
15453:             1             32  com.intellij.codeInsight.documentation.render.DocRenderImageManager
15454:             1             32  com.intellij.codeInsight.documentation.render.DocRendererMemoryManager
15455:             1             32  com.intellij.codeInsight.editorActions.SmartIndentingBackspaceHandler
15456:             2             32  com.intellij.codeInsight.editorActions.TabOutScopesTrackerImpl$Tracker
15457:             1             32  com.intellij.codeInsight.editorActions.enter.EnterAfterJavadocTagHandler$Context
15458:             1             32  com.intellij.codeInsight.highlighting.BackgroundHighlighter$$Lambda/0x0000009803631be0
15459:             1             32  com.intellij.codeInsight.highlighting.BackgroundHighlighter$registerListeners$1
15460:             1             32  com.intellij.codeInsight.highlighting.BackgroundHighlighter$registerListeners$2
15461:             1             32  com.intellij.codeInsight.highlighting.BackgroundHighlighter$registerListeners$3
15462:             1             32  com.intellij.codeInsight.highlighting.BackgroundHighlighter$registerListeners$4
15463:             1             32  com.intellij.codeInsight.hints.InlayHintsSettings
15464:             1             32  com.intellij.codeInsight.hints.VcsCodeVisionProviderKt$$Lambda/0x00000098055a3788
15465:             1             32  com.intellij.codeInsight.hints.codeVision.CodeVisionProjectSettings$SettingsState
15466:             1             32  com.intellij.codeInsight.hints.declarative.DeclarativeInlayHintsSettings$HintsState
15467:             1             32  com.intellij.codeInsight.hints.declarative.impl.DeclarativeInlayHintsMouseMotionListener
15468:             1             32  com.intellij.codeInsight.hints.settings.ParameterNameHintsSettings
15469:             1             32  com.intellij.codeInsight.inline.completion.logs.statistics.CompletionFinishedTypeComponent$State
15470:             1             32  com.intellij.codeInsight.inline.completion.logs.statistics.PrefixLengthComponent$State
15471:             1             32  com.intellij.codeInsight.inline.completion.logs.statistics.TimeBetweenTypingComponent$State
15472:             1             32  com.intellij.codeInsight.inline.completion.statistics.LocalStatistics$State
15473:             1             32  com.intellij.codeInsight.intention.impl.IntentionHintComponent
15474:             2             32  com.intellij.codeInsight.lookup.impl.LookupManagerImpl$1
15475:             2             32  com.intellij.codeInsight.lookup.impl.LookupManagerImpl$3
15476:             1             32  com.intellij.codeInsight.navigation.CtrlMouseHandler2
15477:             1             32  com.intellij.codeInsight.preview.ImageOrColorPreviewService
15478:             1             32  com.intellij.codeInsight.template.HtmlContextType
15479:             2             32  com.intellij.codeInsight.template.emmet.generators.XmlZenCodingGeneratorImpl
15480:             1             32  com.intellij.codeInsight.template.postfix.settings.PostfixTemplateStorage
15481:             1             32  com.intellij.codeInspection.ex.ApplicationInspectionProfileManager
15482:             1             32  com.intellij.codeInspection.ex.InspectionManagerEx
15483:             1             32  com.intellij.codeInspection.ex.InspectionToolRegistrar
15484:             2             32  com.intellij.collaboration.auth.OAuthCallbackHandlerBase$callbackHandler$1
15485:             2             32  com.intellij.collaboration.auth.PasswordSafeCredentialsRepository$canPersistCredentials$1$1
15486:             2             32  com.intellij.completion.ml.ngram.NGramFileListener
15487:             1             32  com.intellij.completion.ml.ngram.NGramModelRunnerManager
15488:             1             32  com.intellij.completion.ngram.slp.translating.Vocabulary
15489:             2             32  com.intellij.concurrency.ConcurrentHashMap$ValuesView
15490:             2             32  com.intellij.configurationScript.ConfigurationFileManager$$Lambda/0x0000009802eb9490
15491:             2             32  com.intellij.configurationScript.providers.ReadOnlyStorage$$Lambda/0x0000009803900000
15492:             1             32  com.intellij.configurationStore.ApplicationPathMacroManager
15493:             1             32  com.intellij.configurationStore.ModuleStoreImpl
15494:             2             32  com.intellij.configurationStore.ProjectIdManagerImpl$State
15495:             2             32  com.intellij.configurationStore.ProjectStoreImpl$$Lambda/0x0000009802a55230
15496:             1             32  com.intellij.configurationStore.SaveAndSyncHandlerImpl$$Lambda/0x00000098051a7c30
15497:             1             32  com.intellij.configurationStore.SaveAndSyncHandlerImpl$1$2$2
15498:             1             32  com.intellij.configurationStore.StorageJpsConfigurationReader
15499:             1             32  com.intellij.configurationStore.schemeManager.ApplicationSchemeManagerFactory
15500:             1             32  com.intellij.configurationStore.statistic.eventLog.FeatureUsageSettingsEventScheduler$initialize$1
15501:             2             32  com.intellij.copyright.AbstractCopyrightManager$$Lambda/0x0000009804ad4c60
15502:             2             32  com.intellij.credentialStore.kdbx.UuidValueCreator
15503:             1             32  com.intellij.cwm.plugin.CodeWithMeBackendBundle
15504:             2             32  com.intellij.cwm.plugin.common.toolWindow.CodeWithMeToolWindowManager
15505:             2             32  com.intellij.cwm.plugin.common.toolWindow.CodeWithMeToolWindowManager$CodeWithMeToolWindowListener
15506:             2             32  com.intellij.cwm.plugin.common.toolbar.CodeWithMeToolbarUpdater
15507:             1             32  com.intellij.cwm.plugin.following.FollowMeManager$$Lambda/0x0000009803138808
15508:             1             32  com.intellij.cwm.plugin.options.CodeWithMeSystemSettings
15509:             2             32  com.intellij.cwm.plugin.ports.CwmPortForwardingToolWindowManager$$Lambda/0x0000009802efe8e8
15510:             2             32  com.intellij.cwm.plugin.ports.CwmPortForwardingToolWindowManager$$Lambda/0x0000009802eff118
15511:             1             32  com.intellij.cwm.plugin.users.BackendUserManager$1$$Lambda/0x0000009803139aa8
15512:             2             32  com.intellij.cwm.vcs.following.FollowMeDiffFileEditorListener
15513:             1             32  com.intellij.database.DataGridBundle
15514:             1             32  com.intellij.database.DbModelRegistry
15515:             2             32  com.intellij.database.console.DatabaseServiceViewContributor$1
15516:             2             32  com.intellij.database.console.DatabaseServiceViewContributor$SessionStateListener
15517:             2             32  com.intellij.database.console.DatabaseServiceViewContributor$SessionsListener
15518:             2             32  com.intellij.database.console.migration.ConsolesMigrationStorage
15519:             1             32  com.intellij.database.csv.GridCsvBundle
15520:             1             32  com.intellij.database.dataSource.DataSourceModelStorageImpl$App
15521:             1             32  com.intellij.database.dataSource.DataSourceStorageShared$App
15522:             1             32  com.intellij.database.dataSource.DatabaseDriverManagerImpl
15523:             2             32  com.intellij.database.dataSource.DatabaseIntrospectionScheduleManager$DataSourceListener$Proj
15524:             2             32  com.intellij.database.dataSource.srcStorage.DbSrcChangesTrackerBase$DbSrcDataSourceListener
15525:             2             32  com.intellij.database.dataSource.srcStorage.DbSrcFilePresentation
15526:             2             32  com.intellij.database.dataSource.srcStorage.DbSrcFileStatusProvider
15527:             2             32  com.intellij.database.dataSource.srcStorage.backend.DbSrcStorageManager$$Lambda/0x00000098039d21f8
15528:             1             32  com.intellij.database.dialects.mssql.testing.tsqlt.TSqltConfigurationType
15529:             1             32  com.intellij.database.dialects.oracle.testing.utplsql.UtPlSqlConfigurationType
15530:             1             32  com.intellij.database.notifications.DataGripUxFeedbackSurveyConfig
15531:             2             32  com.intellij.database.util.ObjectPaths$SimpleHashingStrategy
15532:             2             32  com.intellij.database.util.RunnableWithDebounce
15533:             1             32  com.intellij.database.util.TokenPatternCache
15534:             2             32  com.intellij.database.view.DatabaseColorManager$Local
15535:             1             32  com.intellij.database.view.DatabaseNavBarService
15536:             1             32  com.intellij.database.view.DatabaseNodeWrappingService
15537:             2             32  com.intellij.diagnostic.IdeMessagePanel$$Lambda/0x000000980305a2b8
15538:             1             32  com.intellij.diagnostic.IdeaFreezeReporter
15539:             1             32  com.intellij.diagnostic.JitWatcher
15540:             1             32  com.intellij.diagnostic.UILatencyLogger$MemoryStatsSampler
15541:             1             32  com.intellij.diagnostic.WriteDelayDiagnosticsHandlerImpl$$Lambda/0x0000009802d106f8
15542:             1             32  com.intellij.diagnostic.fus.EdtLockAggregatingMonitor
15543:             1             32  com.intellij.diagnostic.logs.LogLevelConfigurationManager
15544:             1             32  com.intellij.diagnostic.opentelemetry.JVMStatsToOTelReporter$AllocatedMemoryProvider
15545:             2             32  com.intellij.diagram.vcs.DiffUmlElementManager
15546:             2             32  com.intellij.diagram.vcs.DiffUmlProvider
15547:             2             32  com.intellij.docker.deploymentSource.DockerDeploymentConfigurator
15548:             2             32  com.intellij.docker.dockerFile.DockerFileFindUsagesProvider
15549:             1             32  com.intellij.docker.dockerFile.inlay.DockerInlayHintsProvider
15550:             2             32  com.intellij.docker.dockerFile.notifications.DockerMissingShellPluginNotificationProvider
15551:             1             32  com.intellij.docker.remote.compose.target.DockerComposeTargetType
15552:             1             32  com.intellij.docker.remote.run.target.configuration.DockerTargetType
15553:             1             32  com.intellij.docker.settings.DockerConnectionUsagesCollector
15554:             2             32  com.intellij.docker.view.DockerToolWindowManagerListener
15555:             2             32  com.intellij.docker.view.LegacyDockerToolWindowManagerListener
15556:             2             32  com.intellij.dvcs.ignore.IgnoredToExcludeNotificationProvider
15557:             1             32  com.intellij.dvcs.ignore.IgnoredToExcludedSynchronizer
15558:             2             32  com.intellij.dvcs.shelf.ShelfViewUpdater
15559:             1             32  com.intellij.execution.DefaultExecutionResult
15560:             1             32  com.intellij.execution.ExecutionBundle
15561:             1             32  com.intellij.execution.ExecutorRegistryState
15562:             2             32  com.intellij.execution.RunConfigurationProducerService$State
15563:             1             32  com.intellij.execution.console.ConsoleFoldingSettings$MyBean
15564:             2             32  com.intellij.execution.impl.ConsoleViewImpl$1
15565:             1             32  com.intellij.execution.impl.ConsoleViewImpl$BackspaceHandler
15566:             2             32  com.intellij.execution.impl.ConsoleViewImpl$CommandLineFolding
15567:             2             32  com.intellij.execution.impl.ConsoleViewImpl$createConsoleEditor$1
15568:             2             32  com.intellij.execution.impl.ConsoleViewUtil$1
15569:             2             32  com.intellij.execution.impl.EditorHyperlinkSupport$2
15570:             2             32  com.intellij.execution.impl.EditorHyperlinkSupport$MyEffectSupplier
15571:             2             32  com.intellij.execution.impl.EditorTextDecorationApplierImpl$MyEffectSupplier
15572:             2             32  com.intellij.execution.impl.EditorTextDecorationApplierImpl$MyMouseMotionListener
15573:             2             32  com.intellij.execution.impl.ExpirableTokenProvider
15574:             2             32  com.intellij.execution.impl.MyDiffContainer$MyOverlayLayout
15575:             2             32  com.intellij.execution.impl.MyDiffContainer$MyPanelLayout
15576:             2             32  com.intellij.execution.impl.RunConfigEditorNotificationProvider
15577:             2             32  com.intellij.execution.impl.RunManagerImpl$$Lambda/0x0000009802e2d350
15578:             2             32  com.intellij.execution.impl.RunManagerImpl$$Lambda/0x0000009802e2e2f8
15579:             2             32  com.intellij.execution.impl.statistics.RunConfigurationUsageTriggerCollector$RunTargetValidator
15580:             2             32  com.intellij.execution.lineMarker.RunLineMarkerProvider$EquatableTooltipProvider
15581:             1             32  com.intellij.execution.process.AnsiEscapeDecoder
15582:             2             32  com.intellij.execution.process.BaseOSProcessHandler$1
15583:             1             32  com.intellij.execution.process.ProcessOutput
15584:             1             32  com.intellij.execution.process.mediator.client.launcher.ProcessMediatorConnectionManager
15585:             1             32  com.intellij.execution.runToolbar.SlotDate
15586:             1             32  com.intellij.execution.runners.RunContentBuilder$$Lambda/0x0000009805ef2940
15587:             1             32  com.intellij.execution.runners.RunTab$1
15588:             2             32  com.intellij.execution.services.ServiceViewToolWindowFactory
15589:             2             32  com.intellij.execution.startup.ProjectStartupLocalConfiguration
15590:             2             32  com.intellij.execution.startup.ProjectStartupSharedConfiguration
15591:             1             32  com.intellij.execution.target.EelTargetType
15592:             2             32  com.intellij.execution.target.LanguageRuntimeType$VolumeType
15593:             2             32  com.intellij.execution.testframework.sm.TestHistoryConfiguration$State
15594:             2             32  com.intellij.execution.ui.BaseContentCloseListener$1
15595:             2             32  com.intellij.execution.ui.ConsoleViewPlace
15596:             2             32  com.intellij.execution.ui.MyExecutionListener
15597:             2             32  com.intellij.execution.ui.RunConfigurationStartHistory$Element
15598:             1             32  com.intellij.execution.ui.RunContentManagerImpl$CloseListener
15599:             2             32  com.intellij.execution.ui.RunWidgetButtonLook
15600:             2             32  com.intellij.execution.ui.layout.impl.DockableGridContainerFactory
15601:             1             32  com.intellij.execution.ui.layout.impl.RunnerContentUi$TopToolbarWrappers
15602:             1             32  com.intellij.execution.ui.layout.impl.ViewImpl$Default
15603:             2             32  com.intellij.facet.impl.FacetEventsPublisher$listen$1
15604:             2             32  com.intellij.facet.impl.FacetManagerFactoryImpl
15605:             2             32  com.intellij.facet.impl.FacetManagerFactoryImpl$1
15606:             2             32  com.intellij.facet.impl.pointers.FacetPointerModuleListener
15607:             1             32  com.intellij.featureStatistics.FeatureUsageTrackerImpl
15608:             2             32  com.intellij.filePrediction.features.history.FileHistoryManager
15609:             2             32  com.intellij.filePrediction.features.history.FileHistoryManagerWrapper$EditorManagerListener
15610:             1             32  com.intellij.filename.UniqueNameBuilder
15611:             1             32  com.intellij.filename.UniqueNameBuilder$Node
15612:             2             32  com.intellij.find.SearchReplaceComponent$13
15613:             2             32  com.intellij.find.SearchReplaceComponent$6
15614:             2             32  com.intellij.find.SearchReplaceComponent$7
15615:             2             32  com.intellij.find.SearchReplaceComponent$8
15616:             2             32  com.intellij.find.SearchReplaceComponent$9
15617:             2             32  com.intellij.find.SearchReplaceComponent$TextAreaMode
15618:             1             32  com.intellij.fullLine.go.GoCodeFormatter
15619:             1             32  com.intellij.go.common.frontend.welcomeScreen.rightTab.GoTerminalLauncherWelcomeRightTabBannerProvider
15620:             1             32  com.intellij.go.linter.GoLinterSelectedExecutableState
15621:             1             32  com.intellij.go.linter.MergingLinterExecutor
15622:             1             32  com.intellij.go.linter.fmt.GoLinterFmtOnSaveState
15623:             1             32  com.intellij.grazie.cloud.license.GrazieLoginManager
15624:             2             32  com.intellij.grazie.config.DetectionContext$Local
15625:             2             32  com.intellij.grazie.jlanguage.filters.UppercaseMatchFilter
15626:             2             32  com.intellij.grazie.spellcheck.dictionary.EditableAggregatedWordList
15627:             2             32  com.intellij.grazie.spellcheck.engine.GrazieSpellCheckerEngine$$Lambda/0x0000009803d65900
15628:             2             32  com.intellij.grazie.spellcheck.engine.GrazieSpellCheckerEngine$getReplacingRules$1
15629:             2             32  com.intellij.grazie.spellcheck.engine.GrazieSpellCheckerEngine$suggestionCache$1
15630:             2             32  com.intellij.grazie.spellcheck.ranker.DiacriticSuggestionRanker
15631:             1             32  com.intellij.grid.scripting.impl.DataLoaderManager
15632:             2             32  com.intellij.grid.scripting.impl.DataLoaderManager$Associations$State
15633:             1             32  com.intellij.history.core.ChangeList
15634:             1             32  com.intellij.history.core.ChangeListStorageImpl
15635:             1             32  com.intellij.history.core.LocalHistoryStorage
15636:             2             32  com.intellij.httpClient.account.JbaNotificationPanel
15637:             2             32  com.intellij.httpClient.actions.copyPaste.HttpRequestCopyAsCurlBaseActionImpl
15638:             1             32  com.intellij.httpClient.execution.RestClientBundle
15639:             2             32  com.intellij.httpClient.graphql.notification.HttpClientGraphQLPluginAdvertisement
15640:             1             32  com.intellij.httpClient.http.request.HttpRequestLangBundle
15641:             2             32  com.intellij.httpClient.http.request.notification.HttpClientHistoryFileNotificationPanelProvider
15642:             2             32  com.intellij.httpClient.http.request.notification.HttpClientNotificationPanelProvider
15643:             2             32  com.intellij.httpClient.http.request.run.config.HttpRequestRunConfiguration$EnvironmentResult$Success
15644:             2             32  com.intellij.httpClient.http.request.run.v2.HttpRequestRunLineMarkerV2EnablingListener$EnablingState
15645:             1             32  com.intellij.httpClient.http.request.scripts.HttpClientHandlerApiDefinitionFilesHolder
15646:             1             32  com.intellij.httpClient.js.http.request.language.HttpClientJSEmbeddedContent$Companion$EMBEDDED_ELEMENT_TYPE$1
15647:             2             32  com.intellij.ide.CommandLineWaitingManager$MyNotification
15648:             2             32  com.intellij.ide.CopyPasteDelegator$MyEditable
15649:             2             32  com.intellij.ide.FileChangedNotificationProvider
15650:             2             32  com.intellij.ide.FileChangedNotificationProvider$1
15651:             2             32  com.intellij.ide.FileChangedNotificationProvider$2
15652:             2             32  com.intellij.ide.GeneratedFileEditingNotificationProvider
15653:             1             32  com.intellij.ide.IdleTracker
15654:             1             32  com.intellij.ide.LocalCopyPasteManager
15655:             1             32  com.intellij.ide.T.T
15656:             1             32  com.intellij.ide.actions.NamedLayoutListBasedCache
15657:             1             32  com.intellij.ide.actions.runAnything.RunAnythingManager
15658:             1             32  com.intellij.ide.actions.ui.ideScaleIndicator.IdeScaleIndicatorManager
15659:             2             32  com.intellij.ide.actionsOnSave.impl.ActionsOnSaveFileDocumentManagerListener
15660:             1             32  com.intellij.ide.actionsOnSave.impl.ActionsOnSaveManager
15661:             2             32  com.intellij.ide.browsers.actions.OpenInBrowserBaseGroupAction$$Lambda/0x0000009804643918
15662:             2             32  com.intellij.ide.extensionResources.ResourceVersions$State
15663:             1             32  com.intellij.ide.favoritesTreeView.FavoritesManager
15664:             1             32  com.intellij.ide.gdpr.ConsentOptions
15665:             2             32  com.intellij.ide.highlighter.custom.impl.CustomFileTypeBraceMatcher
15666:             2             32  com.intellij.ide.lightEdit.LightEditNonExistentFileNotificationProvider
15667:             1             32  com.intellij.ide.macro.IdePathMacros
15668:             1             32  com.intellij.ide.plugins.IdeaPluginOsRequirement$FreeBSD
15669:             1             32  com.intellij.ide.plugins.IdeaPluginOsRequirement$Linux
15670:             1             32  com.intellij.ide.plugins.IdeaPluginOsRequirement$Mac
15671:             1             32  com.intellij.ide.plugins.IdeaPluginOsRequirement$Unix
15672:             1             32  com.intellij.ide.plugins.IdeaPluginOsRequirement$Unknown
15673:             1             32  com.intellij.ide.plugins.IdeaPluginOsRequirement$Windows
15674:             1             32  com.intellij.ide.plugins.IdeaPluginOsRequirement$XWindow
15675:             1             32  com.intellij.ide.plugins.PluginCpuArchRequirement$ARM32
15676:             1             32  com.intellij.ide.plugins.PluginCpuArchRequirement$ARM64
15677:             1             32  com.intellij.ide.plugins.PluginCpuArchRequirement$Unknown
15678:             1             32  com.intellij.ide.plugins.PluginCpuArchRequirement$X86
15679:             1             32  com.intellij.ide.plugins.PluginCpuArchRequirement$X86_64
15680:             1             32  com.intellij.ide.plugins.advertiser.PluginFeatureCacheService
15681:             1             32  com.intellij.ide.projectView.ProjectViewSettings$Immutable
15682:             1             32  com.intellij.ide.projectView.actions.MarkRootActionBase$RootsSelection
15683:             2             32  com.intellij.ide.projectView.impl.AbstractProjectViewPane$$Lambda/0x0000009803eac400
15684:             1             32  com.intellij.ide.projectView.impl.AsyncProjectViewSupport
15685:             2             32  com.intellij.ide.projectView.impl.ProjectViewImpl$$Lambda/0x0000009803272108
15686:             2             32  com.intellij.ide.projectView.impl.ProjectViewImpl$$Lambda/0x000000980327bfd0
15687:             2             32  com.intellij.ide.projectView.impl.ProjectViewImpl$$Lambda/0x000000980327d760
15688:             2             32  com.intellij.ide.projectView.impl.ProjectViewImpl$5
15689:             1             32  com.intellij.ide.projectView.impl.ProjectViewInitNotifier
15690:             1             32  com.intellij.ide.projectView.impl.ProjectViewInitNotifier$TracingHelper
15691:             1             32  com.intellij.ide.projectView.impl.ProjectViewPane$ProjectViewPaneTreeStructure
15692:             1             32  com.intellij.ide.projectView.impl.ProjectViewPaneSupport$1
15693:             2             32  com.intellij.ide.scopeView.ScopeViewPane$$Lambda/0x0000009803287988
15694:             1             32  com.intellij.ide.scratch.FewRootsLightDirectoryIndex
15695:             1             32  com.intellij.ide.scratch.ScratchTreeStructureProvider$4
15696:             1             32  com.intellij.ide.scratch.workspace.ScratchRootsEntityType
15697:             1             32  com.intellij.ide.todo.TodoConfiguration
15698:             1             32  com.intellij.ide.todo.TodoConfigurationCollector
15699:             2             32  com.intellij.ide.trustedProjects.impl.UntrustedProjectNotificationProvider
15700:             1             32  com.intellij.ide.ui.ExperimentalToolbarSettingsState
15701:             2             32  com.intellij.ide.ui.InProductNotificationActionProvider
15702:             2             32  com.intellij.ide.ui.LicenseRelatedStatusBarWidgetFactory$$Lambda/0x0000009802ead030
15703:             1             32  com.intellij.ide.ui.NotRoamableUiSettings
15704:             2             32  com.intellij.ide.ui.SplitterProportionsDataImpl
15705:             1             32  com.intellij.ide.ui.UISettings
15706:             2             32  com.intellij.ide.ui.UIThemeKt$createTheme$2$$Lambda/0x00000098040a25a0
15707:             2             32  com.intellij.ide.ui.html.GlobalStyleSheetUpdateListener
15708:             1             32  com.intellij.ide.ui.laf.LafDynamicPluginManager
15709:             2             32  com.intellij.ide.ui.laf.darcula.ui.DarculaComboBoxBorder
15710:             2             32  com.intellij.ide.ui.laf.darcula.ui.DarculaPopupMenuBorder
15711:             2             32  com.intellij.ide.ui.laf.darcula.ui.DarculaTextBorderNew
15712:             2             32  com.intellij.ide.ui.laf.darcula.ui.TextFieldWithPopupHandlerUI$ClearExtension
15713:             2             32  com.intellij.ide.ui.laf.darcula.ui.TextFieldWithPopupHandlerUI$IconButton$$Lambda/0x00000098040ea280
15714:             2             32  com.intellij.ide.ui.laf.darcula.ui.TextFieldWithPopupHandlerUI$SearchExtension
15715:             1             32  com.intellij.ide.util.PsiElementBackgroundListCellRenderer
15716:             1             32  com.intellij.ide.util.TipsFeedback$State
15717:             1             32  com.intellij.ide.util.TipsUsageManager
15718:             2             32  com.intellij.ide.util.frameworkSupport.FrameworkRole
15719:             1             32  com.intellij.ide.util.treeView.TreeState
15720:             1             32  com.intellij.ide.v.D.j
15721:             1             32  com.intellij.ide.v.R.Tn
15722:             1             32  com.intellij.ide.v.R.Tw
15723:             1             32  com.intellij.ide.v.R.b2
15724:             2             32  com.intellij.ide.v.R.g
15725:             1             32  com.intellij.ide.v.R.m
15726:             2             32  com.intellij.ide.v.p.vS
15727:             1             32  com.intellij.idea.z
15728:             2             32  com.intellij.indexing.shared.download.ShadeIndexDumbModeTrackerListener
15729:             2             32  com.intellij.indexing.shared.download.SharedIndexPerProjectTaskExpiration
15730:             2             32  com.intellij.indexing.shared.download.SharedIndexSuggestionService
15731:             2             32  com.intellij.indexing.shared.platform.hash.SharedIndexContentEnumerators$openEnumeratorForAttachedSharedIndex$1
15732:             2             32  com.intellij.indexing.shared.platform.hash.SharedIndexMainContentHashEnumerator$$Lambda/0x000000980374ec88
15733:             2             32  com.intellij.indexing.shared.platform.impl.SharedIndexProjectSettings
15734:             1             32  com.intellij.indexing.shared.platform.impl.SharedIndexStorageHolder
15735:             1             32  com.intellij.indexing.shared.platform.impl.SharedIndexesAppStateCollector
15736:             2             32  com.intellij.indexing.shared.platform.impl.StubSharedIndexExtension$StubBuilderVersionFilter$$Lambda/0x0000009803872ce0
15737:             2             32  com.intellij.indexing.shared.platform.impl.layout.FileBasedSharedChunkLocation
15738:             1             32  com.intellij.internal.ml.WordsSplitter
15739:             2             32  com.intellij.internal.retype.RetypeEditorNotificationProvider
15740:             1             32  com.intellij.internal.statistic.collectors.fus.LocalizationUsageCollector
15741:             1             32  com.intellij.internal.statistic.collectors.fus.ToolkitInfoCollector
15742:             1             32  com.intellij.internal.statistic.collectors.fus.UpdateManagerUsagesCollector
15743:             1             32  com.intellij.internal.statistic.collectors.fus.actions.persistence.ActionsBuiltInAllowedlist
15744:             2             32  com.intellij.internal.statistic.collectors.fus.actions.persistence.ToolWindowCollector$ToolWindowUtilValidator
15745:             1             32  com.intellij.internal.statistic.collectors.fus.build.BuildToolsCollector
15746:             2             32  com.intellij.internal.statistic.collectors.fus.fileTypes.FileTypeUsageServiceFileEditorManagerListener
15747:             2             32  com.intellij.internal.statistic.collectors.fus.fileTypes.FileTypeUsagesCollector$ValidationRule
15748:             1             32  com.intellij.internal.statistic.collectors.fus.project.IndexableFilesCollector
15749:             1             32  com.intellij.internal.statistic.collectors.fus.settings.ProxySettingsCollector
15750:             1             32  com.intellij.internal.statistic.eventLog.EventLogConfiguration
15751:             2             32  com.intellij.internal.statistic.eventLog.StatisticsEventLoggerProvider$$Lambda/0x00000098028e1748
15752:             1             32  com.intellij.internal.statistic.eventLog.events.StringListEventField$ValidatedByInlineRegexp
15753:             1             32  com.intellij.internal.statistic.eventLog.validator.rules.beans.EventGroupContextData
15754:             2             32  com.intellij.internal.statistic.eventLog.validator.rules.impl.ComposerValidationRule
15755:             1             32  com.intellij.internal.statistic.local.ActionsLocalSummary
15756:             1             32  com.intellij.internal.statistic.local.ActionsTotalSummary
15757:             2             32  com.intellij.internal.statistic.local.FileTypeSummaryListener
15758:             2             32  com.intellij.internal.statistic.local.FileTypeUsageLocalSummaryState
15759:             2             32  com.intellij.internal.statistic.local.LanguageUsageStatisticsProviderImpl$LanguageStatisticsState
15760:             2             32  com.intellij.internal.statistic.local.LanguageUsageUpdaterListener
15761:             1             32  com.intellij.internal.statistic.persistence.UsageStatisticsPersistenceComponent
15762:             1             32  com.intellij.internal.statistic.updater.StatisticsJobsScheduler$execute$2$5
15763:             1             32  com.intellij.javascript.debugger.backend.rpc.HostToClientMessagingSession
15764:             1             32  com.intellij.javascript.debugger.breakpoints.JavaScriptBreakpointType
15765:             1             32  com.intellij.javascript.debugger.common.rpc.messaging.HostCommunicator
15766:             2             32  com.intellij.javascript.debugger.frontend.rpc.HostRequestListenerCoroutineScope
15767:             1             32  com.intellij.javascript.jest.JestDetector
15768:             1             32  com.intellij.javascript.nodejs.execution.runConfiguration.NodeRunConfigurationExtensionsManager
15769:             2             32  com.intellij.javascript.nodejs.interpreter.download.NodeDownloadEditorNotificationProvider
15770:             1             32  com.intellij.javascript.nodejs.interpreter.local.NodeJsLocalInterpreter
15771:             1             32  com.intellij.javascript.nodejs.interpreter.local.NodeJsLocalInterpreterManager$TimestampedSemVer
15772:             2             32  com.intellij.javascript.nodejs.library.FileIndexExtensionRecursionGuard
15773:             2             32  com.intellij.javascript.nodejs.library.node_modules.NodeModulesDirectoryChecker
15774:             2             32  com.intellij.javascript.nodejs.library.node_modules.NodeModulesDirectoryManager$$Lambda/0x0000009802ffbb20
15775:             2             32  com.intellij.javascript.nodejs.library.node_modules.NodeModulesDirectoryManager$$Lambda/0x0000009803048bc8
15776:             2             32  com.intellij.javascript.nodejs.library.node_modules.NodeModulesExcludePolicy
15777:             1             32  com.intellij.javascript.nodejs.library.node_modules.NodeModulesFileListener
15778:             1             32  com.intellij.javascript.nodejs.npm.NpmPackageDescriptor
15779:             1             32  com.intellij.javascript.nodejs.npm.WorkingDirectoryDependentNpmPackageVersionManager
15780:             1             32  com.intellij.javascript.nodejs.npm.WorkingDirectoryDependentNpmPackageVersionManager$VersionInfo
15781:             2             32  com.intellij.javascript.nodejs.npm.registry.CustomNpmRegistryService$Registries
15782:             2             32  com.intellij.javascript.nodejs.packageJson.PackageJsonFileEditorTracker$documentListener$1
15783:             2             32  com.intellij.javascript.nodejs.packageJson.notification.DefaultPackageJsonNotifierConfiguration
15784:             2             32  com.intellij.javascript.nodejs.packageJson.notification.PackageJsonUpdateNotifier$1
15785:             2             32  com.intellij.javascript.nodejs.packageJson.workspaceModel.PackageJsonEntityManager$$Lambda/0x0000009802ffacd8
15786:             1             32  com.intellij.javascript.protractor.ProtractorDetector
15787:             1             32  com.intellij.javascript.protractor.scope.ProtractorScopeKind$1
15788:             1             32  com.intellij.javascript.protractor.scope.ProtractorScopeKind$2
15789:             1             32  com.intellij.javascript.protractor.scope.ProtractorScopeKind$3
15790:             1             32  com.intellij.javascript.protractor.scope.ProtractorScopeKind$4
15791:             2             32  com.intellij.javascript.terminal.NodeModulesEnvTerminalCustomizer$TerminalSettings$SettingsState
15792:             1             32  com.intellij.javascript.testFramework.nodejs.testRunner.NodeJsTestFileStructureBuilder
15793:             1             32  com.intellij.javascript.testing.detection.JsTestFrameworkDetectors
15794:             2             32  com.intellij.javascript.testing.detection.JsTestFrameworkDetectors$$Lambda/0x0000009804c110b0
15795:             1             32  com.intellij.javascript.testing.runScope.JsTestRunScopeKind$ALL
15796:             1             32  com.intellij.javascript.testing.runScope.JsTestRunScopeKind$DIRECTORY
15797:             1             32  com.intellij.javascript.testing.runScope.JsTestRunScopeKind$SUITE
15798:             1             32  com.intellij.javascript.testing.runScope.JsTestRunScopeKind$TEST
15799:             1             32  com.intellij.javascript.testing.runScope.JsTestRunScopeKind$TEST_FILE
15800:             1             32  com.intellij.javascript.testing.vitest.VitestDetector
15801:             1             32  com.intellij.json.liveTemplates.JsonContextType
15802:             2             32  com.intellij.kubernetes.KubernetesLanguageInjector
15803:             1             32  com.intellij.kubernetes.KubernetesSettingsCollector
15804:             2             32  com.intellij.kubernetes.KubernetesTreeStructureProvider
15805:             1             32  com.intellij.kubernetes.MiscUtilKt$$Lambda/0x000000980464a7f8
15806:             2             32  com.intellij.kubernetes.editor.floatingToolbar.KubernetesFloatingToolbarSettingsBackend$SettingsState
15807:             1             32  com.intellij.kubernetes.helm.tgz.TgzFileSystem
15808:             1             32  com.intellij.kubernetes.inlays.KubernetesEnvValueInlayProvider
15809:             1             32  com.intellij.kubernetes.inlays.KubernetesPodStatusesInlayProvider
15810:             1             32  com.intellij.kubernetes.inlays.KubernetesPortForwardingInlayProvider
15811:             1             32  com.intellij.kubernetes.splitApi.FrontendKubernetesApiProviderStateHolder
15812:             2             32  com.intellij.kubernetes.ui.KustomizePatchNotificationProvider
15813:             2             32  com.intellij.kubernetes.ui.OutdatedModelNotificationProvider
15814:             2             32  com.intellij.kubernetes.ui.notifications.KubeConfigNotificationProvider
15815:             2             32  com.intellij.kubernetes.ui.notifications.KubernetesSuggestClusterConfigurationPanel
15816:             2             32  com.intellij.lang.documentation.CompositeDocumentationProvider
15817:             1             32  com.intellij.lang.documentation.ide.impl.DocumentationManager
15818:             1             32  com.intellij.lang.documentation.ide.impl.DocumentationToolWindowManager
15819:             2             32  com.intellij.lang.javascript.JSDisposable
15820:             2             32  com.intellij.lang.javascript.JavascriptASTFactory
15821:             1             32  com.intellij.lang.javascript.buildTools.npm.NpmRunAnythingProvider$Npm
15822:             1             32  com.intellij.lang.javascript.buildTools.npm.NpmRunAnythingProvider$Pnpm
15823:             1             32  com.intellij.lang.javascript.buildTools.npm.NpmRunAnythingProvider$Yarn
15824:             2             32  com.intellij.lang.javascript.buildTools.npm.PackageJsonBuildFileManager$$Lambda/0x0000009803719510
15825:             1             32  com.intellij.lang.javascript.completion.ml.JSMLCompletionRankingProvider
15826:             1             32  com.intellij.lang.javascript.dialects.JSDialectsMappings
15827:             2             32  com.intellij.lang.javascript.dialects.JSLanguageLevelPusher
15828:             2             32  com.intellij.lang.javascript.editor.JSBreadcrumbsProvider
15829:             2             32  com.intellij.lang.javascript.findUsages.JSReadWriteAccessDetector
15830:             1             32  com.intellij.lang.javascript.index.JavaScriptIndex$1
15831:             2             32  com.intellij.lang.javascript.injections.StringInterpolationErrorFilter
15832:             1             32  com.intellij.lang.javascript.intentions.JSCreateSubclassIntention
15833:             1             32  com.intellij.lang.javascript.intentions.JSExplicifyFieldsIntention
15834:             1             32  com.intellij.lang.javascript.intentions.JSMoveElementToFileIntention
15835:             1             32  com.intellij.lang.javascript.intentions.JSRenameFileToMatchTypeNameIntention
15836:             1             32  com.intellij.lang.javascript.library.JSBundledLibraryFolder
15837:             2             32  com.intellij.lang.javascript.library.JSCDNLibManager$NPMSourcedCDNLibraryProvider
15838:             2             32  com.intellij.lang.javascript.library.JSPredefinedLibrariesData$$Lambda/0x00000098032b6ff8
15839:             2             32  com.intellij.lang.javascript.library.LibraryCommitChangesMerger$$Lambda/0x0000009803f294e0
15840:             1             32  com.intellij.lang.javascript.library.typings.TypeScriptExternalDefinitionsRegistry
15841:             2             32  com.intellij.lang.javascript.library.typings.TypeScriptExternalDefinitionsServiceState
15842:             2             32  com.intellij.lang.javascript.linter.JSLinterEditorNotifications$NotificationProvider
15843:             2             32  com.intellij.lang.javascript.linter.MultiRootJSLinterLanguageServiceManager$$Lambda/0x000000980304b5f8
15844:             2             32  com.intellij.lang.javascript.linter.MultiRootJSLinterLanguageServiceManager$1
15845:             1             32  com.intellij.lang.javascript.linter.eslint.EslintConfiguration
15846:             2             32  com.intellij.lang.javascript.linter.eslint.EslintExternalAnnotator
15847:             2             32  com.intellij.lang.javascript.linter.eslint.importer.EslintImportCodeStyleEditorNotificationProvider
15848:             2             32  com.intellij.lang.javascript.linter.eslint.standardjs.StandardJSCodeStyleNotifierProvider
15849:             1             32  com.intellij.lang.javascript.linter.eslint.standardjs.StandardJSConfiguration
15850:             1             32  com.intellij.lang.javascript.linter.eslint.standardjs.StandardJSLanguageServiceManager
15851:             2             32  com.intellij.lang.javascript.modules.remote.JSRemoteModulesLibraryManager$JSRemoteLibrariesSnapshot$$Lambda/0x000000980316f2b8
15852:             2             32  com.intellij.lang.javascript.modules.remote.JSRemoteModulesLibraryManager$JSRemoteLibrariesSnapshot$$Lambda/0x000000980316f510
15853:             2             32  com.intellij.lang.javascript.modules.remote.JSRemoteModulesUsagesDetector$$Lambda/0x000000980375a240
15854:             2             32  com.intellij.lang.javascript.parsing.JavaScriptParserBase$JSDocBinder
15855:             2             32  com.intellij.lang.javascript.psi.literal.JSLiteralImplicitElementProvidersRegistry$6
15856:             2             32  com.intellij.lang.javascript.service.JSLanguageServiceBase$createDefaultReporter$1
15857:             2             32  com.intellij.lang.javascript.service.JSLanguageServiceFileCommandCache
15858:             2             32  com.intellij.lang.javascript.service.JSLanguageServiceService
15859:             1             32  com.intellij.lang.javascript.service.TypeScriptServiceOutOfMemoryService
15860:             2             32  com.intellij.lang.javascript.stubs.factories.ES6FieldStatementStubFactory
15861:             2             32  com.intellij.lang.javascript.stubs.factories.JSReferenceListStubFactory
15862:             2             32  com.intellij.lang.javascript.stubs.serializers.ES6FieldStatementStubSerializer
15863:             2             32  com.intellij.lang.javascript.stubs.serializers.JSReferenceListStubSerializer
15864:             1             32  com.intellij.lang.javascript.types.JSArgumentListElementType
15865:             2             32  com.intellij.lang.typescript.TypeScriptSettings$TypeScriptSettingsState
15866:             1             32  com.intellij.lang.typescript.compiler.TypeScriptCompilerSettingsTracker
15867:             2             32  com.intellij.lang.typescript.compiler.TypeScriptLanguageServiceProvider
15868:             2             32  com.intellij.lang.typescript.compiler.languageService.TypeScriptMessageBus
15869:             2             32  com.intellij.lang.typescript.compiler.ui.TypeScriptServiceOutOfMemoryEditorNotificationProvider
15870:             1             32  com.intellij.lang.typescript.completion.ml.TypeScriptMLCompletionRankingProvider
15871:             2             32  com.intellij.lang.typescript.editing.TypeScriptServiceInlayHintsPassFactory
15872:             2             32  com.intellij.lang.typescript.library.TypeScriptLibraryProviderImpl$$Lambda/0x00000098033b2938
15873:             2             32  com.intellij.lang.typescript.lsp.TypeScriptGoLspServiceProvider
15874:             2             32  com.intellij.lang.typescript.settings.exclude.TypeScriptGeneratedFilesExcludePolicy
15875:             2             32  com.intellij.lang.typescript.tsconfig.graph.JSPsiTreeChangeListener
15876:             2             32  com.intellij.lang.xml.XmlASTFactory
15877:             2             32  com.intellij.largeFilesEditor.editor.LargeFileNotificationProvider
15878:             2             32  com.intellij.largeFilesEditor.editor.LargeFileRegexSearchNotificationProvider
15879:             2             32  com.intellij.llmInstaller.LLMInstallerServiceProjectScope
15880:             2             32  com.intellij.llmInstaller.UtilsKt$$Lambda/0x0000009802f824e0
15881:             1             32  com.intellij.llmInstaller.ui.hub.AIHubNotInstalledManager
15882:             1             32  com.intellij.llmInstaller.ui.promo2.AIPromoWindowAdvisor
15883:             2             32  com.intellij.mcpserver.clientConfiguration.ExistingConfig$$serializer$annotationImpl$kotlinx_serialization_json_JsonIgnoreUnknownKeys$0
15884:             2             32  com.intellij.mcpserver.clientConfiguration.ExistingConfig$$serializer$annotationImpl$kotlinx_serialization_json_JsonNames$0
15885:             1             32  com.intellij.mcpserver.impl.McpServerService
15886:             1             32  com.intellij.mcpserver.statistics.McpServerApplicationUsagesCollector
15887:             2             32  com.intellij.microservices.url.inlay.UrlPathInlayHintsProviderFactory
15888:             2             32  com.intellij.ml.inline.completion.impl.cache.LightweightEditorCache
15889:             2             32  com.intellij.ml.inline.completion.impl.cache.LightweightEditorCache$CaffeineRemovalListener
15890:             2             32  com.intellij.ml.inline.completion.impl.configuration.MLCompletionSettings$InplaceEditorHintState
15891:             2             32  com.intellij.ml.inline.completion.impl.postprocessing.CustomTransformers$WithCustomAndPredefinedCodeTransformers
15892:             2             32  com.intellij.ml.inline.completion.impl.thirdparty.ThirdPartiesStateComponent
15893:             1             32  com.intellij.modcommand.Presentation
15894:             1             32  com.intellij.notification.impl.NotificationsConfigurationImpl
15895:             1             32  com.intellij.notification.impl.ProjectNotificationsModel
15896:             1             32  com.intellij.notification.impl.StatusMessage
15897:             1             32  com.intellij.openapi.actionSystem.ex.ActionContextElement
15898:             1             32  com.intellij.openapi.actionSystem.ex.QuickList
15899:             1             32  com.intellij.openapi.actionSystem.impl.ActionManagerImpl$MyTimer
15900:             1             32  com.intellij.openapi.actionSystem.impl.ComponentRef
15901:             2             32  com.intellij.openapi.actionSystem.impl.FloatingToolbar$DocumentChangeListener
15902:             2             32  com.intellij.openapi.actionSystem.impl.FloatingToolbar$EditorSelectionListener
15903:             2             32  com.intellij.openapi.actionSystem.impl.FloatingToolbar$KeyboardListener
15904:             2             32  com.intellij.openapi.actionSystem.impl.FloatingToolbar$MouseListener
15905:             2             32  com.intellij.openapi.actionSystem.impl.FloatingToolbar$MouseMotionListener
15906:             2             32  com.intellij.openapi.actionSystem.toolbarLayout.NoWrapLayoutStrategy
15907:             1             32  com.intellij.openapi.application.ApplicationNamesInfo
15908:             1             32  com.intellij.openapi.application.impl.FlushQueue
15909:             1             32  com.intellij.openapi.application.impl.NonBlockingReadActionImpl$OTelMonitor
15910:             1             32  com.intellij.openapi.application.impl.NonBlockingReadActionImpl$OTelMonitor$$Lambda/0x00000098035506c0
15911:             2             32  com.intellij.openapi.application.impl.islands.IslandsUICustomization$$Lambda/0x0000009802aec130
15912:             2             32  com.intellij.openapi.application.impl.islands.IslandsUICustomization$createEditorBorderPainter$1
15913:             1             32  com.intellij.openapi.command.impl.CommandProcessorImpl
15914:             2             32  com.intellij.openapi.components.impl.ProjectPathMacroManager$$Lambda/0x0000009802a80b98
15915:             2             32  com.intellij.openapi.diff.DefaultLineFlags
15916:             1             32  com.intellij.openapi.editor.CaretVisualAttributes
15917:             2             32  com.intellij.openapi.editor.EditorCopyPasteHelper$CopyPasteOptions
15918:             2             32  com.intellij.openapi.editor.RawText
15919:             2             32  com.intellij.openapi.editor.actions.CopyAction$Handler
15920:             1             32  com.intellij.openapi.editor.colors.impl.AppConsoleFontOptions
15921:             1             32  com.intellij.openapi.editor.colors.impl.EditorColorsManagerImpl
15922:             2             32  com.intellij.openapi.editor.ex.EditorSettingsExternalizable$OsSpecificState
15923:             2             32  com.intellij.openapi.editor.impl.BidiContentNotificationProvider
15924:             1             32  com.intellij.openapi.editor.impl.EditorCaretRepaintService
15925:             2             32  com.intellij.openapi.editor.impl.EditorCssFontResolver
15926:             1             32  com.intellij.openapi.editor.impl.EditorGutterComponentImpl$ClickInfo
15927:             2             32  com.intellij.openapi.editor.impl.EditorImpl$$Lambda/0x000000980440c1d0
15928:             2             32  com.intellij.openapi.editor.impl.EditorImpl$$Lambda/0x000000980440c6a8
15929:             1             32  com.intellij.openapi.editor.impl.EditorImpl$HighlighterChange
15930:             2             32  com.intellij.openapi.editor.impl.ForcedSoftWrapsNotificationProvider
15931:             1             32  com.intellij.openapi.editor.impl.TypedActionImpl
15932:             1             32  com.intellij.openapi.editor.impl.VisibleEditorsTracker
15933:             1             32  com.intellij.openapi.editor.impl.view.CaretData
15934:             1             32  com.intellij.openapi.editor.impl.zombie.BlightMark
15935:             1             32  com.intellij.openapi.editor.impl.zombie.Necropolis
15936:             2             32  com.intellij.openapi.extensions.ExtensionPointUtil$$Lambda/0x0000009802873458
15937:             2             32  com.intellij.openapi.externalSystem.autoimport.AutoImportProjectTracker$createProjectReloadListener$1
15938:             2             32  com.intellij.openapi.externalSystem.autoimport.AutoImportProjectTrackerSettings
15939:             2             32  com.intellij.openapi.externalSystem.autoimport.ProjectSettingsTracker$ProjectListener
15940:             2             32  com.intellij.openapi.externalSystem.autoimport.changes.vfs.VirtualFileChangesListener$Companion$$Lambda/0x0000009803a04b30
15941:             2             32  com.intellij.openapi.externalSystem.autoimport.settings.AsyncSupplier$Companion$blocking$1
15942:             2             32  com.intellij.openapi.externalSystem.autolink.UnlinkedProjectSettings
15943:             1             32  com.intellij.openapi.externalSystem.configurationStore.ExternalStorageSpec
15944:             2             32  com.intellij.openapi.externalSystem.configurationStore.ExternalSystemStreamProviderFactory$$Lambda/0x0000009802a89538
15945:             2             32  com.intellij.openapi.externalSystem.configurationStore.ExternalSystemStreamProviderFactory$1
15946:             1             32  com.intellij.openapi.externalSystem.service.ExternalSystemFacadeManager
15947:             1             32  com.intellij.openapi.externalSystem.service.RemoteExternalSystemCommunicationManager
15948:             2             32  com.intellij.openapi.externalSystem.service.project.ExternalSystemModulePropertyManagerBridge
15949:             2             32  com.intellij.openapi.externalSystem.service.project.autoimport.ExternalSystemProjectsWatcherImpl
15950:             1             32  com.intellij.openapi.externalSystem.service.remote.ExternalSystemProgressNotificationManagerImpl
15951:             1             32  com.intellij.openapi.externalSystem.util.CrcCache
15952:             1             32  com.intellij.openapi.externalSystem.util.ExternalSystemBundle
15953:             2             32  com.intellij.openapi.file.exclude.ProjectPlainTextFileTypeManager
15954:             2             32  com.intellij.openapi.fileEditor.TextEditorWithPreview$$Lambda/0x0000009804dacc68
15955:             2             32  com.intellij.openapi.fileEditor.TextEditorWithPreview$registerToolbarListeners$editorKeyListener$1
15956:             2             32  com.intellij.openapi.fileEditor.impl.EditorHistoryManager$$Lambda/0x0000009803686b28
15957:             2             32  com.intellij.openapi.fileEditor.impl.EditorHistoryManager$2
15958:             2             32  com.intellij.openapi.fileEditor.impl.EditorTabbedContainer$5
15959:             2             32  com.intellij.openapi.fileEditor.impl.EditorTabs$2
15960:             2             32  com.intellij.openapi.fileEditor.impl.EditorWindow$1
15961:             2             32  com.intellij.openapi.fileEditor.impl.FileEditorManagerImpl$MyEditorPropertyChangeListener
15962:             2             32  com.intellij.openapi.fileEditor.impl.FileEditorPsiTreeChangeListener
15963:             2             32  com.intellij.openapi.fileEditor.impl.IdeDocumentHistoryImpl$$Lambda/0x0000009802df3858
15964:             2             32  com.intellij.openapi.fileEditor.impl.IdeDocumentHistoryImpl$RecentlyChangedFilesState
15965:             1             32  com.intellij.openapi.fileEditor.impl.OpenFilesScope
15966:             2             32  com.intellij.openapi.fileEditor.impl.OpenFilesScope$Provider
15967:             2             32  com.intellij.openapi.fileEditor.impl.SelectionHistory
15968:             2             32  com.intellij.openapi.fileEditor.impl.UniqueVFilePathBuilderImplKt$$Lambda/0x0000009803eac1a8
15969:             2             32  com.intellij.openapi.fileEditor.impl.text.LargeFileNotificationProvider
15970:             1             32  com.intellij.openapi.fileTypes.UserBinaryFileType
15971:             1             32  com.intellij.openapi.module.ModuleTypeEP
15972:             2             32  com.intellij.openapi.module.impl.ModulePointerManagerImpl$1
15973:             1             32  com.intellij.openapi.module.impl.scopes.ModuleScopeProviderImpl
15974:             2             32  com.intellij.openapi.module.impl.scopes.MultiverseRootContainer
15975:             2             32  com.intellij.openapi.options.newEditor.settings.SettingModifiedExternallyNotificationProvider
15976:             2             32  com.intellij.openapi.progress.impl.TaskInfoEntityCollectorKt$collectActiveTasks$1$$Lambda/0x00000098026579a8
15977:             1             32  com.intellij.openapi.project.InitialVfsRefreshService
15978:             2             32  com.intellij.openapi.project.ProjectTypeService$$Lambda/0x000000980305ba68
15979:             2             32  com.intellij.openapi.project.SmartModeScheduler$1
15980:             2             32  com.intellij.openapi.project.impl.ProjectImpl$$Lambda/0x0000009802a1b770
15981:             1             32  com.intellij.openapi.project.impl.ProjectRootPersistentStateComponent
15982:             2             32  com.intellij.openapi.projectRoots.impl.UnknownSdkEditorNotificationsProvider
15983:             1             32  com.intellij.openapi.projectRoots.impl.UnknownSdkSnapshot
15984:             1             32  com.intellij.openapi.rd.util.RdCoroutineHost
15985:             1             32  com.intellij.openapi.roots.impl.BundledResourceUsageCollector
15986:             2             32  com.intellij.openapi.roots.impl.ProjectRootManagerImpl$1
15987:             2             32  com.intellij.openapi.roots.impl.ProjectRootManagerImpl$2
15988:             2             32  com.intellij.openapi.roots.impl.ProjectRootManagerImpl$rootsValidityChangedListener$1
15989:             2             32  com.intellij.openapi.roots.impl.PushedFilePropertiesUpdaterImpl$1
15990:             2             32  com.intellij.openapi.roots.impl.PushedFilePropertiesUpdaterImpl$2
15991:             2             32  com.intellij.openapi.ui.ComponentWithBrowseButton$$Lambda/0x00000098040e3d80
15992:             1             32  com.intellij.openapi.ui.DialogWrapper$CancelAction
15993:             1             32  com.intellij.openapi.ui.DialogWrapper$HelpAction
15994:             1             32  com.intellij.openapi.ui.DialogWrapper$OkAction
15995:             2             32  com.intellij.openapi.ui.LoadingDecorator$$Lambda/0x0000009804d67d48
15996:             2             32  com.intellij.openapi.ui.LoadingDecorator$$Lambda/0x0000009804d761b8
15997:             2             32  com.intellij.openapi.ui.LoadingDecorator$$Lambda/0x0000009804d76410
15998:             1             32  com.intellij.openapi.ui.impl.DialogWrapperPeerImpl
15999:             1             32  com.intellij.openapi.updateSettings.impl.PluginAutoUpdateService
16000:             2             32  com.intellij.openapi.updateSettings.impl.pluginsAdvertisement.GlobalIgnoredPluginSuggestionState$State
16001:             2             32  com.intellij.openapi.updateSettings.impl.pluginsAdvertisement.PluginAdvertiserEditorNotificationProvider
16002:             1             32  com.intellij.openapi.updateSettings.impl.pluginsAdvertisement.PluginAdvertiserExtensionsStateService
16003:             1             32  com.intellij.openapi.util.ActionCallback
16004:             1             32  com.intellij.openapi.util.ActionCallback$Done
16005:             1             32  com.intellij.openapi.util.ActionCallback$Rejected
16006:             2             32  com.intellij.openapi.util.ClassConditionKey
16007:             2             32  com.intellij.openapi.util.DarkReplacer
16008:             2             32  com.intellij.openapi.util.KeyedExtensionFactory$1
16009:             1             32  com.intellij.openapi.util.ShutDownTracker
16010:             1             32  com.intellij.openapi.util.WindowStateProjectService
16011:             1             32  com.intellij.openapi.util.text.Pluralizer
16012:             2             32  com.intellij.openapi.vcs.StartedActivated$$Lambda/0x00000098030094e0
16013:             2             32  com.intellij.openapi.vcs.StartedActivated$$Lambda/0x0000009803009738
16014:             2             32  com.intellij.openapi.vcs.StartedActivated$$Lambda/0x0000009803009990
16015:             2             32  com.intellij.openapi.vcs.StartedActivated$$Lambda/0x0000009803009be8
16016:             1             32  com.intellij.openapi.vcs.VcsFileListenerContextHelper
16017:             1             32  com.intellij.openapi.vcs.VcsSharedProjectSettings
16018:             2             32  com.intellij.openapi.vcs.actions.AnnotateWarningsProvider
16019:             2             32  com.intellij.openapi.vcs.annotate.AnnotationsPreloader$AnnotationsPreloaderFileEditorManagerListener
16020:             2             32  com.intellij.openapi.vcs.changes.ChangeListManagerImpl$$Lambda/0x0000009803748c28
16021:             2             32  com.intellij.openapi.vcs.changes.ChangeListManagerImpl$$Lambda/0x0000009803748e80
16022:             2             32  com.intellij.openapi.vcs.changes.ChangeListManagerImpl$1
16023:             2             32  com.intellij.openapi.vcs.changes.ChangesListManagerStateProviderImpl
16024:             1             32  com.intellij.openapi.vcs.changes.ControlledCycle
16025:             1             32  com.intellij.openapi.vcs.changes.ControlledCycle$1
16026:             2             32  com.intellij.openapi.vcs.changes.DeletedFilesHolder
16027:             1             32  com.intellij.openapi.vcs.changes.RemoteRevisionsStateCache
16028:             2             32  com.intellij.openapi.vcs.changes.committed.OutdatedVersionNotifier
16029:             2             32  com.intellij.openapi.vcs.changes.conflicts.ChangelistConflictNotificationProvider
16030:             2             32  com.intellij.openapi.vcs.changes.ignore.IgnoredFileGeneratorImpl$IgnoredFileRootStore
16031:             1             32  com.intellij.openapi.vcs.changes.ignore.cache.IgnorePatternsMatchedFilesCache
16032:             2             32  com.intellij.openapi.vcs.changes.shelf.ShelvedChangesViewManagerShelfManagerListener
16033:             2             32  com.intellij.openapi.vcs.changes.ui.ChangeViewToolWindowFactory$$Lambda/0x00000098033f5cb8
16034:             2             32  com.intellij.openapi.vcs.changes.ui.ChangesComparator$ChangeComparator
16035:             2             32  com.intellij.openapi.vcs.changes.ui.ChangesComparator$FilePathComparator
16036:             2             32  com.intellij.openapi.vcs.changes.ui.ChangesComparator$VirtualFileComparator
16037:             2             32  com.intellij.openapi.vcs.changes.ui.ExtensionListener
16038:             2             32  com.intellij.openapi.vcs.impl.FileStatusManagerImpl$FileStatusManagerDocumentListener
16039:             2             32  com.intellij.openapi.vcs.impl.ModuleDefaultVcsRootPolicy
16040:             2             32  com.intellij.openapi.vcs.impl.OptionsAndConfirmationsHolder
16041:             2             32  com.intellij.openapi.vcs.impl.projectlevelman.NewMappings$1
16042:             1             32  com.intellij.openapi.vcs.readOnlyHandler.ReadonlyStatusHandlerImpl
16043:             2             32  com.intellij.openapi.vcs.readOnlyHandler.ReadonlyStatusHandlerImpl$State
16044:             2             32  com.intellij.openapi.vcs.roots.VcsRootProblemNotifier$$Lambda/0x0000009803801180
16045:             2             32  com.intellij.openapi.vcs.update.RestoreUpdateTree
16046:             2             32  com.intellij.openapi.vcs.util.paths.VirtualFileMapping
16047:             1             32  com.intellij.openapi.vfs.DiskQueryRelay$$Lambda/0x00000098024a2250
16048:             2             32  com.intellij.openapi.vfs.encoding.EncodingProjectManagerImpl$1
16049:             1             32  com.intellij.openapi.vfs.ex.temp.TempFileSystem$FSDir
16050:             2             32  com.intellij.openapi.vfs.impl.JavaZipFileWrapper
16051:             1             32  com.intellij.openapi.vfs.impl.ZipHandler$1
16052:             1             32  com.intellij.openapi.vfs.impl.eel.EelFileWatcher
16053:             1             32  com.intellij.openapi.vfs.impl.jar.JarFileSystemImpl
16054:             1             32  com.intellij.openapi.vfs.impl.local.CanonicalPathMap
16055:             1             32  com.intellij.openapi.vfs.impl.local.SymbolicLinkRefresher
16056:             1             32  com.intellij.openapi.vfs.impl.wsl.WslFileWatcher
16057:             2             32  com.intellij.openapi.vfs.newvfs.ArchiveFileSystem$$Lambda/0x000000980330d220
16058:             2             32  com.intellij.openapi.vfs.newvfs.ArchiveFileSystem$$Lambda/0x000000980330d710
16059:             2             32  com.intellij.openapi.vfs.newvfs.ArchiveFileSystem$$Lambda/0x000000980330d988
16060:             2             32  com.intellij.openapi.vfs.newvfs.ArchiveFileSystem$$Lambda/0x000000980330dc00
16061:             1             32  com.intellij.openapi.vfs.newvfs.impl.VfsData$$Lambda/0x0000009802430c58
16062:             1             32  com.intellij.openapi.vfs.newvfs.impl.VirtualFileSystemEntry$1
16063:             1             32  com.intellij.openapi.vfs.newvfs.persistent.DefaultInMemoryInvertedNameIndex
16064:             1             32  com.intellij.openapi.vfs.newvfs.persistent.PersistentFSRecordAccessor
16065:             1             32  com.intellij.openapi.vfs.newvfs.persistent.mapped.MappedStorageOTelMonitor$$Lambda/0x0000009802781d08
16066:             1             32  com.intellij.openapi.vfs.newvfs.persistent.recovery.VFSInitializationResult
16067:             1             32  com.intellij.openapi.vfs.newvfs.persistent.recovery.VFSRecoveryInfo
16068:             2             32  com.intellij.openapi.wm.ToolWindowContentUiType
16069:             1             32  com.intellij.openapi.wm.ex.IdeFocusTraversalPolicy$SwingDefaultFocusTraversalPolicy
16070:             2             32  com.intellij.openapi.wm.impl.AbstractDroppableStripe$$Lambda/0x0000009802a91778
16071:             1             32  com.intellij.openapi.wm.impl.FocusManagerImpl
16072:             2             32  com.intellij.openapi.wm.impl.IdeGlassPaneImpl$$Lambda/0x0000009802aea858
16073:             2             32  com.intellij.openapi.wm.impl.IdeGlassPaneImpl$$Lambda/0x0000009802aead08
16074:             2             32  com.intellij.openapi.wm.impl.ProjectFrameCustomHeaderHelper$$Lambda/0x0000009802b3d250
16075:             2             32  com.intellij.openapi.wm.impl.ProjectFrameHelper$$Lambda/0x0000009802b41260
16076:             2             32  com.intellij.openapi.wm.impl.ProjectFrameHelper$createContentPane$1$1
16077:             2             32  com.intellij.openapi.wm.impl.SideStack
16078:             2             32  com.intellij.openapi.wm.impl.ToolWindowImpl$$Lambda/0x0000009803416c80
16079:             2             32  com.intellij.openapi.wm.impl.ToolWindowManagerImpl$$Lambda/0x0000009802e128b8
16080:             1             32  com.intellij.openapi.wm.impl.WindowWatcher
16081:             2             32  com.intellij.openapi.wm.impl.content.ContentComboLabel$1
16082:             2             32  com.intellij.openapi.wm.impl.content.ContentTabLabel$$Lambda/0x000000980527adf0
16083:             2             32  com.intellij.openapi.wm.impl.customFrameDecorations.header.MacToolbarFrameHeader$$Lambda/0x0000009802b39458
16084:             2             32  com.intellij.openapi.wm.impl.customFrameDecorations.header.MacToolbarFrameHeader$windowListener$1
16085:             2             32  com.intellij.openapi.wm.impl.customFrameDecorations.header.ToolbarHeaderView$$Lambda/0x0000009802b2a878
16086:             2             32  com.intellij.openapi.wm.impl.headertoolbar.MainToolbar$$Lambda/0x0000009802b36090
16087:             1             32  com.intellij.openapi.wm.impl.headertoolbar.WidgetPositionListeners
16088:             1             32  com.intellij.openapi.wm.impl.simpleTitleParts.ConfigFolderTitleInfoProvider
16089:             1             32  com.intellij.openapi.wm.impl.simpleTitleParts.ProductTitleInfoProvider
16090:             1             32  com.intellij.openapi.wm.impl.simpleTitleParts.ProductVersionTitleInfoProvider
16091:             1             32  com.intellij.openapi.wm.impl.simpleTitleParts.SuperUserSuffixTitleInfoProvider
16092:             2             32  com.intellij.openapi.wm.impl.status.EditorBasedStatusBarPopup$4
16093:             2             32  com.intellij.openapi.wm.impl.status.IconPresentationComponent$$Lambda/0x0000009803a2bce8
16094:             2             32  com.intellij.openapi.wm.impl.status.IdeStatusBarImpl$$Lambda/0x0000009802d5b048
16095:             2             32  com.intellij.openapi.wm.impl.status.IdeStatusBarImpl$setCentralWidget$widget$1
16096:             2             32  com.intellij.openapi.wm.impl.status.InfoAndProgressPanel$InlineLayout
16097:             2             32  com.intellij.openapi.wm.impl.status.InfoAndProgressPanel$InlineProgressPanel$$Lambda/0x00000098031f6270
16098:             2             32  com.intellij.openapi.wm.impl.status.InfoAndProgressPanel$InlineProgressPanel$1
16099:             2             32  com.intellij.openapi.wm.impl.status.InfoAndProgressPanel$InlineProgressPanel$2
16100:             2             32  com.intellij.openapi.wm.impl.status.InfoAndProgressPanel$InlineProgressPanel$3
16101:             2             32  com.intellij.openapi.wm.impl.status.PositionPanel$$Lambda/0x000000980352fd60
16102:             2             32  com.intellij.openapi.wm.impl.status.ProgressSetChangeEvent$$Lambda/0x00000098035617c0
16103:             2             32  com.intellij.openapi.wm.impl.status.ProgressSetChangeEvent$$Lambda/0x0000009803561a18
16104:             2             32  com.intellij.openapi.wm.impl.status.StatusBarUI
16105:             2             32  com.intellij.openapi.wm.impl.status.StatusPanel$3
16106:             2             32  com.intellij.openapi.wm.impl.status.ToggleReadOnlyAttributePanel$$Lambda/0x000000980394e250
16107:             1             32  com.intellij.openapi.wm.impl.welcomeScreen.RecentProjectPanel$FilePathChecker
16108:             2             32  com.intellij.openapi.wm.impl.welcomeScreen.recentProjects.RecentProjectFilteringTree$$Lambda/0x000000980335e208
16109:             2             32  com.intellij.openapi.wm.impl.welcomeScreen.recentProjects.RecentProjectFilteringTree$$Lambda/0x000000980335e460
16110:             1             32  com.intellij.openapi.wm.impl.welcomeScreen.recentProjects.RecentProjectFilteringTree$ProjectActionMouseListener
16111:             1             32  com.intellij.packageChecker.javascript.NpmBuildFileProvider
16112:             2             32  com.intellij.packageDependencies.DependencyValidationManagerImpl$ScopesStateSplitter
16113:             2             32  com.intellij.packageDependencies.GeneratedFilesScopeProvider
16114:             2             32  com.intellij.packageDependencies.TestScopeProvider
16115:             1             32  com.intellij.patterns.PsiElementPattern$7
16116:             1             32  com.intellij.platform.backend.observation.PlatformActivityTrackerService
16117:             1             32  com.intellij.platform.core.nio.fs.MultiRoutingFileSystem
16118:             2             32  com.intellij.platform.debugger.impl.frontend.FrontendBreakpointRequestCounter
16119:             2             32  com.intellij.platform.debugger.impl.frontend.FrontendXBreakpointManager$$Lambda/0x0000009803656000
16120:             2             32  com.intellij.platform.debugger.impl.frontend.FrontendXBreakpointManager$$Lambda/0x000000980376c7a8
16121:             1             32  com.intellij.platform.debugger.impl.frontend.editor.BreakpointPromoterEditorListener
16122:             2             32  com.intellij.platform.debugger.impl.rpc.XFrontendDebuggerCapabilities
16123:             2             32  com.intellij.platform.diagnostic.plugin.freeze.PluginFreezeNotificationPanel
16124:             1             32  com.intellij.platform.diagnostic.telemetry.impl.OtlpService
16125:             1             32  com.intellij.platform.diagnostic.telemetry.impl.TelemetryManagerImpl
16126:             1             32  com.intellij.platform.eel.impl.local.EelLocalExecPosixApi
16127:             2             32  com.intellij.platform.eel.impl.local.StreamClosedAwareEelReceiveChannel
16128:             1             32  com.intellij.platform.eel.path.ArrayListEelAbsolutePath
16129:             2             32  com.intellij.platform.eel.provider.utils.NioReadToEelAdapter
16130:             2             32  com.intellij.platform.execution.dashboard.RunDashboardManagerImpl$1
16131:             2             32  com.intellij.platform.execution.dashboard.RunDashboardManagerImpl$5
16132:             2             32  com.intellij.platform.execution.dashboard.RunDashboardManagerImpl$6
16133:             2             32  com.intellij.platform.execution.dashboard.RunDashboardManagerImpl$7
16134:             2             32  com.intellij.platform.execution.dashboard.splitApi.frontend.tree.RunDashboardStatusFilter
16135:             2             32  com.intellij.platform.execution.serviceView.ServiceViewManagerImpl$$Lambda/0x0000009803726548
16136:             2             32  com.intellij.platform.execution.serviceView.ServiceViewManagerImpl$$Lambda/0x00000098038b4490
16137:             2             32  com.intellij.platform.execution.serviceView.ServiceViewManagerImpl$3
16138:             2             32  com.intellij.platform.execution.serviceView.ServiceViewManagerImpl$ServiceViewExtensionPointListener
16139:             1             32  com.intellij.platform.experiment.ab.impl.ExperimentAssignment
16140:             2             32  com.intellij.platform.feedback.ExternalFeedbackSurveyType
16141:             1             32  com.intellij.platform.feedback.demo.DemoExternalFeedbackSurveyConfig
16142:             1             32  com.intellij.platform.feedback.demo.DemoInIdeFeedbackSurveyConfig
16143:             1             32  com.intellij.platform.feedback.impl.state.CommonFeedbackSurveysState
16144:             2             32  com.intellij.platform.ide.CoreUiCoroutineScopeHolder
16145:             1             32  com.intellij.platform.ide.bootstrap.DirectoryLock$CollectingLogger
16146:             1             32  com.intellij.platform.ide.bootstrap.StartupUtil$startApplication$5$1
16147:             2             32  com.intellij.platform.ide.diagnostic.startUpPerformanceReporter.FUSProjectHotStartUpMeasurer$MyProjectMarker
16148:             2             32  com.intellij.platform.ide.diagnostic.startUpPerformanceReporter.FUSProjectHotStartUpMeasurer$ProjectId
16149:             1             32  com.intellij.platform.ide.impl.presentationAssistant.PresentationAssistant
16150:             1             32  com.intellij.platform.ide.impl.statistic.ToolWindowStateCollector
16151:             2             32  com.intellij.platform.ide.impl.statistic.ToolWindowStateListener
16152:             2             32  com.intellij.platform.ide.menu.MacMenuBarKt$createMacMenuBar$flavor$1
16153:             2             32  com.intellij.platform.ide.nonModalWelcomeScreen.frontend.WelcomeScreenLeftTabListener
16154:             1             32  com.intellij.platform.ide.progress.TaskInfoEntity$Companion
16155:             1             32  com.intellij.platform.kernel.backend.BackendRhizomeValueEntity$Companion
16156:             1             32  com.intellij.platform.locking.impl.NestedLocksThreadingSupport$ComputationState
16157:             2             32  com.intellij.platform.lsp.impl.LspFileDocumentManagerListener
16158:             2             32  com.intellij.platform.lsp.impl.LspFileEditorManagerListener
16159:             2             32  com.intellij.platform.navbar.backend.impl.PsiNavBarItem$$Lambda/0x0000009803558e50
16160:             2             32  com.intellij.platform.navbar.backend.impl.PsiNavBarItem$$Lambda/0x00000098035590a8
16161:             2             32  com.intellij.platform.navbar.frontend.NavBarRootPaneExtensionKt$createNavBarPanel$hoverListener$1
16162:             2             32  com.intellij.platform.navbar.frontend.ui.NavBarBorder
16163:             2             32  com.intellij.platform.navbar.frontend.ui.NavBarItemComponent$1$1
16164:             2             32  com.intellij.platform.navbar.frontend.ui.NavBarItemComponent$ItemMouseListener
16165:             2             32  com.intellij.platform.navbar.frontend.ui.NavBarItemComponent$ItemPopupHandler
16166:             2             32  com.intellij.platform.navbar.monolith.MonolithNavbarServiceDelegate
16167:             1             32  com.intellij.platform.project.ProjectEntity$Companion
16168:             2             32  com.intellij.platform.recentFiles.backend.BackendRecentFilesEvent$ItemsRemoved
16169:             2             32  com.intellij.platform.recentFiles.shared.RecentFilesCoroutineScopeProvider
16170:             1             32  com.intellij.platform.rpc.backend.impl.RemoteApiRegistry
16171:             1             32  com.intellij.platform.searchEverywhere.SeSessionEntity$Companion
16172:             1             32  com.intellij.platform.searchEverywhere.impl.SeItemEntity$Companion
16173:             1             32  com.intellij.platform.searchEverywhere.impl.SeItemEntityHolder$Companion
16174:             2             32  com.intellij.platform.settings.MapSettingSerializerDescriptor$$Lambda/0x0000009803f46c28
16175:             1             32  com.intellij.platform.settings.local.InternalStateStorageService
16176:             2             32  com.intellij.platform.settings.local.Measurer$$Lambda/0x00000098024f47f8
16177:             1             32  com.intellij.platform.settings.local.MvStoreManager
16178:             2             32  com.intellij.platform.trialPromotion.common.TrialStateService$ultimatePluginUpdateFlow$2$1
16179:             2             32  com.intellij.platform.trialPromotion.common.TrialStateUtils$subscribeAsFlow$1$$Lambda/0x00000098026d3b60
16180:             1             32  com.intellij.platform.util.io.storages.enumerator.DurableStringEnumerator
16181:             1             32  com.intellij.platform.util.io.storages.intmultimaps.extendiblehashmap.ExtendibleMapFactory
16182:             1             32  com.intellij.platform.util.progress.impl.ProgressStepImpl
16183:             1             32  com.intellij.platform.vcs.backend.split.BackendChangeListChangeAssigner
16184:             1             32  com.intellij.platform.vcs.backend.split.HostVcsAppSettings
16185:             2             32  com.intellij.platform.vcs.changes.ChangeListManagerState$Default
16186:             2             32  com.intellij.platform.vcs.changes.ChangeListManagerState$FileHoldersState
16187:             1             32  com.intellij.platform.vcs.impl.shared.rhizome.DiffSplitterEntity$Companion
16188:             1             32  com.intellij.platform.vcs.impl.shared.rhizome.FilePathNodeEntity$Companion
16189:             1             32  com.intellij.platform.vcs.impl.shared.rhizome.GroupingItemEntity$Companion
16190:             1             32  com.intellij.platform.vcs.impl.shared.rhizome.GroupingItemsEntity$Companion
16191:             1             32  com.intellij.platform.vcs.impl.shared.rhizome.ModuleNodeEntity$Companion
16192:             1             32  com.intellij.platform.vcs.impl.shared.rhizome.RepositoryCountEntity$Companion
16193:             1             32  com.intellij.platform.vcs.impl.shared.rhizome.RepositoryNodeEntity$Companion
16194:             1             32  com.intellij.platform.vcs.impl.shared.rhizome.SelectShelveChangeEntity$Companion
16195:             1             32  com.intellij.platform.vcs.impl.shared.rhizome.ShelfTreeEntity$Companion
16196:             1             32  com.intellij.platform.vcs.impl.shared.rhizome.ShelvedChangeEntity$Companion
16197:             1             32  com.intellij.platform.vcs.impl.shared.rhizome.ShelvedChangeListEntity$Companion
16198:             1             32  com.intellij.platform.vcs.impl.shared.rhizome.ShelvesTreeRootEntity$Companion
16199:             1             32  com.intellij.platform.vcs.impl.shared.rhizome.TagNodeEntity$Companion
16200:             1             32  com.intellij.platform.workspace.jps.entities.ContentRootEntityType
16201:             1             32  com.intellij.platform.workspace.jps.entities.ModuleEntity$Companion
16202:             1             32  com.intellij.platform.workspace.jps.entities.ModuleEntityType
16203:             2             32  com.intellij.platform.workspace.jps.entities.ModuleTypeId
16204:             1             32  com.intellij.platform.workspace.jps.serialization.impl.ExternalModuleListSerializer
16205:             1             32  com.intellij.platform.workspace.jps.serialization.impl.ProjectSettingsSerializer
16206:             2             32  com.intellij.platform.workspace.storage.EntityChange$Added
16207:             1             32  com.intellij.platform.workspace.storage.impl.MutableStorageIndexes
16208:             1             32  com.intellij.platform.workspace.storage.impl.WorkspaceBuilderChangeLog
16209:             1             32  com.intellij.platform.workspace.storage.impl.WorkspaceBuilderChangeLog$Companion$$Lambda/0x0000009802bd9be0
16210:             1             32  com.intellij.platform.workspace.storage.impl.indices.MutableMultimapStorageIndex
16211:             2             32  com.intellij.platform.workspace.storage.query.APIKt$$Lambda/0x0000009802c4c268
16212:             1             32  com.intellij.plugins.watcher.FwProjectChangeTracker
16213:             2             32  com.intellij.plugins.watcher.action.FwEditorNotificationProvider
16214:             1             32  com.intellij.polySymbols.context.impl.PolyContextDiscoveryInfo
16215:             2             32  com.intellij.polySymbols.context.impl.PolyContextDiscoveryInfo$CachedData$$Lambda/0x0000009803eed560
16216:             2             32  com.intellij.polySymbols.context.impl.PolyContextDiscoveryInfo$CachedData$$Lambda/0x0000009803eed7b8
16217:             1             32  com.intellij.polySymbols.context.impl.PolyContextProviderExtensionPoint
16218:             2             32  com.intellij.polySymbols.html.HtmlSymbolsXmlExtension
16219:             1             32  com.intellij.polySymbols.js.nodejs.WebTypesNpmLoader
16220:             1             32  com.intellij.polySymbols.js.nodejs.WebTypesNpmLoader$State
16221:             1             32  com.intellij.polySymbols.webTypes.WebTypesEmbeddedDefinitionsLoader$State
16222:             2             32  com.intellij.polySymbols.webTypes.WebTypesEmbeddedIconLoader
16223:             2             32  com.intellij.polySymbols.webTypes.WebTypesScopeBase$WebTypesJsonOriginImpl$$Lambda/0x0000009803f27160
16224:             2             32  com.intellij.polySymbols.webTypes.WebTypesVersionsRegistry
16225:             1             32  com.intellij.polySymbols.webTypes.json.FrameworkConfig
16226:             2             32  com.intellij.polySymbols.webTypes.json.NamePatternTemplate$MyDeserializer
16227:             2             32  com.intellij.polySymbols.webTypes.json.Pattern$MyDeserializer
16228:             1             32  com.intellij.polySymbols.webTypes.json.WebTypes$JsTypesSyntax
16229:             2             32  com.intellij.pom.tree.TreeAspect
16230:             2             32  com.intellij.pom.wrappers.PsiEventWrapperAspect
16231:             1             32  com.intellij.profiler.DefaultProfilerExecutorGroup
16232:             1             32  com.intellij.profiler.ProcessOptions
16233:             1             32  com.intellij.profiler.ProfileDuringDebugOptions
16234:             1             32  com.intellij.profiler.RunToolbarWidgetOptions
16235:             1             32  com.intellij.profiler.SnapshotOptions
16236:             1             32  com.intellij.profiler.TimelineState
16237:             2             32  com.intellij.profiler.api.ProfileHistoryConfiguration$State
16238:             2             32  com.intellij.protobuf.ide.editing.MissingSchemaNotificationProvider
16239:             2             32  com.intellij.protobuf.ide.settings.PbTextLanguageSettings
16240:             1             32  com.intellij.protobuf.ide.template.PbLanguageContext$EnumBody
16241:             1             32  com.intellij.protobuf.ide.template.PbLanguageContext$ExtendBody
16242:             1             32  com.intellij.protobuf.ide.template.PbLanguageContext$MessageBody
16243:             1             32  com.intellij.protobuf.ide.template.PbLanguageContext$OneofBody
16244:             1             32  com.intellij.protobuf.ide.template.PbLanguageContext$ServiceBody
16245:             2             32  com.intellij.protobuf.lang.PbTextParserDefinition
16246:             2             32  com.intellij.protobuf.lang.stub.index.QualifiedNameIndex
16247:             2             32  com.intellij.protobuf.lang.stub.index.ShortNameIndex
16248:             2             32  com.intellij.psi.ReferenceProviderType
16249:             1             32  com.intellij.psi.SyntaxTraverser$ASTApi
16250:             1             32  com.intellij.psi.SyntaxTraverser$PsiApi
16251:             1             32  com.intellij.psi.SyntaxTraverser$PsiApi$1
16252:             1             32  com.intellij.psi.codeStyle.AppCodeStyleSettingsManager
16253:             2             32  com.intellij.psi.codeStyle.CodeStyleSettingsManager$$Lambda/0x0000009802fff8e0
16254:             2             32  com.intellij.psi.codeStyle.CodeStyleSettingsManager$1
16255:             2             32  com.intellij.psi.codeStyle.CodeStyleSettingsServiceImpl$1
16256:             2             32  com.intellij.psi.codeStyle.CodeStyleSettingsServiceImpl$2
16257:             2             32  com.intellij.psi.codeStyle.CodeStyleSettingsServiceImpl$3
16258:             2             32  com.intellij.psi.codeStyle.ProjectCodeStyleSettingsManager$StateSplitter
16259:             1             32  com.intellij.psi.css.actions.colors.CssReplaceWithColorNameIntention
16260:             1             32  com.intellij.psi.css.index.CssSupportedFileTypesProviderEP
16261:             1             32  com.intellij.psi.css.inspections.clones.CssDuplicateScope
16262:             1             32  com.intellij.psi.impl.DocumentCommitThread
16263:             2             32  com.intellij.psi.impl.PsiCachedValuesFactory
16264:             2             32  com.intellij.psi.impl.PsiDocumentManagerBase$1
16265:             2             32  com.intellij.psi.impl.cache.impl.id.PlainTextIdIndexer
16266:             2             32  com.intellij.psi.impl.cache.impl.idCache.XmlIdIndexer
16267:             2             32  com.intellij.psi.impl.cache.impl.idCache.XmlTodoIndexer
16268:             2             32  com.intellij.psi.impl.cache.impl.todo.PlainTextTodoIndexer
16269:             2             32  com.intellij.psi.impl.file.PsiDirectoryFactoryImpl
16270:             1             32  com.intellij.psi.impl.file.impl.PsiVFSListener
16271:             2             32  com.intellij.psi.impl.file.impl.PsiWsmListener
16272:             1             32  com.intellij.psi.impl.file.impl.ResolveScopeManagerImpl
16273:             2             32  com.intellij.psi.impl.smartPointers.HardElementInfo
16274:             2             32  com.intellij.psi.impl.source.PostprocessReformattingAspectImpl$$Lambda/0x0000009802e39e50
16275:             2             32  com.intellij.psi.impl.source.resolve.ResolveCache$StrongValueReference
16276:             1             32  com.intellij.psi.impl.source.tree.injected.ClassMapCachingNulls
16277:             2             32  com.intellij.psi.impl.source.tree.injected.InjectedLanguageUtilBase$$Lambda/0x00000098045e3698
16278:             1             32  com.intellij.psi.search.FileTypeIndexChangeNotifier
16279:             1             32  com.intellij.psi.search.MappedFileTypeIndex$IndexDataController
16280:             2             32  com.intellij.psi.search.ProjectScopeBuilderImpl
16281:             1             32  com.intellij.psi.search.ProjectScopeBuilderImpl$2
16282:             1             32  com.intellij.psi.search.scope.GeneratedFilesScope
16283:             1             32  com.intellij.psi.search.scope.NonProjectFilesScope
16284:             1             32  com.intellij.psi.search.scope.ProjectFilesScope
16285:             1             32  com.intellij.psi.search.scope.ProjectProductionScope
16286:             1             32  com.intellij.psi.search.scope.TestsScope
16287:             1             32  com.intellij.psi.search.scope.packageSet.NamedScope
16288:             2             32  com.intellij.psi.search.scope.packageSet.NamedScopeManager$OrderState
16289:             2             32  com.intellij.psi.search.scope.packageSet.UpdatingScopeOnProjectStructureChangeListener
16290:             1             32  com.intellij.psi.statistics.impl.StatisticsManagerImpl
16291:             2             32  com.intellij.psi.stubs.SerializationManagerImpl$$Lambda/0x00000098038deaa0
16292:             1             32  com.intellij.psi.stubs.StubElementRegistryServiceImpl
16293:             1             32  com.intellij.psi.templateLanguages.TemplateDataLanguageMappings
16294:             2             32  com.intellij.psi.templateLanguages.TemplateDataLanguagePusher
16295:             2             32  com.intellij.refactoring.suggested.SuggestedRefactoringAvailabilityIndicator$caretListener$1
16296:             2             32  com.intellij.refactoring.util.NonCodeSearchDescriptionLocation
16297:             1             32  com.intellij.remoteServer.impl.configuration.RemoteServersManagerImpl
16298:             1             32  com.intellij.remoteServer.impl.configuration.deployment.DeployToServerRunConfigurationExtensionsManager
16299:             1             32  com.intellij.rml.dfa.AttributeDependencyInfo
16300:             1             32  com.intellij.rml.dfa.analyzes.input.DomainTypesDescriptor
16301:             1             32  com.intellij.rml.dfa.impl.rml.ast.StmtIf
16302:             1             32  com.intellij.rml.dfa.impl.scripts.ScriptCompileCache
16303:             1             32  com.intellij.searchEverywhereMl.ranking.core.features.ContributorsGlobalStatisticsContextFields
16304:             1             32  com.intellij.semantic.SemServiceImpl
16305:             1             32  com.intellij.serialization.PropertyCollector$PropertyCollectorListClassValue
16306:             1             32  com.intellij.settingsSync.core.SettingsSyncStatusTracker
16307:             2             32  com.intellij.sh.ShErrorFilter
16308:             2             32  com.intellij.sh.backend.shellcheck.ShellcheckSetupNotificationProvider
16309:             2             32  com.intellij.spellchecker.SpellCheckerManager$$Lambda/0x00000098037b0b48
16310:             2             32  com.intellij.spellchecker.grazie.GrazieSuggestionProvider
16311:             2             32  com.intellij.spellchecker.state.ProjectDictionarySplitter
16312:             2             32  com.intellij.spellchecker.tokenizer.SpellcheckingStrategy
16313:             1             32  com.intellij.spellchecker.util.SpellCheckerBundle
16314:             1             32  com.intellij.spellchecker.xml.HtmlSpellcheckingStrategy
16315:             1             32  com.intellij.spellchecker.xml.XmlSpellcheckingStrategy
16316:             2             32  com.intellij.spellchecker.xml.XmlSpellcheckingStrategy$XmlAttributeValueTokenizer
16317:             2             32  com.intellij.spellchecker.xml.XmlSpellcheckingStrategy$XmlCommentTokenizer
16318:             2             32  com.intellij.spellchecker.xml.XmlSpellcheckingStrategy$XmlTextTokenizer
16319:             1             32  com.intellij.sql.completion.ml.SqlMLRankingProvider
16320:             1             32  com.intellij.sql.database.SqlDataSourceManager$1
16321:             2             32  com.intellij.sql.dialects.base.SqlLanguageDialectBase$$Lambda/0x00000098032ad4e8
16322:             1             32  com.intellij.sql.dialects.cassandra.CassFileType
16323:             2             32  com.intellij.sql.dialects.generic.SqlDialectErrorFilter
16324:             1             32  com.intellij.sql.dialects.hive.HiveFileType
16325:             2             32  com.intellij.sql.dialects.mongo.js.MongoJSHighlightInfoFilter
16326:             2             32  com.intellij.sql.dialects.mongo.js.MongoJSTypedHandler
16327:             2             32  com.intellij.sql.dialects.mssql.MsDialectBase$$Lambda/0x0000009802fd0240
16328:             2             32  com.intellij.sql.dialects.mysql.MysqlDialectBase$$Lambda/0x0000009802f799d0
16329:             1             32  com.intellij.sql.dialects.oracle.psi.stubs.OraCreateTypeDefinitionElementType
16330:             1             32  com.intellij.sql.dialects.oracle.psi.stubs.OraMemberFunctionElementType
16331:             1             32  com.intellij.sql.dialects.oraplus.OraPlusElementTypes$VarType
16332:             1             32  com.intellij.sql.dialects.redis.RedisFileType
16333:             1             32  com.intellij.sql.dialects.redis.psi.stubs.RedisUpsertStatementElementType
16334:             1             32  com.intellij.sql.liveTemplates.contextTypes.SqlTemplateContextType
16335:             2             32  com.intellij.sql.postfixTemplates.SqlSelectPostfixTemplateBase$1
16336:             1             32  com.intellij.sql.psi.SqlLightDefinitionElementType
16337:             1             32  com.intellij.sql.psi.stubs.elementTypes.SqlCallStatementStubElementType
16338:             1             32  com.intellij.sql.psi.stubs.elementTypes.SqlColumnAliasDefinitionElementType
16339:             1             32  com.intellij.sql.psi.stubs.elementTypes.SqlColumnDefinitionElementType
16340:             1             32  com.intellij.sql.psi.stubs.elementTypes.SqlColumnDetailsStubElementType
16341:             1             32  com.intellij.sql.psi.stubs.elementTypes.SqlForeignKeyElementType
16342:             1             32  com.intellij.sql.psi.stubs.elementTypes.SqlRefClauseStubElementType
16343:             2             32  com.intellij.sql.psi.stubs.factories.SqlSpecificChildStubElementFactory
16344:             2             32  com.intellij.sql.psi.stubs.factories.SqlSynonymDefinitionStubElementFactory
16345:             2             32  com.intellij.sql.psi.stubs.serializers.SqlSpecificChildStubSerializer
16346:             2             32  com.intellij.sql.psi.stubs.serializers.SqlSynonymDefinitionStubSerializer
16347:             1             32  com.intellij.station.backend.split.recents.StationRecentProjectProgressManager
16348:             1             32  com.intellij.station.backend.split.recents.StationRecentProjectsProvider$1$1
16349:             1             32  com.intellij.station.backend.split.recents.StationRecentProjectsProvider$2
16350:             1             32  com.intellij.station.backend.split.recents.StationRecentProjectsProvider$2$1
16351:             2             32  com.intellij.station.comms.common.api.StringBinaryFormat
16352:             1             32  com.intellij.station.comms.common.recents.RecentProjectsResponse$Action
16353:             1             32  com.intellij.station.core.toolbox.ToolboxStatusService
16354:             1             32  com.intellij.stylelint.StylelintBundle
16355:             1             32  com.intellij.stylelint.StylelintConfiguration
16356:             2             32  com.intellij.stylelint.StylelintExternalAnnotator
16357:             1             32  com.intellij.stylelint.StylelintState
16358:             1             32  com.intellij.swagger.core.SwSpecificationType$UNKNOWN
16359:             1             32  com.intellij.swagger.core.SwaggerBundle
16360:             2             32  com.intellij.swagger.core.settings.SwaggerSettings
16361:             1             32  com.intellij.swagger.core.ui.rest.SwPreviewCorsBypassingProxy
16362:             2             32  com.intellij.swagger.core.visualEditing.SwVisualEditingActionsService$$Lambda/0x000000980378aaa0
16363:             2             32  com.intellij.tasks.impl.TaskManagerImpl$2
16364:             2             32  com.intellij.tasks.impl.TaskManagerImpl$5
16365:             1             32  com.intellij.terminal.TerminalTitle$State
16366:             1             32  com.intellij.terminal.TerminalUiSettingsManager
16367:             1             32  com.intellij.terminal.backend.BackendTerminalSessionImpl
16368:             1             32  com.intellij.terminal.backend.TerminalCursorPositionTracker
16369:             1             32  com.intellij.terminal.backend.TerminalTabsManager$trackWorkingDirectory$1$1
16370:             2             32  com.intellij.terminal.backend.hyperlinks.BackendTerminalHyperlinkHighlighter$1
16371:             2             32  com.intellij.terminal.backend.hyperlinks.BackendTerminalHyperlinkHighlighter$2$invokeSuspend$$inlined$mapNotNull$1$2
16372:             1             32  com.intellij.terminal.frontend.fus.TerminalFocusFusService
16373:             2             32  com.intellij.terminal.frontend.toolwindow.impl.TerminalInEditorSupport
16374:             1             32  com.intellij.terminal.frontend.toolwindow.impl.TerminalTabCloseListenerImpl
16375:             2             32  com.intellij.terminal.frontend.toolwindow.impl.TerminalTitleUtilsKt$addListener$1
16376:             2             32  com.intellij.terminal.frontend.toolwindow.impl.TerminalTitleUtilsKt$addListener$2$1
16377:             1             32  com.intellij.terminal.frontend.view.completion.ShellRuntimeContextProviderReworkedImpl
16378:             2             32  com.intellij.terminal.frontend.view.impl.CopyOnSelectionHandler
16379:             2             32  com.intellij.terminal.frontend.view.impl.CopyOnSelectionHandler$MySelectionListener
16380:             1             32  com.intellij.terminal.frontend.view.impl.TerminalBlocksDecorator
16381:             2             32  com.intellij.terminal.frontend.view.impl.TerminalCursorPainter$2
16382:             2             32  com.intellij.terminal.frontend.view.impl.TerminalCursorPainter$3$1
16383:             2             32  com.intellij.terminal.frontend.view.impl.TerminalCursorPainter$4
16384:             2             32  com.intellij.terminal.frontend.view.impl.TerminalEventDispatcherKt$setupKeyEventHandling$1
16385:             1             32  com.intellij.terminal.frontend.view.impl.TerminalHeuristicsBasedCommandFinishTracker
16386:             2             32  com.intellij.terminal.frontend.view.impl.TerminalLineWrapPositionStrategy
16387:             1             32  com.intellij.terminal.frontend.view.impl.TerminalOutputScrollingModelImpl
16388:             1             32  com.intellij.terminal.frontend.view.impl.TerminalTextSelectionModelImpl
16389:             2             32  com.intellij.terminal.frontend.view.impl.TerminalViewImpl$$Lambda/0x000000980526ac08
16390:             2             32  com.intellij.terminal.frontend.view.impl.TerminalViewImpl$$Lambda/0x00000098052734b0
16391:             1             32  com.intellij.terraform.template.TftplBundle
16392:             1             32  com.intellij.toolWindow.ToolWindowLayoutStorageManagerState
16393:             2             32  com.intellij.toolWindow.ToolWindowPaneNewButtonManager$$Lambda/0x0000009802aaf408
16394:             2             32  com.intellij.toolWindow.ToolWindowPaneNewButtonManager$$Lambda/0x0000009802aaf890
16395:             2             32  com.intellij.toolWindow.ToolWindowStripeManagerImpl
16396:             2             32  com.intellij.toolWindow.ToolwindowKt$$Lambda/0x0000009802e0c400
16397:             1             32  com.intellij.ui.AnimatedIcon$Big
16398:             1             32  com.intellij.ui.AnimatedIcon$Default
16399:             1             32  com.intellij.ui.Color16
16400:             2             32  com.intellij.ui.ColorLineMarkerProvider
16401:             1             32  com.intellij.ui.CommonActionsPanel$Buttons$1
16402:             1             32  com.intellij.ui.CommonActionsPanel$Buttons$2
16403:             1             32  com.intellij.ui.CommonActionsPanel$Buttons$3
16404:             1             32  com.intellij.ui.CommonActionsPanel$Buttons$4
16405:             1             32  com.intellij.ui.CommonActionsPanel$Buttons$5
16406:             1             32  com.intellij.ui.ExperimentalUIImpl
16407:             2             32  com.intellij.ui.FilteringSpeedSearch$1
16408:             2             32  com.intellij.ui.FilteringSpeedSearch$2
16409:             2             32  com.intellij.ui.IconDeferrerImpl$$Lambda/0x00000098034658c0
16410:             2             32  com.intellij.ui.OffsetIcon$$Lambda/0x000000980329d938
16411:             2             32  com.intellij.ui.SearchTextField$$Lambda/0x000000980335c000
16412:             2             32  com.intellij.ui.SearchTextField$$Lambda/0x000000980335d368
16413:             2             32  com.intellij.ui.SearchTextField$2
16414:             2             32  com.intellij.ui.SeparatorOrientation
16415:             2             32  com.intellij.ui.SpeedSearchBase$7
16416:             1             32  com.intellij.ui.components.JBList$2
16417:             2             32  com.intellij.ui.components.ThinMacScrollBarUI$$Lambda/0x00000098031d2000
16418:             1             32  com.intellij.ui.components.impl.JBHtmlPaneStyleSheetRulesProvider
16419:             1             32  com.intellij.ui.icons.IconTransform
16420:             1             32  com.intellij.ui.jcef.JBCefApp$MyCefAppHandler
16421:             2             32  com.intellij.ui.jcef.JBCefBrowser$1
16422:             2             32  com.intellij.ui.jcef.JBCefBrowser$4
16423:             2             32  com.intellij.ui.jcef.JBCefBrowser$5
16424:             2             32  com.intellij.ui.jcef.JBCefBrowser$MyFTP
16425:             2             32  com.intellij.ui.jcef.JBCefBrowserBase$1
16426:             2             32  com.intellij.ui.jcef.JBCefBrowserBase$2
16427:             2             32  com.intellij.ui.jcef.JBCefBrowserBase$3
16428:             2             32  com.intellij.ui.jcef.JBCefBrowserBase$4
16429:             2             32  com.intellij.ui.jcef.JBCefBrowserBase$5
16430:             2             32  com.intellij.ui.jcef.JBCefClient$$Lambda/0x0000009804d53860
16431:             2             32  com.intellij.ui.jcef.JBCefClient$$Lambda/0x0000009804d53ab8
16432:             2             32  com.intellij.ui.jcef.JBCefClient$1
16433:             2             32  com.intellij.ui.jcef.JBCefClient$10
16434:             2             32  com.intellij.ui.jcef.JBCefClient$11
16435:             2             32  com.intellij.ui.jcef.JBCefClient$12
16436:             2             32  com.intellij.ui.jcef.JBCefClient$7
16437:             2             32  com.intellij.ui.jcef.JBCefClient$9
16438:             2             32  com.intellij.ui.jcef.JBCefOsrComponent$$Lambda/0x0000009804d5a4d8
16439:             2             32  com.intellij.ui.jcef.JBCefOsrComponent$1
16440:             2             32  com.intellij.ui.jcef.JBCefOsrComponent$2
16441:             2             32  com.intellij.ui.mac.MacDockDelegate$updateRecentProjectsMenu$2$$Lambda/0x000000980290f8b0
16442:             2             32  com.intellij.ui.mac.MacMainFrameDecorator$1
16443:             2             32  com.intellij.ui.mac.screenmenu.MenuBar$1
16444:             1             32  com.intellij.ui.paint.EffectPainter2D$Cached$1
16445:             1             32  com.intellij.ui.paint.EffectPainter2D$Cached$2
16446:             1             32  com.intellij.ui.tabs.FileColorsUsagesCollector
16447:             2             32  com.intellij.ui.tabs.impl.DefaultTabPainterAdapter
16448:             2             32  com.intellij.ui.tabs.impl.JBDefaultTabPainter
16449:             2             32  com.intellij.ui.tabs.impl.themes.DefaultTabTheme
16450:             1             32  com.intellij.ui.tree.AsyncTreeModel$CmdGetRoot
16451:             1             32  com.intellij.ui.tree.AsyncTreeModel$Tree
16452:             2             32  com.intellij.ui.tree.ui.DefaultTreeLayoutCache$$Lambda/0x00000098032f4000
16453:             2             32  com.intellij.ui.tree.ui.DefaultTreeUI$$Lambda/0x00000098032ed7b8
16454:             2             32  com.intellij.ui.tree.ui.DefaultTreeUI$2
16455:             2             32  com.intellij.ui.tree.ui.DefaultTreeUI$4
16456:             2             32  com.intellij.ui.tree.ui.DispatchThreadValidator
16457:             2             32  com.intellij.ui.treeStructure.Tree$$Lambda/0x00000098032f7c08
16458:             2             32  com.intellij.ui.treeStructure.Tree$ExpandImpl$TreeModelListenerImpl
16459:             2             32  com.intellij.ui.treeStructure.Tree$MyFocusListener
16460:             2             32  com.intellij.ui.treeStructure.Tree$MyTreeModelListener$$Lambda/0x00000098032f7080
16461:             2             32  com.intellij.uml.EmptyDiagramProvider$EditorNotificationProviderImpl
16462:             2             32  com.intellij.usages.impl.rules.NotifyRulesChangedListener
16463:             2             32  com.intellij.util.FieldAccessor$$Lambda/0x00000098051c3a40
16464:             2             32  com.intellij.util.ObjectUtils$$Lambda/0x0000009802bce920
16465:             1             32  com.intellij.util.PatchedWeakReference
16466:             1             32  com.intellij.util.concurrency.EdtScheduledExecutorServiceImpl
16467:             1             32  com.intellij.util.concurrency.Invoker$EDT
16468:             2             32  com.intellij.util.containers.CharSequenceHashingStrategy
16469:             1             32  com.intellij.util.containers.ConcurrentPackedBitsArrayImpl
16470:             1             32  com.intellij.util.containers.ConcurrentWeakKeySoftValueHashMap
16471:             2             32  com.intellij.util.containers.FastUtilCharSequenceHashingStrategy
16472:             1             32  com.intellij.util.containers.IntObjectLRUMap
16473:             1             32  com.intellij.util.containers.LinkedListWithSum
16474:             1             32  com.intellij.util.containers.SortedList
16475:             2             32  com.intellij.util.containers.prefixTree.set.PrefixTreeSetImpl
16476:             1             32  com.intellij.util.diff.Diff$Change
16477:             1             32  com.intellij.util.gist.GistManagerImpl
16478:             2             32  com.intellij.util.gist.PsiFileGistImpl$$Lambda/0x000000980387def0
16479:             2             32  com.intellij.util.hash.ContentHashEnumeratorOverBTree$ContentHashesDescriptor
16480:             1             32  com.intellij.util.indexing.FileBasedIndexDataInitialization$FileBasedIndexDataInitializationResult
16481:             1             32  com.intellij.util.indexing.FileBasedIndexImpl$6
16482:             1             32  com.intellij.util.indexing.PerProjectIndexingQueue
16483:             1             32  com.intellij.util.indexing.RequiredIndexesEvaluator
16484:             1             32  com.intellij.util.indexing.ReusingPersistentFilterCondition$FILTER_IS_NOT_INVALIDATED
16485:             1             32  com.intellij.util.indexing.ReusingPersistentFilterCondition$INDEXING_REQUEST_ID_DID_NOT_CHANGE_AFTER_LAST_SCANNING
16486:             1             32  com.intellij.util.indexing.ReusingPersistentFilterCondition$IS_FILTER_LOADED_FROM_DISK
16487:             1             32  com.intellij.util.indexing.ReusingPersistentFilterCondition$IS_PERSISTENT_FILTER_ENABLED
16488:             1             32  com.intellij.util.indexing.ReusingPersistentFilterCondition$IS_SCANNING_AND_INDEXING_COMPLETED
16489:             1             32  com.intellij.util.indexing.StorageGuard
16490:             2             32  com.intellij.util.indexing.UnindexedFilesScannerExecutorImpl$modificationTracker$1
16491:             1             32  com.intellij.util.indexing.dependencies.AppIndexingDependenciesStorage
16492:             1             32  com.intellij.util.indexing.dependencies.ProjectIndexingDependenciesService
16493:             1             32  com.intellij.util.indexing.dependencies.ProjectIndexingDependenciesStorage
16494:             1             32  com.intellij.util.indexing.dependenciesCache.DependenciesIndexedStatusService$MyStatus
16495:             1             32  com.intellij.util.indexing.diagnostic.IndexDiagnosticDumper
16496:             2             32  com.intellij.util.indexing.diagnostic.dto.JsonFileSize$Serializer
16497:             2             32  com.intellij.util.indexing.events.FileBasedIndexTreeChangePreprocessor
16498:             1             32  com.intellij.util.indexing.impl.perFileVersion.EnumeratedFastFileAttribute
16499:             1             32  com.intellij.util.indexing.impl.storage.KeyHashLog
16500:             2             32  com.intellij.util.io.BaseOutputReader$Options$1
16501:             1             32  com.intellij.util.io.PersistentHashMapValueStorage$1
16502:             1             32  com.intellij.util.io.PersistentHashMapValueStorage$2
16503:             1             32  com.intellij.util.io.PersistentHashMapValueStorage$3
16504:             2             32  com.intellij.util.io.UnmodifiableEnumeratorWrapper
16505:             1             32  com.intellij.util.io.blobstorage.SpaceAllocationStrategy$DataLengthPlusFixedPercentStrategy
16506:             2             32  com.intellij.util.io.externalizer.StringCollectionExternalizer
16507:             1             32  com.intellij.util.io.keyStorage.AppendableStorageBackedByResizableMappedFile$MyDataIS
16508:             1             32  com.intellij.util.lang.JavaVersion
16509:             2             32  com.intellij.util.messages.impl.MessageBusCoroutinesKt$subscribeAsFlow$1$$Lambda/0x0000009803bfee30
16510:             2             32  com.intellij.util.net.HttpConfigurable$$Lambda/0x0000009802961940
16511:             2             32  com.intellij.util.net.ssl.CertificateManager$Config
16512:             1             32  com.intellij.util.net.ssl.ConfirmingTrustManager
16513:             2             32  com.intellij.util.proxy.PropertiesEncryptionSupport
16514:             1             32  com.intellij.util.text.CharArrayCharSequence
16515:             2             32  com.intellij.util.ui.FocusUtil$$Lambda/0x0000009803172d48
16516:             2             32  com.intellij.util.ui.IconExtension
16517:             1             32  com.intellij.util.ui.JBHtmlEditorKit$MouseExitSupportLinkController
16518:             1             32  com.intellij.util.ui.JBRectangle
16519:             2             32  com.intellij.util.ui.TimedDeadzone$Length
16520:             2             32  com.intellij.util.ui.tree.TreeModelListenerList
16521:             1             32  com.intellij.util.ui.update.Update$Companion$create$1
16522:             2             32  com.intellij.util.xml.stubs.index.DomElementClassIndex
16523:             2             32  com.intellij.util.xml.stubs.index.DomNamespaceKeyIndex
16524:             2             32  com.intellij.util.xmlb.SkipDefaultValuesSerializationFilters
16525:             1             32  com.intellij.util.xmlb.XmlSerializerPropertyCollectorListClassValue
16526:             1             32  com.intellij.v.e.v.T
16527:             2             32  com.intellij.vcs.changes.ChangeListChangeIdCache
16528:             2             32  com.intellij.vcs.changes.ChangeListScopeViewUpdater
16529:             2             32  com.intellij.vcs.changes.ChangeListScopeViewUpdater$InitialRefresh
16530:             2             32  com.intellij.vcs.changes.ChangeListsScopesProvider
16531:             2             32  com.intellij.vcs.commit.CommitSessionCollector$MyToolWindowManagerListener
16532:             2             32  com.intellij.vcs.commit.SaveCommittingDocumentsVetoer
16533:             2             32  com.intellij.vcs.git.repo.GitRepositoryColorsHolder
16534:             2             32  com.intellij.vcs.git.repo.GitRepositoryColorsState
16535:             1             32  com.intellij.vcs.git.repo.GitRepositoryModelImpl
16536:             1             32  com.intellij.vcs.git.rpc.GitWidgetState$RepositoryPresentation
16537:             1             32  com.intellij.vcs.gitlab.ultimate.ci.sh.injection.GitLabCiLanguageInjectionSettingsState
16538:             1             32  com.intellij.vcs.log.data.CommitDetailsGetter
16539:             2             32  com.intellij.vcs.log.data.VcsLogProgress$ProgressKey
16540:             1             32  com.intellij.vcs.log.data.index.IndexDiagnosticRunner$rootsFlow$1$$Lambda/0x0000009805455258
16541:             2             32  com.intellij.vcs.log.data.index.VcsLogBigRepositoriesList$State
16542:             1             32  com.intellij.vcs.log.graph.impl.facade.LinearGraphController$LinearGraphAnswer
16543:             1             32  com.intellij.vcs.log.impl.VcsLogTabsManager
16544:             2             32  com.intellij.vcs.log.impl.VcsLogToolwindowManagerListener
16545:             1             32  com.intellij.vcs.log.statistics.VcsLogIndexApplicationStatisticsCollector
16546:             2             32  com.intellij.vcs.log.ui.VcsLogBookmarksManagerListener
16547:             2             32  com.intellij.vcs.log.util.SequentialLimitedLifoExecutor$DetailsLoadingTask
16548:             2             32  com.intellij.workspaceModel.core.fileIndex.impl.EmptyWorkspaceFileIndexData
16549:             2             32  com.intellij.workspaceModel.core.fileIndex.impl.WorkspaceFileIndexDataImpl$$Lambda/0x0000009802dcfb78
16550:             2             32  com.intellij.workspaceModel.core.fileIndex.impl.WorkspaceFileIndexDataImpl$$Lambda/0x0000009802dd1118
16551:             2             32  com.intellij.workspaceModel.core.fileIndex.impl.WorkspaceFileIndexImpl$1
16552:             2             32  com.intellij.workspaceModel.ide.impl.EntityTracingLogger
16553:             1             32  com.intellij.workspaceModel.ide.impl.GlobalWorkspaceModel$Companion$$Lambda/0x0000009802c97c60
16554:             1             32  com.intellij.workspaceModel.ide.impl.GlobalWorkspaceModelCacheImpl
16555:             2             32  com.intellij.workspaceModel.ide.impl.GlobalWorkspaceModelSynchronizerListener
16556:             2             32  com.intellij.workspaceModel.ide.impl.JpsProjectLoadedListenerImpl
16557:             2             32  com.intellij.workspaceModel.ide.impl.OrphanListener
16558:             2             32  com.intellij.workspaceModel.ide.impl.WorkspaceModelImpl$$Lambda/0x0000009802acd538
16559:             1             32  com.intellij.workspaceModel.ide.impl.jps.serialization.IdeSerializationContext
16560:             1             32  com.intellij.workspaceModel.ide.impl.jps.serialization.JpsGlobalModelSynchronizerImpl
16561:             1             32  com.intellij.workspaceModel.ide.impl.jps.serialization.JpsProjectModelSynchronizer$Companion$$Lambda/0x0000009802aaacc0
16562:             2             32  com.intellij.workspaceModel.ide.impl.legacyBridge.facet.FacetEntityChangeListener
16563:             2             32  com.intellij.workspaceModel.ide.impl.legacyBridge.facet.FacetEntityChangeListener$WorkspaceModelListener
16564:             1             32  com.intellij.workspaceModel.ide.impl.legacyBridge.library.GlobalLibraryTableDelegate
16565:             1             32  com.intellij.workspaceModel.ide.impl.legacyBridge.module.LegacyProjectModelListenersBridge
16566:             1             32  com.intellij.workspaceModel.ide.impl.legacyBridge.module.ModifiableModuleModelBridgeImpl$Companion$$Lambda/0x00000098042a65f0
16567:             2             32  com.intellij.workspaceModel.ide.impl.legacyBridge.module.ModuleBridgeCleaner
16568:             2             32  com.intellij.workspaceModel.ide.impl.legacyBridge.module.ModuleDependencyIndexImpl$LibraryTablesListener
16569:             2             32  com.intellij.workspaceModel.ide.impl.legacyBridge.module.ModuleDependencyIndexImpl$ReferencedRootSetChangeListener
16570:             2             32  com.intellij.workspaceModel.ide.impl.legacyBridge.module.ModuleManagerBridgeImpl$$Lambda/0x0000009802c4d4d0
16571:             2             32  com.intellij.workspaceModel.ide.impl.legacyBridge.module.roots.ModuleLibraryTableBridgeImpl
16572:             2             32  com.intellij.workspaceModel.ide.impl.legacyBridge.module.roots.ModuleRootComponentBridge$$Lambda/0x0000009802c72648
16573:             2             32  com.intellij.workspaceModel.ide.impl.legacyBridge.module.roots.RootModelBridgeImpl$$Lambda/0x0000009803184738
16574:             2             32  com.intellij.workspaceModel.ide.impl.legacyBridge.module.roots.RootModelBridgeImpl$$Lambda/0x0000009803185a20
16575:             2             32  com.intellij.workspaceModel.ide.impl.legacyBridge.watcher.LibraryRootFileWatcher
16576:             2             32  com.intellij.workspaceModel.ide.impl.legacyBridge.watcher.SdkRootFileWatcher
16577:             2             32  com.intellij.workspaceModel.ide.impl.reactive.WmReactive
16578:             2             32  com.intellij.xdebugger.impl.actions.handlers.XDebuggerRunToCursorActionHandler
16579:             2             32  com.intellij.xdebugger.impl.actions.handlers.XToggleLineBreakpointActionHandler
16580:             2             32  com.intellij.xdebugger.impl.breakpoints.BackendBreakpointRequestCounter
16581:             1             32  com.intellij.xdebugger.impl.breakpoints.InlineBreakpointInlayManager
16582:             2             32  com.intellij.xdebugger.impl.breakpoints.InlineBreakpointInlayManager$2
16583:             2             32  com.intellij.xdebugger.impl.pinned.items.XDebuggerPinToTopManager$$Lambda/0x0000009802f35688
16584:             2             32  com.intellij.xdebugger.impl.pinned.items.XDebuggerPinToTopManager$$Lambda/0x0000009802f3cb88
16585:             1             32  com.intellij.xdebugger.impl.ui.DebuggerTitleInfoProvider
16586:             2             32  com.intellij.xml.breadcrumbs.BreadcrumbsInitializingActivity$$Lambda/0x00000098035f8ec0
16587:             2             32  com.intellij.xml.breadcrumbs.BreadcrumbsInitializingActivity$$Lambda/0x0000009803604c78
16588:             2             32  com.intellij.xml.breadcrumbs.BreadcrumbsInitializingActivity$execute$2
16589:             1             32  com.intellij.xml.breadcrumbs.BreadcrumbsPanel$$Lambda/0x000000980462a0b0
16590:             1             32  com.intellij.xml.breadcrumbs.BreadcrumbsPanel$1
16591:             2             32  com.intellij.xml.breadcrumbs.MyFileEditorManagerListener
16592:             2             32  com.intellij.xml.index.XmlIndex$2
16593:             1             32  com.jediterm.terminal.TtyBasedArrayDataStream
16594:             1             32  com.jediterm.terminal.emulator.charset.CharacterSet$1
16595:             1             32  com.jediterm.terminal.emulator.charset.CharacterSet$10
16596:             1             32  com.jediterm.terminal.emulator.charset.CharacterSet$11
16597:             1             32  com.jediterm.terminal.emulator.charset.CharacterSet$12
16598:             1             32  com.jediterm.terminal.emulator.charset.CharacterSet$13
16599:             1             32  com.jediterm.terminal.emulator.charset.CharacterSet$14
16600:             1             32  com.jediterm.terminal.emulator.charset.CharacterSet$2
16601:             1             32  com.jediterm.terminal.emulator.charset.CharacterSet$3
16602:             1             32  com.jediterm.terminal.emulator.charset.CharacterSet$4
16603:             1             32  com.jediterm.terminal.emulator.charset.CharacterSet$5
16604:             1             32  com.jediterm.terminal.emulator.charset.CharacterSet$6
16605:             1             32  com.jediterm.terminal.emulator.charset.CharacterSet$7
16606:             1             32  com.jediterm.terminal.emulator.charset.CharacterSet$8
16607:             1             32  com.jediterm.terminal.emulator.charset.CharacterSet$9
16608:             1             32  com.jediterm.terminal.emulator.charset.GraphicSetState
16609:             1             32  com.jetbrains.T.v.e
16610:             2             32  com.jetbrains.T.v.vN
16611:             1             32  com.jetbrains.T.v.x
16612:             1             32  com.jetbrains.T.v.z
16613:             2             32  com.jetbrains.cef.SharedMemoryCache (jcef)
16614:             2             32  com.jetbrains.cef.remote.MultiHandler (jcef)
16615:             1             32  com.jetbrains.cef.remote.thrift.meta_data.MapMetaData (jcef)
16616:             2             32  com.jetbrains.cef.remote.thrift.transport.TTransportFactory (jcef)
16617:             1             32  com.jetbrains.cef.remote.thrift_codegen.ClientHandlers$FocusHandler_OnGotFocus_args$_Fields (jcef)
16618:             1             32  com.jetbrains.cef.remote.thrift_codegen.ClientHandlers$FocusHandler_OnSetFocus_result$_Fields (jcef)
16619:             1             32  com.jetbrains.cef.remote.thrift_codegen.ClientHandlers$LifeSpanHandler_DoClose_args$_Fields (jcef)
16620:             1             32  com.jetbrains.cef.remote.thrift_codegen.ClientHandlers$LifeSpanHandler_DoClose_result$_Fields (jcef)
16621:             1             32  com.jetbrains.cef.remote.thrift_codegen.ClientHandlers$LifeSpanHandler_OnBeforeClose_args$_Fields (jcef)
16622:             1             32  com.jetbrains.cef.remote.thrift_codegen.ClientHandlers$MessageRouterHandler_Dispose_args$_Fields (jcef)
16623:             1             32  com.jetbrains.cef.remote.thrift_codegen.ClientHandlers$MessageRouterHandler_onQuery_result$_Fields (jcef)
16624:             1             32  com.jetbrains.cef.remote.thrift_codegen.ClientHandlers$RenderHandler_GetScreenInfo_args$_Fields (jcef)
16625:             1             32  com.jetbrains.cef.remote.thrift_codegen.ClientHandlers$RenderHandler_GetScreenInfo_result$_Fields (jcef)
16626:             1             32  com.jetbrains.cef.remote.thrift_codegen.ClientHandlers$RenderHandler_GetScreenPoint_result$_Fields (jcef)
16627:             1             32  com.jetbrains.cef.remote.thrift_codegen.ClientHandlers$RenderHandler_GetViewRect_args$_Fields (jcef)
16628:             1             32  com.jetbrains.cef.remote.thrift_codegen.ClientHandlers$RenderHandler_GetViewRect_result$_Fields (jcef)
16629:             1             32  com.jetbrains.cef.remote.thrift_codegen.ClientHandlers$RequestHandler_GetResourceRequestHandler_result$_Fields (jcef)
16630:             1             32  com.jetbrains.cef.remote.thrift_codegen.ClientHandlers$RequestHandler_OnBeforeBrowse_result$_Fields (jcef)
16631:             1             32  com.jetbrains.cef.remote.thrift_codegen.ClientHandlers$ResourceHandler_Cancel_args$_Fields (jcef)
16632:             1             32  com.jetbrains.cef.remote.thrift_codegen.ClientHandlers$ResourceHandler_Dispose_args$_Fields (jcef)
16633:             1             32  com.jetbrains.cef.remote.thrift_codegen.ClientHandlers$ResourceHandler_GetResponseHeaders_result$_Fields (jcef)
16634:             1             32  com.jetbrains.cef.remote.thrift_codegen.ClientHandlers$ResourceHandler_ProcessRequest_result$_Fields (jcef)
16635:             1             32  com.jetbrains.cef.remote.thrift_codegen.ClientHandlers$ResourceHandler_ReadResponse_result$_Fields (jcef)
16636:             1             32  com.jetbrains.cef.remote.thrift_codegen.ClientHandlers$ResourceRequestHandler_Dispose_args$_Fields (jcef)
16637:             1             32  com.jetbrains.cef.remote.thrift_codegen.ClientHandlers$ResourceRequestHandler_GetCookieAccessFilter_result$_Fields (jcef)
16638:             1             32  com.jetbrains.cef.remote.thrift_codegen.ClientHandlers$ResourceRequestHandler_GetResourceHandler_result$_Fields (jcef)
16639:             1             32  com.jetbrains.cef.remote.thrift_codegen.ClientHandlers$ResourceRequestHandler_OnBeforeResourceLoad_result$_Fields (jcef)
16640:             1             32  com.jetbrains.cef.remote.thrift_codegen.ClientHandlers$ResourceRequestHandler_OnResourceResponse_result$_Fields (jcef)
16641:             1             32  com.jetbrains.cef.remote.thrift_codegen.RObject (jcef)
16642:             1             32  com.jetbrains.cef.remote.thrift_codegen.Server$Browser_Close_args$_Fields (jcef)
16643:             1             32  com.jetbrains.cef.remote.thrift_codegen.Server$Browser_Create_result$_Fields (jcef)
16644:             1             32  com.jetbrains.cef.remote.thrift_codegen.Server$Browser_GetURL_args$_Fields (jcef)
16645:             1             32  com.jetbrains.cef.remote.thrift_codegen.Server$Browser_GetURL_result$_Fields (jcef)
16646:             1             32  com.jetbrains.cef.remote.thrift_codegen.Server$Browser_Invalidate_args$_Fields (jcef)
16647:             1             32  com.jetbrains.cef.remote.thrift_codegen.Server$Browser_NotifyScreenInfoChanged_args$_Fields (jcef)
16648:             1             32  com.jetbrains.cef.remote.thrift_codegen.Server$Browser_StopLoad_args$_Fields (jcef)
16649:             1             32  com.jetbrains.cef.remote.thrift_codegen.Server$Browser_WasResized_args$_Fields (jcef)
16650:             1             32  com.jetbrains.cef.remote.thrift_codegen.Server$Callback_Continue_args$_Fields (jcef)
16651:             1             32  com.jetbrains.cef.remote.thrift_codegen.Server$Callback_Dispose_args$_Fields (jcef)
16652:             1             32  com.jetbrains.cef.remote.thrift_codegen.Server$Frame_Dispose_args$_Fields (jcef)
16653:             1             32  com.jetbrains.cef.remote.thrift_codegen.Server$MessageRouter_Create_result$_Fields (jcef)
16654:             1             32  com.jetbrains.cef.remote.thrift_codegen.Server$MessageRouter_Dispose_args$_Fields (jcef)
16655:             1             32  com.jetbrains.cef.remote.thrift_codegen.Server$QueryCallback_Dispose_args$_Fields (jcef)
16656:             1             32  com.jetbrains.cef.remote.thrift_codegen.Server$Request_Dispose_args$_Fields (jcef)
16657:             1             32  com.jetbrains.cef.remote.thrift_codegen.Server$Request_Update_args$_Fields (jcef)
16658:             1             32  com.jetbrains.cef.remote.thrift_codegen.Server$Response_Update_args$_Fields (jcef)
16659:             1             32  com.jetbrains.cef.remote.thrift_codegen.Server$attach_args$_Fields (jcef)
16660:             1             32  com.jetbrains.cef.remote.thrift_codegen.Server$connectTcp_result$_Fields (jcef)
16661:             1             32  com.jetbrains.cef.remote.thrift_codegen.Server$echo_args$_Fields (jcef)
16662:             1             32  com.jetbrains.cef.remote.thrift_codegen.Server$echo_result$_Fields (jcef)
16663:             1             32  com.jetbrains.cef.remote.thrift_codegen.Server$getServerInfo_args$_Fields (jcef)
16664:             1             32  com.jetbrains.cef.remote.thrift_codegen.Server$getServerInfo_result$_Fields (jcef)
16665:             1             32  com.jetbrains.clones.configuration.CommonDuplicateState
16666:             2             32  com.jetbrains.clones.configuration.GlobalSettings
16667:             1             32  com.jetbrains.clones.languagescope.KotlinDuplicateScope
16668:             1             32  com.jetbrains.clones.languagescope.xml.HTMLDuplicateScope
16669:             1             32  com.jetbrains.debugger.wip.JSRemoteDebugConfigurationType
16670:             1             32  com.jetbrains.gateway.GatewayBundle
16671:             1             32  com.jetbrains.internal.Proxy$Info (java.base@21.0.8)
16672:             1             32  com.jetbrains.jsonSchema.fus.JsonSchemaFusAllowedListFeature
16673:             1             32  com.jetbrains.jsonSchema.fus.JsonSchemaFusCountedUniqueFeature
16674:             2             32  com.jetbrains.jsonSchema.widget.JsonSchemaStatusWidget$$Lambda/0x00000098030545f0
16675:             2             32  com.jetbrains.ls.responses.EncodedAsset
16676:             1             32  com.jetbrains.nwjs.NwjsRunConfigurationType
16677:             2             32  com.jetbrains.performancePlugin.ProjectInitializationDiagnosticServiceImpl$1
16678:             1             32  com.jetbrains.performancePlugin.profilers.async.core.AsyncProfilerHandler
16679:             1             32  com.jetbrains.plugins.reactnative.ReactNativeRunConfigurationType
16680:             2             32  com.jetbrains.plugins.webDeployment.AutoUploadComponent$MuteHandler
16681:             1             32  com.jetbrains.plugins.webDeployment.DeploymentCache
16682:             2             32  com.jetbrains.plugins.webDeployment.config.WebServersConfigManagerBaseImpl$1
16683:             1             32  com.jetbrains.rd.ide.model.ImageIconSources
16684:             2             32  com.jetbrains.rd.platform.codeWithMe.focus.ToolWindowUserFocusHandler
16685:             2             32  com.jetbrains.rd.platform.codeWithMe.settings.RdSettingsStorageService$$Lambda/0x00000098023d9a90
16686:             1             32  com.jetbrains.rd.platform.codeWithMe.ui.colors.ColorModelSerializer$special$$inlined$createRdKSerializer$1
16687:             1             32  com.jetbrains.rd.platform.codeWithMe.ui.icons.IconModelSerializer$special$$inlined$createRdKSerializer$1
16688:             1             32  com.jetbrains.rd.platform.diagnostics.LogTraceScenariosRegistry
16689:             2             32  com.jetbrains.rd.platform.diagnostics.LogTraceScenariosRegistry$HolderEpBean
16690:             1             32  com.jetbrains.rd.ui.icons.ProtocolIconRegistryService
16691:             2             32  com.jetbrains.rd.util.collections.CountingSet
16692:             1             32  com.jetbrains.rd.util.reactive.CompositePropertyView
16693:             1             32  com.jetbrains.rd.util.reactive.CompositePropertyView$change$1$advise$1
16694:             1             32  com.jetbrains.rd.util.reactive.CompositePropertyView$change$1$advise$2
16695:             1             32  com.jetbrains.rd.util.reactive.IViewableList$view$2
16696:             1             32  com.jetbrains.rd.util.reactive.IViewableSet$view$1
16697:             2             32  com.jetbrains.rdserver.BackendFileStructureHost$MyListener
16698:             1             32  com.jetbrains.rdserver.portForwarding.internal.GlobalPortForwardingManagerImpl
16699:             1             32  com.jetbrains.rdserver.unattendedHost.UnattendedHostStatusHandler
16700:             1             32  com.jetbrains.rhizomedb.Change
16701:             1             32  com.jetbrains.rhizomedb.EntityAttribute$Companion
16702:             1             32  com.jetbrains.rhizomedb.EntityType$Companion
16703:             1             32  com.sun.beans.finder.BeanInfoFinder (java.desktop)
16704:             1             32  com.sun.beans.finder.Signature (java.desktop)
16705:             1             32  com.sun.beans.introspect.ClassInfo (java.desktop)
16706:             1             32  com.sun.jmx.mbeanserver.Repository (java.management@21.0.8)
16707:             2             32  com.sun.jna.platform.mac.CoreFoundation$CFBooleanRef
16708:             1             32  com.sun.jna.platform.unix.LibCAPI$size_t
16709:             1             32  com.sun.jna.platform.unix.LibCAPI$ssize_t
16710:             1             32  com.sun.management.internal.OperatingSystemImpl (jdk.management@21.0.8)
16711:             2             32  com.sun.org.apache.xerces.internal.impl.XMLDocumentScannerImpl$PrologDriver (java.xml@21.0.8)
16712:             2             32  com.sun.org.apache.xerces.internal.impl.XMLDocumentScannerImpl$TrailingMiscDriver (java.xml@21.0.8)
16713:             2             32  com.sun.org.apache.xerces.internal.impl.XMLDocumentScannerImpl$XMLDeclDriver (java.xml@21.0.8)
16714:             2             32  com.sun.org.apache.xerces.internal.impl.dv.dtd.ENTITYDatatypeValidator (java.xml@21.0.8)
16715:             1             32  com.sun.org.apache.xerces.internal.util.NamespaceSupport (java.xml@21.0.8)
16716:             1             32  com.sun.xml.bind.v2.util.QNameMap
16717:             1             32  fleet.kernel.DbTimestamp$Companion
16718:             1             32  fleet.kernel.RetractionRelation$Companion
16719:             1             32  fleet.kernel.SharedRetractionRelation$Companion
16720:             1             32  fleet.kernel.rebase.OfferContributorEntity$Companion
16721:             1             32  fleet.kernel.rebase.RemoteKernelConnectionEntity$Companion
16722:             1             32  fleet.kernel.rebase.Transaction
16723:             1             32  fleet.kernel.rebase.WorkspaceClockEntity$Companion
16724:             1             32  fleet.kernel.rete.Rete
16725:             1             32  fleet.kernel.rete.ReteEntity$Companion
16726:             2             32  fleet.kernel.rete.ReteKt$collectMatches$2
16727:             1             32  fleet.kernel.rete.ReteKt$withRete$2$1
16728:             1             32  fleet.kernel.rete.impl.PosponedVarsKt$postponedVars$1
16729:             1             32  fleet.kernel.rete.impl.ReteNetworkImpl$safeProducer$1$1
16730:             2             32  fleet.multiplatform.shims.ThreadLocal_jvmKt$threadLocal$1
16731:             2             32  fleet.multiplatform.shims.ThreadLocal_jvmKt$threadLocal$1$$Lambda/0x00000098020d0000
16732:             2             32  fleet.rpc.core.RpcFlow
16733:             2             32  fleet.util.openmap.PersistentBoundedOpenMap
16734:             2             32  git4idea.actions.GitQuickActionsToolbarPopup$MyGitRepositoryListener
16735:             2             32  git4idea.actions.GitQuickActionsToolbarService
16736:             2             32  git4idea.annotate.GitAnnotationProvider$CachedData
16737:             1             32  git4idea.annotate.GitFileAnnotation$1
16738:             1             32  git4idea.annotate.GitFileAnnotation$2
16739:             1             32  git4idea.annotate.GitFileAnnotation$3
16740:             1             32  git4idea.checkin.GitCheckinEnvironment
16741:             2             32  git4idea.commit.signing.GpgAgentConfigurationNotificator
16742:             1             32  git4idea.config.GitExecutableFileTester$TestResult
16743:             1             32  git4idea.config.GitSaveChangesPolicy$1
16744:             1             32  git4idea.config.GitSaveChangesPolicy$2
16745:             2             32  git4idea.conflicts.GitConflictsToolWindowManager$MyRepositoryListener
16746:             2             32  git4idea.conflicts.MergeConflictResolveUtil$NotificationProvider
16747:             2             32  git4idea.index.vfs.GitIndexVirtualFileEditorNotificationProvider
16748:             1             32  git4idea.log.GitLogProvider
16749:             1             32  git4idea.log.GitRefManager
16750:             1             32  git4idea.merge.GitResolvedMergeConflictsFilesHolder
16751:             1             32  git4idea.rebase.GitRebaseEntry$Action$DROP
16752:             1             32  git4idea.rebase.GitRebaseEntry$Action$EDIT
16753:             1             32  git4idea.rebase.GitRebaseEntry$Action$FIXUP
16754:             1             32  git4idea.rebase.GitRebaseEntry$Action$PICK
16755:             1             32  git4idea.rebase.GitRebaseEntry$Action$REWORD
16756:             1             32  git4idea.rebase.GitRebaseEntry$Action$SQUASH
16757:             1             32  git4idea.rebase.GitRebaseEntry$Action$UPDATE_REF
16758:             2             32  git4idea.stash.ui.GitStashUIHandlerImpl
16759:             1             32  git4idea.status.GitStagingAreaHolder
16760:             2             32  git4idea.ui.GitEditorPromo
16761:             1             32  git4idea.ui.branch.GitBranchManager
16762:             2             32  git4idea.ui.branch.GitBranchWidget$Listener
16763:             2             32  git4idea.ui.toolbar.ColoredActionButtonLook
16764:             2             32  git4idea.update.GitUpdateEnvironment
16765:             2             32  io.grpc.Codec$Gzip
16766:             1             32  io.grpc.Context
16767:             1             32  io.grpc.InternalChannelz
16768:             1             32  io.grpc.LoadBalancer$PickResult
16769:             1             32  io.grpc.MetricInstrumentRegistry
16770:             1             32  io.grpc.NameResolverRegistry
16771:             1             32  io.grpc.internal.BackoffPolicyRetryScheduler
16772:             2             32  io.grpc.internal.ExponentialBackoffPolicy$Provider
16773:             2             32  io.grpc.internal.FixedObjectPool
16774:             2             32  io.grpc.internal.GrpcUtil$AcceptEncodingMarshaller
16775:             1             32  io.grpc.internal.ManagedChannelImpl$RealChannel
16776:             1             32  io.grpc.internal.ManagedChannelImpl$UncommittedRetriableStreamsRegistry
16777:             1             32  io.grpc.internal.ReadableBuffers$ByteArrayWrapper
16778:             1             32  io.grpc.internal.RetryingNameResolver
16779:             1             32  io.grpc.internal.ScParser
16780:             2             32  io.grpc.netty.shaded.io.netty.buffer.PooledByteBufAllocator$1
16781:             2             32  io.grpc.netty.shaded.io.netty.buffer.PooledByteBufAllocatorMetric
16782:             1             32  io.grpc.netty.shaded.io.netty.channel.nio.NioEventLoopGroup
16783:             2             32  io.grpc.netty.shaded.io.netty.util.internal.logging.Slf4JLoggerFactory
16784:             1             32  io.ktor.client.engine.cio.ConnectionFactory
16785:             1             32  io.ktor.client.plugins.HttpPlainTextConfig
16786:             2             32  io.ktor.events.Events
16787:             1             32  io.ktor.http.ContentType
16788:             1             32  io.ktor.network.selector.InterestSuspensionsMap
16789:             1             32  io.ktor.network.selector.SelectableBase
16790:             1             32  io.ktor.network.sockets.ServerSocketImpl
16791:             1             32  io.ktor.network.tls.TLSConfigBuilder
16792:             2             32  io.ktor.server.application.ApplicationRootConfigBridge
16793:             1             32  io.ktor.server.cio.HttpServerSettings
16794:             2             32  io.ktor.server.engine.ConnectorType
16795:             2             32  io.ktor.server.engine.EmbeddedServer$$Lambda/0x00000098039ae6e0
16796:             2             32  io.ktor.server.engine.ShutdownHookJvmKt$$Lambda/0x00000098039b6100
16797:             2             32  io.ktor.server.websocket.WebSockets$Plugin$$Lambda/0x0000009803a095e8
16798:             2             32  io.ktor.util.CoroutinesUtilsKt$SilentSupervisor$$inlined$CoroutineExceptionHandler$1
16799:             2             32  io.ktor.util.collections.ConcurrentMap
16800:             2             32  io.ktor.util.collections.CopyOnWriteHashMap
16801:             2             32  io.ktor.util.pipeline.PipelinePhaseRelation$After
16802:             2             32  io.netty.channel.VoidChannelPromise$1
16803:             2             32  io.netty.channel.nio.AbstractNioChannel$1
16804:             2             32  io.netty.handler.codec.DecoderResult
16805:             1             32  io.netty.handler.logging.LoggingHandler
16806:             1             32  io.netty.util.concurrent.DefaultThreadFactory
16807:             2             32  io.netty.util.internal.logging.Slf4JLoggerFactory
16808:             1             32  io.opencensus.trace.SpanContext
16809:             1             32  io.opencensus.trace.TraceId
16810:             2             32  io.opencensus.trace.TraceOptions
16811:             2             32  io.opentelemetry.context.ArrayBasedContext
16812:             2             32  io.opentelemetry.context.DefaultContextKey
16813:             2             32  io.opentelemetry.context.propagation.DefaultContextPropagators
16814:             1             32  io.opentelemetry.sdk.OpenTelemetrySdk
16815:             1             32  io.opentelemetry.sdk.logs.SdkLoggerProvider
16816:             2             32  io.opentelemetry.sdk.logs.internal.AutoValue_LoggerConfig
16817:             2             32  io.opentelemetry.sdk.metrics.internal.AutoValue_MeterConfig
16818:             2             32  io.opentelemetry.sdk.metrics.internal.exemplar.NoopExemplarReservoir
16819:             1             32  io.opentelemetry.sdk.metrics.internal.state.AutoValue_MeterProviderSharedState
16820:             2             32  io.opentelemetry.sdk.trace.internal.AutoValue_TracerConfig
16821:             1             32  io.opentelemetry.sdk.trace.samplers.ParentBasedSampler
16822:             2             32  it.unimi.dsi.fastutil.ints.Int2IntOpenHashMap$KeySet
16823:             2             32  it.unimi.dsi.fastutil.objects.Object2IntOpenHashMap$KeySet
16824:             2             32  it.unimi.dsi.fastutil.objects.Object2IntOpenHashMap$MapEntrySet
16825:             2             32  it.unimi.dsi.fastutil.objects.Object2ObjectOpenCustomHashMap$1
16826:             2             32  it.unimi.dsi.fastutil.objects.Object2ObjectOpenCustomHashMap$KeySet
16827:             1             32  java.awt.DefaultFocusTraversalPolicy (java.desktop)
16828:             1             32  java.awt.color.ICC_ProfileGray (java.desktop)
16829:             2             32  java.awt.datatransfer.SystemFlavorMap$SoftCache (java.datatransfer@21.0.8)
16830:             1             32  java.awt.image.Kernel (java.desktop)
16831:             1             32  java.beans.EventHandler (java.desktop)
16832:             1             32  java.beans.ThreadGroupContext (java.desktop)
16833:             1             32  java.beans.ThreadGroupContext$1 (java.desktop)
16834:             1             32  java.lang.Module$ArchivedData (java.base@21.0.8)
16835:             2             32  java.lang.Shutdown$Lock (java.base@21.0.8)
16836:             1             32  java.lang.invoke.VarHandleByteArrayAsShorts$ByteBufferHandle (java.base@21.0.8)
16837:             2             32  java.lang.ref.NativeReferenceQueue$Lock (java.base@21.0.8)
16838:             1             32  java.net.InetAddress$CachedLocalHost (java.base@21.0.8)
16839:             1             32  java.net.ServerSocket (java.base@21.0.8)
16840:             2             32  java.nio.ByteOrder (java.base@21.0.8)
16841:             1             32  java.nio.file.attribute.FileTime (java.base@21.0.8)
16842:             2             32  java.security.AllPermissionCollection (java.base@21.0.8)
16843:             1             32  java.security.KeyStore (java.base@21.0.8)
16844:             1             32  java.text.AttributedString (java.base@21.0.8)
16845:             1             32  java.text.DontCareFieldPosition (java.base@21.0.8)
16846:             2             32  java.time.format.DateTimeFormatterBuilder$1 (java.base@21.0.8)
16847:             1             32  java.util.ArrayList$Itr (java.base@21.0.8)
16848:             1             32  java.util.ArrayList$SubList (java.base@21.0.8)
16849:             2             32  java.util.Hashtable$KeySet (java.base@21.0.8)
16850:             2             32  java.util.ResourceBundle$SingleFormatControl (java.base@21.0.8)
16851:             1             32  java.util.ServiceLoader$ModuleServicesLookupIterator (java.base@21.0.8)
16852:             2             32  java.util.WeakHashMap$EntrySet (java.base@21.0.8)
16853:             2             32  java.util.concurrent.CompletableFuture$AltResult (java.base@21.0.8)
16854:             1             32  java.util.concurrent.DelayQueue (java.base@21.0.8)
16855:             2             32  java.util.concurrent.Semaphore (java.base@21.0.8)
16856:             1             32  java.util.concurrent.Semaphore$FairSync (java.base@21.0.8)
16857:             1             32  java.util.concurrent.Semaphore$NonfairSync (java.base@21.0.8)
16858:             1             32  java.util.concurrent.ThreadLocalRandom (java.base@21.0.8)
16859:             1             32  java.util.zip.ZipCoder$UTF8ZipCoder (java.base@21.0.8)
16860:             1             32  javax.swing.BufferStrategyPaintManager$BufferInfo (java.desktop)
16861:             2             32  javax.swing.JProgressBar$ModelListener (java.desktop)
16862:             2             32  javax.swing.JTree$TreeSelectionRedirector (java.desktop)
16863:             1             32  javax.swing.LegacyGlueFocusTraversalPolicy (java.desktop)
16864:             1             32  javax.swing.SwingContainerOrderFocusTraversalPolicy (java.desktop)
16865:             1             32  javax.swing.SwingDefaultFocusTraversalPolicy (java.desktop)
16866:             1             32  javax.swing.TimerQueue$DelayedTimer (java.desktop)
16867:             1             32  javax.swing.filechooser.FileSystemView$FileSystemRoot (java.desktop)
16868:             2             32  javax.swing.plaf.basic.BasicButtonUI$KeyHandler (java.desktop)
16869:             2             32  javax.swing.plaf.basic.BasicProgressBarUI$Handler (java.desktop)
16870:             1             32  javax.swing.plaf.basic.BasicTreeUI$TreeTransferHandler (java.desktop)
16871:             1             32  javax.swing.plaf.metal.MetalLookAndFeel$AATextListener (java.desktop)
16872:             1             32  javax.swing.text.DefaultEditorKit$BeginLineUpAction (java.desktop)
16873:             1             32  javax.swing.text.DefaultEditorKit$EndLineDownAction (java.desktop)
16874:             1             32  javax.swing.text.DefaultEditorKit$SelectLineAction (java.desktop)
16875:             1             32  javax.swing.text.DefaultEditorKit$SelectParagraphAction (java.desktop)
16876:             1             32  javax.swing.text.DefaultEditorKit$SelectWordAction (java.desktop)
16877:             2             32  javax.swing.text.DefaultStyledDocument$StyleChangeHandler (java.desktop)
16878:             2             32  javax.swing.text.DefaultStyledDocument$StyleContextChangeHandler (java.desktop)
16879:             2             32  javax.swing.text.Position$Bias (java.desktop)
16880:             1             32  javax.swing.text.SegmentCache$CachedSegment (java.desktop)
16881:             2             32  javax.swing.text.StyleConstants$ColorConstants (java.desktop)
16882:             1             32  javax.swing.text.StyledEditorKit$StyledInsertBreakAction (java.desktop)
16883:             2             32  javax.swing.text.html.CSSBorder$DottedDashedPainter (java.desktop)
16884:             2             32  javax.swing.text.html.CSSBorder$GrooveRidgePainter (java.desktop)
16885:             2             32  javax.swing.text.html.CSSBorder$InsetOutsetPainter (java.desktop)
16886:             2             32  javax.swing.text.html.CSSBorder$NullPainter (java.desktop)
16887:             2             32  jdk.internal.icu.impl.Norm2AllModes$DecomposeNormalizer2 (java.base@21.0.8)
16888:             1             32  jdk.internal.icu.impl.UBiDiProps (java.base@21.0.8)
16889:             1             32  jdk.internal.icu.impl.UCharacterProperty$1 (java.base@21.0.8)
16890:             2             32  jdk.internal.icu.util.CodePointTrie$Data16 (java.base@21.0.8)
16891:             1             32  jdk.internal.loader.ArchivedClassLoaders (java.base@21.0.8)
16892:             1             32  jdk.internal.module.ArchivedModuleGraph (java.base@21.0.8)
16893:             2             32  jdk.internal.net.http.AuthenticationFilter$Cache (java.net.http@21.0.8)
16894:             1             32  jdk.internal.net.http.HttpClientImpl$SSLDirectBufferSupplier (java.net.http@21.0.8)
16895:             1             32  jdk.internal.net.http.hpack.HPACK$RootLogger (java.net.http@21.0.8)
16896:             1             32  jdk.internal.org.objectweb.asm.ConstantDynamic (java.base@21.0.8)
16897:             1             32  jdk.internal.org.objectweb.asm.Handle (java.base@21.0.8)
16898:             1             32  jdk.internal.reflect.MethodHandleCharacterFieldAccessorImpl (java.base@21.0.8)
16899:             1             32  jdk.jfr.internal.event.EventConfiguration (jdk.jfr@21.0.8)
16900:             1             32  jdk.jfr.internal.settings.CutoffSetting (jdk.jfr@21.0.8)
16901:             1             32  jdk.jfr.internal.settings.ThrottleSetting (jdk.jfr@21.0.8)
16902:             1             32  jdk.net.ExtendedSocketOptions$1 (jdk.net@21.0.8)
16903:             2             32  jdk.proxy1.$Proxy155 (jdk.proxy1)
16904:             2             32  jdk.proxy1.$Proxy156 (jdk.proxy1)
16905:             2             32  jdk.proxy1.$Proxy159 (jdk.proxy1)
16906:             2             32  jdk.proxy1.$Proxy7 (jdk.proxy1)
16907:             2             32  jdk.proxy1.$Proxy88 (jdk.proxy1)
16908:             2             32  jdk.proxy10.$Proxy119 (jdk.proxy10)
16909:             2             32  jdk.proxy11.$Proxy122 (jdk.proxy11)
16910:             2             32  jdk.proxy11.$Proxy127 (jdk.proxy11)
16911:             2             32  jdk.proxy11.$Proxy143 (jdk.proxy11)
16912:             2             32  jdk.proxy13.$Proxy144 (jdk.proxy13)
16913:             2             32  jdk.proxy15.$Proxy189 (jdk.proxy15)
16914:             2             32  jdk.proxy2.$Proxy104 (jdk.proxy2)
16915:             2             32  jdk.proxy2.$Proxy105 (jdk.proxy2)
16916:             2             32  jdk.proxy2.$Proxy113 (jdk.proxy2)
16917:             2             32  jdk.proxy2.$Proxy115 (jdk.proxy2)
16918:             2             32  jdk.proxy2.$Proxy117 (jdk.proxy2)
16919:             2             32  jdk.proxy2.$Proxy126 (jdk.proxy2)
16920:             2             32  jdk.proxy2.$Proxy128 (jdk.proxy2)
16921:             2             32  jdk.proxy2.$Proxy129 (jdk.proxy2)
16922:             2             32  jdk.proxy2.$Proxy130 (jdk.proxy2)
16923:             2             32  jdk.proxy2.$Proxy134 (jdk.proxy2)
16924:             2             32  jdk.proxy2.$Proxy142 (jdk.proxy2)
16925:             2             32  jdk.proxy2.$Proxy145 (jdk.proxy2)
16926:             2             32  jdk.proxy2.$Proxy148 (jdk.proxy2)
16927:             2             32  jdk.proxy2.$Proxy180 (jdk.proxy2)
16928:             2             32  jdk.proxy2.$Proxy182 (jdk.proxy2)
16929:             2             32  jdk.proxy2.$Proxy183 (jdk.proxy2)
16930:             2             32  jdk.proxy2.$Proxy206 (jdk.proxy2)
16931:             2             32  jdk.proxy2.$Proxy226 (jdk.proxy2)
16932:             2             32  jdk.proxy2.$Proxy234 (jdk.proxy2)
16933:             2             32  jdk.proxy2.$Proxy26 (jdk.proxy2)
16934:             2             32  jdk.proxy2.$Proxy27 (jdk.proxy2)
16935:             2             32  jdk.proxy2.$Proxy302 (jdk.proxy2)
16936:             2             32  jdk.proxy2.$Proxy41 (jdk.proxy2)
16937:             2             32  jdk.proxy2.$Proxy50 (jdk.proxy2)
16938:             2             32  jdk.proxy2.$Proxy56 (jdk.proxy2)
16939:             2             32  jdk.proxy2.$Proxy59 (jdk.proxy2)
16940:             2             32  jdk.proxy2.$Proxy71 (jdk.proxy2)
16941:             2             32  jdk.proxy2.$Proxy80 (jdk.proxy2)
16942:             2             32  jdk.proxy2.$Proxy83 (jdk.proxy2)
16943:             2             32  jdk.proxy2.$Proxy84 (jdk.proxy2)
16944:             2             32  jdk.proxy2.$Proxy85 (jdk.proxy2)
16945:             2             32  jdk.proxy2.$Proxy86 (jdk.proxy2)
16946:             2             32  jdk.proxy5.$Proxy136 (jdk.proxy5)
16947:             2             32  jdk.proxy6.$Proxy92 (jdk.proxy6)
16948:             2             32  jdk.proxy8.$Proxy111 (jdk.proxy8)
16949:             2             32  jdk.proxy8.$Proxy112 (jdk.proxy8)
16950:             2             32  jdk.proxy8.$Proxy118 (jdk.proxy8)
16951:             2             32  jdk.proxy9.$Proxy114 (jdk.proxy9)
16952:             2             32  kotlin.Result
16953:             1             32  kotlin.collections.ArrayDeque
16954:             2             32  kotlin.collections.builders.MapBuilderEntries
16955:             2             32  kotlin.collections.builders.SetBuilder
16956:             2             32  kotlin.properties.NotNullVar
16957:             2             32  kotlin.reflect.jvm.internal.KProperty0Impl$$Lambda$0
16958:             2             32  kotlin.reflect.jvm.internal.KProperty0Impl$$Lambda$1
16959:             1             32  kotlin.reflect.jvm.internal.impl.builtins.functions.FunctionTypeKind$Function
16960:             1             32  kotlin.reflect.jvm.internal.impl.builtins.functions.FunctionTypeKind$KFunction
16961:             1             32  kotlin.reflect.jvm.internal.impl.builtins.functions.FunctionTypeKind$KSuspendFunction
16962:             1             32  kotlin.reflect.jvm.internal.impl.builtins.functions.FunctionTypeKind$SuspendFunction
16963:             2             32  kotlin.reflect.jvm.internal.impl.descriptors.runtime.components.ReflectAnnotationSource
16964:             1             32  kotlin.reflect.jvm.internal.impl.descriptors.runtime.structure.Java16SealedRecordLoader$Cache
16965:             2             32  kotlin.reflect.jvm.internal.impl.load.java.NullabilityAnnotationStatesImpl$$Lambda$0
16966:             1             32  kotlin.reflect.jvm.internal.impl.load.java.SpecialGenericSignatures$TypeSafeBarrierDescription$MAP_GET_OR_DEFAULT
16967:             1             32  kotlin.reflect.jvm.internal.impl.load.java.components.JavaAnnotationDescriptor
16968:             2             32  kotlin.reflect.jvm.internal.impl.load.java.components.JavaRetentionAnnotationDescriptor$$Lambda$0
16969:             2             32  kotlin.reflect.jvm.internal.impl.load.java.components.JavaTargetAnnotationDescriptor$$Lambda$0
16970:             2             32  kotlin.reflect.jvm.internal.impl.load.java.typeEnhancement.EnhancedTypeAnnotations
16971:             1             32  kotlin.reflect.jvm.internal.impl.metadata.ProtoBuf$Contract
16972:             1             32  kotlin.reflect.jvm.internal.impl.name.CallableId
16973:             1             32  kotlin.reflect.jvm.internal.impl.protobuf.WireFormat$FieldType$1
16974:             1             32  kotlin.reflect.jvm.internal.impl.protobuf.WireFormat$FieldType$2
16975:             1             32  kotlin.reflect.jvm.internal.impl.protobuf.WireFormat$FieldType$3
16976:             1             32  kotlin.reflect.jvm.internal.impl.protobuf.WireFormat$FieldType$4
16977:             1             32  kotlin.uuid.Uuid
16978:             2             32  kotlinx.coroutines.CancelHandler$UserSupplied
16979:             2             32  kotlinx.coroutines.Empty
16980:             2             32  kotlinx.coroutines.Empty
16981:             1             32  kotlinx.coroutines.EventLoopImplBase$DelayedTaskQueue
16982:             1             32  kotlinx.coroutines.EventLoopImplBase$DelayedTaskQueue
16983:             1             32  kotlinx.coroutines.ResumeAwaitOnCompletion
16984:             1             32  kotlinx.coroutines.ResumeOnCompletion
16985:             2             32  kotlinx.coroutines.channels.BufferedChannel$$Lambda/0x000000980214cf10
16986:             2             32  kotlinx.coroutines.debug.internal.Marked
16987:             2             32  kotlinx.coroutines.flow.FlowKt__MergeKt$flattenConcat$$inlined$unsafeFlow$1
16988:             2             32  kotlinx.coroutines.flow.FlowKt__TransformKt$filterNotNull$$inlined$unsafeTransform$1
16989:             1             32  kotlinx.coroutines.flow.StartedWhileSubscribed
16990:             1             32  kotlinx.coroutines.flow.internal.ChannelFlowMerge
16991:             1             32  kotlinx.coroutines.flow.internal.ChannelFlowMerge$collectTo$2
16992:             1             32  kotlinx.coroutines.internal.ThreadState
16993:             2             32  kotlinx.coroutines.scheduling.GlobalQueue
16994:             2             32  kotlinx.coroutines.scheduling.GlobalQueue
16995:             2             32  kotlinx.datetime.LocalDateTime
16996:             2             32  kotlinx.datetime.UtcOffset
16997:             1             32  kotlinx.html.KeyGenKeyType
16998:             1             32  kotlinx.html.RunAt
16999:             2             32  kotlinx.html.attributes.BooleanAttribute
17000:             1             32  kotlinx.io.Buffer
17001:             2             32  kotlinx.io.RefCountingCopyTracker
17002:             2             32  kotlinx.serialization.json.internal.DescriptorSchemaCache$Key
17003:             2             32  kotlinx.serialization.json.internal.DescriptorSchemaCache$Key
17004:             1             32  morfologik.stemming.ArrayViewList
17005:             1             32  morfologik.stemming.DictionaryAttribute$1
17006:             1             32  morfologik.stemming.DictionaryAttribute$10
17007:             1             32  morfologik.stemming.DictionaryAttribute$11
17008:             1             32  morfologik.stemming.DictionaryAttribute$12
17009:             1             32  morfologik.stemming.DictionaryAttribute$13
17010:             1             32  morfologik.stemming.DictionaryAttribute$14
17011:             1             32  morfologik.stemming.DictionaryAttribute$15
17012:             1             32  morfologik.stemming.DictionaryAttribute$16
17013:             1             32  morfologik.stemming.DictionaryAttribute$2
17014:             1             32  morfologik.stemming.DictionaryAttribute$3
17015:             1             32  morfologik.stemming.DictionaryAttribute$4
17016:             1             32  morfologik.stemming.DictionaryAttribute$5
17017:             1             32  morfologik.stemming.DictionaryAttribute$6
17018:             1             32  morfologik.stemming.DictionaryAttribute$7
17019:             1             32  morfologik.stemming.DictionaryAttribute$8
17020:             1             32  morfologik.stemming.DictionaryAttribute$9
17021:             1             32  net.loomchild.segment.srx.RuleManager
17022:             2             32  net.loomchild.segment.srx.SrxDocumentCache
17023:             1             32  okhttp3.internal._RequestBodyCommonKt$commonToRequestBody$1
17024:             1             32  okhttp3.internal._ResponseBodyCommonKt$commonAsResponseBody$1
17025:             1             32  org.apache.commons.logging.impl.WeakHashtable$WeakKey
17026:             2             32  org.apache.http.message.BasicHeaderValueParser
17027:             2             32  org.apache.http.message.BasicLineFormatter
17028:             2             32  org.apache.http.message.BasicLineParser
17029:             1             32  org.apache.lucene.analysis.hunspell.Dictionary$3
17030:             1             32  org.apache.lucene.analysis.hunspell.Suggester
17031:             1             32  org.apache.lucene.util.packed.PackedInts$Format$1
17032:             1             32  org.apache.lucene.util.packed.PackedInts$Format$2
17033:             2             32  org.apache.xerces.impl.dv.dtd.ENTITYDatatypeValidator
17034:             2             32  org.apache.xerces.impl.dv.xs.QNameDV
17035:             1             32  org.apache.xerces.impl.xpath.regex.Op$ModifierOp
17036:             2             32  org.apache.xerces.impl.xpath.regex.Token
17037:             2             32  org.cef.CefBrowserSettings (jcef)
17038:             2             32  org.cef.CefClient$1 (jcef)
17039:             1             32  org.editorconfig.configmanagement.EditorConfigEncodingCache
17040:             2             32  org.editorconfig.configmanagement.editor.EditorConfigEditorNotificationProvider
17041:             2             32  org.editorconfig.language.messages.EditorConfigWrongFileEncodingNotificationProvider
17042:             2             32  org.editorconfig.language.messages.EditorConfigWrongFileNameNotificationProvider
17043:             1             32  org.editorconfig.plugincomponents.EditorConfigPropertiesService
17044:             1             32  org.intellij.images.fileTypes.impl.ImageFileType
17045:             1             32  org.intellij.markdown.flavours.gfm.GFMConstraints
17046:             1             32  org.intellij.markdown.flavours.gfm.GFMFlavourDescriptor
17047:             1             32  org.intellij.markdown.parser.constraints.CommonMarkdownConstraints
17048:             1             32  org.intellij.plugins.intelliLang.Configuration$Prj
17049:             2             32  org.intellij.plugins.intelliLang.inject.FrankensteinErrorFilter
17050:             1             32  org.intellij.plugins.intelliLang.inject.TemporaryPlacesRegistry
17051:             2             32  org.intellij.plugins.markdown.extensions.common.highlighter.CodeFenceCopyButtonBrowserExtension$1
17052:             2             32  org.intellij.plugins.markdown.extensions.jcef.ProcessLinksExtension$$Lambda/0x0000009804d79258
17053:             2             32  org.intellij.plugins.markdown.extensions.jcef.ProcessLinksExtension$handler$1
17054:             2             32  org.intellij.plugins.markdown.extensions.jcef.commandRunner.CommandRunnerExtension$CommandRunnerIconsResourceProvider
17055:             2             32  org.intellij.plugins.markdown.extensions.jcef.commandRunner.CommandRunnerExtension$CommandRunnerResourceProvider
17056:             2             32  org.intellij.plugins.markdown.extensions.jcef.commandRunner.CommandRunnerExtension$createRunBlockHandler$1
17057:             2             32  org.intellij.plugins.markdown.extensions.jcef.commandRunner.CommandRunnerExtension$createRunLineHandler$1
17058:             2             32  org.intellij.plugins.markdown.images.editor.ConfigureTextHtmlImageLineMarkerProvider
17059:             1             32  org.intellij.plugins.markdown.settings.MarkdownExtensionsSettings$State
17060:             1             32  org.intellij.plugins.markdown.settings.MarkdownPreviewSettings$State
17061:             2             32  org.intellij.plugins.markdown.ui.preview.MarkdownPreviewFileEditor$$Lambda/0x0000009804d1e608
17062:             2             32  org.intellij.plugins.markdown.ui.preview.MarkdownPreviewFileEditor$$Lambda/0x0000009804d1e860
17063:             2             32  org.intellij.plugins.markdown.ui.preview.MarkdownPreviewFileEditor$$Lambda/0x0000009804d9a458
17064:             2             32  org.intellij.plugins.markdown.ui.preview.MarkdownPreviewFileEditor$ReparseContentDocumentListener
17065:             2             32  org.intellij.plugins.markdown.ui.preview.MarkdownPreviewFileEditor$UpdatePanelOnSettingsChangedListener
17066:             2             32  org.intellij.plugins.markdown.ui.preview.ResourceProvider$AggregatingResourceProvider
17067:             2             32  org.intellij.plugins.markdown.ui.preview.ResourceProvider$DefaultResourceProvider
17068:             2             32  org.intellij.plugins.markdown.ui.preview.jcef.MarkdownJCEFHtmlPanel$$Lambda/0x0000009804d6a778
17069:             2             32  org.intellij.plugins.markdown.ui.preview.jcef.MarkdownJCEFHtmlPanel$$Lambda/0x0000009804d6f400
17070:             2             32  org.intellij.plugins.markdown.ui.preview.jcef.MarkdownJCEFHtmlPanel$$Lambda/0x0000009804d70e68
17071:             2             32  org.intellij.plugins.markdown.ui.preview.jcef.MarkdownJCEFHtmlPanel$2
17072:             2             32  org.intellij.plugins.markdown.ui.preview.jcef.MarkdownJCEFHtmlPanel$MyFilteringRequestHandler
17073:             2             32  org.intellij.plugins.markdown.ui.preview.jcef.MarkdownPreviewSearchSession$$Lambda/0x0000009804d72240
17074:             2             32  org.intellij.plugins.markdown.ui.preview.jcef.impl.JcefBrowserPipeImpl$$Lambda/0x0000009804d693f8
17075:             2             32  org.intellij.plugins.markdown.ui.preview.jcef.impl.JcefBrowserPipeImpl$InjectionPerformerLoadHandler
17076:             2             32  org.intellij.plugins.markdown.ui.preview.jcef.impl.JcefUtilKt$$Lambda/0x0000009804d8a8b8
17077:             1             32  org.intellij.terraform.hcl.editor.HCLNavBarExtension
17078:             2             32  org.intellij.terraform.hcl.psi.HCLRefactoringSupportProvider
17079:             1             32  org.intellij.terraform.install.TfToolType$OPENTOFU
17080:             1             32  org.intellij.terraform.install.TfToolType$TERRAFORM
17081:             1             32  org.intellij.terraform.install.TfToolType$TERRAGRUNT
17082:             1             32  org.jetbrains.completion.full.line.impl.feedback.ide.FullLineInIdeFeedbackSurveyConfig$SurveyConfig$GoIde
17083:             1             32  org.jetbrains.completion.full.line.impl.feedback.ide.FullLineInIdeFeedbackSurveyConfig$SurveyConfig$IdeaUltimate
17084:             1             32  org.jetbrains.completion.full.line.impl.feedback.ide.FullLineInIdeFeedbackSurveyConfig$SurveyConfig$PhpStorm
17085:             1             32  org.jetbrains.completion.full.line.impl.feedback.ide.FullLineInIdeFeedbackSurveyConfig$SurveyConfig$PyCharm
17086:             1             32  org.jetbrains.completion.full.line.impl.feedback.ide.FullLineInIdeFeedbackSurveyConfig$SurveyConfig$Rider
17087:             1             32  org.jetbrains.completion.full.line.impl.feedback.ide.FullLineInIdeFeedbackSurveyConfig$SurveyConfig$RubyMine
17088:             1             32  org.jetbrains.completion.full.line.impl.feedback.ide.FullLineInIdeFeedbackSurveyConfig$SurveyConfig$WebStorm
17089:             1             32  org.jetbrains.completion.full.line.impl.hardware.CpuInfoCollector
17090:             1             32  org.jetbrains.completion.full.line.impl.local.LocalGeneratorsCache
17091:             1             32  org.jetbrains.completion.full.line.impl.platform.PipelineStorage
17092:             1             32  org.jetbrains.completion.full.line.impl.platform.PipelineStorage$Storage
17093:             2             32  org.jetbrains.completion.full.line.js.supporters.TSFullLineSupporter$$Lambda/0x00000098037e92a8
17094:             1             32  org.jetbrains.completion.full.line.language.ModelSettings$Cache
17095:             1             32  org.jetbrains.completion.full.line.local.server.stubs.OnnxNative$get_response
17096:             1             32  org.jetbrains.completion.full.line.local.server.stubs.OnnxNative$prefill_request
17097:             1             32  org.jetbrains.completion.full.line.local.services.helpers.NativeServerConnection
17098:             1             32  org.jetbrains.completion.full.line.local.suggest.collector.FullLineCompletionInputBuilder$RagContext
17099:             1             32  org.jetbrains.completion.full.line.local.suggest.collector.FullLineLocalCompletionGenerator
17100:             1             32  org.jetbrains.completion.full.line.local.suggest.collector.TokenHealing
17101:             1             32  org.jetbrains.completion.full.line.local.tokenizer.BaseEncoder
17102:             1             32  org.jetbrains.completion.full.line.local.tokenizer.SpecialTokens
17103:             1             32  org.jetbrains.ide.AboutHttpService
17104:             1             32  org.jetbrains.ide.BuiltInServerManagerImpl
17105:             1             32  org.jetbrains.ide.StartUpMeasurementService
17106:             1             32  org.jetbrains.ide.ToolboxRestService
17107:             1             32  org.jetbrains.ide.ToolboxSettingsActionRegistry$1$1
17108:             1             32  org.jetbrains.io.BuiltInServer
17109:             1             32  org.jetbrains.io.BuiltInServer$Companion$configureChildHandler$1
17110:             1             32  org.jetbrains.jewel.bridge.MacScrollbarHelperImpl
17111:             1             32  org.jetbrains.jewel.bridge.SwingBridgeReader
17112:             2             32  org.jetbrains.jewel.ui.component.styling.CheckboxIcons
17113:             2             32  org.jetbrains.jewel.ui.component.styling.ComboBoxIcons
17114:             2             32  org.jetbrains.jewel.ui.component.styling.MenuIcons
17115:             2             32  org.jetbrains.jewel.ui.component.styling.RadioButtonIcons
17116:             2             32  org.jetbrains.jewel.ui.component.styling.SpeedSearchIcons
17117:             2             32  org.jetbrains.jewel.ui.component.styling.SpeedSearchMetrics
17118:             1             32  org.jetbrains.jps.service.impl.JpsServiceManagerImpl
17119:             1             32  org.jetbrains.plugins.github.api.GithubServerPath
17120:             2             32  org.jetbrains.plugins.github.pullrequest.GHRepositoryConnectionManager$$Lambda/0x000000980346aad0
17121:             2             32  org.jetbrains.plugins.github.pullrequest.GHRepositoryConnectionManager$$Lambda/0x000000980346ad28
17122:             2             32  org.jetbrains.plugins.github.pullrequest.GHRepositoryConnectionManager$special$$inlined$serviceGet$1
17123:             1             32  org.jetbrains.plugins.github.pullrequest.config.GithubPullRequestsProjectUISettings$SettingsState
17124:             2             32  org.jetbrains.plugins.github.pullrequest.ui.toolwindow.model.GHPRToolWindowProjectViewModelFactory
17125:             2             32  org.jetbrains.plugins.github.util.GHHostedRepositoriesManager$knownRepositoriesFlow$lambda$0$$inlined$map$1
17126:             2             32  org.jetbrains.plugins.github.util.GHHostedRepositoriesManager$knownRepositoriesFlow$lambda$0$$inlined$map$1$2
17127:             1             32  org.jetbrains.plugins.gitlab.CachingGitLabServersManager
17128:             2             32  org.jetbrains.plugins.gitlab.GitLabProjectsManagerImpl
17129:             2             32  org.jetbrains.plugins.gitlab.GitLabProjectsManagerImpl$knownRepositoriesState_delegate$lambda$0$$inlined$map$1$2
17130:             2             32  org.jetbrains.plugins.gitlab.api.GitLabProjectConnectionManager$$Lambda/0x00000098034552d8
17131:             2             32  org.jetbrains.plugins.gitlab.api.GitLabProjectConnectionManager$$Lambda/0x0000009803455530
17132:             1             32  org.jetbrains.plugins.gitlab.api.GitLabVersion
17133:             2             32  org.jetbrains.plugins.gitlab.mergerequest.ui.GitLabConnectedProjectViewModelFactoryImpl
17134:             2             32  org.jetbrains.plugins.gitlab.mergerequest.ui.GitLabProjectViewModel$$Lambda/0x000000980346ef98
17135:             1             32  org.jetbrains.plugins.gitlab.util.GitLabBundle
17136:             2             32  org.jetbrains.plugins.terminal.TerminalColumnSpacing$TerminalColumnSpacingImpl
17137:             1             32  org.jetbrains.plugins.terminal.arrangement.TerminalArrangementManager
17138:             1             32  org.jetbrains.plugins.terminal.block.completion.ShellCommandSpecsManagerImpl
17139:             1             32  org.jetbrains.plugins.terminal.block.completion.ml.ShMLRankingProvider
17140:             2             32  org.jetbrains.plugins.terminal.block.hyperlinks.CompositeFilterWrapper$$Lambda/0x000000980532cf90
17141:             2             32  org.jetbrains.plugins.terminal.block.output.TerminalOutputEditorInputMethodSupport$MyInputMethodRequests
17142:             2             32  org.jetbrains.plugins.terminal.block.output.TerminalOutputEditorInputMethodSupport$inputMethodListener$1
17143:             2             32  org.jetbrains.plugins.terminal.block.output.TerminalOutputEditorInputMethodSupport$mouseListener$1
17144:             1             32  org.jetbrains.plugins.terminal.block.reworked.TerminalUsageLocalStorage
17145:             1             32  org.jetbrains.plugins.terminal.block.reworked.lang.TerminalOutputPsiFile
17146:             2             32  org.jetbrains.plugins.terminal.block.ui.TerminalUiUtils$$Lambda/0x0000009805129f88
17147:             1             32  org.jetbrains.plugins.terminal.session.impl.TerminalContentUpdatedEvent
17148:             2             32  org.jetbrains.plugins.terminal.settings.impl.TerminalLocalOptionsImpl$State
17149:             1             32  org.jetbrains.plugins.terminal.view.impl.TerminalOutputModelsSetImpl
17150:             2             32  org.jetbrains.plugins.terminal.view.shellIntegration.impl.TerminalBlocksModelImpl$1
17151:             1             32  org.jetbrains.plugins.terminal.view.shellIntegration.impl.TerminalShellIntegrationImpl
17152:             1             32  org.jetbrains.plugins.textmate.configuration.TextMateBuiltinBundlesSettings
17153:             2             32  org.jetbrains.plugins.textmate.logging.Slf4jTextMateLogger
17154:             2             32  org.jetbrains.qodana.QodanaIntelliJYamlService
17155:             1             32  org.jetbrains.qodana.cloud.QodanaCloudStateService
17156:             1             32  org.jetbrains.qodana.cloud.QodanaCloudStateService$ServiceState
17157:             1             32  org.jetbrains.qodana.cloud.authorization.QodanaLicenseAgreementHandler
17158:             1             32  org.jetbrains.qodana.cloud.project.QodanaCloudProjectLinkService
17159:             1             32  org.jetbrains.qodana.coroutines.QodanaDispatchersProviderImpl
17160:             1             32  org.jetbrains.qodana.highlight.QodanaIsSelectedPersistenceService$State
17161:             2             32  org.jetbrains.qodana.inspectionKts.KtsInspectionsManager$$Lambda/0x0000009802fc0240
17162:             2             32  org.jetbrains.qodana.inspectionKts.ui.InspectionKtsBannerProvider
17163:             2             32  org.jetbrains.qodana.staticAnalysis.scopes.GitIgnoreScopeProvider
17164:             1             32  org.jetbrains.qodana.webUi.handlers.QodanaWebUiFileHandler
17165:             1             32  org.jetbrains.qodana.webUi.handlers.QodanaWebUiResourcesHandler
17166:             1             32  org.jetbrains.qodana.webUi.handlers.QodanaWebUiSetupCiHandler
17167:             1             32  org.jetbrains.qodana.webUi.handlers.QodanaWebUiStatisticsHandler
17168:             1             32  org.jetbrains.skia.paragraph.DecorationStyle
17169:             1             32  org.jetbrains.skiko.FrameWatcher$start$1
17170:             1             32  org.jetbrains.yaml.helm.GoTemplatePluginSuggestionProvider
17171:             1             32  org.jsoup.nodes.Element$NodeList
17172:             2             32  org.jsoup.parser.ParseSettings
17173:             1             32  org.jsoup.select.CombiningEvaluator$Or
17174:             2             32  org.languagetool.ResultCache$MatchesWeigher
17175:             2             32  org.languagetool.ResultCache$RemoteMatchesWeigher
17176:             2             32  org.languagetool.ResultCache$SentenceWeigher
17177:             2             32  org.languagetool.ShortDescriptionProvider
17178:             2             32  org.languagetool.rules.AbstractUnitConversionRule$$Lambda/0x0000009804a8e538
17179:             1             32  org.languagetool.rules.CompoundRuleData
17180:             1             32  org.languagetool.rules.en.EnglishMultitokenSpeller
17181:             2             32  org.languagetool.rules.patterns.RegexAntiPatternFilter
17182:             1             32  org.languagetool.tagging.CombiningTagger
17183:             1             32  org.languagetool.tagging.en.EnglishTagger
17184:             1             32  org.languagetool.tools.TelemetryProvider
17185:             2             32  org.slf4j.helpers.BasicMarkerFactory
17186:             2             32  org.slf4j.helpers.ThreadLocalMapOfStacks
17187:             1             32  org.xml.sax.helpers.LocatorImpl (java.xml@21.0.8)
17188:             2             32  org.zmlx.hg4idea.status.ui.HgIncomingOutgoingWidget$Listener
17189:             2             32  org.zmlx.hg4idea.status.ui.HgStatusWidget$Listener
17190:             1             32  sun.awt.PostEventQueue (java.desktop)
17191:             1             32  sun.awt.image.FetcherInfo (java.desktop)
17192:             1             32  sun.awt.image.FileImageSource (java.desktop)
17193:             1             32  sun.awt.image.ImageConsumerQueue (java.desktop)
17194:             1             32  sun.font.GlyphLayout$GVData (java.desktop)
17195:             1             32  sun.font.TextRecord (java.desktop)
17196:             1             32  sun.java2d.cmm.lcms.LCMSTransform (java.desktop)
17197:             1             32  sun.java2d.cmm.lcms.LCMSTransform$NativeTransform (java.desktop)
17198:             1             32  sun.java2d.marlin.DPQSSorterContext (java.desktop)
17199:             1             32  sun.java2d.marlin.MarlinTileGenerator (java.desktop)
17200:             1             32  sun.java2d.metal.MTLRenderQueue$QueueFlusher (java.desktop)
17201:             1             32  sun.java2d.metal.MTLRenderer (java.desktop)
17202:             2             32  sun.java2d.pipe.PixelToShapeConverter (java.desktop)
17203:             2             32  sun.java2d.pipe.SpanShapeRenderer$Composite (java.desktop)
17204:             1             32  sun.lwawt.macosx.CToolkitThreadBlockedHandler (java.desktop)
17205:             1             32  sun.net.www.protocol.https.Handler (java.base@21.0.8)
17206:             1             32  sun.nio.ch.DummySocketImpl (java.base@21.0.8)
17207:             1             32  sun.nio.fs.AbstractWatchService$1 (java.base@21.0.8)
17208:             1             32  sun.nio.fs.BsdFileStore (java.base@21.0.8)
17209:             1             32  sun.nio.fs.MacOSXFileSystem (java.base@21.0.8)
17210:             1             32  sun.nio.fs.UnixFileKey (java.base@21.0.8)
17211:             1             32  sun.security.ec.ed.Ed25519Operations (jdk.crypto.ec@21.0.8)
17212:             1             32  sun.security.ec.ed.Ed448Operations (jdk.crypto.ec@21.0.8)
17213:             1             32  sun.security.ec.point.ExtendedHomogeneousPoint$Immutable (jdk.crypto.ec@21.0.8)
17214:             2             32  sun.security.provider.FileInputStreamPool$UnclosableInputStream (java.base@21.0.8)
17215:             1             32  sun.security.provider.SecureRandom (java.base@21.0.8)
17216:             2             32  sun.security.ssl.AlpnExtension$SHAlpnAbsence (java.base@21.0.8)
17217:             2             32  sun.security.ssl.AlpnExtension$SHAlpnConsumer (java.base@21.0.8)
17218:             2             32  sun.security.ssl.AlpnExtension$SHAlpnProducer (java.base@21.0.8)
17219:             2             32  sun.security.ssl.DHKeyExchange$DHEKAGenerator (java.base@21.0.8)
17220:             2             32  sun.security.ssl.DHKeyExchange$DHEPossessionGenerator (java.base@21.0.8)
17221:             2             32  sun.security.ssl.SSLAlgorithmDecomposer (java.base@21.0.8)
17222:             2             32  sun.security.ssl.SSLCipher$NullReadCipherGenerator (java.base@21.0.8)
17223:             2             32  sun.security.ssl.SSLCipher$NullWriteCipherGenerator (java.base@21.0.8)
17224:             2             32  sun.security.ssl.SSLCipher$T12GcmReadCipherGenerator (java.base@21.0.8)
17225:             2             32  sun.security.ssl.SSLCipher$T12GcmWriteCipherGenerator (java.base@21.0.8)
17226:             2             32  sun.security.ssl.SSLCipher$T13GcmReadCipherGenerator (java.base@21.0.8)
17227:             2             32  sun.security.ssl.SSLCipher$T13GcmWriteCipherGenerator (java.base@21.0.8)
17228:             2             32  sun.security.ssl.ServerHello$T12ServerHelloConsumer (java.base@21.0.8)
17229:             2             32  sun.security.ssl.ServerHello$T13HelloRetryRequestConsumer (java.base@21.0.8)
17230:             2             32  sun.security.ssl.ServerHello$T13ServerHelloConsumer (java.base@21.0.8)
17231:             2             32  sun.security.ssl.SupportedVersionsExtension$SHSupportedVersionsStringizer (java.base@21.0.8)
17232:             1             32  sun.security.ssl.TrustStoreManager$TrustAnchorManager (java.base@21.0.8)
17233:             2             32  sun.security.util.HostnameChecker (java.base@21.0.8)
17234:             1             32  sun.security.util.math.intpoly.Curve25519OrderField (java.base@21.0.8)
17235:             1             32  sun.security.util.math.intpoly.Curve448OrderField (java.base@21.0.8)
17236:             1             32  sun.security.util.math.intpoly.IntegerPolynomial25519 (java.base@21.0.8)
17237:             1             32  sun.security.util.math.intpoly.IntegerPolynomial448 (java.base@21.0.8)
17238:             1             32  sun.security.util.math.intpoly.IntegerPolynomialP256 (java.base@21.0.8)
17239:             1             32  sun.security.util.math.intpoly.IntegerPolynomialP384 (java.base@21.0.8)
17240:             1             32  sun.security.util.math.intpoly.IntegerPolynomialP521 (java.base@21.0.8)
17241:             1             32  sun.security.util.math.intpoly.P256OrderField (java.base@21.0.8)
17242:             1             32  sun.security.util.math.intpoly.P384OrderField (java.base@21.0.8)
17243:             1             32  sun.security.util.math.intpoly.P521OrderField (java.base@21.0.8)
17244:             1             32  sun.security.x509.NetscapeCertTypeExtension (java.base@21.0.8)
17245:             1             32  sun.security.x509.PrivateKeyUsageExtension (java.base@21.0.8)
17246:             2             32  sun.util.resources.LocaleData (java.base@21.0.8)
17247:             2             32  training.editor.LearnProjectFileEditorListener
17248:             1             32  training.featuresSuggester.FeatureSuggesterBundle
17249:             2             32  training.featuresSuggester.listeners.PsiActionsListener
17250:             1             32  training.lang.LangManager$State
17251:             1             32  training.learn.CourseManager
17252:             2             32  training.learn.CourseManager$$Lambda/0x00000098044cf5e0
17253:             2             32  training.learn.lesson.LessonStateBase
17254:             2             32  training.statistic.LearnProjectState
17255:             2             32  training.util.WeakReferenceDelegator
17256:             1             24  [Lai.grazie.Direction;
17257:             1             24  [Lai.grazie.rules.common.PairedPunctuation;
17258:             1             24  [Lai.grazie.rules.tree.ReportingKind;
17259:             1             24  [Lai.grazie.text.exclusions.Exclusion$Kind;
17260:             1             24  [Landroidx.compose.foundation.gestures.Orientation;
17261:             1             24  [Landroidx.compose.ui.platform.TextToolbarStatus;
17262:             1             24  [Landroidx.compose.ui.text.style.ResolvedTextDirection;
17263:             1             24  [Landroidx.compose.ui.unit.LayoutDirection;
17264:             1             24  [Lcom.android.studio.ml.CompletionEvent$Trigger;
17265:             1             24  [Lcom.android.studio.ml.ModelError$Severity;
17266:             1             24  [Lcom.android.tools.idea.studiobot.ExcludeFileName;
17267:             1             24  [Lcom.fasterxml.jackson.core.StreamWriteCapability;
17268:             1             24  [Lcom.fasterxml.jackson.databind.AnnotationIntrospector$ReferenceProperty$Type;
17269:             1             24  [Lcom.fasterxml.jackson.databind.cfg.EnumFeature;
17270:             1             24  [Lcom.github.benmanes.caffeine.cache.Caffeine$Strength;
17271:             1             24  [Lcom.github.benmanes.caffeine.cache.DisabledBuffer;
17272:             1             24  [Lcom.github.benmanes.caffeine.cache.DisabledScheduler;
17273:             1             24  [Lcom.github.benmanes.caffeine.cache.DisabledTicker;
17274:             1             24  [Lcom.github.benmanes.caffeine.cache.SingletonWeigher;
17275:             1             24  [Lcom.github.benmanes.caffeine.cache.SystemScheduler;
17276:             1             24  [Lcom.github.benmanes.caffeine.cache.SystemTicker;
17277:             1             24  [Lcom.github.benmanes.caffeine.cache.stats.DisabledStatsCounter;
17278:             1             24  [Lcom.github.weisj.jsvg.h$c;
17279:             1             24  [Lcom.github.weisj.jsvg.j;
17280:             1             24  [Lcom.goide.dfa.GoDfaMode;
17281:             1             24  [Lcom.goide.dfa.symbolicExecution.summaries.GoNilnessValue;
17282:             1             24  [Lcom.goide.dfa.translator.GoFunctionTerminationType;
17283:             1             24  [Lcom.goide.execution.GoRunningState$CommandLineType;
17284:             1             24  [Lcom.goide.formatter.settings.GoCodeStyleSettings$LocalGroupMode;
17285:             1             24  [Lcom.goide.inspections.imports.DfsNodeState;
17286:             1             24  [Lcom.goide.intentions.fmtstring.GoPrintfFuncIntentionBase$Operation;
17287:             1             24  [Lcom.google.common.cache.CacheBuilder$NullListener;
17288:             1             24  [Lcom.google.common.cache.CacheBuilder$OneWeigher;
17289:             1             24  [Lcom.google.common.cache.LocalCache$NullEntry;
17290:             1             24  [Lcom.google.common.collect.MapMaker$Dummy;
17291:             1             24  [Lcom.google.common.collect.MapMakerInternalMap$Strength;
17292:             1             24  [Lcom.google.common.util.concurrent.AbstractFutureState$VarHandleAtomicHelperMaker;
17293:             1             24  [Lcom.google.common.util.concurrent.DirectExecutor;
17294:             1             24  [Lcom.google.gson.LongSerializationPolicy;
17295:             1             24  [Lcom.google.protobuf.MessageInfoFactory;
17296:             1             24  [Lcom.google.protobuf.ProtoSyntax;
17297:             1             24  [Lcom.google.protobuf.Writer$FieldOrder;
17298:             1             24  [Lcom.google.tools.intellij.aiplugin.settings.AiPluginEndpointOverrideUrl;
17299:             1             24  [Lcom.google.tools.intellij.aiplugin.tier.UserTierService$Companion$LoadCodeAssistMode;
17300:             1             24  [Lcom.ibm.icu.impl.CacheValue$Strength;
17301:             1             24  [Lcom.ibm.icu.impl.Trie2$ValueWidth;
17302:             1             24  [Lcom.ibm.icu.number.NumberFormatter$DecimalSeparatorDisplay;
17303:             1             24  [Lcom.ibm.icu.number.NumberFormatter$RoundingPriority;
17304:             1             24  [Lcom.ibm.icu.text.PluralRules$PluralType;
17305:             1             24  [Lcom.ibm.icu.text.PluralRules$SampleType;
17306:             1             24  [Lcom.ibm.icu.util.CodePointTrie$Type;
17307:             1             24  [Lcom.ibm.icu.util.Currency$CurrencyUsage;
17308:             1             24  [Lcom.ibm.icu.util.ULocale$Category;
17309:             1             24  [Lcom.ibm.icu.util.ULocale;
17310:             1             24  [Lcom.intellij.codeInsight.codeVision.ui.model.RangeCodeVisionModel$InlayState;
17311:             1             24  [Lcom.intellij.codeInsight.daemon.impl.HighlightInfoUpdaterImpl$WhatTool;
17312:             1             24  [Lcom.intellij.codeInsight.daemon.impl.actions.GotoElementUnderCaretUsageBase$Direction;
17313:             1             24  [Lcom.intellij.codeInsight.folding.impl.ElementSignatureProvider;
17314:             1             24  [Lcom.intellij.codeInsight.hint.ParameterInfoControllerProvider;
17315:             1             24  [Lcom.intellij.codeInsight.hints.codeVision.CodeVisionFusCollector$Refactorings;
17316:             1             24  [Lcom.intellij.codeInsight.inline.completion.listeners.InlineSessionWiseCaretListener$Mode;
17317:             1             24  [Lcom.intellij.codeInsight.inline.completion.render.InlineCompletionTextRenderManager$Renderer$RenderState;
17318:             1             24  [Lcom.intellij.codeInsight.intention.IntentionActionWithOptions$CombiningPolicy;
17319:             1             24  [Lcom.intellij.codeInsight.intention.preview.IntentionPreviewInfo$InfoKind;
17320:             1             24  [Lcom.intellij.codeInsight.lookup.LookupPositionStrategy;
17321:             1             24  [Lcom.intellij.codeInsight.template.Template$Property;
17322:             1             24  [Lcom.intellij.collaboration.api.httpclient.HttpRequestConfigurer;
17323:             1             24  [Lcom.intellij.concurrency.JobLauncherImpl$VoidForkJoinTask$Status;
17324:             1             24  [Lcom.intellij.core.rwmutex.cqs.CancellableQueueSynchronizer$CancellationMode;
17325:             1             24  [Lcom.intellij.core.rwmutex.cqs.CancellableQueueSynchronizer$ResumeMode;
17326:             1             24  [Lcom.intellij.database.console.runConfiguration.DatabaseScriptRunConfigurationOptions$Mode;
17327:             1             24  [Lcom.intellij.database.dialects.oracle.debugger.SteppingMode;
17328:             1             24  [Lcom.intellij.database.settings.DataGridAppearanceSettings$BooleanMode;
17329:             1             24  [Lcom.intellij.database.settings.DatabaseSettings$ContextTemplateTarget;
17330:             1             24  [Lcom.intellij.diagnostic.EventWatcher;
17331:             1             24  [Lcom.intellij.diff.util.Side;
17332:             1             24  [Lcom.intellij.dvcs.branch.GroupingKey;
17333:             1             24  [Lcom.intellij.execution.filters.Filter$NextAction;
17334:             1             24  [Lcom.intellij.execution.runners.PreferredPlace;
17335:             1             24  [Lcom.intellij.featureStatistics.fusCollectors.EAPUsageCollector$BuildType;
17336:             1             24  [Lcom.intellij.find.impl.livePreview.SearchResults$Direction;
17337:             1             24  [Lcom.intellij.fullLine.core.utils.common.InlineCompletionHighlightRangesNormalizer$ScanLineEvent$Type;
17338:             1             24  [Lcom.intellij.go.frontback.statistics.GoWelcomeScreenTabUsageCollector$PromotionBanner;
17339:             1             24  [Lcom.intellij.grazie.GrazieConfig$State$Processing;
17340:             1             24  [Lcom.intellij.grazie.spellcheck.SpellCheckingResult;
17341:             1             24  [Lcom.intellij.httpClient.http.request.run.config.HttpRequestRunType;
17342:             1             24  [Lcom.intellij.ide.IdeEventQueue$BlockMode;
17343:             1             24  [Lcom.intellij.ide.TipsOfTheDayUsagesCollector$DialogType;
17344:             1             24  [Lcom.intellij.ide.plugins.PluginEnableDisableAction;
17345:             1             24  [Lcom.intellij.ide.plugins.PluginEnabledState;
17346:             1             24  [Lcom.intellij.ide.ui.NavBarLocation;
17347:             1             24  [Lcom.intellij.ide.util.treeView.TreeState$Match;
17348:             1             24  [Lcom.intellij.indexing.shared.download.SharedIndexConfigurableMode;
17349:             1             24  [Lcom.intellij.internal.statistic.collectors.fus.ui.HidpiMode;
17350:             1             24  [Lcom.intellij.internal.statistic.collectors.fus.ui.NavBarType;
17351:             1             24  [Lcom.intellij.internal.statistic.collectors.fus.ui.UiType;
17352:             1             24  [Lcom.intellij.internal.statistic.collectors.fus.ui.VisibilityType;
17353:             1             24  [Lcom.intellij.internal.statistic.eventLog.connection.metadata.EventLogMetadataUpdateStage;
17354:             1             24  [Lcom.intellij.internal.statistic.eventLog.dictionary.Dictionary$AccessMode;
17355:             1             24  [Lcom.intellij.internal.statistic.eventLog.events.FusHistogramBuilder$RoundingDirection;
17356:             1             24  [Lcom.intellij.internal.statistic.eventLog.validator.rules.impl.CustomValidationRuleFactory;
17357:             1             24  [Lcom.intellij.javaee.ExternalResourceManagerEx$XMLSchemaVersion;
17358:             1             24  [Lcom.intellij.javascript.debugger.activity.NextJsRunConfigKind;
17359:             1             24  [Lcom.intellij.javascript.nodejs.npm.NpmNodePackage$FileKind;
17360:             1             24  [Lcom.intellij.json.navigation.JsonQualifiedNameKind;
17361:             1             24  [Lcom.intellij.lang.LanguageExtensionPoint;
17362:             1             24  [Lcom.intellij.lang.documentation.ide.ui.DocumentationUI$ContentKind;
17363:             1             24  [Lcom.intellij.lang.javascript.psi.impl.JSPsiImplUtils$NamedEntityKind;
17364:             1             24  [Lcom.intellij.microservices.url.parameters.RenameableSemElementSupport;
17365:             1             24  [Lcom.intellij.ml.inline.completion.features.correctness.Severity;
17366:             1             24  [Lcom.intellij.ml.inline.completion.impl.MLCompletionUxMode;
17367:             1             24  [Lcom.intellij.ml.inline.completion.impl.control.trigger.TriggerModelState;
17368:             1             24  [Lcom.intellij.navigation.NavigatorWithinProject$NavigationKeyPrefix;
17369:             1             24  [Lcom.intellij.notification.Notification$CollapseActionsDirection;
17370:             1             24  [Lcom.intellij.openapi.actionSystem.ActionUpdateThread;
17371:             1             24  [Lcom.intellij.openapi.actionSystem.KeyboardGestureAction$ModifierType;
17372:             1             24  [Lcom.intellij.openapi.actionSystem.impl.FloatingToolbar$HintRequest;
17373:             1             24  [Lcom.intellij.openapi.application.impl.EdtDispatcherKind$DefaultModality;
17374:             1             24  [Lcom.intellij.openapi.application.impl.ExecutionThread;
17375:             1             24  [Lcom.intellij.openapi.application.impl.NonBlockingFlushQueue$WriteIntentLockMode;
17376:             1             24  [Lcom.intellij.openapi.components.StateStorageOperation;
17377:             1             24  [Lcom.intellij.openapi.components.StorageScheme;
17378:             1             24  [Lcom.intellij.openapi.editor.actions.MoveCaretLeftOrRightHandler$Direction;
17379:             1             24  [Lcom.intellij.openapi.editor.actions.MoveCaretUpOrDownHandler$Direction;
17380:             1             24  [Lcom.intellij.openapi.editor.actions.lists.JoinOrSplit;
17381:             1             24  [Lcom.intellij.openapi.editor.impl.softwrap.mapping.SoftWrapApplianceManager$IndentType;
17382:             1             24  [Lcom.intellij.openapi.editor.impl.stickyLines.StickyLinesModel$SourceID;
17383:             1             24  [Lcom.intellij.openapi.editor.markup.HighlighterTargetArea;
17384:             1             24  [Lcom.intellij.openapi.fileEditor.impl.LoadTextUtil$AutoDetectionReason;
17385:             1             24  [Lcom.intellij.openapi.progress.impl.ProgressRunner$ThreadToUse;
17386:             1             24  [Lcom.intellij.openapi.project.DumbModeStatisticsCollector$IndexingFinishType;
17387:             1             24  [Lcom.intellij.openapi.project.DumbServiceGuiExecutor$IndexingType;
17388:             1             24  [Lcom.intellij.openapi.project.IncompleteDependenciesService$DependenciesState;
17389:             1             24  [Lcom.intellij.openapi.project.Project;
17390:             1             24  [Lcom.intellij.openapi.roots.OrderRootType;
17391:             1             24  [Lcom.intellij.openapi.ui.DialogWrapper$DialogStyle;
17392:             1             24  [Lcom.intellij.openapi.ui.popup.Balloon$Layer;
17393:             1             24  [Lcom.intellij.openapi.updateSettings.impl.UpdateChannel$Licensing;
17394:             1             24  [Lcom.intellij.openapi.util.LowMemoryWatcher$LowMemoryWatcherType;
17395:             1             24  [Lcom.intellij.openapi.vcs.RemoteDifferenceStrategy;
17396:             1             24  [Lcom.intellij.openapi.vcs.VcsConfiguration$StandardConfirmation;
17397:             1             24  [Lcom.intellij.openapi.vcs.VcsEnvCustomizer$ExecutableType;
17398:             1             24  [Lcom.intellij.openapi.vcs.VcsRootError$Type;
17399:             1             24  [Lcom.intellij.openapi.vcs.VcsType;
17400:             1             24  [Lcom.intellij.openapi.vcs.changes.ChangeListManagerSerialization$RevisionSide;
17401:             1             24  [Lcom.intellij.openapi.vcs.changes.ignore.lang.Syntax;
17402:             1             24  [Lcom.intellij.openapi.vcs.impl.ContentRevisionCache$UniqueType;
17403:             1             24  [Lcom.intellij.openapi.wm.impl.status.IdeStatusBarImpl$WidgetEffect;
17404:             1             24  [Lcom.intellij.platform.diagnostic.telemetry.TracerLevel;
17405:             1             24  [Lcom.intellij.platform.eel.EelExecApi$RedirectTo;
17406:             1             24  [Lcom.intellij.platform.eel.EelOsFamily;
17407:             1             24  [Lcom.intellij.platform.eel.ReadResult;
17408:             1             24  [Lcom.intellij.platform.ide.diagnostic.startUpPerformanceReporter.UIResponseType;
17409:             1             24  [Lcom.intellij.platform.ide.nonModalWelcomeScreen.rightTab.WelcomeRightTabContentProvider$FeatureButtonSize;
17410:             1             24  [Lcom.intellij.platform.ide.progress.TaskStatus$Source;
17411:             1             24  [Lcom.intellij.platform.workspace.storage.impl.ConsistencyCheckingMode;
17412:             1             24  [Lcom.intellij.pom.PomDeclarationSearcher;
17413:             1             24  [Lcom.intellij.psi.codeStyle.CodeStyleSettings$HtmlTagNewLineStyle;
17414:             1             24  [Lcom.intellij.psi.search.TodoPattern;
17415:             1             24  [Lcom.intellij.psi.stubs.StubIndexImpl$PerFileElementTypeStubChangeTrackingSource;
17416:             1             24  [Lcom.intellij.rml.dfa.DfaAnalysisKind;
17417:             1             24  [Lcom.intellij.rml.dfa.impl.rml.profiler.tree.ProfilerNodeMetadata;
17418:             1             24  [Lcom.intellij.rml.dfa.rml.dsl.ast.RmlOption$Type;
17419:             1             24  [Lcom.intellij.rml.dfa.rml.dsl.ast.RmlQuantifyExpr$QuantifierType;
17420:             1             24  [Lcom.intellij.rml.dfa.rml.dsl.ast.RmlUnaryExpr$RelationUnaryOp;
17421:             1             24  [Lcom.intellij.sql.psi.SqlFileResolveMode;
17422:             1             24  [Lcom.intellij.ui.ShadowJava2DPainter$Type;
17423:             1             24  [Lcom.intellij.ui.components.MacScrollbarStyle;
17424:             1             24  [Lcom.intellij.ui.components.panels.ListLayout$Axis;
17425:             1             24  [Lcom.intellij.ui.components.panels.ListLayout$GrowPolicy;
17426:             1             24  [Lcom.intellij.ui.dsl.builder.LabelPosition;
17427:             1             24  [Lcom.intellij.ui.dsl.builder.RightGap;
17428:             1             24  [Lcom.intellij.ui.dsl.builder.components.DslLabelType;
17429:             1             24  [Lcom.intellij.ui.dsl.gridLayout.GridLayoutComponentProperty;
17430:             1             24  [Lcom.intellij.ui.paint.EffectPainter2D$Cached;
17431:             1             24  [Lcom.intellij.ui.paint.PaintUtil$ParityMode;
17432:             1             24  [Lcom.intellij.ui.paint.RectanglePainter2D;
17433:             1             24  [Lcom.intellij.ui.paint.RectanglePainter;
17434:             1             24  [Lcom.intellij.ui.popup.list.ListPopupImpl$ExtendMode;
17435:             1             24  [Lcom.intellij.ui.tree.TreeVisitor$VisitThread;
17436:             1             24  [Lcom.intellij.util.PathUtilRt$Platform;
17437:             1             24  [Lcom.intellij.util.animation.JBAnimator$Type;
17438:             1             24  [Lcom.intellij.util.concurrency.QueueProcessor$ThreadToUse;
17439:             1             24  [Lcom.intellij.util.indexing.DumbModeAccessType;
17440:             1             24  [Lcom.intellij.util.indexing.FileBasedIndexInfrastructureExtension$InitializationResult;
17441:             1             24  [Lcom.intellij.util.indexing.FileIndexingResult$ApplicationMode;
17442:             1             24  [Lcom.intellij.util.indexing.FirstScanningState;
17443:             1             24  [Lcom.intellij.util.indexing.InitialScanningSkipReporter$SourceOfScanning;
17444:             1             24  [Lcom.intellij.util.indexing.UnindexedFilesScanner$TestMode;
17445:             1             24  [Lcom.intellij.util.indexing.hints.FileTypeSubstitutionStrategy;
17446:             1             24  [Lcom.intellij.util.net.ssl.UntrustedCertificateStrategy;
17447:             1             24  [Lcom.intellij.util.ui.NSScrollerHelper$ClickBehavior;
17448:             1             24  [Lcom.intellij.util.ui.NSScrollerHelper$Style;
17449:             1             24  [Lcom.intellij.util.ui.UIUtil$FontColor;
17450:             1             24  [Lcom.intellij.vcs.console.VcsConsoleFolding;
17451:             1             24  [Lcom.intellij.vcs.log.graph.PermanentGraph$SortType;
17452:             1             24  [Lcom.intellij.workspaceModel.core.fileIndex.EntityStorageKind;
17453:             1             24  [Lcom.intellij.xdebugger.evaluation.EvaluationMode;
17454:             1             24  [Lcom.intellij.xdebugger.impl.actions.handlers.CurrentSessionXDebuggerResumeHandler$State;
17455:             1             24  [Lcom.jetbrains.T.v.vq;
17456:             1             24  [Lcom.jetbrains.fus.reporting.configuration.RegionCode;
17457:             1             24  [Lcom.jetbrains.fus.reporting.model.http.Method;
17458:             1             24  [Lcom.jetbrains.jsonSchema.fus.JsonSchemaFusAllowedListFeature;
17459:             1             24  [Lcom.jetbrains.jsonSchema.fus.JsonSchemaFusCountedUniqueFeature;
17460:             1             24  [Lcom.jetbrains.ls.requests.RequestMethod;
17461:             1             24  [Lcom.jetbrains.rd.util.reactive.AddRemove;
17462:             1             24  [Lcom.jetbrains.rdserver.unattendedHost.portForwarding.ui.data.ForwardedPortUiData;
17463:             1             24  [Lcom.jetbrains.rhizomedb.Cardinality;
17464:             1             24  [Lcom.pty4j.unix.Pollfd;
17465:             1             24  [Lcom.pty4j.unix.PollfdStructureByReference;
17466:             1             24  [Lcom.sun.org.apache.xerces.internal.utils.XMLSecurityPropertyManager$Property; (java.xml@21.0.8)
17467:             1             24  [Lfleet.kernel.rete.impl.InvalidationReason;
17468:             1             24  [Lgit4idea.ConfigStatus;
17469:             1             24  [Lgit4idea.config.GitSaveChangesPolicy;
17470:             1             24  [Lgit4idea.history.GitLogParser$NameStatus;
17471:             1             24  [Lgit4idea.telemetry.GitBackendTelemetrySpan$Annotations;
17472:             1             24  [Lgit4idea.telemetry.GitBackendTelemetrySpan$Log;
17473:             1             24  [Lgit4idea.telemetry.GitBackendTelemetrySpan$Repository;
17474:             1             24  [Lio.grpc.InternalKnownTransport;
17475:             1             24  [Lio.grpc.internal.DnsNameResolver$JdkAddressResolver;
17476:             1             24  [Lio.grpc.internal.MessageDeframer$State;
17477:             1             24  [Lio.grpc.netty.shaded.io.grpc.netty.Utils$EventLoopGroupType;
17478:             1             24  [Lio.grpc.netty.shaded.io.netty.buffer.PoolArena$SizeClass;
17479:             1             24  [Lio.grpc.netty.shaded.io.netty.handler.codec.http2.Http2FrameLogger$Direction;
17480:             1             24  [Lio.ktor.network.tls.CipherType;
17481:             1             24  [Lio.ktor.network.tls.SecretExchangeType;
17482:             1             24  [Lio.netty.buffer.PoolArena$SizeClass;
17483:             1             24  [Lio.netty.handler.logging.ByteBufFormat;
17484:             1             24  [Lio.opencensus.trace.MessageEvent$Type;
17485:             1             24  [Lio.opentelemetry.context.ThreadLocalContextStorage$NoopScope;
17486:             1             24  [Lio.opentelemetry.context.ThreadLocalContextStorage;
17487:             1             24  [Lio.opentelemetry.sdk.common.export.MemoryMode;
17488:             1             24  [Lio.opentelemetry.sdk.metrics.InstrumentValueType;
17489:             1             24  [Lio.opentelemetry.sdk.metrics.internal.debug.NoSourceInfo;
17490:             1             24  [Lio.opentelemetry.sdk.trace.RandomIdGenerator;
17491:             1             24  [Lio.opentelemetry.sdk.trace.samplers.AlwaysOffSampler;
17492:             1             24  [Lio.opentelemetry.sdk.trace.samplers.AlwaysOnSampler;
17493:             1             24  [Ljava.awt.color.ICC_Profile; (java.desktop)
17494:             1             24  [Ljava.awt.desktop.QuitStrategy; (java.desktop)
17495:             1             24  [Ljava.awt.image.VolatileImage; (java.desktop)
17496:             1             24  [Ljava.io.File$PathStatus; (java.base@21.0.8)
17497:             1             24  [Ljava.lang.StackWalker$ExtendedOption; (java.base@21.0.8)
17498:             1             24  [Ljava.lang.invoke.MethodHandles$Lookup$ClassOption; (java.base@21.0.8)
17499:             1             24  [Ljava.lang.management.MemoryType; (java.management@21.0.8)
17500:             1             24  [Ljava.net.Authenticator$RequestorType; (java.base@21.0.8)
17501:             1             24  [Ljava.net.InetSocketAddress; (java.base@21.0.8)
17502:             1             24  [Ljava.net.SocketAddress; (java.base@21.0.8)
17503:             1             24  [Ljava.net.URL; (java.base@21.0.8)
17504:             1             24  [Ljava.net.http.HttpClient$Version; (java.net.http@21.0.8)
17505:             1             24  [Ljava.nio.file.CopyOption; (java.base@21.0.8)
17506:             1             24  [Ljava.text.AttributedCharacterIterator$Attribute; (java.base@21.0.8)
17507:             1             24  [Ljava.time.temporal.IsoFields$Unit; (java.base@21.0.8)
17508:             1             24  [Ljava.util.Comparators$NaturalOrderComparator; (java.base@21.0.8)
17509:             1             24  [Ljava.util.Locale; (java.base@21.0.8)
17510:             1             24  [Ljava.util.jar.Manifest; (java.base@21.0.8)
17511:             1             24  [Ljavax.swing.JTable$PrintMode; (java.desktop)
17512:             1             24  [Ljavax.swing.UIDefaults; (java.desktop)
17513:             1             24  [Ljavax.swing.filechooser.FileFilter; (java.desktop)
17514:             1             24  [Ljavax.swing.text.html.StyleSheet$BoxPainter$HorizontalMargin; (java.desktop)
17515:             1             24  [Ljavax.xml.bind.annotation.XmlAccessOrder;
17516:             1             24  [Ljdk.internal.icu.util.CodePointTrie$Type; (java.base@21.0.8)
17517:             1             24  [Ljdk.internal.net.http.PlainHttpConnection$ConnectState; (java.net.http@21.0.8)
17518:             1             24  [Lkotlin.io.FileWalkDirection;
17519:             1             24  [Lkotlin.reflect.jvm.internal.KDeclarationContainerImpl$MemberBelonginess;
17520:             1             24  [Lkotlin.reflect.jvm.internal.impl.load.java.structure.LightClassOriginKind;
17521:             1             24  [Lkotlin.reflect.jvm.internal.impl.load.java.typeEnhancement.MutabilityQualifier;
17522:             1             24  [Lkotlin.reflect.jvm.internal.impl.name.FqName;
17523:             1             24  [Lkotlin.reflect.jvm.internal.impl.name.Name;
17524:             1             24  [Lkotlin.reflect.jvm.internal.impl.renderer.RenderingFormat;
17525:             1             24  [Lkotlin.reflect.jvm.internal.impl.serialization.deserialization.descriptors.DeserializedContainerAbiStability;
17526:             1             24  [Lkotlin.reflect.jvm.internal.impl.types.TypeUsage;
17527:             1             24  [Lkotlinx.coroutines.ThreadContextElement;
17528:             1             24  [Lkotlinx.coroutines.channels.ReceiveChannel;
17529:             1             24  [Lkotlinx.html.ImgLoading;
17530:             1             24  [Lkotlinx.html.KeyGenKeyType;
17531:             1             24  [Lkotlinx.html.RunAt;
17532:             1             24  [Lkotlinx.html.ScriptCrossorigin;
17533:             1             24  [Lokhttp3.ConnectionSpec;
17534:             1             24  [Lorg.apache.http.conn.routing.RouteInfo$LayerType;
17535:             1             24  [Lorg.apache.http.conn.routing.RouteInfo$TunnelType;
17536:             1             24  [Lorg.apache.http.impl.cookie.DefaultCookieSpecProvider$CompatibilityLevel;
17537:             1             24  [Lorg.apache.lucene.analysis.hunspell.AffixKind;
17538:             1             24  [Lorg.apache.lucene.analysis.hunspell.CompoundRule;
17539:             1             24  [Lorg.apache.lucene.util.packed.PackedInts$Format;
17540:             1             24  [Lorg.apache.xerces.impl.xpath.regex.RegularExpression$ClosureContext;
17541:             1             24  [Lorg.apache.xerces.impl.xs.XSParticleDecl;
17542:             1             24  [Lorg.intellij.markdown.parser.markerblocks.MarkerBlock$EventAction;
17543:             1             24  [Lorg.intellij.terraform.hcl.formatter.LineCommenterPrefix;
17544:             1             24  [Lorg.jetbrains.completion.full.line.LocalInferenceType;
17545:             1             24  [Lorg.jetbrains.completion.full.line.language.ElementFormatter;
17546:             1             24  [Lorg.jetbrains.completion.full.line.language.supporters.MultilinePostProcessorType;
17547:             1             24  [Lorg.jetbrains.completion.full.line.models.ModelType;
17548:             1             24  [Lorg.jetbrains.jewel.ui.component.styling.LinkUnderlineBehavior;
17549:             1             24  [Lorg.jetbrains.jewel.ui.component.styling.TrackClickBehavior;
17550:             1             24  [Lorg.jetbrains.plugins.terminal.action.Unit;
17551:             1             24  [Lorg.jetbrains.plugins.terminal.block.completion.TerminalCommandCompletionShowingMode;
17552:             1             24  [Lorg.jetbrains.plugins.textmate.language.TextMateStandardTokenType;
17553:             1             24  [Lorg.jetbrains.skia.ClipMode;
17554:             1             24  [Lorg.jetbrains.skia.FilterMode;
17555:             1             24  [Lorg.jetbrains.skia.SurfaceOrigin;
17556:             1             24  [Lorg.jetbrains.skia.paragraph.Direction;
17557:             1             24  [Lorg.jetbrains.skia.skottie.LogLevel;
17558:             1             24  [Lorg.jetbrains.skia.svg.SVGPreserveAspectRatioScale;
17559:             1             24  [Lorg.jsoup.nodes.Document$OutputSettings$Syntax;
17560:             1             24  [Lorg.languagetool.LtBuildInfo;
17561:             1             24  [Lorg.languagetool.rules.Category$Location;
17562:             1             24  [Lorg.languagetool.rules.GenericUnpairedBracketsRule$Symbol$Type;
17563:             1             24  [Lorg.languagetool.rules.patterns.XMLRuleHandler$RegexpMode;
17564:             1             24  [Lorg.languagetool.tools.TelemetryProvider;
17565:             1             24  [Lorg.slf4j.helpers.Reporter$TargetChoice;
17566:             1             24  [Lsun.awt.geom.ChainEnd; (java.desktop)
17567:             1             24  [Lsun.awt.geom.CurveLink; (java.desktop)
17568:             1             24  [Lsun.java2d.cmm.lcms.LCMSProfile; (java.desktop)
17569:             1             24  [Lsun.nio.fs.AbstractWatchKey$State; (java.base@21.0.8)
17570:             1             24  [Lsun.security.provider.certpath.ResponderId$Type; (java.base@21.0.8)
17571:             1             24  [Lsun.security.rsa.RSAUtil$KeyType; (java.base@21.0.8)
17572:             1             24  [Lsun.security.ssl.Alert$Level; (java.base@21.0.8)
17573:             1             24  [Lsun.security.ssl.CertStatusExtension$CertStatusRequest; (java.base@21.0.8)
17574:             1             24  [Lsun.security.ssl.CertStatusExtension$CertStatusRequestType; (java.base@21.0.8)
17575:             1             24  [Lsun.security.ssl.PskKeyExchangeModesExtension$PskKeyExchangeMode; (java.base@21.0.8)
17576:             1             24  [Ltraining.learn.course.LearningCoursesMergeStrategy;
17577:             1             24  ai.grazie.detector.ngram.impl.NgramExtractor
17578:             1             24  ai.grazie.detector.ngram.impl.NgramFrequencies
17579:             1             24  ai.grazie.detector.ngram.impl.NgramFrequencies$Statistics
17580:             1             24  ai.grazie.detector.utils.filter.MinorityGroupsTextFilter
17581:             1             24  ai.grazie.nlp.patterns.ext.AbbreviationPatterns$All$1$1
17582:             1             24  ai.grazie.nlp.patterns.ext.AbbreviationPatterns$German$1$2
17583:             1             24  ai.grazie.nlp.patterns.standard.LikelyPatterns$IsEmail$1$1
17584:             1             24  ai.grazie.nlp.patterns.standard.LikelyPatterns$IsGermanOrdinal$1
17585:             1             24  ai.grazie.nlp.patterns.standard.LikelyPatterns$IsURL$1
17586:             1             24  ai.grazie.nlp.tokenizer.retokenizer.QuotesRetokenizer
17587:             1             24  ai.grazie.nlp.tokenizer.sentence.StandardSentenceTokenizer
17588:             1             24  ai.grazie.nlp.tokenizer.sentence.StandardSentenceTokenizer$Companion$endPunctuation$1
17589:             1             24  ai.grazie.nlp.tokenizer.sentence.StandardSentenceTokenizer$Companion$pairedDashes$1
17590:             1             24  ai.grazie.rules.MatchingResult
17591:             1             24  ai.grazie.rules.common.CommonPatterns$$Lambda/0x0000009804bdba80
17592:             1             24  ai.grazie.rules.common.CommonPatterns$$Lambda/0x0000009804bee730
17593:             1             24  ai.grazie.rules.common.FormattingIssues$$Lambda/0x0000009804c47840
17594:             1             24  ai.grazie.rules.common.FormattingIssues$$Lambda/0x0000009804c4c280
17595:             1             24  ai.grazie.rules.common.KnownPhrases
17596:             1             24  ai.grazie.rules.common.PunctuationTypos$$Lambda/0x0000009804c2ae60
17597:             1             24  ai.grazie.rules.common.Quotes
17598:             1             24  ai.grazie.rules.document.ConsistencyChecker$1
17599:             1             24  ai.grazie.rules.en.EnglishToolkit
17600:             1             24  ai.grazie.rules.en.EnglishTreeSupport$1
17601:             1             24  ai.grazie.rules.en.Semantics$2
17602:             1             24  ai.grazie.rules.en.VariantDifferences$$Lambda/0x0000009804c30e28
17603:             1             24  ai.grazie.rules.en.VariantDifferences$$Lambda/0x0000009804c323f8
17604:             1             24  ai.grazie.rules.tree.NodeCorrector$Concatenating
17605:             1             24  ai.grazie.rules.tree.NodePattern$$Lambda/0x0000009804c35bd8
17606:             1             24  ai.grazie.rules.tree.PosEnumerator$Mapping
17607:             1             24  ai.grazie.rules.util.regex.Unsupported
17608:             1             24  androidx.collection.MutableObjectList
17609:             1             24  androidx.compose.foundation.layout.ColumnMeasurePolicy
17610:             1             24  androidx.compose.foundation.layout.RowMeasurePolicy
17611:             1             24  androidx.compose.foundation.lazy.LazyListStateKt$EmptyLazyListMeasureResult$1
17612:             1             24  androidx.compose.runtime.ComputedProvidableCompositionLocal
17613:             1             24  androidx.compose.runtime.ForgetfulRetainScope
17614:             1             24  androidx.compose.runtime.composer.gapbuffer.changelist.Operation$AdvanceSlotsBy
17615:             1             24  androidx.compose.runtime.composer.gapbuffer.changelist.Operation$Downs
17616:             1             24  androidx.compose.runtime.composer.gapbuffer.changelist.Operation$EndCompositionScope
17617:             1             24  androidx.compose.runtime.composer.gapbuffer.changelist.Operation$EndCurrentGroup
17618:             1             24  androidx.compose.runtime.composer.gapbuffer.changelist.Operation$EnsureGroupStarted
17619:             1             24  androidx.compose.runtime.composer.gapbuffer.changelist.Operation$EnsureRootGroupStarted
17620:             1             24  androidx.compose.runtime.composer.gapbuffer.changelist.Operation$InsertNodeFixup
17621:             1             24  androidx.compose.runtime.composer.gapbuffer.changelist.Operation$InsertSlotsWithFixups
17622:             1             24  androidx.compose.runtime.composer.gapbuffer.changelist.Operation$PostInsertNodeFixup
17623:             1             24  androidx.compose.runtime.composer.gapbuffer.changelist.Operation$Remember
17624:             1             24  androidx.compose.runtime.composer.gapbuffer.changelist.Operation$RemoveCurrentGroup
17625:             1             24  androidx.compose.runtime.composer.gapbuffer.changelist.Operation$SideEffect
17626:             1             24  androidx.compose.runtime.composer.gapbuffer.changelist.Operation$UpdateAnchoredValue
17627:             1             24  androidx.compose.runtime.composer.gapbuffer.changelist.Operation$UpdateAuxData
17628:             1             24  androidx.compose.runtime.composer.gapbuffer.changelist.Operation$UpdateNode
17629:             1             24  androidx.compose.runtime.composer.gapbuffer.changelist.Operation$UpdateValue
17630:             1             24  androidx.compose.runtime.composer.gapbuffer.changelist.Operation$Ups
17631:             1             24  androidx.compose.runtime.snapshots.SnapshotWeakSet
17632:             1             24  androidx.compose.ui.geometry.Offset
17633:             1             24  androidx.compose.ui.geometry.Size
17634:             1             24  androidx.compose.ui.platform.PlatformContext$Companion$Empty$1
17635:             1             24  androidx.compose.ui.platform.ValuePlatformInsets
17636:             1             24  androidx.compose.ui.platform.WindowInfoImpl
17637:             1             24  androidx.compose.ui.text.font.TypefaceRequestCache
17638:             1             24  androidx.compose.ui.text.intl.LocaleList
17639:             1             24  androidx.compose.ui.text.platform.InternalFontApiChecker
17640:             1             24  androidx.compose.ui.text.style.LineHeightStyle
17641:             1             24  androidx.compose.ui.text.style.TextGeometricTransform
17642:             1             24  androidx.compose.ui.unit.IntOffset
17643:             1             24  com.android.studio.ml.ActiveOnboardingProviderImpl$onboardingProvider$1
17644:             1             24  com.android.studio.ml.MetricsReporter$Companion$MulticastMetricsReporter
17645:             1             24  com.android.studio.ml.SmlCodeCompletionResponse
17646:             1             24  com.android.studio.ml.aiexclude.AiExcludeFileType
17647:             1             24  com.android.studio.ml.aiexclude.AiExcludeInspection
17648:             1             24  com.android.studio.ml.aiexclude.ExcludeFileParser$$Lambda/0x0000009804e8c4b8
17649:             1             24  com.android.studio.ml.api.AiExcludeServiceImpl
17650:             1             24  com.android.studio.ml.bot.configuration.StudioBotAppSettingsImpl
17651:             1             24  com.android.studio.ml.completion.EditorFocusChangeListener$$Lambda/0x0000009803064bc8
17652:             1             24  com.android.studio.ml.deprecation.GeminiServiceDeprecation
17653:             1             24  com.android.studio.ml.suggestion.session.SuggestionControlSessionManagerImpl
17654:             1             24  com.android.studio.ml.templates.PromptTemplatesManager$ProjectPromptPromptTemplatesManager
17655:             1             24  com.android.studio.ml.util.ProjectCoroutineScope
17656:             1             24  com.anthropic.code.plugin.services.PluginUpdateService
17657:             1             24  com.apple.eawt.Application (java.desktop)
17658:             1             24  com.apple.eawt._AppEventHandler$_AboutDispatcher (java.desktop)
17659:             1             24  com.apple.eawt._AppEventHandler$_AppForegroundDispatcher (java.desktop)
17660:             1             24  com.apple.eawt._AppEventHandler$_AppReOpenedDispatcher (java.desktop)
17661:             1             24  com.apple.eawt._AppEventHandler$_HiddenAppDispatcher (java.desktop)
17662:             1             24  com.apple.eawt._AppEventHandler$_OpenAppDispatcher (java.desktop)
17663:             1             24  com.apple.eawt._AppEventHandler$_OpenFileDispatcher (java.desktop)
17664:             1             24  com.apple.eawt._AppEventHandler$_OpenURIDispatcher (java.desktop)
17665:             1             24  com.apple.eawt._AppEventHandler$_PreferencesDispatcher (java.desktop)
17666:             1             24  com.apple.eawt._AppEventHandler$_PrintFileDispatcher (java.desktop)
17667:             1             24  com.apple.eawt._AppEventHandler$_QuitDispatcher (java.desktop)
17668:             1             24  com.apple.eawt._AppEventHandler$_ScreenSleepDispatcher (java.desktop)
17669:             1             24  com.apple.eawt._AppEventHandler$_SystemSleepDispatcher (java.desktop)
17670:             1             24  com.apple.eawt._AppEventHandler$_UserSessionDispatcher (java.desktop)
17671:             1             24  com.apple.eawt._AppMenuBarHandler (java.desktop)
17672:             1             24  com.apple.laf.AquaFileChooserUI$DoubleClickListener (java.desktop)
17673:             1             24  com.apple.laf.AquaFileChooserUI$OpenFilePanel (java.desktop)
17674:             1             24  com.apple.laf.AquaFileView (java.desktop)
17675:             1             24  com.apple.laf.AquaGroupBorder$Titleless (java.desktop)
17676:             1             24  com.apple.laf.AquaRootPaneUI (java.desktop)
17677:             1             24  com.apple.laf.AquaTableUI$1 (java.desktop)
17678:             1             24  com.apple.laf.AquaTableUI$FocusHandler (java.desktop)
17679:             1             24  com.apple.laf.ScreenPopupFactory (java.desktop)
17680:             1             24  com.carrotsearch.hppc.BoundedProportionalArraySizingStrategy
17681:             1             24  com.esotericsoftware.kryo.kryo5.minlog.Log$Logger
17682:             1             24  com.fasterxml.aalto.in.FixedNsContext
17683:             1             24  com.fasterxml.jackson.annotation.JsonFormat$Features
17684:             1             24  com.fasterxml.jackson.annotation.JsonIgnoreProperties$Value
17685:             1             24  com.fasterxml.jackson.annotation.JsonSetter$Value
17686:             1             24  com.fasterxml.jackson.core.ErrorReportConfiguration
17687:             1             24  com.fasterxml.jackson.core.util.MinimalPrettyPrinter
17688:             1             24  com.fasterxml.jackson.databind.AnnotationIntrospector$ReferenceProperty
17689:             1             24  com.fasterxml.jackson.databind.ObjectWriter$Prefetch
17690:             1             24  com.fasterxml.jackson.databind.cfg.ContextAttributes$Impl
17691:             1             24  com.fasterxml.jackson.databind.cfg.DefaultCacheProvider
17692:             1             24  com.fasterxml.jackson.databind.deser.impl.FailingDeserializer
17693:             1             24  com.fasterxml.jackson.databind.deser.std.NumberDeserializers$NumberDeserializer
17694:             1             24  com.fasterxml.jackson.databind.deser.std.StringDeserializer
17695:             1             24  com.fasterxml.jackson.databind.ext.OptionalHandlerFactory
17696:             1             24  com.fasterxml.jackson.databind.introspect.JacksonAnnotationIntrospector
17697:             1             24  com.fasterxml.jackson.databind.jsontype.impl.AsPropertyTypeSerializer
17698:             1             24  com.fasterxml.jackson.databind.ser.impl.FailingSerializer
17699:             1             24  com.fasterxml.jackson.databind.ser.impl.IndexedStringListSerializer
17700:             1             24  com.fasterxml.jackson.databind.ser.impl.TypeWrappedSerializer
17701:             1             24  com.fasterxml.jackson.databind.ser.std.StdArraySerializers$BooleanArraySerializer
17702:             1             24  com.fasterxml.jackson.databind.ser.std.StdArraySerializers$DoubleArraySerializer
17703:             1             24  com.fasterxml.jackson.databind.ser.std.StdArraySerializers$FloatArraySerializer
17704:             1             24  com.fasterxml.jackson.databind.ser.std.StdArraySerializers$IntArraySerializer
17705:             1             24  com.fasterxml.jackson.databind.ser.std.StdArraySerializers$LongArraySerializer
17706:             1             24  com.fasterxml.jackson.databind.ser.std.StdArraySerializers$ShortArraySerializer
17707:             1             24  com.fasterxml.jackson.databind.ser.std.StdKeySerializers$Dynamic
17708:             1             24  com.fasterxml.jackson.databind.ser.std.UUIDSerializer
17709:             1             24  com.fasterxml.jackson.databind.util.internal.PrivateMaxEntriesMap$DrainStatus$1
17710:             1             24  com.fasterxml.jackson.databind.util.internal.PrivateMaxEntriesMap$DrainStatus$2
17711:             1             24  com.fasterxml.jackson.databind.util.internal.PrivateMaxEntriesMap$DrainStatus$3
17712:             1             24  com.fasterxml.jackson.jr.ob.api.CollectionBuilder$Default
17713:             1             24  com.github.benmanes.caffeine.cache.DisabledBuffer
17714:             1             24  com.github.benmanes.caffeine.cache.DisabledScheduler
17715:             1             24  com.github.benmanes.caffeine.cache.DisabledTicker
17716:             1             24  com.github.benmanes.caffeine.cache.RemovalCause$1
17717:             1             24  com.github.benmanes.caffeine.cache.RemovalCause$2
17718:             1             24  com.github.benmanes.caffeine.cache.RemovalCause$3
17719:             1             24  com.github.benmanes.caffeine.cache.RemovalCause$4
17720:             1             24  com.github.benmanes.caffeine.cache.RemovalCause$5
17721:             1             24  com.github.benmanes.caffeine.cache.SingletonWeigher
17722:             1             24  com.github.benmanes.caffeine.cache.SystemScheduler
17723:             1             24  com.github.benmanes.caffeine.cache.SystemTicker
17724:             1             24  com.github.benmanes.caffeine.cache.stats.DisabledStatsCounter
17725:             1             24  com.github.markusbernhardt.proxy.selector.misc.ProtocolDispatchSelector
17726:             1             24  com.github.markusbernhardt.proxy.selector.whitelist.ProxyBypassListSelector
17727:             1             24  com.github.markusbernhardt.proxy.util.PListParser
17728:             1             24  com.github.weisj.jsvg.F$1
17729:             1             24  com.github.weisj.jsvg.F$2
17730:             1             24  com.github.weisj.jsvg.F$3
17731:             1             24  com.github.weisj.jsvg.F$4
17732:             1             24  com.github.weisj.jsvg.F$5
17733:             1             24  com.github.weisj.jsvg.cN
17734:             1             24  com.github.weisj.jsvg.h$b$1
17735:             1             24  com.github.weisj.jsvg.h$b$2
17736:             1             24  com.github.weisj.jsvg.h$b$3
17737:             1             24  com.github.weisj.jsvg.parser.LoadHelper
17738:             1             24  com.goide.GoCodeBlockElementType
17739:             1             24  com.goide.GoFileType
17740:             1             24  com.goide.GoIcons$Helper$$Lambda/0x0000009804003b00
17741:             1             24  com.goide.GoLightFileElementType
17742:             1             24  com.goide.cgo.CgoFileType
17743:             1             24  com.goide.comments.GoCommentBlock
17744:             1             24  com.goide.comments.GoCommentReferenceContributor$CommentedElementInfo
17745:             1             24  com.goide.completion.AddBracketsInsertHandler
17746:             1             24  com.goide.completion.GoAutoImportCompletionContributor
17747:             1             24  com.goide.dfa.GoDfaConfigLocal
17748:             1             24  com.goide.dfa.analysis.GoVarInvalidatedAnalysis$input$2
17749:             1             24  com.goide.dfa.analysis.GoVarInvalidatedAnalysis$program$2
17750:             1             24  com.goide.dfa.analysis.GoVarInvalidatedAnalysis$temp$2
17751:             1             24  com.goide.dfa.symbolicExecution.summaries.id.GoResolvedCallableId
17752:             1             24  com.goide.dfa.translator.GoFunctionPsiToIrTranslator
17753:             1             24  com.goide.dfa.translator.IrNilnessConstant$Nil
17754:             1             24  com.goide.dfa.translator.IrNilnessConstant$NotNil
17755:             1             24  com.goide.diagram.vgo.VgoDiagramProvider
17756:             1             24  com.goide.directiveComment.GoEmbedComment
17757:             1             24  com.goide.dlv.breakpoint.DlvBreakpointType
17758:             1             24  com.goide.dlv.breakpoint.DlvErrorBreakpointType
17759:             1             24  com.goide.docker.GoDockerTestContainersReferenceContributor$inCompositeLiteral$1
17760:             1             24  com.goide.documentation.additional.GoTypeSpecDocumentationProvider
17761:             1             24  com.goide.editor.GoTypedHandlers$GoBraceHandler
17762:             1             24  com.goide.editor.template.GoDefaultReturnValuesMacro
17763:             1             24  com.goide.editor.template.GoErrorVariableDefinitionMacro
17764:             1             24  com.goide.editor.template.GoEverywhereContextType
17765:             1             24  com.goide.editor.template.GoFunctionNameMacro
17766:             1             24  com.goide.editor.template.GoFunctionParametersMacro
17767:             1             24  com.goide.editor.template.GoFunctionResultParametersMacro
17768:             1             24  com.goide.editor.template.GoLiveTemplateContextType$Block
17769:             1             24  com.goide.editor.template.GoLiveTemplateContextType$Expression
17770:             1             24  com.goide.editor.template.GoLiveTemplateContextType$File
17771:             1             24  com.goide.editor.template.GoLiveTemplateContextType$Statement
17772:             1             24  com.goide.editor.template.GoLiveTemplateContextType$Tag
17773:             1             24  com.goide.editor.template.GoLiveTemplateContextType$TagLiteral
17774:             1             24  com.goide.editor.template.GoLiveTemplateContextType$Type
17775:             1             24  com.goide.editor.template.GoLocalNameMacro
17776:             1             24  com.goide.editor.template.GoNonBlankVariableMacro
17777:             1             24  com.goide.execution.GoBuildingRunner$$Lambda/0x0000009805eb3568
17778:             1             24  com.goide.execution.GoRuntimeErrorsListener
17779:             1             24  com.goide.execution.GoRuntimeErrorsListener$OutputQueue
17780:             1             24  com.goide.execution.target.GoCommandLineSetup$Download
17781:             1             24  com.goide.execution.target.GoCommandLineSetup$DownloadTargetValue
17782:             1             24  com.goide.execution.testing.frameworks.gobench.GobenchRunConfigurationProducer
17783:             1             24  com.goide.execution.testing.frameworks.gocheck.GocheckRunConfigurationProducer
17784:             1             24  com.goide.execution.testing.frameworks.gofuzz.GoFuzzRunConfigurationProducer
17785:             1             24  com.goide.execution.testing.frameworks.gofuzz.corpus.GoFuzzCorpusFileType
17786:             1             24  com.goide.execution.testing.frameworks.gotest.GotestRunConfigurationProducer
17787:             1             24  com.goide.go.GoSymbolContributor
17788:             1             24  com.goide.go.GoTypeContributor
17789:             1             24  com.goide.highlighting.GoRainbowVisitor
17790:             1             24  com.goide.ide.GoModuleTypeManager$1
17791:             1             24  com.goide.ide.GoNewProjectStep$MyCustomization
17792:             1             24  com.goide.ide.welcomeScreen.rightTab.features.GoWelcomeScreenFallbackDatabaseFeatureBackend
17793:             1             24  com.goide.ide.welcomeScreen.rightTab.features.GoWelcomeScreenFallbackDockerFeatureBackend
17794:             1             24  com.goide.ide.welcomeScreen.rightTab.features.GoWelcomeScreenFallbackKubernetesFeatureBackend
17795:             1             24  com.goide.ide.welcomeScreen.rightTab.features.GoWelcomeScreenFallbackTerminalFeatureBackend
17796:             1             24  com.goide.inspections.GoFileIgnoredByBuildToolNotificationProvider$$Lambda/0x0000009803ede488
17797:             1             24  com.goide.inspections.GoFileIgnoredByBuildToolNotificationProvider$$Lambda/0x0000009803ede9e0
17798:             1             24  com.goide.inspections.GoFileIgnoredByBuildToolNotificationProvider$1
17799:             1             24  com.goide.inspections.GoFileIgnoredByBuildToolNotificationProvider$3
17800:             1             24  com.goide.inspections.GoFileIgnoredByBuildToolNotificationProvider$4
17801:             1             24  com.goide.inspections.GoFileTooBigNotificationProvider$$Lambda/0x0000009803edf148
17802:             1             24  com.goide.inspections.buildTag.GoBuildFileType
17803:             1             24  com.goide.inspections.buildTag.plusBuild.GoPlusBuildFileType
17804:             1             24  com.goide.inspections.godebug.GoDebugFileType
17805:             1             24  com.goide.inspections.imports.GoCyclicImportsResultService
17806:             1             24  com.goide.inspections.imports.GoCyclicImportsResultService$$Lambda/0x0000009804910490
17807:             1             24  com.goide.inspections.tag.GoTagAddKeyIntention
17808:             1             24  com.goide.inspections.tag.GoTagChangeNameStyleIntention
17809:             1             24  com.goide.inspections.tag.GoTagFileType
17810:             1             24  com.goide.inspections.tag.GoTagUpdateValueIntention
17811:             1             24  com.goide.inspections.time.GoTimeFileType
17812:             1             24  com.goide.intentions.GoAddDotImportAliasIntention
17813:             1             24  com.goide.intentions.GoAddImportAliasIntention
17814:             1             24  com.goide.intentions.GoAddMethodToInterfaceIntention
17815:             1             24  com.goide.intentions.GoConvertToShortVarDeclarationIntention
17816:             1             24  com.goide.intentions.GoConvertToVarDeclarationIntention
17817:             1             24  com.goide.intentions.GoExpandSignatureTypesIntention
17818:             1             24  com.goide.intentions.GoExportIntention
17819:             1             24  com.goide.intentions.GoFillParagraphIntention
17820:             1             24  com.goide.intentions.GoGotoImplementationIntention
17821:             1             24  com.goide.intentions.GoGotoSuperIntention
17822:             1             24  com.goide.intentions.GoImplementInterfaceIntention
17823:             1             24  com.goide.intentions.GoMigrateFunctionParameterToMethodReceiverIntention
17824:             1             24  com.goide.intentions.GoMoveToStructInitializationIntention
17825:             1             24  com.goide.intentions.GoRemoveDotImportAliasIntention
17826:             1             24  com.goide.intentions.GoRemoveMethodFromInterfaceIntention
17827:             1             24  com.goide.intentions.GoReplaceIfWithSwitchIntention
17828:             1             24  com.goide.intentions.GoReuseSignatureTypesIntention
17829:             1             24  com.goide.intentions.GoSpecifyTypeIntention
17830:             1             24  com.goide.intentions.declarations.GoAddDeclarationParensIntention
17831:             1             24  com.goide.intentions.declarations.GoMergeAllDeclarationsIntention
17832:             1             24  com.goide.intentions.declarations.GoMergeDeclarationUpIntention
17833:             1             24  com.goide.intentions.declarations.GoMergeDeclarationsByCommaIntention
17834:             1             24  com.goide.intentions.declarations.GoRemoveDeclarationParensIntention
17835:             1             24  com.goide.intentions.declarations.GoSplitAllDeclarationsIntention
17836:             1             24  com.goide.intentions.declarations.GoSplitDeclarationsByCommaIntention
17837:             1             24  com.goide.intentions.declarations.GoSplitDeclarationsIntention
17838:             1             24  com.goide.intentions.expressions.GoFlipBinaryOperatorIntention
17839:             1             24  com.goide.intentions.expressions.structLiteral.GoFillAllFieldsIntention
17840:             1             24  com.goide.intentions.expressions.structLiteral.GoFillAllFieldsRecursivelyIntention
17841:             1             24  com.goide.intentions.expressions.structLiteral.GoFillFieldsIntention
17842:             1             24  com.goide.intentions.expressions.structLiteral.GoRemoveKeysFromStructLiteralValueIntention
17843:             1             24  com.goide.intentions.fmtstring.GoAddFmtStringArgumentIntention
17844:             1             24  com.goide.intentions.fmtstring.GoExcludePrintfFuncIntention
17845:             1             24  com.goide.intentions.fmtstring.GoIncludePrintfFuncIntention
17846:             1             24  com.goide.intentions.generate.GoRunGenerateCommentIntention
17847:             1             24  com.goide.intentions.generate.GoRunGenerateCommentOnFileIntention
17848:             1             24  com.goide.intentions.generate.GoRunGenerateCommentOnPackageIntention
17849:             1             24  com.goide.intentions.ifstatement.GoInvertIfIntention
17850:             1             24  com.goide.intentions.negate.GoNegateExpressionIntention
17851:             1             24  com.goide.intentions.negate.GoNegateExpressionRecursivelyIntention
17852:             1             24  com.goide.intentions.negate.GoNegateTopmostExpressionIntention
17853:             1             24  com.goide.intentions.negate.GoNegateTopmostExpressionRecursivelyIntention
17854:             1             24  com.goide.profiler.block.PprofBlockingConfigurationType
17855:             1             24  com.goide.profiler.cpu.PprofCpuConfigurationType
17856:             1             24  com.goide.profiler.cpu.PprofCpuState
17857:             1             24  com.goide.profiler.memory.PprofMemoryConfigurationType
17858:             1             24  com.goide.profiler.mutex.PprofMutexConfigurationType
17859:             1             24  com.goide.project.DefaultGoRootsProvider$$Lambda/0x0000009804307b18
17860:             1             24  com.goide.project.GoApplicationLibrariesService
17861:             1             24  com.goide.psi.impl.GoAnonymousFieldDefinitionImpl
17862:             1             24  com.goide.psi.impl.GoBuiltinArgumentListImpl
17863:             1             24  com.goide.psi.impl.GoBuiltinCallExprImpl
17864:             1             24  com.goide.psi.impl.GoChannelTypeImpl
17865:             1             24  com.goide.psi.impl.GoEvaluatingContext$Initial
17866:             1             24  com.goide.psi.impl.GoFunctionTypeImpl
17867:             1             24  com.goide.psi.impl.GoImportDeclarationImpl
17868:             1             24  com.goide.psi.impl.GoImportListImpl
17869:             1             24  com.goide.psi.impl.generics.GoSubstitution
17870:             1             24  com.goide.quickfix.GoRenameToBlankQuickFix
17871:             1             24  com.goide.refactor.GoNameSuggestionProvider$Settings
17872:             1             24  com.goide.refactor.inline.function.GoInlineFunctionHandler
17873:             1             24  com.goide.refactor.util.GoRefactoringUtil$TypeTextWithImports
17874:             1             24  com.goide.sdk.GoEnvironmentGoPathModificationTracker
17875:             1             24  com.goide.sdk.GoSdkUtil$$Lambda/0x00000098043078c0
17876:             1             24  com.goide.sdk.GoSdkUtil$$Lambda/0x00000098047ab060
17877:             1             24  com.goide.sdk.combobox.GoSdkChooserCombo$MyGoSdkListProvider
17878:             1             24  com.goide.statistics.GoUserEnvironmentStatisticsCollector$1
17879:             1             24  com.goide.statistics.GoUserEnvironmentStatisticsCollector$2
17880:             1             24  com.goide.statistics.GoUserEnvironmentStatisticsCollector$PackageImportPathValidationRule
17881:             1             24  com.goide.statistics.GoUserEnvironmentStatisticsCollector$StdPackageImportPathValidationRule
17882:             1             24  com.goide.stubs.index.GoIdFilter$$Lambda/0x0000009805775270
17883:             1             24  com.goide.stubs.types.GoAnonymousFieldDefinitionStubElementType
17884:             1             24  com.goide.stubs.types.GoConstDeclarationStubElementType
17885:             1             24  com.goide.stubs.types.GoConstDefinitionStubElementType
17886:             1             24  com.goide.stubs.types.GoConstSpecStubElementType
17887:             1             24  com.goide.stubs.types.GoConstraintElemStubElementType
17888:             1             24  com.goide.stubs.types.GoConstraintTermStubElementType
17889:             1             24  com.goide.stubs.types.GoFieldDeclarationStubElementType
17890:             1             24  com.goide.stubs.types.GoFieldDefinitionStubElementType
17891:             1             24  com.goide.stubs.types.GoFunctionDeclarationStubElementType
17892:             1             24  com.goide.stubs.types.GoImportSpecStubElementType
17893:             1             24  com.goide.stubs.types.GoLabelDefinitionStubElementType
17894:             1             24  com.goide.stubs.types.GoMethodDeclarationStubElementType
17895:             1             24  com.goide.stubs.types.GoMethodSpecStubElementType
17896:             1             24  com.goide.stubs.types.GoPackageClauseStubElementType
17897:             1             24  com.goide.stubs.types.GoParamDefinitionStubElementType
17898:             1             24  com.goide.stubs.types.GoParameterDeclarationStubElementType
17899:             1             24  com.goide.stubs.types.GoParametersStubElementType
17900:             1             24  com.goide.stubs.types.GoReceiverStubElementType
17901:             1             24  com.goide.stubs.types.GoResultStubElementType
17902:             1             24  com.goide.stubs.types.GoSignatureStubElementType
17903:             1             24  com.goide.stubs.types.GoTypeArgumentsStubElementType
17904:             1             24  com.goide.stubs.types.GoTypeParamDefinitionStubElementType
17905:             1             24  com.goide.stubs.types.GoTypeParameterDeclarationStubElementType
17906:             1             24  com.goide.stubs.types.GoTypeParametersStubElementType
17907:             1             24  com.goide.stubs.types.GoTypeReferenceExpressionStubElementType
17908:             1             24  com.goide.stubs.types.GoTypeSpecStubElementType
17909:             1             24  com.goide.stubs.types.GoVarDeclarationStubElementType
17910:             1             24  com.goide.stubs.types.GoVarDefinitionStubElementType
17911:             1             24  com.goide.stubs.types.GoVarSpecStubElementType
17912:             1             24  com.goide.template.GoTemplateLiveTemplateContextType
17913:             1             24  com.goide.template.file.GoTemplateFileElementType
17914:             1             24  com.goide.template.file.GoTemplateFileType
17915:             1             24  com.goide.template.highlighting.GoTemplateErrorFilter
17916:             1             24  com.goide.template.integration.GoAddTemplateTypeHintIntention
17917:             1             24  com.goide.template.integration.GoAssociateFileWithGoTemplateIntention
17918:             1             24  com.goide.terminal.GoShellCommandSpecsProvider
17919:             1             24  com.goide.training.learn.course.GoLearningCourse
17920:             1             24  com.goide.training.onboarding.GoOnboardingTipsDocumentationProvider
17921:             1             24  com.goide.util.GoCacheService
17922:             1             24  com.goide.util.GoHistoryProcessListener
17923:             1             24  com.goide.util.GoVfsModificationTracker
17924:             1             24  com.goide.vendor.GoDirectoryStructureModificationTracker
17925:             1             24  com.goide.vendor.impl.MetadataStorageImpl
17926:             1             24  com.goide.vgo.VgoModFileIsAbsentNotificationManager
17927:             1             24  com.goide.vgo.imports.VgoImportResolver$MyDebugLogger
17928:             1             24  com.goide.vgo.mod.VgoFileType
17929:             1             24  com.goide.vgo.mod.intentions.VgoMergeAllDirectivesIntention
17930:             1             24  com.goide.vgo.mod.intentions.VgoMergeDirectiveUpIntention
17931:             1             24  com.goide.vgo.mod.intentions.VgoMergeGroupOfDirectivesIntention
17932:             1             24  com.goide.vgo.mod.psi.stub.type.VgoFileElementType
17933:             1             24  com.goide.vgo.mod.psi.stub.type.VgoGoVersionDirectiveStubElementType
17934:             1             24  com.goide.vgo.mod.psi.stub.type.VgoModuleDirectiveStubElementType
17935:             1             24  com.goide.vgo.mod.psi.stub.type.VgoToolchainDirectiveStubElementType
17936:             1             24  com.goide.vgo.project.workspaceModel.VgoWorkspaceModelAsyncChangeListener
17937:             1             24  com.goide.wizard.GoProjectGeneratorPeer$1
17938:             1             24  com.google.api.client.googleapis.auth.oauth2.DefaultCredentialProvider
17939:             1             24  com.google.api.client.util.GenericData$Flags
17940:             1             24  com.google.cloud.tools.intellij.analytics.MetricsLocalFileWriter
17941:             1             24  com.google.cloud.tools.intellij.analytics.firelog.ClientInfo
17942:             1             24  com.google.cloud.tools.intellij.hats.HatsSessionIndex
17943:             1             24  com.google.cloud.tools.intellij.util.BooleanProperty
17944:             1             24  com.google.common.cache.CacheBuilder$NullListener
17945:             1             24  com.google.common.cache.CacheBuilder$OneWeigher
17946:             1             24  com.google.common.cache.LocalCache$EntryFactory$1
17947:             1             24  com.google.common.cache.LocalCache$EntryFactory$2
17948:             1             24  com.google.common.cache.LocalCache$EntryFactory$3
17949:             1             24  com.google.common.cache.LocalCache$EntryFactory$4
17950:             1             24  com.google.common.cache.LocalCache$EntryFactory$5
17951:             1             24  com.google.common.cache.LocalCache$EntryFactory$6
17952:             1             24  com.google.common.cache.LocalCache$EntryFactory$7
17953:             1             24  com.google.common.cache.LocalCache$EntryFactory$8
17954:             1             24  com.google.common.cache.LocalCache$NullEntry
17955:             1             24  com.google.common.cache.LocalCache$Strength$1
17956:             1             24  com.google.common.cache.LocalCache$Strength$2
17957:             1             24  com.google.common.cache.LocalCache$Strength$3
17958:             1             24  com.google.common.cache.RemovalCause$1
17959:             1             24  com.google.common.cache.RemovalCause$2
17960:             1             24  com.google.common.cache.RemovalCause$3
17961:             1             24  com.google.common.cache.RemovalCause$4
17962:             1             24  com.google.common.cache.RemovalCause$5
17963:             1             24  com.google.common.collect.Iterators$ArrayItr
17964:             1             24  com.google.common.collect.MapMaker$Dummy
17965:             1             24  com.google.common.collect.MapMakerInternalMap$Strength$1
17966:             1             24  com.google.common.collect.MapMakerInternalMap$Strength$2
17967:             1             24  com.google.common.collect.NaturalOrdering
17968:             1             24  com.google.common.collect.Sets$1
17969:             1             24  com.google.common.io.Closer
17970:             1             24  com.google.common.util.concurrent.AbstractFuture$Listener
17971:             1             24  com.google.common.util.concurrent.AbstractFutureState$VarHandleAtomicHelperMaker$1
17972:             1             24  com.google.common.util.concurrent.AbstractFutureState$Waiter
17973:             1             24  com.google.common.util.concurrent.DirectExecutor
17974:             1             24  com.google.common.util.concurrent.LazyLogger
17975:             1             24  com.google.gson.FieldNamingPolicy$1
17976:             1             24  com.google.gson.FieldNamingPolicy$2
17977:             1             24  com.google.gson.FieldNamingPolicy$3
17978:             1             24  com.google.gson.FieldNamingPolicy$4
17979:             1             24  com.google.gson.FieldNamingPolicy$5
17980:             1             24  com.google.gson.FieldNamingPolicy$6
17981:             1             24  com.google.gson.FieldNamingPolicy$7
17982:             1             24  com.google.gson.LongSerializationPolicy$1
17983:             1             24  com.google.gson.LongSerializationPolicy$2
17984:             1             24  com.google.gson.ToNumberPolicy$1
17985:             1             24  com.google.gson.ToNumberPolicy$2
17986:             1             24  com.google.gson.ToNumberPolicy$3
17987:             1             24  com.google.gson.ToNumberPolicy$4
17988:             1             24  com.google.gson.internal.UnsafeAllocator$1
17989:             1             24  com.google.gson.internal.bind.TypeAdapters$31
17990:             1             24  com.google.protobuf.ByteString$LiteralByteString
17991:             1             24  com.google.protobuf.Protobuf
17992:             1             24  com.google.tools.intellij.aiplugin.AiPluginCompletionIndexCounterImpl
17993:             1             24  com.google.tools.intellij.aiplugin.AiPluginErrorHandler
17994:             1             24  com.google.tools.intellij.aiplugin.AiPluginTransformService
17995:             1             24  com.google.tools.intellij.aiplugin.AiPluginUserInfoProvider
17996:             1             24  com.google.tools.intellij.aiplugin.CaicProjectServiceImpl
17997:             1             24  com.google.tools.intellij.aiplugin.analytics.AiPluginIdeSessionTracking
17998:             1             24  com.google.tools.intellij.aiplugin.analytics.UsageTrackerService$firelogHttpSender$1
17999:             1             24  com.google.tools.intellij.aiplugin.context.RemoteRepositoryReferenceLookupProvider
18000:             1             24  com.google.tools.intellij.aiplugin.hats.HatsStore
18001:             1             24  com.google.tools.intellij.aiplugin.internal.TestModelIssueService
18002:             1             24  com.google.tools.intellij.aiplugin.logs.GeminiBackendLogger
18003:             1             24  com.google.tools.intellij.aiplugin.network.NetworkStatusService
18004:             1             24  com.google.tools.intellij.aiplugin.notification.AiPluginGotItToolTipsService
18005:             1             24  com.google.tools.intellij.aiplugin.oauth.AiPluginAuthenticator
18006:             1             24  com.google.tools.intellij.aiplugin.quota.QuotaService
18007:             1             24  com.google.tools.intellij.aiplugin.recitation.RecitationTrackingService
18008:             1             24  com.google.tools.intellij.aiplugin.tier.UserTierService$temporarilyDismissPrivacyNotice$1
18009:             1             24  com.google.tools.intellij.aiplugin.transform.FinishChangesSessionManager
18010:             1             24  com.google.tools.intellij.aiplugin.transform.discover.FinishChangesDiscoverabilityEditorFactoryListener
18011:             1             24  com.google.tools.intellij.aiplugin.util.AiPluginCodeIntegrationService
18012:             1             24  com.google.tools.intellij.aiplugin.verification.AiPluginStatusVerificationService
18013:             1             24  com.ibm.icu.impl.ICUCurrencyMetaInfo
18014:             1             24  com.ibm.icu.impl.ICURWLock
18015:             1             24  com.ibm.icu.impl.ICUResourceBundleReader$Array
18016:             1             24  com.ibm.icu.impl.ICUService$CacheEntry
18017:             1             24  com.ibm.icu.impl.UPropertyAliases
18018:             1             24  com.ibm.icu.impl.locale.BaseLocale$Cache
18019:             1             24  com.ibm.icu.impl.number.Padder
18020:             1             24  com.ibm.icu.number.IntegerWidth
18021:             1             24  com.ibm.icu.number.Precision$BogusRounder
18022:             1             24  com.ibm.icu.number.Precision$InfiniteRounderImpl
18023:             1             24  com.ibm.icu.text.CurrencyMetaInfo$CurrencyDigits
18024:             1             24  com.ibm.icu.text.PluralRules$AndConstraint
18025:             1             24  com.intellij.application.impl.AssertingPlatformCoroutineSupport
18026:             1             24  com.intellij.aqua.runners.cypress.CypressRunConfigurationProducer
18027:             1             24  com.intellij.charts.settings.data.type.AreaRangeSeriesType
18028:             1             24  com.intellij.charts.settings.data.type.AreaSeriesType
18029:             1             24  com.intellij.charts.settings.data.type.BarSeriesType
18030:             1             24  com.intellij.charts.settings.data.type.BubbleSeriesType
18031:             1             24  com.intellij.charts.settings.data.type.HeatmapSeriesType
18032:             1             24  com.intellij.charts.settings.data.type.HistogramSeriesType
18033:             1             24  com.intellij.charts.settings.data.type.LineSeriesType
18034:             1             24  com.intellij.charts.settings.data.type.PieSeriesType
18035:             1             24  com.intellij.charts.settings.data.type.ScatterSeriesType
18036:             1             24  com.intellij.charts.settings.data.type.StockSeriesType
18037:             1             24  com.intellij.clouds.kubernetes.frontend.editor.floatingToolbar.KubernetesFloatingToolbarSettingsFrontend
18038:             1             24  com.intellij.codeHighlighting.HighlightDisplayLevel$Companion$NON_SWITCHABLE_ERROR$1
18039:             1             24  com.intellij.codeHighlighting.HighlightDisplayLevel$Companion$NON_SWITCHABLE_WARNING$1
18040:             1             24  com.intellij.codeInsight.AutoPopupControllerImpl
18041:             1             24  com.intellij.codeInsight.AutoPopupControllerImpl$$Lambda/0x0000009804f904a8
18042:             1             24  com.intellij.codeInsight.CodeInsightWorkspaceSettings
18043:             1             24  com.intellij.codeInsight.actions.ReaderModeEditorSettingsListener$$Lambda/0x00000098035acb18
18044:             1             24  com.intellij.codeInsight.actions.ReaderModeSettingsImpl
18045:             1             24  com.intellij.codeInsight.actions.onSave.FormatOnSaveOptions
18046:             1             24  com.intellij.codeInsight.actions.onSave.OptimizeImportsOnSaveOptions
18047:             1             24  com.intellij.codeInsight.codeVision.CodeVisionHost$$Lambda/0x00000098037019a8
18048:             1             24  com.intellij.codeInsight.codeVision.CodeVisionState$NotReady
18049:             1             24  com.intellij.codeInsight.codeVision.CodeVisionState$Ready
18050:             1             24  com.intellij.codeInsight.codeVision.ProjectEditorLiveList
18051:             1             24  com.intellij.codeInsight.codeVision.settings.CodeVisionSettings
18052:             1             24  com.intellij.codeInsight.codeVision.settings.CodeVisionSettingsLiveModel$$Lambda/0x0000009803627ac0
18053:             1             24  com.intellij.codeInsight.codeVision.settings.CodeVisionSettingsLiveModel$$Lambda/0x000000980362c000
18054:             1             24  com.intellij.codeInsight.completion.CompletionUtil$1
18055:             1             24  com.intellij.codeInsight.completion.CompletionVariant$CompletionVariantItem
18056:             1             24  com.intellij.codeInsight.completion.CompletionVariant$Scope
18057:             1             24  com.intellij.codeInsight.completion.PlainPrefixMatcher
18058:             1             24  com.intellij.codeInsight.completion.PrevParameterHandler
18059:             1             24  com.intellij.codeInsight.completion.impl.ClientCompletionService
18060:             1             24  com.intellij.codeInsight.completion.impl.CompletionServiceImpl
18061:             1             24  com.intellij.codeInsight.completion.util.ParenthesesInsertHandler$1
18062:             1             24  com.intellij.codeInsight.completion.util.ParenthesesInsertHandler$2
18063:             1             24  com.intellij.codeInsight.daemon.impl.DaemonCodeAnalyzerImpl$$Lambda/0x0000009802e66c78
18064:             1             24  com.intellij.codeInsight.daemon.impl.DaemonFusCollector$FILE_ID$1
18065:             1             24  com.intellij.codeInsight.daemon.impl.DaemonTooltipRenderer
18066:             1             24  com.intellij.codeInsight.daemon.impl.DeclarativeHintsNecromancer
18067:             1             24  com.intellij.codeInsight.daemon.impl.DeclarativeHintsNecromancy
18068:             1             24  com.intellij.codeInsight.daemon.impl.DefaultHighlightVisitor
18069:             1             24  com.intellij.codeInsight.daemon.impl.Divider$CachedStampedMap
18070:             1             24  com.intellij.codeInsight.daemon.impl.ErrorStripeUpdateManager
18071:             1             24  com.intellij.codeInsight.daemon.impl.FileStatus
18072:             1             24  com.intellij.codeInsight.daemon.impl.HighlightInfoUpdaterImpl
18073:             1             24  com.intellij.codeInsight.daemon.impl.HighlightingNecromancer$subscribeDaemonFinished$1
18074:             1             24  com.intellij.codeInsight.daemon.impl.HighlightingNecromancy
18075:             1             24  com.intellij.codeInsight.daemon.impl.HintRenderer$Companion$MyFontMetrics
18076:             1             24  com.intellij.codeInsight.daemon.impl.IdentifierHighlightingManagerImpl
18077:             1             24  com.intellij.codeInsight.daemon.impl.InspectionVisitorOptimizer$2
18078:             1             24  com.intellij.codeInsight.daemon.impl.IntentionsUIImpl
18079:             1             24  com.intellij.codeInsight.daemon.impl.TextEditorHighlightingPassRegistrarImpl$1
18080:             1             24  com.intellij.codeInsight.daemon.impl.TrafficLightRenderer$TrafficLightRendererInfo
18081:             1             24  com.intellij.codeInsight.daemon.impl.analysis.RemoveAttributeIntentionFix
18082:             1             24  com.intellij.codeInsight.daemon.impl.analysis.XmlHighlightVisitor
18083:             1             24  com.intellij.codeInsight.daemon.impl.grave.CodeVisionNecromancy
18084:             1             24  com.intellij.codeInsight.daemon.impl.quickfix.FetchExtResourceAction
18085:             1             24  com.intellij.codeInsight.documentation.render.DocRenderCopyHandler
18086:             1             24  com.intellij.codeInsight.documentation.render.DocRenderNecromancer
18087:             1             24  com.intellij.codeInsight.documentation.render.DocRenderNecromancy
18088:             1             24  com.intellij.codeInsight.editorActions.BackspaceHandler
18089:             1             24  com.intellij.codeInsight.editorActions.CopyHandler
18090:             1             24  com.intellij.codeInsight.editorActions.CutHandler
18091:             1             24  com.intellij.codeInsight.editorActions.EnterHandler
18092:             1             24  com.intellij.codeInsight.editorActions.JoinLinesHandler
18093:             1             24  com.intellij.codeInsight.editorActions.LanguageConsolePasteHandler
18094:             1             24  com.intellij.codeInsight.editorActions.PasteHandler
18095:             1             24  com.intellij.codeInsight.editorActions.SelectWordHandler
18096:             1             24  com.intellij.codeInsight.editorActions.SimpleIndentingBackspaceHandler
18097:             1             24  com.intellij.codeInsight.editorActions.UnSelectWordHandler
18098:             1             24  com.intellij.codeInsight.editorActions.XmlTagNameSynchronizer
18099:             1             24  com.intellij.codeInsight.editorActions.smartEnter.SmartEnterAction$Handler
18100:             1             24  com.intellij.codeInsight.folding.impl.CodeFoldingManagerImpl
18101:             1             24  com.intellij.codeInsight.folding.impl.CodeFoldingManagerImpl$1
18102:             1             24  com.intellij.codeInsight.folding.impl.CodeFoldingNecromancer
18103:             1             24  com.intellij.codeInsight.folding.impl.FoldingHintMouseMotionListener
18104:             1             24  com.intellij.codeInsight.folding.impl.UpdateFoldRegionsOperation$FoldingMap
18105:             1             24  com.intellij.codeInsight.highlighting.BackgroundHighlighter$$Lambda/0x000000980362def0
18106:             1             24  com.intellij.codeInsight.hint.PrevNextParameterHandler
18107:             1             24  com.intellij.codeInsight.hint.TooltipController
18108:             1             24  com.intellij.codeInsight.hints.InlayProviderUsageCollector$MODEL_ID_EVENT_FIELD$1
18109:             1             24  com.intellij.codeInsight.hints.InlayProviderUsageCollector$OPTION_ID_EVENT_FIELD$1
18110:             1             24  com.intellij.codeInsight.hints.ParameterHintsNecromancer
18111:             1             24  com.intellij.codeInsight.hints.ParameterHintsNecromancy
18112:             1             24  com.intellij.codeInsight.hints.VcsCodeAuthorInfo
18113:             1             24  com.intellij.codeInsight.hints.codeVision.CodeVisionHistogramReporter
18114:             1             24  com.intellij.codeInsight.hints.codeVision.CodeVisionNecromancer
18115:             1             24  com.intellij.codeInsight.hints.codeVision.CodeVisionProjectSettings
18116:             1             24  com.intellij.codeInsight.hints.declarative.impl.DeclarativeInlayHintsPass$PreprocessedInlayData
18117:             1             24  com.intellij.codeInsight.hints.parameters.ParameterHintsExcludeListService
18118:             1             24  com.intellij.codeInsight.inline.completion.BackspaceDeleteInlineCompletionHandler
18119:             1             24  com.intellij.codeInsight.inline.completion.CallInlineCompletionAction$CallInlineCompletionHandler
18120:             1             24  com.intellij.codeInsight.inline.completion.InsertInlineCompletionAction$InsertInlineCompletionHandler
18121:             1             24  com.intellij.codeInsight.inline.completion.InsertInlineCompletionLineAction$Handler
18122:             1             24  com.intellij.codeInsight.inline.completion.InsertInlineCompletionWordAction$Handler
18123:             1             24  com.intellij.codeInsight.inline.completion.listeners.InlineCompletionEnterHandler
18124:             1             24  com.intellij.codeInsight.inline.completion.logs.FinishingLogs
18125:             1             24  com.intellij.codeInsight.inline.completion.logs.InlineCompletionContextLogs$Logs
18126:             1             24  com.intellij.codeInsight.inline.completion.logs.InlineCompletionUsageTracker$PluginInfoField
18127:             1             24  com.intellij.codeInsight.inline.completion.logs.StartingLogs
18128:             1             24  com.intellij.codeInsight.inline.completion.logs.TypingSpeedTracker
18129:             1             24  com.intellij.codeInsight.inline.completion.shortcut.InlineCompletionShortcutHint$INSERT
18130:             1             24  com.intellij.codeInsight.inline.completion.shortcut.InlineCompletionShortcutHint$INSERT_LINE
18131:             1             24  com.intellij.codeInsight.inline.completion.shortcut.InlineCompletionShortcutHint$INSERT_TERMINAL
18132:             1             24  com.intellij.codeInsight.inline.completion.shortcut.InlineCompletionShortcutHint$INSERT_WORD
18133:             1             24  com.intellij.codeInsight.inline.completion.statistics.LocalStatistics
18134:             1             24  com.intellij.codeInsight.intention.impl.AssignShortcutToIntentionAction
18135:             1             24  com.intellij.codeInsight.intention.impl.EditIntentionSettingsAction
18136:             1             24  com.intellij.codeInsight.intention.impl.EnableDisableIntentionAction
18137:             1             24  com.intellij.codeInsight.intention.impl.IntentionActionWithTextCaching$MyIntentionAction
18138:             1             24  com.intellij.codeInsight.intention.impl.IntentionHintComponent$LightBulbMouseListener
18139:             1             24  com.intellij.codeInsight.intention.impl.IntentionShortcutManager
18140:             1             24  com.intellij.codeInsight.intention.impl.IntentionShortcutManager$scheduleRegisterIntentionsInActiveKeymap$1$1
18141:             1             24  com.intellij.codeInsight.intention.impl.IntentionShortcutManager$scheduleRegisterIntentionsInActiveKeymap$1$2
18142:             1             24  com.intellij.codeInsight.intention.impl.config.IntentionManagerImpl
18143:             1             24  com.intellij.codeInsight.intention.impl.config.IntentionsMetadataService
18144:             1             24  com.intellij.codeInsight.intention.impl.config.PlainTextDescriptor
18145:             1             24  com.intellij.codeInsight.intention.impl.config.ResourceTextDescriptor
18146:             1             24  com.intellij.codeInsight.lookup.impl.BackspaceHandler
18147:             1             24  com.intellij.codeInsight.lookup.impl.LookupActionHandler$DownHandler
18148:             1             24  com.intellij.codeInsight.lookup.impl.LookupActionHandler$LeftHandler
18149:             1             24  com.intellij.codeInsight.lookup.impl.LookupActionHandler$RightHandler
18150:             1             24  com.intellij.codeInsight.lookup.impl.LookupActionHandler$UpHandler
18151:             1             24  com.intellij.codeInsight.lookup.impl.StartNewLineHandler
18152:             1             24  com.intellij.codeInsight.template.EverywhereContextType
18153:             1             24  com.intellij.codeInsight.template.HtmlTextContextType
18154:             1             24  com.intellij.codeInsight.template.LiveTemplateContextsState
18155:             1             24  com.intellij.codeInsight.template.Template$Property
18156:             1             24  com.intellij.codeInsight.template.XmlContextType
18157:             1             24  com.intellij.codeInsight.template.XmlElementContextType
18158:             1             24  com.intellij.codeInsight.template.XmlTextContextType
18159:             1             24  com.intellij.codeInsight.template.XslTextContextType
18160:             1             24  com.intellij.codeInsight.template.emmet.EmmetAbbreviationBalloon$EmmetContextHelp
18161:             1             24  com.intellij.codeInsight.template.impl.MacroCallNode
18162:             1             24  com.intellij.codeInsight.template.impl.editorActions.EnterHandler
18163:             1             24  com.intellij.codeInsight.template.impl.editorActions.ExpandLiveTemplateCustomAction$1
18164:             1             24  com.intellij.codeInsight.template.impl.editorActions.SelectAllHandler
18165:             1             24  com.intellij.codeInsight.template.macro.CapitalizeAndUnderscoreMacro
18166:             1             24  com.intellij.codeInsight.template.macro.CapitalizeMacro
18167:             1             24  com.intellij.codeInsight.template.macro.CommentMacro$AnyCommentEnd
18168:             1             24  com.intellij.codeInsight.template.macro.CommentMacro$AnyCommentStart
18169:             1             24  com.intellij.codeInsight.template.macro.CommentMacro$BlockCommentEnd
18170:             1             24  com.intellij.codeInsight.template.macro.CommentMacro$BlockCommentStart
18171:             1             24  com.intellij.codeInsight.template.macro.CommentMacro$LineCommentStart
18172:             1             24  com.intellij.codeInsight.template.macro.CompleteMacro
18173:             1             24  com.intellij.codeInsight.template.macro.CompleteSmartMacro
18174:             1             24  com.intellij.codeInsight.template.macro.ConcatMacro
18175:             1             24  com.intellij.codeInsight.template.macro.ConvertToCamelCaseMacro
18176:             1             24  com.intellij.codeInsight.template.macro.ConvertToCamelCaseMacro$ReplaceUnderscoresToCamelCaseMacro
18177:             1             24  com.intellij.codeInsight.template.macro.DecapitalizeMacro
18178:             1             24  com.intellij.codeInsight.template.macro.EscapeStringMacro
18179:             1             24  com.intellij.codeInsight.template.macro.FirstWordMacro
18180:             1             24  com.intellij.codeInsight.template.macro.RegExMacro
18181:             1             24  com.intellij.codeInsight.template.macro.ReplaceSpacesWithUnderscoresMacro
18182:             1             24  com.intellij.codeInsight.template.macro.ReplaceUnderscoresWithSpacesMacro
18183:             1             24  com.intellij.codeInsight.template.macro.SplitWordsMacro$LowercaseAndDash
18184:             1             24  com.intellij.codeInsight.template.macro.SplitWordsMacro$SnakeCaseMacro
18185:             1             24  com.intellij.codeInsight.template.macro.SplitWordsMacro$SpaceSeparated
18186:             1             24  com.intellij.codeInsight.template.macro.SubstringBeforeMacro
18187:             1             24  com.intellij.codeInspection.InspectionUsageFUSStorage
18188:             1             24  com.intellij.codeInspection.ex.ApplicationInspectionProfileManagerBase$schemeManager$1
18189:             1             24  com.intellij.codeInspection.ex.InspectionManagerEx$$Lambda/0x000000980486afc0
18190:             1             24  com.intellij.codeInspection.ex.InspectionToolRegistrar$registerToolProviders$2
18191:             1             24  com.intellij.codeInspection.ex.ProjectInspectionToolRegistrar$updateInspectionProfilesSubscription$1$1
18192:             1             24  com.intellij.collaboration.api.httpclient.RequestTimeoutConfigurer
18193:             1             24  com.intellij.completion.ml.common.CurrentProjectInfo$$Lambda/0x00000098052cf170
18194:             1             24  com.intellij.completion.ml.common.RecentPlacesFeatures$RecentPlacesStorage
18195:             1             24  com.intellij.completion.ml.common.RecentPlacesFeatures$StoreRecentPlacesListener
18196:             1             24  com.intellij.completion.ml.features.ContextFeaturesStorage
18197:             1             24  com.intellij.completion.ml.ranker.local.MLCompletionLocalModelsLoader
18198:             1             24  com.intellij.concurrency.JobLauncherImpl
18199:             1             24  com.intellij.configurationScript.providers.MyRunConfigurationTemplateProvider
18200:             1             24  com.intellij.configurationStore.SaveAndSyncHandlerImpl$1$3$1
18201:             1             24  com.intellij.configurationStore.SaveAndSyncHandlerImpl$1$4$1
18202:             1             24  com.intellij.configurationStore.SaveAndSyncHandlerImpl$listenIdleAndActivate$2
18203:             1             24  com.intellij.configurationStore.SaveAndSyncHandlerImplKt$generalSettingFlow$$inlined$filter$1
18204:             1             24  com.intellij.configurationStore.SaveAndSyncHandlerImplKt$generalSettingFlow$$inlined$filter$1$2
18205:             1             24  com.intellij.configurationStore.SaveAndSyncHandlerImplKt$generalSettingFlow$$inlined$map$1
18206:             1             24  com.intellij.configurationStore.SaveAndSyncHandlerImplKt$generalSettingFlow$$inlined$map$1$2
18207:             1             24  com.intellij.configurationStore.StorageVirtualFileTracker
18208:             1             24  com.intellij.configurationStore.XmlSerializerKt$serializer$1
18209:             1             24  com.intellij.copyright.CopyrightManager$schemeManager$1
18210:             1             24  com.intellij.copyright.CopyrightManagerDocumentListener
18211:             1             24  com.intellij.copyright.IdeCopyrightManager
18212:             1             24  com.intellij.copyright.IdeCopyrightManager$schemeManager$1
18213:             1             24  com.intellij.coverage.CoverageDataManagerImpl$2
18214:             1             24  com.intellij.coverage.CoverageDataManagerImpl$6
18215:             1             24  com.intellij.credentialStore.CredentialAttributes
18216:             1             24  com.intellij.cwm.plugin.common.carets.RemoteCaretHighlighterService
18217:             1             24  com.intellij.cwm.plugin.common.telephony.TelephonyLogger
18218:             1             24  com.intellij.cwm.plugin.common.users.ConnectableUser
18219:             1             24  com.intellij.cwm.plugin.following.FollowMeManager$$Lambda/0x0000009803138338
18220:             1             24  com.intellij.cwm.plugin.following.FollowMeManagerKt$$Lambda/0x0000009802dfd8c8
18221:             1             24  com.intellij.cwm.plugin.following.LocalFollowMeManager
18222:             1             24  com.intellij.cwm.plugin.options.CodeWithMeSystemSettings$LobbyServerURL
18223:             1             24  com.intellij.cwm.plugin.ports.CwmPortForwardingToolWindowManager$$Lambda/0x0000009802f6e000
18224:             1             24  com.intellij.cwm.plugin.provisioner.ProvisionedCodeWithMeEnterpriseConfiguration
18225:             1             24  com.intellij.cwm.plugin.users.BackendUserManager$1$$Lambda/0x00000098031393c0
18226:             1             24  com.intellij.cwm.plugin.users.BackendUserManager$1$$Lambda/0x0000009803139618
18227:             1             24  com.intellij.cwm.plugin.users.BackendUserManager$1$$Lambda/0x0000009803139f58
18228:             1             24  com.intellij.database.cloudExplorer.CloudConnectionDataStorage
18229:             1             24  com.intellij.database.cloudExplorer.CloudConnectionDataStorageImpl
18230:             1             24  com.intellij.database.console.DatabaseServiceViewContributor$DatabaseContributorDescriptor
18231:             1             24  com.intellij.database.console.DbConsoleRootType
18232:             1             24  com.intellij.database.console.session.DatabaseSessionViewServiceImpl
18233:             1             24  com.intellij.database.csv.CsvFileType
18234:             1             24  com.intellij.database.dataSource.DataSourceModelStorageImpl$createSavingListener$SavingListener$2
18235:             1             24  com.intellij.database.dataSource.srcStorage.DbSrcChangesTrackerApplication$myListener$1
18236:             1             24  com.intellij.database.dataSource.srcStorage.DbSrcChangesTrackerProject
18237:             1             24  com.intellij.database.dataSource.srcStorage.DbSrcFileSystem$1
18238:             1             24  com.intellij.database.dataSource.srcStorage.backend.DbSrcStorageManager
18239:             1             24  com.intellij.database.dataSource.srcStorage.backend.DbSrcStorageManager$App
18240:             1             24  com.intellij.database.datagrid.DbGridDataHookUpManager
18241:             1             24  com.intellij.database.datagrid.GridDataHookUpManager
18242:             1             24  com.intellij.database.diagram.DbDiagramProvider
18243:             1             24  com.intellij.database.diagram.plan.QueryPlanProvider
18244:             1             24  com.intellij.database.dialects.bigquery.BigQueryDialect
18245:             1             24  com.intellij.database.dialects.cassandra.CassDialect
18246:             1             24  com.intellij.database.dialects.clickhouse.CHouseDialect
18247:             1             24  com.intellij.database.dialects.cockroach.CRoachDialect
18248:             1             24  com.intellij.database.dialects.couchbase.CouchbaseDialect
18249:             1             24  com.intellij.database.dialects.db2.Db2BaseDialect
18250:             1             24  com.intellij.database.dialects.derby.DerbyDialect
18251:             1             24  com.intellij.database.dialects.dynamo.DynamoDialect
18252:             1             24  com.intellij.database.dialects.exasol.ExaDialect
18253:             1             24  com.intellij.database.dialects.greenplum.GPlumDialect
18254:             1             24  com.intellij.database.dialects.h2.H2Dialect
18255:             1             24  com.intellij.database.dialects.hive.HiveDialect
18256:             1             24  com.intellij.database.dialects.hsql.HsqlDialect
18257:             1             24  com.intellij.database.dialects.maria.MariaDialect
18258:             1             24  com.intellij.database.dialects.mongo.MongoDialect
18259:             1             24  com.intellij.database.dialects.mysqlbase.introspector.MysqlIntrospectorStatsProvider
18260:             1             24  com.intellij.database.dialects.oracle.OraDialect
18261:             1             24  com.intellij.database.dialects.oracle.debugger.OraDebuggerSettings
18262:             1             24  com.intellij.database.dialects.oracle.debugger.OraLineBreakpointType
18263:             1             24  com.intellij.database.dialects.postgres.PgDialect
18264:             1             24  com.intellij.database.dialects.redis.RedisDialect
18265:             1             24  com.intellij.database.dialects.snowflake.SFlakeDialect
18266:             1             24  com.intellij.database.dialects.snowflake.introspector.SFlakeIntrospectorStatsProvider
18267:             1             24  com.intellij.database.dialects.sqlite.SqliteDialect
18268:             1             24  com.intellij.database.dialects.sqlite.sql.SqliteCodeStyleProvider
18269:             1             24  com.intellij.database.dialects.sybase.AseDialect
18270:             1             24  com.intellij.database.dialects.vertica.VertDialect
18271:             1             24  com.intellij.database.editor.CsvTableFileEditorProvider
18272:             1             24  com.intellij.database.editor.DasGridFileEditorProvider
18273:             1             24  com.intellij.database.editor.DatabaseEditorHelper$$Lambda/0x0000009803909f70
18274:             1             24  com.intellij.database.editor.DatabaseEditorHelper$3
18275:             1             24  com.intellij.database.editor.DatabaseEditorHelper$4
18276:             1             24  com.intellij.database.editor.DatabaseEditorNotifications$1
18277:             1             24  com.intellij.database.editor.DatabaseTableFileEditorProvider
18278:             1             24  com.intellij.database.editor.ExperimentalDatabaseCompositeTableEditorProvider
18279:             1             24  com.intellij.database.editor.FragmentTableFileEditorProvider
18280:             1             24  com.intellij.database.notifications.DataGripUxFeedbackSurvey
18281:             1             24  com.intellij.database.run.DatabaseMoveCaretDownHandler
18282:             1             24  com.intellij.database.run.DeactivateBeforeRunTask$Provider
18283:             1             24  com.intellij.database.run.SqlNotebookDeleteHandler$BackspaceHandler
18284:             1             24  com.intellij.database.run.actions.LocalFileUrlResolver
18285:             1             24  com.intellij.database.run.actions.WebUrlResolver
18286:             1             24  com.intellij.database.settings.UserPatterns
18287:             1             24  com.intellij.database.sql.common.impl.formatter.settings.SqlGeneralCodeStyleSettingsProvider
18288:             1             24  com.intellij.database.sql.intelliLang.injection.SqlTypeBasedInjector
18289:             1             24  com.intellij.database.sql.intelliLang.intentions.SqlInjectByTypeIntention
18290:             1             24  com.intellij.database.statistic.DatabaseAndSchemaSelectionCollector$ScopeGroupStats
18291:             1             24  com.intellij.database.statistic.DatabaseUsagesCollectors$ConfigApp
18292:             1             24  com.intellij.database.statistic.DatabaseUsagesCollectors$ConfigPrj
18293:             1             24  com.intellij.database.statistic.DatabaseUsagesCollectors$IdeConfigState
18294:             1             24  com.intellij.database.statistic.DatabaseUsagesCollectors$ManagersPrj
18295:             1             24  com.intellij.diagnostic.FusFreezeReporter
18296:             1             24  com.intellij.diagnostic.ITNReporter
18297:             1             24  com.intellij.diagnostic.JVMResponsivenessMonitor
18298:             1             24  com.intellij.diagnostic.LowMemoryNotifier
18299:             1             24  com.intellij.diagnostic.LowMemoryNotifier$$Lambda/0x00000098025d8fa8
18300:             1             24  com.intellij.diagnostic.MacosMemoryUtil
18301:             1             24  com.intellij.diagnostic.MacosMemoryUtil$MacosMemoryStatsProvider
18302:             1             24  com.intellij.diagnostic.MessagePool
18303:             1             24  com.intellij.diagnostic.fus.EdtLockAggregatingListener
18304:             1             24  com.intellij.diagnostic.logging.LogFilesManager
18305:             1             24  com.intellij.diagnostic.logging.LogFilesManager$1
18306:             1             24  com.intellij.diagnostic.logs.LogLevelConfigurationManager$State
18307:             1             24  com.intellij.diagnostic.opentelemetry.LowMemoryToOTelReporter$ReportingService
18308:             1             24  com.intellij.diff.tools.combined.CombinedDiffEditorDownHandler
18309:             1             24  com.intellij.diff.tools.combined.CombinedDiffEditorLeftHandler
18310:             1             24  com.intellij.diff.tools.combined.CombinedDiffEditorRightHandler
18311:             1             24  com.intellij.diff.tools.combined.CombinedDiffEditorUpHandler
18312:             1             24  com.intellij.diff.tools.combined.CombinedDiffEditorUpWithSelectionHandler
18313:             1             24  com.intellij.diff.tools.external.ExternalDiffSettings$ExternalToolConfiguration
18314:             1             24  com.intellij.docker.DockerMainCoroutineScopeHolder
18315:             1             24  com.intellij.docker.DockerRootType
18316:             1             24  com.intellij.docker.deployment.DockerRunConfigurationManager
18317:             1             24  com.intellij.docker.deploymentSource.DockerComposeDeploymentSourceType
18318:             1             24  com.intellij.docker.deploymentSource.DockerFileDeploymentSourceType
18319:             1             24  com.intellij.docker.deploymentSource.DockerImageDeploymentSourceType
18320:             1             24  com.intellij.docker.dockerFile.DockerFileType
18321:             1             24  com.intellij.docker.dockerFile.DockerFileTypeDetector
18322:             1             24  com.intellij.docker.dockerFile.ignore.DockerIgnoreFileType
18323:             1             24  com.intellij.docker.editorActions.copy.DockerCopyActionHandler
18324:             1             24  com.intellij.docker.image.DockerPullIntention
18325:             1             24  com.intellij.docker.kubernetes.KubernetesServiceViewDescriptor
18326:             1             24  com.intellij.docker.settings.DevcontainersUsagesCollector
18327:             1             24  com.intellij.docker.view.ActionGroups
18328:             1             24  com.intellij.docker.view.DockerMainServiceViewContributor$Companion$CONTRIBUTOR_DESCRIPTOR$1
18329:             1             24  com.intellij.editorconfig.common.plugin.EditorConfigFileType
18330:             1             24  com.intellij.execution.ExecutorRegistryImpl
18331:             1             24  com.intellij.execution.PsiLocation
18332:             1             24  com.intellij.execution.RunConfigurationProducerService
18333:             1             24  com.intellij.execution.console.ConsoleFoldingSettings
18334:             1             24  com.intellij.execution.console.HistoryRootType
18335:             1             24  com.intellij.execution.impl.ConsoleViewImpl$$Lambda/0x0000009805ef3038
18336:             1             24  com.intellij.execution.impl.ConsoleViewImpl$$Lambda/0x0000009805efda58
18337:             1             24  com.intellij.execution.impl.ConsoleViewImpl$EnterHandler
18338:             1             24  com.intellij.execution.impl.ConsoleViewImpl$PasteHandler
18339:             1             24  com.intellij.execution.impl.ConsoleViewImpl$TabHandler
18340:             1             24  com.intellij.execution.impl.ExecutionManagerImpl$$Lambda/0x0000009805ef41e8
18341:             1             24  com.intellij.execution.impl.ExecutionManagerImpl$Companion$EnvDataContextElement
18342:             1             24  com.intellij.execution.impl.IprRunManagerImpl
18343:             1             24  com.intellij.execution.impl.RunManagerImpl$onFirstLoadingFinished$2
18344:             1             24  com.intellij.execution.impl.RunningConfigurationEntry
18345:             1             24  com.intellij.execution.impl.TokenBuffer$TokenInfo
18346:             1             24  com.intellij.execution.impl.statistics.MacroNameValidationRule
18347:             1             24  com.intellij.execution.lineMarker.RunLineMarkerProvider$RunLineMarkerInfo$1
18348:             1             24  com.intellij.execution.process.CapturingProcessRunner
18349:             1             24  com.intellij.execution.process.ColoredOutputTypeRegistryImpl
18350:             1             24  com.intellij.execution.process.ProcessIOExecutorService$MyCountingThreadFactory
18351:             1             24  com.intellij.execution.process.ProcessTerminatedListener
18352:             1             24  com.intellij.execution.process.elevation.ElevationServiceImpl
18353:             1             24  com.intellij.execution.rmi.RemoteServer$1
18354:             1             24  com.intellij.execution.runToolbar.RunToolbarSettings
18355:             1             24  com.intellij.execution.runToolbar.data.RWActiveProcesses
18356:             1             24  com.intellij.execution.runToolbar.data.RWAddedController
18357:             1             24  com.intellij.execution.runToolbar.data.RWSlotController
18358:             1             24  com.intellij.execution.runToolbar.data.RWStateController
18359:             1             24  com.intellij.execution.startup.ProjectStartupTaskManager
18360:             1             24  com.intellij.execution.target.TargetEnvironmentsManager
18361:             1             24  com.intellij.execution.target.TargetEnvironmentsManager$TargetsList
18362:             1             24  com.intellij.execution.target.local.LocalTargetEnvironment$LocalVolume
18363:             1             24  com.intellij.execution.ui.RunConfigurationStartHistory
18364:             1             24  com.intellij.execution.ui.RunContentManagerImpl$$Lambda/0x0000009805eb4238
18365:             1             24  com.intellij.execution.ui.RunContentManagerImpl$$Lambda/0x0000009805ef46a0
18366:             1             24  com.intellij.execution.ui.RunContentManagerImpl$initToolWindow$1
18367:             1             24  com.intellij.execution.ui.RunContentManagerImpl$showRunContent$processAdapter$1$startNotified$3$1
18368:             1             24  com.intellij.execution.ui.RunStatusHistory
18369:             1             24  com.intellij.execution.ui.RunStatusHistory$RunElement
18370:             1             24  com.intellij.execution.ui.layout.impl.JBRunnerTabs$JBRunnerTabsBorder
18371:             1             24  com.intellij.execution.ui.layout.impl.RunnerContentUi$4
18372:             1             24  com.intellij.execution.ui.layout.impl.RunnerContentUi$MyDragOutDelegate
18373:             1             24  com.intellij.execution.ui.layout.impl.RunnerContentUi$TopToolbarContextActions
18374:             1             24  com.intellij.execution.ui.layout.impl.RunnerLayoutUiImpl
18375:             1             24  com.intellij.facet.ui.ValidationResult
18376:             1             24  com.intellij.featureStatistics.fusCollectors.WSLInstallationsCollector
18377:             1             24  com.intellij.find.findUsages.FindUsagesHandler$NullFindUsagesHandler
18378:             1             24  com.intellij.find.findUsages.FindUsagesManager
18379:             1             24  com.intellij.find.impl.FindResultImpl
18380:             1             24  com.intellij.fullLine.go.relevance.models.GoInlineFilterModelService
18381:             1             24  com.intellij.go.common.frontend.welcomeScreen.rightTab.features.GoWelcomeScreenDatabaseFeatureUI
18382:             1             24  com.intellij.go.common.frontend.welcomeScreen.rightTab.features.GoWelcomeScreenDockerFeatureUI
18383:             1             24  com.intellij.go.common.frontend.welcomeScreen.rightTab.features.GoWelcomeScreenHttpClientFeatureUI
18384:             1             24  com.intellij.go.common.frontend.welcomeScreen.rightTab.features.GoWelcomeScreenKubernetesFeatureUI
18385:             1             24  com.intellij.go.common.frontend.welcomeScreen.rightTab.features.GoWelcomeScreenPluginsFeatureUI
18386:             1             24  com.intellij.go.common.frontend.welcomeScreen.rightTab.features.GoWelcomeScreenTerminalFeatureUI
18387:             1             24  com.intellij.go.linter.GoLinterExternalAnnotator
18388:             1             24  com.intellij.go.linter.GoLinterSettings
18389:             1             24  com.intellij.go.linter.fmt.GoLinterFmtOnSaveSettings
18390:             1             24  com.intellij.go.welcomeScreen.database.GoDatabaseFeatureBackend
18391:             1             24  com.intellij.go.welcomeScreen.docker.GoDockerFeatureBackend
18392:             1             24  com.intellij.go.welcomeScreen.kubernetes.GoKubernetesFeatureBackend
18393:             1             24  com.intellij.go.welcomeScreen.terminal.GoTerminalFeatureBackend
18394:             1             24  com.intellij.grazie.GrazieConfig
18395:             1             24  com.intellij.grazie.GrazieConfig$Version$OLD_UI
18396:             1             24  com.intellij.grazie.cloud.license.EnterpriseState
18397:             1             24  com.intellij.grazie.cloud.license.GrazieLoginManager$$Lambda/0x0000009803e1e828
18398:             1             24  com.intellij.grazie.cloud.license.GrazieLoginState$Jba
18399:             1             24  com.intellij.grazie.config.CheckingContext
18400:             1             24  com.intellij.grazie.jlanguage.LazyCachingConcurrentDisambiguator
18401:             1             24  com.intellij.grazie.spellcheck.GrazieCheckers
18402:             1             24  com.intellij.grid.scripting.impl.DataLoaderManager$Associations
18403:             1             24  com.intellij.grid.scripting.impl.ScriptedTableFileEditorProvider
18404:             1             24  com.intellij.grid.scripting.impl.ScriptedTableFileEditorProvider$OpenDetectedTables$1
18405:             1             24  com.intellij.grid.scripting.impl.ScriptedTableFileEditorProvider$OpenDetectedTables$2
18406:             1             24  com.intellij.grid.scripting.impl.ScriptedTableFileEditorProvider$OpenDetectedTables$3
18407:             1             24  com.intellij.history.core.LocalHistoryFacade
18408:             1             24  com.intellij.history.core.LocalHistoryFacade$$Lambda/0x0000009802ab1ad0
18409:             1             24  com.intellij.history.core.LocalHistoryRecordsTable
18410:             1             24  com.intellij.history.integration.LocalHistoryEventDispatcher
18411:             1             24  com.intellij.html.embedding.HtmlRawTextElementType
18412:             1             24  com.intellij.htmltools.lang.annotation.HtmlNonExistentInternetResourcesAnnotator
18413:             1             24  com.intellij.htmltools.xml.util.HtmlUpdateImageSizeIntention
18414:             1             24  com.intellij.httpClient.http.request.HttpRequestFileType
18415:             1             24  com.intellij.httpClient.http.request.codeInsight.HttpClientCreateTokenIntention
18416:             1             24  com.intellij.httpClient.http.request.codeInsight.HttpClientForceCreateTokenIntention
18417:             1             24  com.intellij.httpClient.http.request.codeInsight.HttpClientSwitchEnvironmentIntention
18418:             1             24  com.intellij.httpClient.http.request.codeInsight.HttpRequestConvertToCurlIntention
18419:             1             24  com.intellij.httpClient.http.request.cookies.CookieStorageFileType
18420:             1             24  com.intellij.httpClient.http.request.environment.HttpClientSelectedEnvironments
18421:             1             24  com.intellij.httpClient.http.request.environment.liveTemplates.AuthGrantTypeFieldsMacro
18422:             1             24  com.intellij.httpClient.http.request.environment.liveTemplates.HttpRequestEnvironmentTemplateContextType$AuthObject
18423:             1             24  com.intellij.httpClient.http.request.environment.liveTemplates.HttpRequestEnvironmentTemplateContextType$Environment$All
18424:             1             24  com.intellij.httpClient.http.request.environment.liveTemplates.HttpRequestEnvironmentTemplateContextType$Environment$Private
18425:             1             24  com.intellij.httpClient.http.request.environment.liveTemplates.HttpRequestEnvironmentTemplateContextType$Environment$Public
18426:             1             24  com.intellij.httpClient.http.request.environment.liveTemplates.HttpRequestEnvironmentTemplateContextType$General
18427:             1             24  com.intellij.httpClient.http.request.environment.liveTemplates.HttpRequestEnvironmentTemplateContextType$ObjectForEnvironments
18428:             1             24  com.intellij.httpClient.http.request.environment.liveTemplates.JsonAddCommaMacro
18429:             1             24  com.intellij.httpClient.http.request.environment.liveTemplates.PropertyUniqueNameMacro
18430:             1             24  com.intellij.httpClient.http.request.liveTemplates.HttpRequestAuthHeaderTemplateContextType
18431:             1             24  com.intellij.httpClient.http.request.liveTemplates.HttpRequestBodyTemplateContextType
18432:             1             24  com.intellij.httpClient.http.request.liveTemplates.HttpRequestHeaderTemplateContextType
18433:             1             24  com.intellij.httpClient.http.request.liveTemplates.HttpRequestTemplateContextType
18434:             1             24  com.intellij.httpClient.http.request.run.HttpRequestHistoryManager
18435:             1             24  com.intellij.httpClient.http.request.run.HttpRequestRunAnythingProvider
18436:             1             24  com.intellij.httpClient.http.request.run.console.single.actions.HtmlPreviewFileEditorProvider
18437:             1             24  com.intellij.httpClient.http.request.run.v2.HttpRequestRunLineMarkerV2LafListener$Tracker
18438:             1             24  com.intellij.httpClient.js.http.request.language.HttpClientSysEnvironmentHandler
18439:             1             24  com.intellij.httpClient.jsonPath.HttpRequestRainbowVisitor
18440:             1             24  com.intellij.ide.ActivityTracker
18441:             1             24  com.intellij.ide.CommandLineWaitingManager
18442:             1             24  com.intellij.ide.GeneralSettings
18443:             1             24  com.intellij.ide.HelpTooltip$Alignment$1
18444:             1             24  com.intellij.ide.HelpTooltip$Alignment$2
18445:             1             24  com.intellij.ide.HelpTooltip$Alignment$3
18446:             1             24  com.intellij.ide.HelpTooltip$Alignment$4
18447:             1             24  com.intellij.ide.HelpTooltip$Alignment$5
18448:             1             24  com.intellij.ide.IdeEventQueue$$Lambda/0x0000009802461958
18449:             1             24  com.intellij.ide.IdeEventQueue$$Lambda/0x0000009802532c20
18450:             1             24  com.intellij.ide.IdeEventQueue$$Lambda/0x00000098031cc490
18451:             1             24  com.intellij.ide.IdeEventQueue$$Lambda/0x0000009804f90700
18452:             1             24  com.intellij.ide.IdePopupManager
18453:             1             24  com.intellij.ide.NativeIconProvider
18454:             1             24  com.intellij.ide.ProjectColorInfo
18455:             1             24  com.intellij.ide.ProjectColorInfoManager
18456:             1             24  com.intellij.ide.ProjectWidgetGradientLocationService
18457:             1             24  com.intellij.ide.ProjectWindowCustomizerIconCache
18458:             1             24  com.intellij.ide.PsiCopyPasteManager
18459:             1             24  com.intellij.ide.SaveAndSyncHandler$SaveTask
18460:             1             24  com.intellij.ide.TypePresentationServiceImpl
18461:             1             24  com.intellij.ide.UiActivityMonitorImpl
18462:             1             24  com.intellij.ide.WindowsAltSuppressor
18463:             1             24  com.intellij.ide.actions.NamedLayoutListBasedCache$CachedData
18464:             1             24  com.intellij.ide.actions.cache.Saul
18465:             1             24  com.intellij.ide.bookmark.actions.NextBookmarkService
18466:             1             24  com.intellij.ide.bookmark.providers.LineBookmarkProvider
18467:             1             24  com.intellij.ide.bookmarks.BookmarkManager$$Lambda/0x00000098042ce4d8
18468:             1             24  com.intellij.ide.bootstrap.InitAppContext
18469:             1             24  com.intellij.ide.browsers.firefox.FirefoxSettings
18470:             1             24  com.intellij.ide.dnd.aware.DnDAwareTree$1
18471:             1             24  com.intellij.ide.extensionResources.ExtensionsRootType
18472:             1             24  com.intellij.ide.favoritesTreeView.FavoritesViewSettings
18473:             1             24  com.intellij.ide.fileTemplates.impl.FileTemplateManagerImpl$1
18474:             1             24  com.intellij.ide.fileTemplates.impl.FileTemplatesLoaderKt$$Lambda/0x0000009804c8bc78
18475:             1             24  com.intellij.ide.fileTemplates.impl.LoadedConfiguration
18476:             1             24  com.intellij.ide.gdpr.ConsentOptionsProviderImpl
18477:             1             24  com.intellij.ide.highlighter.DTDFileType
18478:             1             24  com.intellij.ide.highlighter.HtmlFileType
18479:             1             24  com.intellij.ide.highlighter.XHtmlFileType
18480:             1             24  com.intellij.ide.highlighter.XmlFileType
18481:             1             24  com.intellij.ide.highlighter.custom.impl.CustomFileTypeBraceMatcher$1
18482:             1             24  com.intellij.ide.impl.ContentManagerWatcher$1
18483:             1             24  com.intellij.ide.impl.TrustedPaths
18484:             1             24  com.intellij.ide.impl.TrustedPaths$State
18485:             1             24  com.intellij.ide.impl.ui.ProductIconsImpl
18486:             1             24  com.intellij.ide.lightEdit.LightEditorManagerImpl
18487:             1             24  com.intellij.ide.passwordSafe.impl.PasswordSafeImpl
18488:             1             24  com.intellij.ide.plugins.ModulesWithDependencies
18489:             1             24  com.intellij.ide.plugins.PluginCardOverrides$PluginCardInfo
18490:             1             24  com.intellij.ide.plugins.PluginFeatureService
18491:             1             24  com.intellij.ide.plugins.PluginXmlPathResolver
18492:             1             24  com.intellij.ide.plugins.auth.EnvironmentVariablePluginRepositoryAuthProvider
18493:             1             24  com.intellij.ide.plugins.newui.PluginUpdatesService
18494:             1             24  com.intellij.ide.projectView.ViewSettings$Immutable
18495:             1             24  com.intellij.ide.projectView.impl.AbstractProjectViewPane$4
18496:             1             24  com.intellij.ide.projectView.impl.AbstractProjectViewPaneWithAsyncSupport$2
18497:             1             24  com.intellij.ide.projectView.impl.AsyncProjectViewSupport$$Lambda/0x0000009804324ad8
18498:             1             24  com.intellij.ide.projectView.impl.FileNestingBuilder
18499:             1             24  com.intellij.ide.projectView.impl.GroupByTypeComparator
18500:             1             24  com.intellij.ide.projectView.impl.ProjectViewFileNestingService
18501:             1             24  com.intellij.ide.projectView.impl.ProjectViewImpl$ProjectViewInitReporter
18502:             1             24  com.intellij.ide.projectView.impl.ProjectViewPaneSupportService
18503:             1             24  com.intellij.ide.projectView.impl.nodes.ProjectViewDirectoryHelper
18504:             1             24  com.intellij.ide.projectWizard.NewProjectWizardCollector$GeneratorEventField
18505:             1             24  com.intellij.ide.scopeView.ScopeViewPane$1
18506:             1             24  com.intellij.ide.scratch.ScratchFileServiceImpl
18507:             1             24  com.intellij.ide.scratch.ScratchFileServiceImpl$1
18508:             1             24  com.intellij.ide.scratch.ScratchFileServiceImpl$MyLanguages
18509:             1             24  com.intellij.ide.scratch.ScratchRootType
18510:             1             24  com.intellij.ide.scratch.ScratchTreeStructureProvider$1
18511:             1             24  com.intellij.ide.scratch.ScratchesSearchScope
18512:             1             24  com.intellij.ide.scratch.workspace.ScratchWorkspaceStartupActivity$execute$2$$Lambda/0x00000098036189e0
18513:             1             24  com.intellij.ide.scratch.workspace.impl.MetadataStorageImpl
18514:             1             24  com.intellij.ide.script.IdeConsoleRootType
18515:             1             24  com.intellij.ide.settings.json.JsonSettingsModel
18516:             1             24  com.intellij.ide.startup.importSettings.fus.KnownPluginValidationRule
18517:             1             24  com.intellij.ide.startup.importSettings.fus.KnownPluginValidationRule$1
18518:             1             24  com.intellij.ide.ui.IconDbMaintainer
18519:             1             24  com.intellij.ide.ui.LafFlowService
18520:             1             24  com.intellij.ide.ui.NewThemeCheckboxPatcher
18521:             1             24  com.intellij.ide.ui.customization.CustomActionsSchema$$Lambda/0x00000098025c4230
18522:             1             24  com.intellij.ide.ui.html.GlobalStyleSheetUpdateService
18523:             1             24  com.intellij.ide.ui.laf.DefaultMenuArrowIcon
18524:             1             24  com.intellij.ide.ui.laf.LafDynamicPluginManager$createUiThemeEpListener$1
18525:             1             24  com.intellij.ide.ui.laf.MacOSDetector
18526:             1             24  com.intellij.ide.ui.laf.OurPopupFactory
18527:             1             24  com.intellij.ide.ui.laf.RepaintMnemonicRequest
18528:             1             24  com.intellij.ide.ui.laf.darcula.DarculaUIUtil$Outline$1
18529:             1             24  com.intellij.ide.ui.laf.darcula.DarculaUIUtil$Outline$2
18530:             1             24  com.intellij.ide.ui.laf.darcula.DarculaUIUtil$Outline$3
18531:             1             24  com.intellij.ide.ui.laf.darcula.DarculaUIUtil$Outline$4
18532:             1             24  com.intellij.ide.ui.laf.darcula.ui.DarculaSeparatorUI
18533:             1             24  com.intellij.ide.util.AppPropertyService
18534:             1             24  com.intellij.ide.util.TipsFeedback
18535:             1             24  com.intellij.ide.util.treeView.NodeOptions$Immutable
18536:             1             24  com.intellij.ide.v.D.C
18537:             1             24  com.intellij.ide.v.R.TB
18538:             1             24  com.intellij.ide.v.R.TQ$$Lambda/0x00000098030114e0
18539:             1             24  com.intellij.ide.v.R.TQ$$Lambda/0x0000009803011738
18540:             1             24  com.intellij.ide.v.R.TT
18541:             1             24  com.intellij.ide.v.R.vu
18542:             1             24  com.intellij.ide.v.R.w
18543:             1             24  com.intellij.indexing.shared.download.SharedIndexDownloadExecutor
18544:             1             24  com.intellij.indexing.shared.download.SharedIndexDownloadHistoryStore
18545:             1             24  com.intellij.indexing.shared.download.SharedIndexDownloadService
18546:             1             24  com.intellij.indexing.shared.download.SharedIndexProjectRootsRefreshQueue
18547:             1             24  com.intellij.indexing.shared.platform.impl.AttrBasedFileContentHashForwardIndexWithSLRUCache$ReindexCountFile
18548:             1             24  com.intellij.indexing.shared.platform.impl.ExcludedChunkList
18549:             1             24  com.intellij.indexing.shared.platform.impl.MemBasedSharedIndexStorage
18550:             1             24  com.intellij.indexing.shared.ultimate.git.SharedIndexGitBackedHashProvider
18551:             1             24  com.intellij.internal.statistic.collectors.fus.PluginInfoValidationRule
18552:             1             24  com.intellij.internal.statistic.collectors.fus.TypingEventsLogger$TypingLatencyReporter
18553:             1             24  com.intellij.internal.statistic.collectors.fus.fileTypes.FileExtensionValidationRule
18554:             1             24  com.intellij.internal.statistic.collectors.fus.fileTypes.ProjectState
18555:             1             24  com.intellij.internal.statistic.collectors.fus.fileTypes.ProjectStateObserver
18556:             1             24  com.intellij.internal.statistic.collectors.fus.project.IntelliJProjectUsageCollector
18557:             1             24  com.intellij.internal.statistic.collectors.fus.settings.SystemPropertiesFileCollector
18558:             1             24  com.intellij.internal.statistic.collectors.fus.ui.BalloonUsageCollector$BalloonIdField
18559:             1             24  com.intellij.internal.statistic.collectors.fus.ui.DialogsCounterUsagesCollector$EXIT_CODE$1
18560:             1             24  com.intellij.internal.statistic.collectors.fus.ui.UiInfoUsageCollectorKt$SCREEN_RESOLUTION_FIELD$1
18561:             1             24  com.intellij.internal.statistic.eventLog.EventLogListenersManager
18562:             1             24  com.intellij.internal.statistic.eventLog.QodanaEventsData
18563:             1             24  com.intellij.internal.statistic.eventLog.StatisticsEventLogProvidersHolder
18564:             1             24  com.intellij.internal.statistic.eventLog.connection.metadata.StatsProxyInfo
18565:             1             24  com.intellij.internal.statistic.eventLog.events.AnonymizedListEventField
18566:             1             24  com.intellij.internal.statistic.eventLog.events.EventFields$ActionPlace$1
18567:             1             24  com.intellij.internal.statistic.eventLog.events.EventFields$AnonymizedId$1
18568:             1             24  com.intellij.internal.statistic.eventLog.events.EventFields$AnonymizedPath$1
18569:             1             24  com.intellij.internal.statistic.eventLog.events.EventFields$CodeWithMeClientId$1
18570:             1             24  com.intellij.internal.statistic.eventLog.events.EventFields$CurrentFile$1
18571:             1             24  com.intellij.internal.statistic.eventLog.events.EventFields$FileType$1
18572:             1             24  com.intellij.internal.statistic.eventLog.events.EventFields$IdeActivityIdField$1
18573:             1             24  com.intellij.internal.statistic.eventLog.events.EventFields$InputEvent$1
18574:             1             24  com.intellij.internal.statistic.eventLog.events.EventFields$InputEventByAnAction$1
18575:             1             24  com.intellij.internal.statistic.eventLog.events.EventFields$InputEventByKeyEvent$1
18576:             1             24  com.intellij.internal.statistic.eventLog.events.EventFields$InputEventByMouseEvent$1
18577:             1             24  com.intellij.internal.statistic.eventLog.events.EventFields$Language$1
18578:             1             24  com.intellij.internal.statistic.eventLog.events.EventFields$LanguageById$1
18579:             1             24  com.intellij.internal.statistic.eventLog.events.EventFields$Version$1
18580:             1             24  com.intellij.internal.statistic.eventLog.events.EventFields$VersionByObject$1
18581:             1             24  com.intellij.internal.statistic.eventLog.events.FloatListEventField
18582:             1             24  com.intellij.internal.statistic.eventLog.validator.rules.beans.DataValidationRules
18583:             1             24  com.intellij.internal.statistic.eventLog.validator.rules.impl.TestModeValidationRule
18584:             1             24  com.intellij.internal.statistic.service.fus.collectors.ProjectFUStateUsagesLogger
18585:             1             24  com.intellij.internal.statistic.updater.StatisticsJobsScheduler$execute$2$1
18586:             1             24  com.intellij.java.workspace.entities.impl.MetadataStorageImpl
18587:             1             24  com.intellij.javascript.debugger.breakpoints.JavaScriptExceptionBreakpointType
18588:             1             24  com.intellij.javascript.debugger.common.rpc.messaging.ClientCommunicator
18589:             1             24  com.intellij.javascript.debugger.sourcemap.SourceMapFileType
18590:             1             24  com.intellij.javascript.jest.JestPackage$createDescriptor$1
18591:             1             24  com.intellij.javascript.microservices.HttpClientIndexingHandler
18592:             1             24  com.intellij.javascript.microservices.JSUrlParameterIndexingHandler
18593:             1             24  com.intellij.javascript.microservices.express.ExpressFrameworkHandler
18594:             1             24  com.intellij.javascript.microservices.nestjs.NestJSIndexingHandler
18595:             1             24  com.intellij.javascript.nodejs.NodeItemsStorage
18596:             1             24  com.intellij.javascript.nodejs.NodePackagesUsagesCollector
18597:             1             24  com.intellij.javascript.nodejs.NodePackagesValidationRule
18598:             1             24  com.intellij.javascript.nodejs.codeInsight.NodeFrameworkIndexingHandler
18599:             1             24  com.intellij.javascript.nodejs.interpreter.fus.NodeInterpreterTypeValidator
18600:             1             24  com.intellij.javascript.nodejs.interpreter.local.NodeJsLocalInterpreterManager$1
18601:             1             24  com.intellij.javascript.nodejs.npm.WorkingDirectoryDependentNpmPackageVersionManager$InputData
18602:             1             24  com.intellij.javascript.nodejs.npm.registry.CustomNpmRegistryService$Registry
18603:             1             24  com.intellij.javascript.nodejs.npm.registry.NpmRegistryServiceImpl
18604:             1             24  com.intellij.javascript.nodejs.npm.registry.PublicNpmRegistryServiceImpl
18605:             1             24  com.intellij.javascript.testFramework.JsTestFileIndexingHandler
18606:             1             24  com.intellij.javascript.testFramework.interfaces.mochaTdd.MochaTddFileStructureBuilder
18607:             1             24  com.intellij.javascript.testFramework.jasmine.JasmineFileStructureBuilder
18608:             1             24  com.intellij.javascript.testFramework.qunit.QUnitFileStructureBuilder
18609:             1             24  com.intellij.javascript.testing.JSTestFileIndexingHandler
18610:             1             24  com.intellij.javascript.testing.detection.JsTestFileIndexData
18611:             1             24  com.intellij.javascript.testing.snapshot.JSTestingSnapshotFileType
18612:             1             24  com.intellij.jps.impl.JpsIdePluginManagerImpl
18613:             1             24  com.intellij.jps.impl.JpsIdePluginManagerImpl$1
18614:             1             24  com.intellij.json.JsonFileElementTypesKt$JSON5_FILE$1
18615:             1             24  com.intellij.json.JsonFileElementTypesKt$JSON_FILE$1
18616:             1             24  com.intellij.json.JsonFileElementTypesKt$JSON_LINES_FILE$1
18617:             1             24  com.intellij.json.JsonFileType
18618:             1             24  com.intellij.json.highlighting.JsonRainbowVisitor
18619:             1             24  com.intellij.json.intentions.JsonSortPropertiesIntention
18620:             1             24  com.intellij.json.json5.Json5FileType
18621:             1             24  com.intellij.json.jsonLines.JsonLinesFileType
18622:             1             24  com.intellij.json.liveTemplates.JsonInLiteralsContextType
18623:             1             24  com.intellij.json.liveTemplates.JsonInPropertyKeysContextType
18624:             1             24  com.intellij.kubernetes.KubernetesApplicationMetricsCollector
18625:             1             24  com.intellij.kubernetes.KubernetesContextType
18626:             1             24  com.intellij.kubernetes.api.KubernetesApiProviderInterface$KubeconfigState
18627:             1             24  com.intellij.kubernetes.editor.floatingToolbar.KubernetesFloatingToolbarSettingsBackend
18628:             1             24  com.intellij.kubernetes.fileTypes.KYamlFileType
18629:             1             24  com.intellij.kubernetes.helm.ChartsModificationListener
18630:             1             24  com.intellij.kubernetes.helm.chart.ChartManager
18631:             1             24  com.intellij.kubernetes.helm.gotpl.HelmLiveTemplateContextType
18632:             1             24  com.intellij.kubernetes.helm.gotpl.werf.WerfYamlFileType
18633:             1             24  com.intellij.kubernetes.helm.model.HelmResolver
18634:             1             24  com.intellij.kubernetes.helm.werf.WerfChartSupport
18635:             1             24  com.intellij.kubernetes.helmfile.HelmfileFileType
18636:             1             24  com.intellij.kubernetes.splitApi.FrontendKubernetesSynchronizedStateMap$1$1
18637:             1             24  com.intellij.kubernetes.splitApi.KubernetesClientContextStateKt$observeKubernetesContextChanges$1$1
18638:             1             24  com.intellij.kubernetes.telepresence.HelmInstallFilter
18639:             1             24  com.intellij.kubernetes.telepresence.HelmUpgradeFilter
18640:             1             24  com.intellij.kubernetes.ui.intentions.MarkAsNonK8sFileModCommandAction
18641:             1             24  com.intellij.kubernetes.view.nodes.KubernetesServiceViewContributor$KubernetesServiceViewDescriptor
18642:             1             24  com.intellij.kubernetes.view.scratch.KubernetesRootType
18643:             1             24  com.intellij.lang.LocalizationStateServiceImpl
18644:             1             24  com.intellij.lang.actionscript.types.ActionScriptFunctionElementType
18645:             1             24  com.intellij.lang.actionscript.types.ActionScriptFunctionExpressionElementType
18646:             1             24  com.intellij.lang.actionscript.types.ActionScriptParameterElementType
18647:             1             24  com.intellij.lang.actionscript.types.ActionScriptVariableElementType
18648:             1             24  com.intellij.lang.documentation.DocumentationSettings$InlineCodeHighlightingMode$1
18649:             1             24  com.intellij.lang.documentation.DocumentationSettings$InlineCodeHighlightingMode$2
18650:             1             24  com.intellij.lang.documentation.DocumentationSettings$InlineCodeHighlightingMode$3
18651:             1             24  com.intellij.lang.ecmascript6.types.ES6ClassElementType
18652:             1             24  com.intellij.lang.ecmascript6.types.ES6ClassExpressionElementType
18653:             1             24  com.intellij.lang.ecmascript6.types.ES6ComputedNameElementType
18654:             1             24  com.intellij.lang.ecmascript6.types.ES6ExportDeclarationElementType
18655:             1             24  com.intellij.lang.ecmascript6.types.ES6ExportDefaultAssignmentElementType
18656:             1             24  com.intellij.lang.ecmascript6.types.ES6ExportSpecifierAliasElementType
18657:             1             24  com.intellij.lang.ecmascript6.types.ES6ExportSpecifierElementType
18658:             1             24  com.intellij.lang.ecmascript6.types.ES6ExportedDefaultBindingElementType
18659:             1             24  com.intellij.lang.ecmascript6.types.ES6FieldElementType
18660:             1             24  com.intellij.lang.ecmascript6.types.ES6FromClauseElementType
18661:             1             24  com.intellij.lang.ecmascript6.types.ES6ImportCallElementType
18662:             1             24  com.intellij.lang.ecmascript6.types.ES6ImportDeclarationElementType
18663:             1             24  com.intellij.lang.ecmascript6.types.ES6ImportSpecifierAliasElementType
18664:             1             24  com.intellij.lang.ecmascript6.types.ES6ImportSpecifierElementType
18665:             1             24  com.intellij.lang.ecmascript6.types.ES6ImportedBindingElementType
18666:             1             24  com.intellij.lang.ecmascript6.types.ES6NamedImportsElementType
18667:             1             24  com.intellij.lang.ecmascript6.types.ES6NamespaceExportElementType
18668:             1             24  com.intellij.lang.ecmascript6.types.ES6ReferenceListElementType
18669:             1             24  com.intellij.lang.html.HtmlCompatibleMetaLanguage$HtmlCompatibleLanguageEP
18670:             1             24  com.intellij.lang.javascript.ActionScriptFileType
18671:             1             24  com.intellij.lang.javascript.FlowJSFileType
18672:             1             24  com.intellij.lang.javascript.JSDestructuringArrayRestElementType
18673:             1             24  com.intellij.lang.javascript.JSElementTypesImpl$EMBEDDED_EXPRESSION$1
18674:             1             24  com.intellij.lang.javascript.JSElementTypesKt$jsElementTypes$2$1
18675:             1             24  com.intellij.lang.javascript.JSEqualElementType
18676:             1             24  com.intellij.lang.javascript.JSPsiGeneratorElementType
18677:             1             24  com.intellij.lang.javascript.JSStatementContextType
18678:             1             24  com.intellij.lang.javascript.JSXFileType
18679:             1             24  com.intellij.lang.javascript.JavaScriptCodeContextType
18680:             1             24  com.intellij.lang.javascript.JavaScriptFileType
18681:             1             24  com.intellij.lang.javascript.TypeScriptFileType
18682:             1             24  com.intellij.lang.javascript.TypeScriptJSXFileType
18683:             1             24  com.intellij.lang.javascript.buildTools.base.JsbtFileManager$2
18684:             1             24  com.intellij.lang.javascript.buildTools.gulp.GulpfileManager$ManagerState
18685:             1             24  com.intellij.lang.javascript.formatter.JSCodeStyleSettings$BooleanWithGlobalOption$1
18686:             1             24  com.intellij.lang.javascript.formatter.JSCodeStyleSettings$BooleanWithGlobalOption$2
18687:             1             24  com.intellij.lang.javascript.formatter.JSCodeStyleSettings$BooleanWithGlobalOption$3
18688:             1             24  com.intellij.lang.javascript.frameworks.amd.JSAmdIndexingHandler
18689:             1             24  com.intellij.lang.javascript.frameworks.backbone.BackboneJSIndexingHandler
18690:             1             24  com.intellij.lang.javascript.frameworks.dojo.DojoFrameworkIndexingHandler
18691:             1             24  com.intellij.lang.javascript.frameworks.extjs.Ext4FrameworkHandler
18692:             1             24  com.intellij.lang.javascript.frameworks.gcl.JSGclIndexingHandler
18693:             1             24  com.intellij.lang.javascript.frameworks.jquery.JQueryFrameworkIndexingHandler
18694:             1             24  com.intellij.lang.javascript.frameworks.jsx.JSXHighlightVisitor
18695:             1             24  com.intellij.lang.javascript.frameworks.jsx.JSXHtmlContextType
18696:             1             24  com.intellij.lang.javascript.frameworks.modules.JSRequireFrameworkIndexHandler
18697:             1             24  com.intellij.lang.javascript.frameworks.mootools.MooToolsIndexingHandler
18698:             1             24  com.intellij.lang.javascript.frameworks.qxdoo.QxDooFrameworkHandler
18699:             1             24  com.intellij.lang.javascript.frameworks.systemjs.SystemJSIndexingHandler
18700:             1             24  com.intellij.lang.javascript.highlighting.JSRainbowVisitor
18701:             1             24  com.intellij.lang.javascript.highlighting.JSSemanticHighlightVisitor
18702:             1             24  com.intellij.lang.javascript.index.FrameworkIndexingHandlers
18703:             1             24  com.intellij.lang.javascript.index.JSGeneralCasesHandler
18704:             1             24  com.intellij.lang.javascript.index.JSPackageIndex
18705:             1             24  com.intellij.lang.javascript.index.JSStringLiteralWordsIndex
18706:             1             24  com.intellij.lang.javascript.index.flags.EnumSetStructureElement
18707:             1             24  com.intellij.lang.javascript.inspections.JSReplaceForEachWithForOfIntention
18708:             1             24  com.intellij.lang.javascript.inspections.JSReplaceForEachWithIndexedIntention
18709:             1             24  com.intellij.lang.javascript.inspections.UnterminatedStatementJSInspectionSettingsListener$execute$2
18710:             1             24  com.intellij.lang.javascript.intentions.JSConvertParametersToObjectAndIntroduceInterfaceIntention
18711:             1             24  com.intellij.lang.javascript.intentions.JSFunctionToES6ClassIntention
18712:             1             24  com.intellij.lang.javascript.intentions.JSInferParametersIntention
18713:             1             24  com.intellij.lang.javascript.intentions.JSInitializeFieldsIntention
18714:             1             24  com.intellij.lang.javascript.intentions.JSIntroduceParameterPropertiesIntention
18715:             1             24  com.intellij.lang.javascript.intentions.JSIntroduceVariableIntention
18716:             1             24  com.intellij.lang.javascript.intentions.JSIterateIntention
18717:             1             24  com.intellij.lang.javascript.intentions.JSSeparateDigitsIntention
18718:             1             24  com.intellij.lang.javascript.intentions.destructuring.JSDestructuringToReferencesAndIndexersIntention
18719:             1             24  com.intellij.lang.javascript.intentions.destructuring.JSGenerateDestructuringPatternIntention
18720:             1             24  com.intellij.lang.javascript.intentions.destructuring.JSPropagateToDestructuringIntention
18721:             1             24  com.intellij.lang.javascript.intentions.destructuring.JSSubsequentIndexingToDestructuringIntention
18722:             1             24  com.intellij.lang.javascript.intentions.destructuring.JSSubsequentPromiseAwaitToPromiseAllDestructuringIntention
18723:             1             24  com.intellij.lang.javascript.intentions.destructuring.JSSubsequentPropertyAccessToDestructuringIntention
18724:             1             24  com.intellij.lang.javascript.intentions.nullPropagation.JSNullPropagationIntention
18725:             1             24  com.intellij.lang.javascript.linter.ExtendedLinterState
18726:             1             24  com.intellij.lang.javascript.linter.JSLinterGuesserService
18727:             1             24  com.intellij.lang.javascript.linter.jshint.config.JSHintConfigFileType
18728:             1             24  com.intellij.lang.javascript.liveTemplates.JSDotPropertyAccessContextType
18729:             1             24  com.intellij.lang.javascript.liveTemplates.javascript.JSClassContextType
18730:             1             24  com.intellij.lang.javascript.liveTemplates.javascript.JSClassMemberExpressionContextType
18731:             1             24  com.intellij.lang.javascript.liveTemplates.javascript.JSClassMemberStatementContextType
18732:             1             24  com.intellij.lang.javascript.liveTemplates.javascript.JSExpressionContextType
18733:             1             24  com.intellij.lang.javascript.liveTemplates.javascript.JSTopLevelStatementContextType
18734:             1             24  com.intellij.lang.javascript.liveTemplates.typescript.TSClassContextType
18735:             1             24  com.intellij.lang.javascript.liveTemplates.typescript.TSClassMemberExpressionContextType
18736:             1             24  com.intellij.lang.javascript.liveTemplates.typescript.TSClassMemberStatementContextType
18737:             1             24  com.intellij.lang.javascript.liveTemplates.typescript.TSDotPropertyAccessContextType
18738:             1             24  com.intellij.lang.javascript.liveTemplates.typescript.TSExpressionContextType
18739:             1             24  com.intellij.lang.javascript.liveTemplates.typescript.TSStatementContextType
18740:             1             24  com.intellij.lang.javascript.liveTemplates.typescript.TSXHtmlContextType
18741:             1             24  com.intellij.lang.javascript.liveTemplates.typescript.TypeScriptTemplateContextType
18742:             1             24  com.intellij.lang.javascript.liveTemplates.typescript.TypeScriptTopLevelStatementContextType
18743:             1             24  com.intellij.lang.javascript.modules.diagram.JSModulesDiagramProvider
18744:             1             24  com.intellij.lang.javascript.modules.remote.JSRemoteModulesRegistry
18745:             1             24  com.intellij.lang.javascript.psi.JSExpectedTypeKind$1
18746:             1             24  com.intellij.lang.javascript.psi.JSExpectedTypeKind$10
18747:             1             24  com.intellij.lang.javascript.psi.JSExpectedTypeKind$2
18748:             1             24  com.intellij.lang.javascript.psi.JSExpectedTypeKind$3
18749:             1             24  com.intellij.lang.javascript.psi.JSExpectedTypeKind$4
18750:             1             24  com.intellij.lang.javascript.psi.JSExpectedTypeKind$5
18751:             1             24  com.intellij.lang.javascript.psi.JSExpectedTypeKind$6
18752:             1             24  com.intellij.lang.javascript.psi.JSExpectedTypeKind$7
18753:             1             24  com.intellij.lang.javascript.psi.JSExpectedTypeKind$8
18754:             1             24  com.intellij.lang.javascript.psi.JSExpectedTypeKind$9
18755:             1             24  com.intellij.lang.javascript.psi.literal.JSLiteralImplicitElementProvidersRegistry
18756:             1             24  com.intellij.lang.javascript.scratch.JSScratchFileInfoProvider$Provider$1
18757:             1             24  com.intellij.lang.javascript.settings.JSRootConfigurationBase
18758:             1             24  com.intellij.lang.javascript.template.postfix.JSPostfixTemplateUtils$1
18759:             1             24  com.intellij.lang.javascript.types.ActionScriptAttributeListElementType
18760:             1             24  com.intellij.lang.javascript.types.ActionScriptClassElementType
18761:             1             24  com.intellij.lang.javascript.types.ES6DecoratorDeclarationElementType
18762:             1             24  com.intellij.lang.javascript.types.ES6DecoratorElementType
18763:             1             24  com.intellij.lang.javascript.types.ES6FieldStatementElementType
18764:             1             24  com.intellij.lang.javascript.types.FlowJSClassElementType
18765:             1             24  com.intellij.lang.javascript.types.FlowJSClassExpressionElementType
18766:             1             24  com.intellij.lang.javascript.types.FlowJSDeclareExportDeclarationElementType
18767:             1             24  com.intellij.lang.javascript.types.FlowJSFunctionElementType
18768:             1             24  com.intellij.lang.javascript.types.FlowJSFunctionExpressionElementType
18769:             1             24  com.intellij.lang.javascript.types.FlowJSFunctionSignatureElementType
18770:             1             24  com.intellij.lang.javascript.types.FlowJSFunctionTypeElementType
18771:             1             24  com.intellij.lang.javascript.types.FlowJSMaybeTypeElementType
18772:             1             24  com.intellij.lang.javascript.types.FlowJSModuleElementType
18773:             1             24  com.intellij.lang.javascript.types.FlowJSTypeCastElementType
18774:             1             24  com.intellij.lang.javascript.types.JSArrayLiteralExpressionElementType
18775:             1             24  com.intellij.lang.javascript.types.JSAssignmentExpressionElementType
18776:             1             24  com.intellij.lang.javascript.types.JSAttributeElementType
18777:             1             24  com.intellij.lang.javascript.types.JSAttributeListElementType
18778:             1             24  com.intellij.lang.javascript.types.JSAttributeNameValuePairType
18779:             1             24  com.intellij.lang.javascript.types.JSBlockStatementEagerElementType
18780:             1             24  com.intellij.lang.javascript.types.JSCallExpressionElementType
18781:             1             24  com.intellij.lang.javascript.types.JSCaseClauseElementType
18782:             1             24  com.intellij.lang.javascript.types.JSDefinitionExpressionElementType
18783:             1             24  com.intellij.lang.javascript.types.JSDestructuringArrayElementType
18784:             1             24  com.intellij.lang.javascript.types.JSDestructuringElementElementType
18785:             1             24  com.intellij.lang.javascript.types.JSDestructuringObjectElementType
18786:             1             24  com.intellij.lang.javascript.types.JSDestructuringParameterElementType
18787:             1             24  com.intellij.lang.javascript.types.JSDestructuringPropertyElementType
18788:             1             24  com.intellij.lang.javascript.types.JSDestructuringShorthandedPropertyElementType
18789:             1             24  com.intellij.lang.javascript.types.JSDocCommentElementType
18790:             1             24  com.intellij.lang.javascript.types.JSEmbeddedExpressionElementType
18791:             1             24  com.intellij.lang.javascript.types.JSEmptyExpressionElementType
18792:             1             24  com.intellij.lang.javascript.types.JSFunctionElementType
18793:             1             24  com.intellij.lang.javascript.types.JSFunctionExpressionElementType
18794:             1             24  com.intellij.lang.javascript.types.JSFunctionPropertyElementTypeImpl
18795:             1             24  com.intellij.lang.javascript.types.JSImportStatementElementType
18796:             1             24  com.intellij.lang.javascript.types.JSIncludeDirectiveElementType
18797:             1             24  com.intellij.lang.javascript.types.JSLiteralExpressionElementTypeImpl
18798:             1             24  com.intellij.lang.javascript.types.JSNamespaceDeclarationElementType
18799:             1             24  com.intellij.lang.javascript.types.JSNewExpressionElementType
18800:             1             24  com.intellij.lang.javascript.types.JSObjectLiteralExpressionElementType
18801:             1             24  com.intellij.lang.javascript.types.JSPackageStatementElementType
18802:             1             24  com.intellij.lang.javascript.types.JSParameterElementType
18803:             1             24  com.intellij.lang.javascript.types.JSParameterListElementType
18804:             1             24  com.intellij.lang.javascript.types.JSPropertyElementTypeImpl
18805:             1             24  com.intellij.lang.javascript.types.JSReferenceListMemberElementType
18806:             1             24  com.intellij.lang.javascript.types.JSReturnStatementElementType
18807:             1             24  com.intellij.lang.javascript.types.JSSpreadExpressionElementType
18808:             1             24  com.intellij.lang.javascript.types.JSStaticBlockElementType
18809:             1             24  com.intellij.lang.javascript.types.JSStringTemplateExpressionElementType
18810:             1             24  com.intellij.lang.javascript.types.JSTagGenericArgumentsElementType
18811:             1             24  com.intellij.lang.javascript.types.JSUseNamespaceDirectiveType
18812:             1             24  com.intellij.lang.javascript.types.JSVarStatementElementType
18813:             1             24  com.intellij.lang.javascript.types.JSVariableElementType
18814:             1             24  com.intellij.lang.javascript.types.JSXmlAttributeElementType
18815:             1             24  com.intellij.lang.javascript.types.TsxTagTypeArgumentListElementType
18816:             1             24  com.intellij.lang.javascript.types.TypeScriptArrayTypeElementType
18817:             1             24  com.intellij.lang.javascript.types.TypeScriptAsExpressionElementType
18818:             1             24  com.intellij.lang.javascript.types.TypeScriptAwaitedTypeElementType
18819:             1             24  com.intellij.lang.javascript.types.TypeScriptBooleanLiteralTypeElementType
18820:             1             24  com.intellij.lang.javascript.types.TypeScriptCallSignatureElementType
18821:             1             24  com.intellij.lang.javascript.types.TypeScriptClassElementType
18822:             1             24  com.intellij.lang.javascript.types.TypeScriptClassExpressionElementType
18823:             1             24  com.intellij.lang.javascript.types.TypeScriptConditionalTypeElementType
18824:             1             24  com.intellij.lang.javascript.types.TypeScriptConstTypeElementType
18825:             1             24  com.intellij.lang.javascript.types.TypeScriptEntityNameElementType
18826:             1             24  com.intellij.lang.javascript.types.TypeScriptEnumElementType
18827:             1             24  com.intellij.lang.javascript.types.TypeScriptEnumFieldElementType
18828:             1             24  com.intellij.lang.javascript.types.TypeScriptEnumFieldStatementElementType
18829:             1             24  com.intellij.lang.javascript.types.TypeScriptExportAssignmentElementType
18830:             1             24  com.intellij.lang.javascript.types.TypeScriptExternalModuleReferenceElementType
18831:             1             24  com.intellij.lang.javascript.types.TypeScriptFieldElementType
18832:             1             24  com.intellij.lang.javascript.types.TypeScriptFunctionElementType
18833:             1             24  com.intellij.lang.javascript.types.TypeScriptFunctionExpressionElementType
18834:             1             24  com.intellij.lang.javascript.types.TypeScriptFunctionPropertyElementType
18835:             1             24  com.intellij.lang.javascript.types.TypeScriptFunctionSignatureElementType
18836:             1             24  com.intellij.lang.javascript.types.TypeScriptFunctionTypeElementType
18837:             1             24  com.intellij.lang.javascript.types.TypeScriptGlobalModuleExportDeclarationElementType
18838:             1             24  com.intellij.lang.javascript.types.TypeScriptImplicitModuleElementType
18839:             1             24  com.intellij.lang.javascript.types.TypeScriptImportStatementElementType
18840:             1             24  com.intellij.lang.javascript.types.TypeScriptIndexSignatureElementType
18841:             1             24  com.intellij.lang.javascript.types.TypeScriptIndexedAccessTypeElementType
18842:             1             24  com.intellij.lang.javascript.types.TypeScriptInferTypeElementType
18843:             1             24  com.intellij.lang.javascript.types.TypeScriptInterfaceElementType
18844:             1             24  com.intellij.lang.javascript.types.TypeScriptMappedTypeElementType
18845:             1             24  com.intellij.lang.javascript.types.TypeScriptMappedTypeParameterElementType
18846:             1             24  com.intellij.lang.javascript.types.TypeScriptModuleElementType
18847:             1             24  com.intellij.lang.javascript.types.TypeScriptNamedGenericArgumentTypeElementType
18848:             1             24  com.intellij.lang.javascript.types.TypeScriptNewExpressionElementType
18849:             1             24  com.intellij.lang.javascript.types.TypeScriptNumberLiteralTypeElementType
18850:             1             24  com.intellij.lang.javascript.types.TypeScriptObjectTypeElementType
18851:             1             24  com.intellij.lang.javascript.types.TypeScriptParameterElementType
18852:             1             24  com.intellij.lang.javascript.types.TypeScriptParameterListElementType
18853:             1             24  com.intellij.lang.javascript.types.TypeScriptPropertySignatureElementType
18854:             1             24  com.intellij.lang.javascript.types.TypeScriptSingleTypeElementType
18855:             1             24  com.intellij.lang.javascript.types.TypeScriptStringLiteralTypeElementType
18856:             1             24  com.intellij.lang.javascript.types.TypeScriptTemplateLiteralTypeElementType
18857:             1             24  com.intellij.lang.javascript.types.TypeScriptThisTypeElementType
18858:             1             24  com.intellij.lang.javascript.types.TypeScriptTupleMemberElementType
18859:             1             24  com.intellij.lang.javascript.types.TypeScriptTupleTypeElementType
18860:             1             24  com.intellij.lang.javascript.types.TypeScriptTypeAliasElementType
18861:             1             24  com.intellij.lang.javascript.types.TypeScriptTypeArgumentListElementType
18862:             1             24  com.intellij.lang.javascript.types.TypeScriptTypeOperatorElementType
18863:             1             24  com.intellij.lang.javascript.types.TypeScriptTypeParameterConstraintElementType
18864:             1             24  com.intellij.lang.javascript.types.TypeScriptTypeParameterDefaultElementType
18865:             1             24  com.intellij.lang.javascript.types.TypeScriptTypeParameterElementType
18866:             1             24  com.intellij.lang.javascript.types.TypeScriptTypeParameterListElementType
18867:             1             24  com.intellij.lang.javascript.types.TypeScriptTypePredicateElementType
18868:             1             24  com.intellij.lang.javascript.types.TypeScriptTypeofTypeElementType
18869:             1             24  com.intellij.lang.javascript.types.TypeScriptUnionOrIntersectionTypeElementType
18870:             1             24  com.intellij.lang.javascript.types.TypeScriptVariableElementType
18871:             1             24  com.intellij.lang.javascript.types.TypescriptParenthesizedTypeElementType
18872:             1             24  com.intellij.lang.javascript.types.jsdoc.JSDocDecoratedTypeElementType
18873:             1             24  com.intellij.lang.javascript.types.jsdoc.JSDocFunctionTypeElementType
18874:             1             24  com.intellij.lang.javascript.types.jsdoc.JSDocFunctionTypeParameterElementType
18875:             1             24  com.intellij.lang.javascript.types.jsdoc.JSDocPropertySignatureElementType
18876:             1             24  com.intellij.lang.javascript.types.jsdoc.JSDocSingleTypeElementType
18877:             1             24  com.intellij.lang.javascript.types.jsdoc.JSDocTupleTypeElementType
18878:             1             24  com.intellij.lang.javascript.validation.JSSemanticKeywordHighlighter
18879:             1             24  com.intellij.lang.typescript.compiler.TypeScriptGeneratedFilesUseScopeOptimizer$1
18880:             1             24  com.intellij.lang.typescript.compiler.TypeScriptLanguageServiceAnnotatorCheckerProvider
18881:             1             24  com.intellij.lang.typescript.refactoring.TypeScriptExtractTypeAliasHandler
18882:             1             24  com.intellij.lang.typescript.tsc.gen.SymbolObjectFactory
18883:             1             24  com.intellij.lang.typescript.tsconfig.TypeScriptConfigFileType
18884:             1             24  com.intellij.lang.typescript.tsconfig.TypeScriptConfigServiceImpl$$Lambda/0x0000009803926be8
18885:             1             24  com.intellij.lang.typescript.tsconfig.TypeScriptConfigServiceImpl$Companion$NO_CONFIG$1
18886:             1             24  com.intellij.libraries.grpc.netty.shaded.NettyChannelProviderRegistrationService
18887:             1             24  com.intellij.llmInstaller.AIAssistantToolWindowFactory
18888:             1             24  com.intellij.llmInstaller.AIAssistantToolWindowFactory$$Lambda/0x0000009802f806c0
18889:             1             24  com.intellij.llmInstaller.AiAutoInstallationManager$execute$3$1
18890:             1             24  com.intellij.mcpserver.statistics.McpServerCounterUsagesCollector$McpToolNameValidator
18891:             1             24  com.intellij.microservices.url.inlay.UrlPathInlayHintsDisableIntention
18892:             1             24  com.intellij.microservices.url.inlay.UrlPathInlayHintsEnableIntention
18893:             1             24  com.intellij.ml.inline.completion.execution.MLCompletionTaskExecutor
18894:             1             24  com.intellij.ml.inline.completion.features.correctness.CommentEnrichmentTool
18895:             1             24  com.intellij.ml.inline.completion.go.GoInspectionEnrichmentTool
18896:             1             24  com.intellij.ml.inline.completion.impl.id.NativeServerId
18897:             1             24  com.intellij.ml.inline.completion.impl.inline.tracking.MLCompletionAcceptedFirstUserActionListener
18898:             1             24  com.intellij.ml.inline.completion.impl.logs.EventsToLogsContainerListener$ApiStartingLogs
18899:             1             24  com.intellij.ml.inline.completion.impl.logs.EventsToLogsContainerListener$ContextCollection
18900:             1             24  com.intellij.ml.inline.completion.impl.logs.EventsToLogsContainerListener$ContextCollection$TRIGGER_VERSION$1
18901:             1             24  com.intellij.ml.inline.completion.impl.logs.EventsToLogsContainerListener$ModelExecution
18902:             1             24  com.intellij.ml.inline.completion.impl.logs.EventsToLogsContainerListener$Postprocessing
18903:             1             24  com.intellij.ml.inline.completion.impl.logs.EventsToLogsContainerListener$ProviderFinishing
18904:             1             24  com.intellij.ml.inline.completion.impl.logs.ProposalFeatures
18905:             1             24  com.intellij.ml.inline.completion.impl.logs.ProposalTokenFeatures
18906:             1             24  com.intellij.ml.inline.completion.impl.logs.validation.InspectionValidationRule
18907:             1             24  com.intellij.ml.inline.completion.impl.postprocessing.MLCompletionPipelineConfiguration
18908:             1             24  com.intellij.modcommand.Presentation$HighlightRange
18909:             1             24  com.intellij.model.search.impl.Requests
18910:             1             24  com.intellij.notification.impl.NotificationGroupManagerImpl
18911:             1             24  com.intellij.notification.impl.NotificationsEventLogGroup$NotificationIdField
18912:             1             24  com.intellij.notification.impl.NotificationsManagerImpl
18913:             1             24  com.intellij.notification.impl.RemindLaterManager
18914:             1             24  com.intellij.openapi.actionSystem.CustomizedDataContext
18915:             1             24  com.intellij.openapi.actionSystem.KeyboardModifierGestureShortcut$DblClick
18916:             1             24  com.intellij.openapi.actionSystem.ex.QuickListsManager
18917:             1             24  com.intellij.openapi.actionSystem.ex.QuickListsManager$schemeProcessor$1
18918:             1             24  com.intellij.openapi.actionSystem.impl.AbbreviationManagerImpl
18919:             1             24  com.intellij.openapi.actionSystem.impl.MouseGestureManager
18920:             1             24  com.intellij.openapi.actionSystem.impl.PostInitActionRegistrar
18921:             1             24  com.intellij.openapi.actionSystem.toolbarLayout.WrapLayoutStrategy
18922:             1             24  com.intellij.openapi.application.PluginAutoUpdater$PluginAutoUpdateStatistics
18923:             1             24  com.intellij.openapi.application.TransactionGuardImpl
18924:             1             24  com.intellij.openapi.application.impl.ApplicationImpl$$Lambda/0x000000980233f5a8
18925:             1             24  com.intellij.openapi.application.impl.ApplicationImpl$$Lambda/0x0000009802463110
18926:             1             24  com.intellij.openapi.application.impl.ApplicationImpl$$Lambda/0x000000980291ed50
18927:             1             24  com.intellij.openapi.application.impl.ApplicationImpl$$Lambda/0x000000980291f910
18928:             1             24  com.intellij.openapi.application.impl.ApplicationImpl$$Lambda/0x0000009802c002c0
18929:             1             24  com.intellij.openapi.application.impl.EdtCoroutineDispatcher$LockForbidden
18930:             1             24  com.intellij.openapi.application.impl.EdtCoroutineDispatcher$LockWrapping
18931:             1             24  com.intellij.openapi.application.impl.EdtCoroutineDispatcher$Main
18932:             1             24  com.intellij.openapi.application.impl.EdtCoroutineDispatcher$NonLocking
18933:             1             24  com.intellij.openapi.application.impl.OTelReadWriteActionsMonitor
18934:             1             24  com.intellij.openapi.application.impl.OTelReadWriteActionsMonitor$$Lambda/0x0000009802c1a1e8
18935:             1             24  com.intellij.openapi.application.impl.ReadActionCacheImpl
18936:             1             24  com.intellij.openapi.application.impl.SubmissionTracker
18937:             1             24  com.intellij.openapi.application.impl.islands.IslandsUICustomization$$Lambda/0x0000009802a3ed10
18938:             1             24  com.intellij.openapi.application.rw.PlatformReadWriteActionSupport
18939:             1             24  com.intellij.openapi.client.ClientAppSessionsManager
18940:             1             24  com.intellij.openapi.command.impl.CommandPublisher
18941:             1             24  com.intellij.openapi.command.impl.DocumentReferenceManagerImpl
18942:             1             24  com.intellij.openapi.command.impl.UndoManagerImpl
18943:             1             24  com.intellij.openapi.diagnostic.AsyncLog
18944:             1             24  com.intellij.openapi.diff.impl.combined.search.CombinedDiffReplaceEditorActionHandler
18945:             1             24  com.intellij.openapi.diff.impl.combined.search.CombinedDiffSearchEditorActionHandler
18946:             1             24  com.intellij.openapi.diff.impl.combined.search.SearchNextHandler
18947:             1             24  com.intellij.openapi.diff.impl.combined.search.SearchPreviousHandler
18948:             1             24  com.intellij.openapi.editor.ClientEditorManager
18949:             1             24  com.intellij.openapi.editor.DefaultLineWrapPositionStrategy
18950:             1             24  com.intellij.openapi.editor.GenericLineWrapPositionStrategy$Storage
18951:             1             24  com.intellij.openapi.editor.actions.BackspaceAction$Handler
18952:             1             24  com.intellij.openapi.editor.actions.BasePasteHandler
18953:             1             24  com.intellij.openapi.editor.actions.CutAction$Handler
18954:             1             24  com.intellij.openapi.editor.actions.DeleteAction$Handler
18955:             1             24  com.intellij.openapi.editor.actions.DeleteSelectionHandler
18956:             1             24  com.intellij.openapi.editor.actions.DuplicateAction$Handler
18957:             1             24  com.intellij.openapi.editor.actions.EnterAction$Handler
18958:             1             24  com.intellij.openapi.editor.actions.FlipCommaIntention
18959:             1             24  com.intellij.openapi.editor.actions.IndentSelectionAction$Handler
18960:             1             24  com.intellij.openapi.editor.actions.JoinLinesAction$Handler
18961:             1             24  com.intellij.openapi.editor.actions.MoveCaretUpOrDownWithSelectionHandler
18962:             1             24  com.intellij.openapi.editor.actions.NamedElementDuplicateHandler
18963:             1             24  com.intellij.openapi.editor.actions.PasteAction$Handler
18964:             1             24  com.intellij.openapi.editor.actions.ResetFontSizeActionBase$MyHandler
18965:             1             24  com.intellij.openapi.editor.actions.ReverseLinesAction$1
18966:             1             24  com.intellij.openapi.editor.actions.SelectWordAtCaretAction$Handler
18967:             1             24  com.intellij.openapi.editor.actions.SortLinesAction$1
18968:             1             24  com.intellij.openapi.editor.actions.StartNewLineAction$Handler
18969:             1             24  com.intellij.openapi.editor.actions.TabAction$Handler
18970:             1             24  com.intellij.openapi.editor.actions.ToggleCaseAction$Handler
18971:             1             24  com.intellij.openapi.editor.actions.TransposeAction$TransposeHandler
18972:             1             24  com.intellij.openapi.editor.actions.UnindentSelectionAction$Handler
18973:             1             24  com.intellij.openapi.editor.colors.impl.AppEditorFontOptions
18974:             1             24  com.intellij.openapi.editor.colors.impl.EditorColorsManagerImpl$EditorColorSchemeProcessor
18975:             1             24  com.intellij.openapi.editor.ex.util.EditorActionAvailabilityHint$AvailabilityCondition$CaretInside
18976:             1             24  com.intellij.openapi.editor.ex.util.EditorActionAvailabilityHint$AvailabilityCondition$CaretOnEnd
18977:             1             24  com.intellij.openapi.editor.ex.util.EditorActionAvailabilityHint$AvailabilityCondition$CaretOnStart
18978:             1             24  com.intellij.openapi.editor.impl.CopiedFromEmptySelectionPasteMode$1
18979:             1             24  com.intellij.openapi.editor.impl.CopiedFromEmptySelectionPasteMode$2
18980:             1             24  com.intellij.openapi.editor.impl.CopiedFromEmptySelectionPasteMode$3
18981:             1             24  com.intellij.openapi.editor.impl.DefaultRawTypedHandler
18982:             1             24  com.intellij.openapi.editor.impl.DocumentMarkupModelManager
18983:             1             24  com.intellij.openapi.editor.impl.DocumentMarkupModelManager$$Lambda/0x00000098043a95d8
18984:             1             24  com.intellij.openapi.editor.impl.EditorComponentImpl$AccessibleEditorComponentImpl$1
18985:             1             24  com.intellij.openapi.editor.impl.EditorComponentImpl$TextAccessibleRole
18986:             1             24  com.intellij.openapi.editor.impl.EditorFactoryImpl
18987:             1             24  com.intellij.openapi.editor.impl.EditorFactoryImpl$1
18988:             1             24  com.intellij.openapi.editor.impl.EditorLastActionTracker
18989:             1             24  com.intellij.openapi.editor.impl.EditorTransferHandler$1
18990:             1             24  com.intellij.openapi.editor.impl.StripedIDGenerator
18991:             1             24  com.intellij.openapi.editor.impl.TabCharacterPaintMode$1
18992:             1             24  com.intellij.openapi.editor.impl.TabCharacterPaintMode$2
18993:             1             24  com.intellij.openapi.editor.impl.TabCharacterPaintMode$3
18994:             1             24  com.intellij.openapi.editor.impl.ad.markup.AdDocumentMarkupManagerImpl
18995:             1             24  com.intellij.openapi.editor.impl.stickyLines.StickyLinesLanguageSupport
18996:             1             24  com.intellij.openapi.editor.impl.zombie.Necropolis$subscribeEditorClosed$1
18997:             1             24  com.intellij.openapi.editor.impl.zombie.NecropolisDestroyer
18998:             1             24  com.intellij.openapi.externalSystem.autoimport.AutoImportProjectTracker$$Lambda/0x0000009803a07d18
18999:             1             24  com.intellij.openapi.externalSystem.autoimport.AutoImportProjectTracker$$Lambda/0x0000009803a0c260
19000:             1             24  com.intellij.openapi.externalSystem.autoimport.AutoImportProjectTracker$$Lambda/0x0000009803a0c9b8
19001:             1             24  com.intellij.openapi.externalSystem.autoimport.AutoImportProjectTracker$$Lambda/0x0000009803a0d310
19002:             1             24  com.intellij.openapi.externalSystem.autoimport.AutoImportProjectTracker$createProjectChangesListener$1
19003:             1             24  com.intellij.openapi.externalSystem.autoimport.ExternalSystemProjectTracker$$Lambda/0x0000009803a18998
19004:             1             24  com.intellij.openapi.externalSystem.autoimport.ProjectRefreshFloatingProvider
19005:             1             24  com.intellij.openapi.externalSystem.autoimport.changes.AsyncDocumentChangesListener
19006:             1             24  com.intellij.openapi.externalSystem.autoimport.changes.AsyncVirtualFilesChangesListener
19007:             1             24  com.intellij.openapi.externalSystem.autoimport.changes.NewFilesListener$Companion$whenNewFilesCreated$listener$1
19008:             1             24  com.intellij.openapi.externalSystem.autolink.ProjectRoots
19009:             1             24  com.intellij.openapi.externalSystem.configurationStore.ProjectFileSystemExternalSystemStorage
19010:             1             24  com.intellij.openapi.externalSystem.statistics.ExternalSystemUsagesCollector
19011:             1             24  com.intellij.openapi.fileChooser.ex.LocalFsFinder
19012:             1             24  com.intellij.openapi.fileChooser.ex.LocalFsFinder$FileChooserFilter
19013:             1             24  com.intellij.openapi.fileEditor.impl.EditorCompositeKt$INITIAL_EMPTY$1
19014:             1             24  com.intellij.openapi.fileEditor.impl.FileDocumentManagerImpl$FileDocumentManagerListenerBackgroundableBridge
19015:             1             24  com.intellij.openapi.fileEditor.impl.FileEditorManagerImpl$1$invokeSuspend$lambda$1$$inlined$map$1$2
19016:             1             24  com.intellij.openapi.fileEditor.impl.FileEditorManagerImpl$MyRootListener
19017:             1             24  com.intellij.openapi.fileEditor.impl.FileEditorProviderManagerImpl
19018:             1             24  com.intellij.openapi.fileEditor.impl.MemoryDiskConflictResolver
19019:             1             24  com.intellij.openapi.fileEditor.impl.OpenFilesScope$1
19020:             1             24  com.intellij.openapi.fileEditor.impl.SelectionState
19021:             1             24  com.intellij.openapi.fileTypes.PlainTextFileType
19022:             1             24  com.intellij.openapi.fileTypes.PlainTextParserDefinition$1
19023:             1             24  com.intellij.openapi.fileTypes.SyntaxHighlighterLanguageFactory$1
19024:             1             24  com.intellij.openapi.fileTypes.impl.IgnoredFileCache
19025:             1             24  com.intellij.openapi.fileTypes.impl.copy1.IgnoredPatternSet
19026:             1             24  com.intellij.openapi.keymap.impl.DefaultKeymap
19027:             1             24  com.intellij.openapi.keymap.impl.KeymapManagerImpl
19028:             1             24  com.intellij.openapi.keymap.impl.KeymapManagerImpl$1
19029:             1             24  com.intellij.openapi.keymap.impl.ModifierKeyDoubleClickHandler
19030:             1             24  com.intellij.openapi.keymap.impl.keyGestures.KeyGestureState$ModifierPressed
19031:             1             24  com.intellij.openapi.keymap.impl.keyGestures.KeyGestureState$ProcessFinish
19032:             1             24  com.intellij.openapi.keymap.impl.keyGestures.KeyGestureState$WaitForAction
19033:             1             24  com.intellij.openapi.keymap.impl.keyGestures.KeyGestureState$WaitForActionEnd
19034:             1             24  com.intellij.openapi.keymap.impl.keyGestures.KeyGestureState$WaitForDblClick
19035:             1             24  com.intellij.openapi.keymap.impl.keyGestures.KeyGestureState$WaitForStart
19036:             1             24  com.intellij.openapi.module.EmptyModuleType
19037:             1             24  com.intellij.openapi.module.impl.ModuleImpl$$Lambda/0x0000009802c59da8
19038:             1             24  com.intellij.openapi.module.impl.ModulePointerImpl
19039:             1             24  com.intellij.openapi.module.impl.ModulePointerManagerImpl$$Lambda/0x0000009804b9d1d8
19040:             1             24  com.intellij.openapi.observable.operation.OperationExecutionId$Companion$createId$2
19041:             1             24  com.intellij.openapi.observable.util.RevertOnDisposeUtilKt$$Lambda/0x00000098052792c0
19042:             1             24  com.intellij.openapi.paths.StaticPathReferenceProvider
19043:             1             24  com.intellij.openapi.progress.impl.PerProjectTaskInfoEntityCollector
19044:             1             24  com.intellij.openapi.progress.impl.PlatformTaskSupport
19045:             1             24  com.intellij.openapi.progress.impl.ProgressSuspenderTracker
19046:             1             24  com.intellij.openapi.progress.util.EternalEventStealer
19047:             1             24  com.intellij.openapi.progress.util.ProgressDialog$$Lambda/0x000000980554d4e0
19048:             1             24  com.intellij.openapi.progress.util.ProgressIndicatorUtilService
19049:             1             24  com.intellij.openapi.progress.util.TooManyUsagesStatus$NullStatus
19050:             1             24  com.intellij.openapi.project.DumbModeProgressTitle
19051:             1             24  com.intellij.openapi.project.impl.DefaultProject
19052:             1             24  com.intellij.openapi.projectRoots.impl.ProjectJdkTableImpl
19053:             1             24  com.intellij.openapi.projectRoots.impl.UnknownSdkEditorNotification
19054:             1             24  com.intellij.openapi.projectRoots.impl.UnknownSdkStartupChecker$execute$3
19055:             1             24  com.intellij.openapi.projectRoots.impl.UnknownSdkStartupChecker$execute$4
19056:             1             24  com.intellij.openapi.projectRoots.impl.UnknownSdkTracker
19057:             1             24  com.intellij.openapi.rd.util.UserDataHolderKt$userData$4
19058:             1             24  com.intellij.openapi.roots.impl.BundledResourcePathValidationRule
19059:             1             24  com.intellij.openapi.roots.impl.ModuleFileIndexImpl
19060:             1             24  com.intellij.openapi.roots.impl.libraries.LibraryTablesRegistrarImpl
19061:             1             24  com.intellij.openapi.ui.ComboBox$1
19062:             1             24  com.intellij.openapi.ui.ComboBox$MyEditor
19063:             1             24  com.intellij.openapi.ui.ComboBoxWithWidePopup$AdjustingListCellRenderer
19064:             1             24  com.intellij.openapi.updateSettings.impl.UltimateUpdateCheckerService
19065:             1             24  com.intellij.openapi.updateSettings.impl.UpdateCheckerHelper
19066:             1             24  com.intellij.openapi.updateSettings.impl.pluginsAdvertisement.AdvertiserInfoUpdateService
19067:             1             24  com.intellij.openapi.updateSettings.impl.pluginsAdvertisement.PluginAdvertisedByFileContent
19068:             1             24  com.intellij.openapi.updateSettings.impl.pluginsAdvertisement.UnknownFeaturesCollector
19069:             1             24  com.intellij.openapi.updateSettings.impl.pluginsAdvertisement.features.AnsiHighlighterDetector
19070:             1             24  com.intellij.openapi.util.DefaultJDOMExternalizer$DefaultJDOMExternalizerMapClassValue
19071:             1             24  com.intellij.openapi.util.LowMemoryWatcherManager$2
19072:             1             24  com.intellij.openapi.util.ObjectTree
19073:             1             24  com.intellij.openapi.util.ProperTextRange
19074:             1             24  com.intellij.openapi.util.SimpleTimer
19075:             1             24  com.intellij.openapi.util.Trinity
19076:             1             24  com.intellij.openapi.util.Version
19077:             1             24  com.intellij.openapi.vcs.IssueNavigationConfiguration
19078:             1             24  com.intellij.openapi.vcs.VcsDirectoryMapping
19079:             1             24  com.intellij.openapi.vcs.annotate.LineAnnotationAspectAdapter$1
19080:             1             24  com.intellij.openapi.vcs.changes.ChangesViewManager
19081:             1             24  com.intellij.openapi.vcs.changes.RemoteRevisionsCache$$Lambda/0x000000980548b320
19082:             1             24  com.intellij.openapi.vcs.changes.VcsAnnotationLocalChangesListenerImpl$MyRefresher
19083:             1             24  com.intellij.openapi.vcs.changes.VcsDirtyScopeManagerImpl$2
19084:             1             24  com.intellij.openapi.vcs.changes.VcsIgnoreManagerImpl
19085:             1             24  com.intellij.openapi.vcs.changes.conflicts.ChangelistConflictResolution$1
19086:             1             24  com.intellij.openapi.vcs.changes.conflicts.ChangelistConflictResolution$2
19087:             1             24  com.intellij.openapi.vcs.changes.conflicts.ChangelistConflictResolution$3
19088:             1             24  com.intellij.openapi.vcs.changes.conflicts.ChangelistConflictResolution$4
19089:             1             24  com.intellij.openapi.vcs.changes.ignore.IgnoredFileGeneratorImpl
19090:             1             24  com.intellij.openapi.vcs.changes.ignore.cache.PatternCache
19091:             1             24  com.intellij.openapi.vcs.changes.ignore.codeInspection.IgnoreFileDuplicateEntryInspection
19092:             1             24  com.intellij.openapi.vcs.changes.ignore.lang.IgnoreFileType
19093:             1             24  com.intellij.openapi.vcs.changes.ui.RemoteStatusChangeNodeDecorator
19094:             1             24  com.intellij.openapi.vcs.changes.ui.VcsToolWindowEmptyStateKt$$Lambda/0x000000980377c5b0
19095:             1             24  com.intellij.openapi.vcs.changes.ui.VcsToolWindowEmptyStateKt$$Lambda/0x000000980377da90
19096:             1             24  com.intellij.openapi.vcs.changes.ui.VcsToolWindowEmptyStateKt$$Lambda/0x000000980377dce8
19097:             1             24  com.intellij.openapi.vcs.changes.ui.VcsToolWindowEmptyStateKt$$Lambda/0x000000980377df40
19098:             1             24  com.intellij.openapi.vcs.history.VcsHistoryCache
19099:             1             24  com.intellij.openapi.vcs.impl.AbstractVcsHelperImpl
19100:             1             24  com.intellij.openapi.vcs.impl.BaseRevisionStatusTrackerContentLoader$BaseRevisionContentInfo
19101:             1             24  com.intellij.openapi.vcs.impl.ContentRevisionCache
19102:             1             24  com.intellij.openapi.vcs.impl.LineStatusTrackerBaseContentUtil$BaseContentImpl
19103:             1             24  com.intellij.openapi.vcs.impl.ModuleDefaultVcsRootPolicy$MyModulesListener
19104:             1             24  com.intellij.openapi.vcs.impl.VcsCacheManager
19105:             1             24  com.intellij.openapi.vcs.impl.projectlevelman.NewMappings$MappedRoot
19106:             1             24  com.intellij.openapi.vcs.roots.VcsRootDetectorImpl$DetectedVcsRoot
19107:             1             24  com.intellij.openapi.vcs.statistics.VcsApplicationOptionsUsagesCollector
19108:             1             24  com.intellij.openapi.vcs.statistics.VcsUsagesCollector$VCS_FIELD_WITH_NONE$1
19109:             1             24  com.intellij.openapi.vfs.encoding.EncodingManagerImpl
19110:             1             24  com.intellij.openapi.vfs.ex.temp.TempFileSystem
19111:             1             24  com.intellij.openapi.vfs.impl.VirtualFilePointerManagerImpl$1
19112:             1             24  com.intellij.openapi.vfs.impl.http.HttpFileSystemImpl
19113:             1             24  com.intellij.openapi.vfs.impl.local.FileWatcher$MyFileWatcherNotificationSink
19114:             1             24  com.intellij.openapi.vfs.newvfs.impl.NullVirtualFile
19115:             1             24  com.intellij.openapi.vfs.newvfs.impl.VfsData$1
19116:             1             24  com.intellij.openapi.vfs.newvfs.persistent.PersistentFSAttributeAccessor
19117:             1             24  com.intellij.openapi.vfs.newvfs.persistent.PersistentFSConnection$ClassicVFSFlusher
19118:             1             24  com.intellij.openapi.vfs.newvfs.persistent.PersistentFSRecordsStorageFactory$OverMMappedFile
19119:             1             24  com.intellij.openapi.vfs.newvfs.persistent.namecache.MRUFileNameCache$$Lambda/0x00000098024f1598
19120:             1             24  com.intellij.openapi.wm.impl.IdeProjectFrameHelper$installNorthComponents$2$1
19121:             1             24  com.intellij.openapi.wm.impl.LibraryDependentToolWindowManager$execute$2$1$3
19122:             1             24  com.intellij.openapi.wm.impl.ProjectFrameBounds
19123:             1             24  com.intellij.openapi.wm.impl.ProjectFrameHelper$$Lambda/0x0000009802b49c88
19124:             1             24  com.intellij.openapi.wm.impl.WindowManagerImpl$ProjectItem
19125:             1             24  com.intellij.openapi.wm.impl.WindowWatcher$WindowInfo
19126:             1             24  com.intellij.openapi.wm.impl.simpleTitleParts.RegistryOption
19127:             1             24  com.intellij.openapi.wm.impl.simpleTitleParts.TitleInfoOption
19128:             1             24  com.intellij.openapi.wm.impl.status.widget.StatusBarWidgetSettings
19129:             1             24  com.intellij.openapi.wm.impl.welcomeScreen.collapsedActionGroup.CollapsibleGroupedItemsListRenderer
19130:             1             24  com.intellij.openapi.wm.impl.welcomeScreen.collapsedActionGroup.ListListenerCollapsedActionGroupExpander
19131:             1             24  com.intellij.openapi.wm.impl.welcomeScreen.recentProjects.RecentProjectFilteringTree
19132:             1             24  com.intellij.packageChecker.go.GoBuildFileProvider
19133:             1             24  com.intellij.patterns.CharPattern$1
19134:             1             24  com.intellij.patterns.CharPattern$2
19135:             1             24  com.intellij.patterns.CharPattern$3
19136:             1             24  com.intellij.patterns.CharPattern$4
19137:             1             24  com.intellij.patterns.CollectionPattern$7
19138:             1             24  com.intellij.patterns.ElementPatternCondition
19139:             1             24  com.intellij.patterns.PsiElementPattern$1
19140:             1             24  com.intellij.patterns.PsiFilePattern$4
19141:             1             24  com.intellij.patterns.PsiNamePatternCondition
19142:             1             24  com.intellij.patterns.StringPattern$2
19143:             1             24  com.intellij.patterns.StringPattern$4
19144:             1             24  com.intellij.patterns.VirtualFilePattern$3
19145:             1             24  com.intellij.patterns.VirtualFilePattern$4
19146:             1             24  com.intellij.patterns.compiler.PatternCompilerFactoryImpl
19147:             1             24  com.intellij.patterns.compiler.PatternCompilerImpl$FalsePattern
19148:             1             24  com.intellij.platform.buildData.productInfo.CustomProperty
19149:             1             24  com.intellij.platform.clouds.impl.runtime.ui.DefaultRemoteServersServiceViewContributor$DefaultRemoteServersServiceViewDescriptor
19150:             1             24  com.intellij.platform.core.nio.fs.MultiRoutingFileSystemProvider
19151:             1             24  com.intellij.platform.core.nio.fs.MultiRoutingWatchServiceDelegate
19152:             1             24  com.intellij.platform.debugger.impl.backend.BackendXDebuggerManagerApi$createSessionManagerEvents$1$listener$1
19153:             1             24  com.intellij.platform.debugger.impl.backend.BackendXDependentBreakpointManagerApi$createDependencyEventsFlow$1$1
19154:             1             24  com.intellij.platform.debugger.impl.frontend.FrontendXDebuggerManager$currentSession$1$$Lambda/0x00000098036488f0
19155:             1             24  com.intellij.platform.debugger.impl.frontend.FrontendXDebuggerManager$initSessions$1$$Lambda/0x0000009803666ba0
19156:             1             24  com.intellij.platform.debugger.impl.frontend.FrontendXDebuggerManager$initSessions$1$1$2
19157:             1             24  com.intellij.platform.debugger.impl.frontend.editor.XDebuggerLineChangeHandler
19158:             1             24  com.intellij.platform.debugger.impl.frontend.hotswap.FrontendHotSwapManager
19159:             1             24  com.intellij.platform.diagnostic.plugin.freeze.PluginFreezeWatcher
19160:             1             24  com.intellij.platform.diagnostic.telemetry.exporters.Resource
19161:             1             24  com.intellij.platform.diagnostic.telemetry.impl.TelemetryManagerImpl$1
19162:             1             24  com.intellij.platform.eel.EelPlatform$Darwin
19163:             1             24  com.intellij.platform.eel.impl.fs.EelUserPosixInfoImpl
19164:             1             24  com.intellij.platform.eel.impl.local.LocalPid
19165:             1             24  com.intellij.platform.eel.impl.local.LocalPosixEelApiImpl$fs$1
19166:             1             24  com.intellij.platform.eel.provider.utils.NioWriteToEelAdapter
19167:             1             24  com.intellij.platform.execution.dashboard.splitApi.frontend.PanelContentUI
19168:             1             24  com.intellij.platform.experiment.ab.impl.ABExperimentDecision
19169:             1             24  com.intellij.platform.feedback.csat.CsatFeedbackSurvey
19170:             1             24  com.intellij.platform.feedback.csat.CsatFeedbackSurveyConfig
19171:             1             24  com.intellij.platform.feedback.demo.DemoExternalFeedbackSurvey
19172:             1             24  com.intellij.platform.feedback.demo.DemoInIdeFeedbackSurvey
19173:             1             24  com.intellij.platform.feedback.impl.statistics.DontShowAgainValueCollector
19174:             1             24  com.intellij.platform.ide.IdeFingerprint
19175:             1             24  com.intellij.platform.ide.bootstrap.ScreenReaderStateManager$1$1
19176:             1             24  com.intellij.platform.ide.impl.productInfo.IdeProductInfoImpl
19177:             1             24  com.intellij.platform.ide.navigation.NavigationOptions$Impl
19178:             1             24  com.intellij.platform.ide.navigation.impl.IdeNavigationService
19179:             1             24  com.intellij.platform.ide.newUiOnboarding.newUi.NewUiOnboardingBean
19180:             1             24  com.intellij.platform.ide.nonModalWelcomeScreen.rightTab.WelcomeScreenRightTab
19181:             1             24  com.intellij.platform.ide.nonModalWelcomeScreen.rightTab.WelcomeScreenRightTabVirtualFileEditor
19182:             1             24  com.intellij.platform.ide.progress.CancellableTaskCancellation
19183:             1             24  com.intellij.platform.jps.model.serialization.resolver.JpsDependencyResolverConfigurationSerializer
19184:             1             24  com.intellij.platform.kernel.ids.BackendGlobalIdsManager
19185:             1             24  com.intellij.platform.lsp.impl.LspOpenedFilesService
19186:             1             24  com.intellij.platform.lsp.impl.intention.LspIntention0
19187:             1             24  com.intellij.platform.lsp.impl.intention.LspIntention1
19188:             1             24  com.intellij.platform.lsp.impl.intention.LspIntention10
19189:             1             24  com.intellij.platform.lsp.impl.intention.LspIntention11
19190:             1             24  com.intellij.platform.lsp.impl.intention.LspIntention12
19191:             1             24  com.intellij.platform.lsp.impl.intention.LspIntention13
19192:             1             24  com.intellij.platform.lsp.impl.intention.LspIntention14
19193:             1             24  com.intellij.platform.lsp.impl.intention.LspIntention2
19194:             1             24  com.intellij.platform.lsp.impl.intention.LspIntention3
19195:             1             24  com.intellij.platform.lsp.impl.intention.LspIntention4
19196:             1             24  com.intellij.platform.lsp.impl.intention.LspIntention5
19197:             1             24  com.intellij.platform.lsp.impl.intention.LspIntention6
19198:             1             24  com.intellij.platform.lsp.impl.intention.LspIntention7
19199:             1             24  com.intellij.platform.lsp.impl.intention.LspIntention8
19200:             1             24  com.intellij.platform.lsp.impl.intention.LspIntention9
19201:             1             24  com.intellij.platform.navbar.frontend.NavBarRootPaneExtension$component$$inlined$map$1
19202:             1             24  com.intellij.platform.navbar.frontend.NavBarRootPaneExtension$component$$inlined$map$1$2
19203:             1             24  com.intellij.platform.navbar.frontend.NavBarRootPaneExtension$component$1$$Lambda/0x0000009803178c28
19204:             1             24  com.intellij.platform.navbar.frontend.ui.NavBarDialogFocusListener
19205:             1             24  com.intellij.platform.plugins.backend.split.BackendPluginModelApiImpl
19206:             1             24  com.intellij.platform.plugins.backend.split.PluginDescriptorRefHandler
19207:             1             24  com.intellij.platform.project.module.ModulesStateService
19208:             1             24  com.intellij.platform.recentFiles.frontend.RecentFilesEditorTypingListener
19209:             1             24  com.intellij.platform.rpc.topics.frontend.FrontendRemoteTopicListenersRegistry
19210:             1             24  com.intellij.platform.rpc.topics.frontend.FrontendRemoteTopicListenersRegistry$1$1$1
19211:             1             24  com.intellij.platform.rpc.topics.impl.RemoteTopicSubscribersManager
19212:             1             24  com.intellij.platform.scopes.backend.ScopesModelRemoteApiImpl
19213:             1             24  com.intellij.platform.settings.local.InternalAndCacheStorageManager
19214:             1             24  com.intellij.platform.settings.local.StateStorageBackedByController
19215:             1             24  com.intellij.platform.util.io.storages.blobstorage.StreamlinedBlobStorageHelper$$Lambda/0x000000980249b018
19216:             1             24  com.intellij.platform.util.io.storages.enumerator.DurableEnumerator
19217:             1             24  com.intellij.platform.util.io.storages.intmultimaps.extendiblehashmap.ExtendibleHashMap$HeaderLayout
19218:             1             24  com.intellij.platform.util.progress.ProgressStepElement
19219:             1             24  com.intellij.platform.util.progress.RawProgressReporterImpl
19220:             1             24  com.intellij.platform.vcs.backend.split.BackendActiveChangeListTracker
19221:             1             24  com.intellij.platform.vcs.impl.shared.rhizome.NodeEntity$Companion
19222:             1             24  com.intellij.platform.vcs.impl.shared.ui.RepositoryColorGeneratorImpl
19223:             1             24  com.intellij.platform.workspace.jps.JpsMetrics
19224:             1             24  com.intellij.platform.workspace.jps.entities.LibraryId
19225:             1             24  com.intellij.platform.workspace.jps.serialization.impl.JpsArtifactEntitiesSerializer$Companion$$Lambda/0x0000009802c21438
19226:             1             24  com.intellij.platform.workspace.jps.serialization.impl.JpsExternalStorageMappingImpl
19227:             1             24  com.intellij.platform.workspace.jps.serialization.impl.JpsLibraryEntitiesSerializer$Companion$$Lambda/0x0000009802c1a698
19228:             1             24  com.intellij.platform.workspace.jps.serialization.impl.JpsProjectSerializersImpl$Companion$$Lambda/0x0000009802c2d1e8
19229:             1             24  com.intellij.platform.workspace.jps.serialization.impl.ModuleImlFileEntitiesSerializer$Companion$$Lambda/0x0000009802c32ba8
19230:             1             24  com.intellij.platform.workspace.jps.serialization.impl.ModuleListSerializerImpl
19231:             1             24  com.intellij.platform.workspace.jps.serialization.impl.ModulePath
19232:             1             24  com.intellij.platform.workspace.storage.impl.ClassToIntConverterImpl$Entry
19233:             1             24  com.intellij.platform.workspace.storage.impl.containers.PersistentBidirectionalMapImpl$Builder
19234:             1             24  com.intellij.platform.workspace.storage.impl.external.MutableExternalEntityMappingImpl
19235:             1             24  com.intellij.platform.workspace.storage.impl.indices.EntityStorageInternalIndex$MutableEntityStorageInternalIndex
19236:             1             24  com.intellij.platform.workspace.storage.impl.indices.SymbolicIdInternalIndex$MutableSymbolicIdInternalIndex
19237:             1             24  com.intellij.platform.workspace.storage.impl.references.MutableAbstractOneToOneContainer
19238:             1             24  com.intellij.platform.workspace.storage.impl.references.MutableOneToAbstractManyContainer
19239:             1             24  com.intellij.platform.workspace.storage.impl.references.MutableOneToManyContainer
19240:             1             24  com.intellij.platform.workspace.storage.impl.references.MutableOneToOneContainer
19241:             1             24  com.intellij.plugins.watcher.model.ApplicationTasksOptions
19242:             1             24  com.intellij.polySymbols.context.PolyContextSourceProximityProviderResultData
19243:             1             24  com.intellij.polySymbols.impl.PolySymbolsImplUtilsKt$objectMapper$1$1
19244:             1             24  com.intellij.polySymbols.js.types.JSSymbolFrameworkIndexingHandler
19245:             1             24  com.intellij.polySymbols.search.PsiSourcedPolySymbolReferenceSearcher
19246:             1             24  com.intellij.polySymbols.webTypes.WebTypesEmbeddedDefinitionsLoader
19247:             1             24  com.intellij.polySymbols.webTypes.WebTypesScopeBase$WebTypesJsonOriginImpl$$Lambda/0x0000009803f273b8
19248:             1             24  com.intellij.polySymbols.webTypes.json.RequiredContextKindName
19249:             1             24  com.intellij.profiler.api.ProfileHistoryConfiguration
19250:             1             24  com.intellij.profiler.api.ProfilerDumpManager
19251:             1             24  com.intellij.protobuf.ide.template.PbLanguageContext
19252:             1             24  com.intellij.protobuf.ide.template.PbTextLanguageContext
19253:             1             24  com.intellij.protobuf.lang.PbFileType
19254:             1             24  com.intellij.protobuf.lang.PbTextFileType
19255:             1             24  com.intellij.protobuf.lang.stub.type.PbFileElementType
19256:             1             24  com.intellij.psi.DummyBlockType$DummyBlockElementType
19257:             1             24  com.intellij.psi.ParsingDiagnosticsHandlerImpl
19258:             1             24  com.intellij.psi.PlainTextTokenTypes$1
19259:             1             24  com.intellij.psi.TokenType$1
19260:             1             24  com.intellij.psi.WhiteSpaceTokenType
19261:             1             24  com.intellij.psi.codeStyle.DetectableIndentOptionsProvider
19262:             1             24  com.intellij.psi.codeStyle.LanguageCodeStyleSettingsProviderService
19263:             1             24  com.intellij.psi.codeStyle.PackageEntry$1
19264:             1             24  com.intellij.psi.codeStyle.PackageEntry$2
19265:             1             24  com.intellij.psi.codeStyle.PackageEntry$3
19266:             1             24  com.intellij.psi.codeStyle.PackageEntry$4
19267:             1             24  com.intellij.psi.css.CssFileType
19268:             1             24  com.intellij.psi.css.actions.CssExpandShorthandPropertyAction
19269:             1             24  com.intellij.psi.css.actions.CssReplaceQuotesIntention
19270:             1             24  com.intellij.psi.css.actions.CssReplaceVarWithFallbackValueIntention
19271:             1             24  com.intellij.psi.css.actions.colors.CssChooseColorIntention
19272:             1             24  com.intellij.psi.css.actions.colors.CssConvertToGrayIntention
19273:             1             24  com.intellij.psi.css.actions.colors.CssConvertToHexIntention
19274:             1             24  com.intellij.psi.css.actions.colors.CssConvertToHslIntention
19275:             1             24  com.intellij.psi.css.actions.colors.CssConvertToHwbIntention
19276:             1             24  com.intellij.psi.css.actions.colors.CssConvertToLchIntention
19277:             1             24  com.intellij.psi.css.actions.colors.CssConvertToOklchIntention
19278:             1             24  com.intellij.psi.css.actions.colors.CssConvertToRgbIntention
19279:             1             24  com.intellij.psi.css.actions.images.CssExtractImageFromDataUriIntention
19280:             1             24  com.intellij.psi.css.actions.images.CssUpdateBackgroundImageSizeIntention
19281:             1             24  com.intellij.psi.css.impl.CssCommentElementTypeImpl
19282:             1             24  com.intellij.psi.css.livetemplate.CssDeclarationBlockTemplateContextType
19283:             1             24  com.intellij.psi.css.livetemplate.CssLiveTemplateGenericContextType
19284:             1             24  com.intellij.psi.css.livetemplate.CssPropertyValueTemplateContextType
19285:             1             24  com.intellij.psi.css.livetemplate.CssRulesetTemplateContextType
19286:             1             24  com.intellij.psi.impl.DocumentCommitThread$PerProjectDocumentCommitRegistry
19287:             1             24  com.intellij.psi.impl.PsiManagerImpl$$Lambda/0x0000009802e36e38
19288:             1             24  com.intellij.psi.impl.cache.impl.todo.TodoIndex
19289:             1             24  com.intellij.psi.impl.file.impl.PsiVfsInitProjectActivity$$Lambda/0x0000009802f09180
19290:             1             24  com.intellij.psi.impl.search.IndexPatternSearchImpl
19291:             1             24  com.intellij.psi.impl.search.PsiSearchHelperImpl
19292:             1             24  com.intellij.psi.impl.source.codeStyle.CodeStyleManagerImpl
19293:             1             24  com.intellij.psi.impl.source.codeStyle.CoreCodeStyleUtil$ProcessingUnderProgressInfo
19294:             1             24  com.intellij.psi.impl.source.codeStyle.PersistableCodeStyleSchemes
19295:             1             24  com.intellij.psi.search.GlobalSearchScope$EmptyScope
19296:             1             24  com.intellij.psi.search.MappedFileTypeIndex$ForwardIndexFileControllerOverMappedFile
19297:             1             24  com.intellij.psi.search.scope.GeneratedFilesScope$1
19298:             1             24  com.intellij.psi.search.scope.NonProjectFilesScope$1
19299:             1             24  com.intellij.psi.search.scope.ProjectFilesScope$1
19300:             1             24  com.intellij.psi.search.scope.ProjectProductionScope$1
19301:             1             24  com.intellij.psi.search.scope.TestsScope$1
19302:             1             24  com.intellij.psi.search.scope.packageSet.CustomScopesProviderEx$AllScopeHolder$1
19303:             1             24  com.intellij.psi.search.searches.DefinitionsScopedSearch
19304:             1             24  com.intellij.psi.search.searches.ReferencesSearch
19305:             1             24  com.intellij.psi.statistics.StatisticsInfo
19306:             1             24  com.intellij.psi.stubs.IndexingStampInfoStorageOverFastAttributes
19307:             1             24  com.intellij.psi.stubs.StubUpdatingForwardIndexAccessor
19308:             1             24  com.intellij.psi.stubs.StubUpdatingIndex$2
19309:             1             24  com.intellij.psi.tree.IStubFileElementType
19310:             1             24  com.intellij.psi.tree.OuterLanguageElementType
19311:             1             24  com.intellij.psi.util.CachedValueProfiler$GlobalContext
19312:             1             24  com.intellij.psi.xml.EmbeddedHtmlContentElementType
19313:             1             24  com.intellij.psi.xml.HtmlFileElementType
19314:             1             24  com.intellij.psi.xml.XmlAttributeElementType
19315:             1             24  com.intellij.psi.xml.XmlFileElementType
19316:             1             24  com.intellij.psi.xml.XmlMarkupDeclElementType
19317:             1             24  com.intellij.psi.xml.XmlTextElementType
19318:             1             24  com.intellij.react.ReactFrameworkIndexingHandler
19319:             1             24  com.intellij.react.refactoring.ReactClassToFunctionComponentIntention
19320:             1             24  com.intellij.react.refactoring.ReactFunctionToClassComponentIntention
19321:             1             24  com.intellij.refactoring.rename.RenameHandlerRegistry
19322:             1             24  com.intellij.refactoring.suggested.SuggestedRefactoringChangeListener$MyDocumentListener
19323:             1             24  com.intellij.refactoring.suggested.SuggestedRefactoringEditorEnterHandler
19324:             1             24  com.intellij.remoteServer.impl.configuration.deployment.DeployToServerRunConfiguration$ConfigurationState
19325:             1             24  com.intellij.rml.dfa.TraceReconstructionInfo
19326:             1             24  com.intellij.rml.dfa.analyzes.AliasAnalysis$program$2
19327:             1             24  com.intellij.rml.dfa.analyzes.AliasAnalysis$temp$2
19328:             1             24  com.intellij.rml.dfa.analyzes.ConstantConditionLocalAnalysis$program$2
19329:             1             24  com.intellij.rml.dfa.analyzes.InitialAnalysis$program$2
19330:             1             24  com.intellij.rml.dfa.analyzes.MayPointsToAnalysis$init$2
19331:             1             24  com.intellij.rml.dfa.analyzes.MayPointsToAnalysis$initFilters$2
19332:             1             24  com.intellij.rml.dfa.analyzes.MayPointsToAnalysis$loopRelations$2
19333:             1             24  com.intellij.rml.dfa.analyzes.MayPointsToAnalysis$program$2
19334:             1             24  com.intellij.rml.dfa.analyzes.MayPointsToAnalysis$temp$2
19335:             1             24  com.intellij.rml.dfa.analyzes.MayPointsToAnalysis$updateComparisonFilters$2
19336:             1             24  com.intellij.rml.dfa.analyzes.MayPointsToAnalysis$updatePointsTo$2
19337:             1             24  com.intellij.rml.dfa.analyzes.NullDereferenceAnalysis$program$2
19338:             1             24  com.intellij.rml.dfa.analyzes.NullDereferenceAnalysis$temp$2
19339:             1             24  com.intellij.rml.dfa.analyzes.PreludeAnalysis$processCalls$2
19340:             1             24  com.intellij.rml.dfa.analyzes.PreludeAnalysis$processDependentVars$2
19341:             1             24  com.intellij.rml.dfa.analyzes.PreludeAnalysis$program$2
19342:             1             24  com.intellij.rml.dfa.analyzes.PreludeAnalysis$summary$2
19343:             1             24  com.intellij.rml.dfa.analyzes.PreludeAnalysis$temp$2
19344:             1             24  com.intellij.rml.dfa.analyzes.VarLeakAnalysis$evaluateLeaks$2
19345:             1             24  com.intellij.rml.dfa.analyzes.VarLeakAnalysis$init$2
19346:             1             24  com.intellij.rml.dfa.analyzes.VarLeakAnalysis$program$2
19347:             1             24  com.intellij.rml.dfa.analyzes.VarLeakAnalysis$summary$2
19348:             1             24  com.intellij.rml.dfa.analyzes.VarLeakAnalysis$temp$2
19349:             1             24  com.intellij.rml.dfa.impl.rml.ast.ExprVar
19350:             1             24  com.intellij.rml.dfa.impl.rml.profiler.tree.ProfilerNodeMetadata
19351:             1             24  com.intellij.rml.dfa.ir.ast.IrNullConst
19352:             1             24  com.intellij.rml.dfa.rml.dsl.ast.RmlOption
19353:             1             24  com.intellij.rml.dfa.rml.dsl.ast.RmlUnaryExpr$RelationUnaryOp
19354:             1             24  com.intellij.rml.dfa.rml.dsl.lang.RelationModification$AddDomain
19355:             1             24  com.intellij.semantic.SemServiceImpl$State
19356:             1             24  com.intellij.serviceContainer.PrecomputedExtensionModel
19357:             1             24  com.intellij.serviceContainer.StartUpMessageDeliveryListener
19358:             1             24  com.intellij.settingsSync.core.SettingsSyncSettings
19359:             1             24  com.intellij.settingsSync.core.SettingsSyncSettings$State
19360:             1             24  com.intellij.settingsSync.core.SettingsSynchronizerState
19361:             1             24  com.intellij.sh.ShFileType
19362:             1             24  com.intellij.sh.backend.template.ShContextType
19363:             1             24  com.intellij.sh.lexer.ShLazyBlockElementType
19364:             1             24  com.intellij.sh.lexer.ShLazyDoBlockElementType
19365:             1             24  com.intellij.sh.psi.ShFileElementType
19366:             1             24  com.intellij.spellchecker.CustomDictFileListener
19367:             1             24  com.intellij.spellchecker.SpellCheckerSeveritiesProvider$1T
19368:             1             24  com.intellij.spellchecker.dictionary.ProjectNameDictionaryChecker
19369:             1             24  com.intellij.spellchecker.dictionary.UserDictionary
19370:             1             24  com.intellij.spellchecker.quickfixes.ChangeTo$ChangeToTitleAction
19371:             1             24  com.intellij.sql.SqlFileType
19372:             1             24  com.intellij.sql.dialects.cockroach.CRoachParserDefinition$1
19373:             1             24  com.intellij.sql.dialects.dateTime.psi.SqlDtFileElementType
19374:             1             24  com.intellij.sql.dialects.db2.Db2CodeStyleProvider
19375:             1             24  com.intellij.sql.dialects.derby.DerbyCodeStyleProvider
19376:             1             24  com.intellij.sql.dialects.greenplum.GPlumParserDefinition$1
19377:             1             24  com.intellij.sql.dialects.h2.H2CodeStyleProvider
19378:             1             24  com.intellij.sql.dialects.hsql.HsqlCodeStyleProvider
19379:             1             24  com.intellij.sql.dialects.mssql.MsCodeStyleProvider
19380:             1             24  com.intellij.sql.dialects.mysql.MysqlCodeStyleProvider
19381:             1             24  com.intellij.sql.dialects.oracle.OraCodeStyleProvider
19382:             1             24  com.intellij.sql.dialects.postgres.PgCodeStyleProvider
19383:             1             24  com.intellij.sql.dialects.postgres.PgParserDefinition$1
19384:             1             24  com.intellij.sql.dialects.redshift.RsParserDefinition$1
19385:             1             24  com.intellij.sql.dialects.snowflake.SFlakeParserDefinition$1
19386:             1             24  com.intellij.sql.dialects.sql92.IsoSqlCodeStyleProvider
19387:             1             24  com.intellij.sql.dialects.sybase.AseCodeStyleProvider
19388:             1             24  com.intellij.sql.editor.SqlEditorOptions$QualificationType$1
19389:             1             24  com.intellij.sql.editor.SqlEditorOptions$QualificationType$2
19390:             1             24  com.intellij.sql.editor.SqlEditorOptions$QualificationType$3
19391:             1             24  com.intellij.sql.intentions.SqlAddExternalRelationIntention
19392:             1             24  com.intellij.sql.intentions.SqlAddGroupedColumnToSelectIntention
19393:             1             24  com.intellij.sql.intentions.SqlConvertBetweenToComparisonIntention
19394:             1             24  com.intellij.sql.intentions.SqlConvertComparisonToBetweenIntention
19395:             1             24  com.intellij.sql.intentions.SqlConvertEqualityToInIntention
19396:             1             24  com.intellij.sql.intentions.SqlConvertInToEqualityIntention
19397:             1             24  com.intellij.sql.intentions.SqlConvertJoinOnToNaturalIntention
19398:             1             24  com.intellij.sql.intentions.SqlConvertJoinOnToUsingIntention
19399:             1             24  com.intellij.sql.intentions.SqlConvertJoinUsingToNaturalIntention
19400:             1             24  com.intellij.sql.intentions.SqlConvertJoinUsingToOnIntention
19401:             1             24  com.intellij.sql.intentions.SqlConvertNaturalJoinToOnIntention
19402:             1             24  com.intellij.sql.intentions.SqlConvertNaturalJoinToUsingIntention
19403:             1             24  com.intellij.sql.intentions.SqlConvertToSubqueryIntention
19404:             1             24  com.intellij.sql.intentions.SqlExpandColumnListIntention
19405:             1             24  com.intellij.sql.intentions.SqlExtractNamedQueryIntention
19406:             1             24  com.intellij.sql.intentions.SqlFlipExpressionIntention
19407:             1             24  com.intellij.sql.intentions.SqlInlineCteIntention
19408:             1             24  com.intellij.sql.intentions.SqlInlineTableAliasIntention
19409:             1             24  com.intellij.sql.intentions.SqlIntroduceTableAliasIntention
19410:             1             24  com.intellij.sql.intentions.SqlPreviewDmlAction$Delete
19411:             1             24  com.intellij.sql.intentions.SqlPreviewDmlAction$Update
19412:             1             24  com.intellij.sql.intentions.SqlQualifyIdentifierIntention
19413:             1             24  com.intellij.sql.intentions.SqlQuoteIdentifierIntention
19414:             1             24  com.intellij.sql.intentions.SqlReplaceColumnNameWithNumberIntention
19415:             1             24  com.intellij.sql.intentions.SqlReplaceColumnNumberWithNameIntention
19416:             1             24  com.intellij.sql.intentions.SqlReplaceDistinctWithGroupByIntention
19417:             1             24  com.intellij.sql.intentions.SqlReplaceGroupByWithDistinctIntention
19418:             1             24  com.intellij.sql.intentions.SqlSplitInsertStatementIntention
19419:             1             24  com.intellij.sql.intentions.SqlSplitStringLiteralIntention
19420:             1             24  com.intellij.sql.intentions.SqlUnquoteIdentifierIntention
19421:             1             24  com.intellij.sql.liveTemplates.contextTypes.SqlAllDialectsCodeContextType
19422:             1             24  com.intellij.sql.liveTemplates.contextTypes.SqlAllDialectsContextType
19423:             1             24  com.intellij.sql.liveTemplates.contextTypes.SqlAllDialectsQueryContextType
19424:             1             24  com.intellij.sql.liveTemplates.contextTypes.SqlAllDialectsStatementContextType
19425:             1             24  com.intellij.sql.psi.SqlCompositeElementType$Impure
19426:             1             24  com.intellij.sql.psi.SqlCompositeElementTypes$1
19427:             1             24  com.intellij.sql.psi.stubs.elementTypes.SqlAlterInstructionStubElementType
19428:             1             24  com.intellij.sql.psi.stubs.elementTypes.SqlCommentStubElementType
19429:             1             24  com.intellij.ssh.config.SshConnectionConfigService$Kind$LEGACY
19430:             1             24  com.intellij.ssh.config.SshConnectionConfigService$Kind$OPENSSH
19431:             1             24  com.intellij.station.backend.split.recents.StationRecentProjectsServiceKt$combineStates$1
19432:             1             24  com.intellij.station.comms.common.netty.client.StationServicesClientBase$$Lambda/0x0000009802528000
19433:             1             24  com.intellij.station.comms.common.netty.server.NettyServicesServerBase$2$1$bootstrap$1
19434:             1             24  com.intellij.station.core.IdeServicesHostApplication
19435:             1             24  com.intellij.station.core.impl.IdeStationServicesClientImpl
19436:             1             24  com.intellij.station.core.services.IdeStationServerService
19437:             1             24  com.intellij.station.core.toolbox.ToolboxDaemonLauncher
19438:             1             24  com.intellij.swagger.core.index.SwReferencesIndex
19439:             1             24  com.intellij.swagger.core.providers.SwJsonLiveTemplateContextType
19440:             1             24  com.intellij.swagger.core.providers.SwSpecificationJsonLiveTemplateContextType
19441:             1             24  com.intellij.swagger.core.providers.SwSpecificationYamlLiveTemplateContextType
19442:             1             24  com.intellij.swagger.core.providers.SwYamlLiveTemplateContextType
19443:             1             24  com.intellij.swagger.core.synthetic.ExportOpenApiRootType
19444:             1             24  com.intellij.terminal.TerminalTitle
19445:             1             24  com.intellij.terminal.backend.ObservableTtyConnector
19446:             1             24  com.intellij.terminal.backend.TerminalDiscardedHistoryTracker
19447:             1             24  com.intellij.terminal.backend.TerminalOutputLatencyTracker
19448:             1             24  com.intellij.terminal.backend.TerminalSessionStartKt$$Lambda/0x0000009805332ac8
19449:             1             24  com.intellij.terminal.backend.TerminalShellIntegrationController
19450:             1             24  com.intellij.terminal.backend.TerminalShellIntegrationStatisticsListener
19451:             1             24  com.intellij.terminal.backend.TerminalWorkingDirectoryTrackerKt$addWorkingDirectoryListener$1
19452:             1             24  com.intellij.terminal.completion.spec.ShellCommandParserOptions
19453:             1             24  com.intellij.terminal.frontend.action.TerminalFindNextHandler
19454:             1             24  com.intellij.terminal.frontend.action.TerminalFindPreviousHandler
19455:             1             24  com.intellij.terminal.frontend.action.TerminalReplaceHandler
19456:             1             24  com.intellij.terminal.frontend.fus.TerminalFocusFusService$$Lambda/0x0000009803e36428
19457:             1             24  com.intellij.terminal.frontend.fus.TerminalFusCursorPainterListener
19458:             1             24  com.intellij.terminal.frontend.fus.TerminalFusFirstOutputListener
19459:             1             24  com.intellij.terminal.frontend.toolwindow.impl.TerminalToolWindowTabImpl
19460:             1             24  com.intellij.terminal.frontend.toolwindow.impl.TerminalToolWindowTabsManagerImpl$$Lambda/0x00000098052bf348
19461:             1             24  com.intellij.terminal.frontend.toolwindow.impl.TerminalToolWindowTabsManagerImpl$$Lambda/0x00000098052e69e0
19462:             1             24  com.intellij.terminal.frontend.toolwindow.impl.TerminalToolWindowTabsManagerImpl$doCreateTab$3$1
19463:             1             24  com.intellij.terminal.frontend.view.completion.ShellDataGeneratorsExecutorReworkedImpl
19464:             1             24  com.intellij.terminal.frontend.view.impl.TerminalKeyEncodingManager
19465:             1             24  com.intellij.terminal.frontend.view.impl.TerminalKeyEncodingManager$1$1
19466:             1             24  com.intellij.terminal.frontend.view.impl.TerminalOutputScrollingModelImpl$1
19467:             1             24  com.intellij.terminal.frontend.view.impl.TerminalOutputScrollingModelImpl$OutputModelState
19468:             1             24  com.intellij.terminal.frontend.view.impl.TerminalOutputTextEditor
19469:             1             24  com.intellij.terminal.frontend.view.impl.TerminalSearchController
19470:             1             24  com.intellij.terminal.frontend.view.impl.TerminalVfsSynchronizer
19471:             1             24  com.intellij.terraform.template.TftplFileType
19472:             1             24  com.intellij.terraform.template.editor.TftplContextType
19473:             1             24  com.intellij.terraform.template.editor.TftplTemplateVariableSearchUtilsKt$createHilVariablePattern$2
19474:             1             24  com.intellij.terraform.template.editor.TftplTemplateVariableSearchUtilsKt$createPattern$2
19475:             1             24  com.intellij.toolWindow.ToolWindowDefaultLayoutManager
19476:             1             24  com.intellij.toolWindow.ToolWindowLayoutDescriptor
19477:             1             24  com.intellij.tools.ToolManager
19478:             1             24  com.intellij.ui.AutoScrollToSourceHandler$$Lambda/0x0000009804329660
19479:             1             24  com.intellij.ui.AutoScrollToSourceHandler$install$1
19480:             1             24  com.intellij.ui.AutoScrollToSourceHandler$install$2
19481:             1             24  com.intellij.ui.CollectionComboBoxModel
19482:             1             24  com.intellij.ui.DeferredIconRepaintScheduler
19483:             1             24  com.intellij.ui.EditorNotificationUsagesCollectorKt$PROVIDER_CLASS_FIELD$1
19484:             1             24  com.intellij.ui.ExpandedItemListCellRendererWrapper
19485:             1             24  com.intellij.ui.ExperimentalUIImplKt$createPathPatcher$1
19486:             1             24  com.intellij.ui.IconDeferrerImpl$$Lambda/0x00000098034642f8
19487:             1             24  com.intellij.ui.ListExpandableItemsHandler$1
19488:             1             24  com.intellij.ui.ListExpandableItemsHandler$2
19489:             1             24  com.intellij.ui.ListExpandableItemsHandler$3
19490:             1             24  com.intellij.ui.ListExpandableItemsHandler$4
19491:             1             24  com.intellij.ui.ToolbarServiceImpl$setTransparentTitleBar$customBorder$1
19492:             1             24  com.intellij.ui.awt.AnchoredPoint$Anchor$BOTTOM
19493:             1             24  com.intellij.ui.awt.AnchoredPoint$Anchor$BOTTOM_LEFT
19494:             1             24  com.intellij.ui.awt.AnchoredPoint$Anchor$BOTTOM_RIGHT
19495:             1             24  com.intellij.ui.awt.AnchoredPoint$Anchor$CENTER
19496:             1             24  com.intellij.ui.awt.AnchoredPoint$Anchor$LEFT
19497:             1             24  com.intellij.ui.awt.AnchoredPoint$Anchor$RIGHT
19498:             1             24  com.intellij.ui.awt.AnchoredPoint$Anchor$TOP
19499:             1             24  com.intellij.ui.awt.AnchoredPoint$Anchor$TOP_LEFT
19500:             1             24  com.intellij.ui.awt.AnchoredPoint$Anchor$TOP_RIGHT
19501:             1             24  com.intellij.ui.components.DefaultScrollBarAnimationBehavior
19502:             1             24  com.intellij.ui.components.ScrollSource$1
19503:             1             24  com.intellij.ui.components.ScrollSource$2
19504:             1             24  com.intellij.ui.components.ScrollSource$3
19505:             1             24  com.intellij.ui.components.ScrollSource$4
19506:             1             24  com.intellij.ui.content.AlertIcon
19507:             1             24  com.intellij.ui.docking.impl.DockManagerImpl$$Lambda/0x0000009802b0dcf8
19508:             1             24  com.intellij.ui.docking.impl.DockManagerImpl$$Lambda/0x00000098034f0270
19509:             1             24  com.intellij.ui.docking.impl.DockManagerImpl$$Lambda/0x00000098052ff578
19510:             1             24  com.intellij.ui.dsl.builder.impl.Context
19511:             1             24  com.intellij.ui.dsl.gridLayout.GridLayoutComponentProperty
19512:             1             24  com.intellij.ui.hover.TableHoverListener$1
19513:             1             24  com.intellij.ui.jcef.JBCefStartup$doInit$3
19514:             1             24  com.intellij.ui.mac.MacFullScreenControlsManager$configureEnable$1
19515:             1             24  com.intellij.ui.mac.MacOSApplicationProviderKt$$Lambda/0x00000098025f4908
19516:             1             24  com.intellij.ui.mac.WindowTabsComponent$13
19517:             1             24  com.intellij.ui.paint.EffectPainter$1
19518:             1             24  com.intellij.ui.paint.EffectPainter$2
19519:             1             24  com.intellij.ui.paint.EffectPainter$3
19520:             1             24  com.intellij.ui.paint.EffectPainter$4
19521:             1             24  com.intellij.ui.paint.EffectPainter$5
19522:             1             24  com.intellij.ui.paint.EffectPainter2D$1
19523:             1             24  com.intellij.ui.paint.EffectPainter2D$2
19524:             1             24  com.intellij.ui.paint.EffectPainter2D$3
19525:             1             24  com.intellij.ui.paint.EffectPainter2D$4
19526:             1             24  com.intellij.ui.paint.EffectPainter2D$5
19527:             1             24  com.intellij.ui.paint.PaintUtil$RoundingMode$1
19528:             1             24  com.intellij.ui.paint.PaintUtil$RoundingMode$2
19529:             1             24  com.intellij.ui.paint.PaintUtil$RoundingMode$3
19530:             1             24  com.intellij.ui.paint.PaintUtil$RoundingMode$4
19531:             1             24  com.intellij.ui.paint.RectanglePainter$1
19532:             1             24  com.intellij.ui.paint.RectanglePainter$2
19533:             1             24  com.intellij.ui.paint.RectanglePainter2D$1
19534:             1             24  com.intellij.ui.paint.RectanglePainter2D$2
19535:             1             24  com.intellij.ui.popup.HintUpdateSupply$1
19536:             1             24  com.intellij.ui.popup.HintUpdateSupply$3
19537:             1             24  com.intellij.ui.popup.StackingPopupDispatcherImpl
19538:             1             24  com.intellij.ui.stripe.ErrorStripePainter$SingleValue
19539:             1             24  com.intellij.ui.svg.SvgCacheManager
19540:             1             24  com.intellij.usages.impl.UsageViewStatisticsCollector$USAGE_VIEW$1
19541:             1             24  com.intellij.util.EditSourceOnDoubleClickHandler$TreeMouseListener
19542:             1             24  com.intellij.util.EditSourceOnEnterKeyHandler$$Lambda/0x0000009804325db0
19543:             1             24  com.intellij.util.EditSourceOnEnterKeyHandler$$Lambda/0x0000009804326690
19544:             1             24  com.intellij.util.IconUtil$colorize$1
19545:             1             24  com.intellij.util.ResettableSynchronizedLazy
19546:             1             24  com.intellij.util.SuspendingLazyImpl
19547:             1             24  com.intellij.util.ThreadSafeThrottler
19548:             1             24  com.intellij.util.concurrency.AppScheduledExecutorService$MyThreadFactory
19549:             1             24  com.intellij.util.concurrency.ContextCallable$RunResult
19550:             1             24  com.intellij.util.concurrency.EdtCoroutineInvokerDelegate
19551:             1             24  com.intellij.util.containers.BidirectionalMultiMap
19552:             1             24  com.intellij.util.containers.FactoryMap$2
19553:             1             24  com.intellij.util.containers.HashSetQueue
19554:             1             24  com.intellij.util.containers.HashSetQueue$QueueEntry
19555:             1             24  com.intellij.util.containers.IntKeyWeakValueHashMap
19556:             1             24  com.intellij.util.containers.JBIterable$2
19557:             1             24  com.intellij.util.containers.MultiMap$EmptyMap
19558:             1             24  com.intellij.util.containers.RefHashMap$EntrySet
19559:             1             24  com.intellij.util.containers.WeakKeySoftValueHashMap
19560:             1             24  com.intellij.util.gist.PsiFileGistImpl$$Lambda/0x0000009805cced30
19561:             1             24  com.intellij.util.indexing.AdditionalIndexableFileSet$AdditionalIndexableRoots
19562:             1             24  com.intellij.util.indexing.CustomizableExcludeExtensions
19563:             1             24  com.intellij.util.indexing.DumbModeWhileScanningTrigger
19564:             1             24  com.intellij.util.indexing.FileBasedIndexImpl$SimpleFlusher
19565:             1             24  com.intellij.util.indexing.FileBasedIndexImpl$VirtualFileUpdateTask
19566:             1             24  com.intellij.util.indexing.IndexableSetContributorModificationTracker
19567:             1             24  com.intellij.util.indexing.OrphanDirtyFilesQueue
19568:             1             24  com.intellij.util.indexing.PerProjectIndexingQueue$QueuedFiles
19569:             1             24  com.intellij.util.indexing.PersistentIndexingStampEnumeratorKt$createTimestampsEnumerator$1
19570:             1             24  com.intellij.util.indexing.ProjectFileBasedIndexStartupActivity$$Lambda/0x00000098032084a0
19571:             1             24  com.intellij.util.indexing.RootChangesLogger
19572:             1             24  com.intellij.util.indexing.SkippingFullScanningCondition$ALLOWED
19573:             1             24  com.intellij.util.indexing.SkippingFullScanningCondition$DIRTY_FILE_IDS_WERE_MISSED
19574:             1             24  com.intellij.util.indexing.SkippingFullScanningCondition$FILTER_IS_NOT_UP_TO_DATE
19575:             1             24  com.intellij.util.indexing.SkippingFullScanningCondition$REGISTRY_FILE_IS_ON
19576:             1             24  com.intellij.util.indexing.StripedIndexingStampLock
19577:             1             24  com.intellij.util.indexing.contentQueue.UsedMemorySoftLimiter
19578:             1             24  com.intellij.util.indexing.dependencies.AppIndexingDependenciesService
19579:             1             24  com.intellij.util.indexing.dependencies.IndexingDependenciesFingerprint
19580:             1             24  com.intellij.util.indexing.diagnostic.DumbModeFromScanningTrackerService
19581:             1             24  com.intellij.util.indexing.diagnostic.ProjectScanningHistoryImpl$Stage$CollectingIndexableFiles
19582:             1             24  com.intellij.util.indexing.diagnostic.ProjectScanningHistoryImpl$Stage$CreatingIterators
19583:             1             24  com.intellij.util.indexing.diagnostic.ProjectScanningHistoryImpl$Stage$DelayedPushProperties
19584:             1             24  com.intellij.util.indexing.diagnostic.ProjectScanningHistoryImpl$Stage$DumbMode
19585:             1             24  com.intellij.util.indexing.diagnostic.StorageDiagnosticData$$Lambda/0x0000009802794410
19586:             1             24  com.intellij.util.indexing.diagnostic.StorageDiagnosticData$StatsPerStorage
19587:             1             24  com.intellij.util.indexing.events.FilesToUpdateCollector
19588:             1             24  com.intellij.util.indexing.events.VfsEventsMerger
19589:             1             24  com.intellij.util.indexing.hints.FileTypeInputFilterPredicate
19590:             1             24  com.intellij.util.indexing.impl.forward.SingleEntryIndexForwardIndexAccessor
19591:             1             24  com.intellij.util.indexing.impl.perFileVersion.LongFileAttributeImpl
19592:             1             24  com.intellij.util.indexing.impl.perFileVersion.LongFileAttributeImpl$$Lambda/0x00000098033b1230
19593:             1             24  com.intellij.util.indexing.projectFilter.PersistentProjectIndexableFilesFilter
19594:             1             24  com.intellij.util.indexing.roots.WorkspaceIndexingRootsBuilder$Companion$Settings
19595:             1             24  com.intellij.util.io.storage.DataTable
19596:             1             24  com.intellij.util.io.storage.HeavyProcessLatch
19597:             1             24  com.intellij.util.lang.DirectByteBufferPool
19598:             1             24  com.intellij.util.lang.PathClassLoader$$Lambda/0x0000009802001a78
19599:             1             24  com.intellij.util.messages.impl.MethodHandleCache$ConcurrentMapClassValue
19600:             1             24  com.intellij.util.net.IdeProxySelector
19601:             1             24  com.intellij.util.net.IdeProxySelector$Companion$AutoProxyHolder
19602:             1             24  com.intellij.util.net.PlatformProxyAuthentication
19603:             1             24  com.intellij.util.net.ssl.CertificateManager
19604:             1             24  com.intellij.util.proxy.CommonProxy
19605:             1             24  com.intellij.util.singleProduct.MigrationStartupActivity
19606:             1             24  com.intellij.util.ui.JBValue$JBValueGroup
19607:             1             24  com.intellij.util.ui.SwingUndoUtil$1
19608:             1             24  com.intellij.util.ui.SwingUndoUtil$2
19609:             1             24  com.intellij.util.ui.tree.WideSelectionTreeUI$1
19610:             1             24  com.intellij.util.ui.tree.WideSelectionTreeUI$2
19611:             1             24  com.intellij.util.xml.DomFileIconProvider
19612:             1             24  com.intellij.util.xml.impl.DomManagerImpl$1
19613:             1             24  com.intellij.util.xml.impl.ImplementationClassCache
19614:             1             24  com.intellij.util.xml.impl.SofterCache
19615:             1             24  com.intellij.util.xmlb.XmlSerializerPropertyCollector
19616:             1             24  com.intellij.vcs.DefaultVcsSymlinkResolver
19617:             1             24  com.intellij.vcs.console.VcsConsoleTabServiceImpl
19618:             1             24  com.intellij.vcs.git.ref.GitFavoriteRefs
19619:             1             24  com.intellij.vcs.git.rpc.GitWidgetState$OnRepository
19620:             1             24  com.intellij.vcs.github.ultimate.features.expression.lang.GithubExpressionFileType
19621:             1             24  com.intellij.vcs.gitlab.ultimate.features.expressionLang.lang.GitLabCiExpressionFileType
19622:             1             24  com.intellij.vcs.log.data.CompressedRefs
19623:             1             24  com.intellij.vcs.log.data.CurrentBranchConditionCache
19624:             1             24  com.intellij.vcs.log.data.CurrentBranchConditionCache$ConditionHolder
19625:             1             24  com.intellij.vcs.log.data.TopCommitsCache
19626:             1             24  com.intellij.vcs.log.data.VcsLogCommitDataConsumerImpl
19627:             1             24  com.intellij.vcs.log.data.VcsLogData$MyVcsLogUserResolver
19628:             1             24  com.intellij.vcs.log.data.VcsLogData$dataDisposableJob$1$$Lambda/0x0000009805434818
19629:             1             24  com.intellij.vcs.log.data.VcsLogProgress$$Lambda/0x0000009805452be8
19630:             1             24  com.intellij.vcs.log.data.VcsLogStorageImpl$MyCommitIdKeyDescriptor
19631:             1             24  com.intellij.vcs.log.data.VcsLogStorageImpl$VcsRefKeyDescriptor
19632:             1             24  com.intellij.vcs.log.data.VcsUserRegistryImpl
19633:             1             24  com.intellij.vcs.log.data.index.IndexDiagnosticRunner$rootsFlow$1$$Lambda/0x0000009805455000
19634:             1             24  com.intellij.vcs.log.data.index.VcsLogBigRepositoriesList
19635:             1             24  com.intellij.vcs.log.graph.impl.facade.ReachableNodes
19636:             1             24  com.intellij.vcs.log.graph.impl.facade.RowsMapping
19637:             1             24  com.intellij.vcs.log.graph.impl.permanent.GraphLayoutImpl
19638:             1             24  com.intellij.vcs.log.graph.impl.permanent.PermanentCommitsInfoImpl
19639:             1             24  com.intellij.vcs.log.graph.impl.permanent.PermanentLinearGraphImpl
19640:             1             24  com.intellij.vcs.log.graph.impl.print.GraphColorGetterByHead
19641:             1             24  com.intellij.vcs.log.impl.LogDataImpl
19642:             1             24  com.intellij.vcs.log.impl.PostponableLogRefresher
19643:             1             24  com.intellij.vcs.log.impl.VcsLogApplicationSettings
19644:             1             24  com.intellij.vcs.log.impl.VcsLogManager$MyErrorHandler
19645:             1             24  com.intellij.vcs.log.impl.VcsLogManager$launchRefresher$1$$Lambda/0x00000098054546b8
19646:             1             24  com.intellij.vcs.log.impl.VcsLogProjectTabsProperties
19647:             1             24  com.intellij.vcs.log.impl.VcsProjectLogBase$MyDynamicPluginUnloader
19648:             1             24  com.intellij.vcs.log.impl.VcsUserImpl
19649:             1             24  com.intellij.vcs.log.statistics.NullableRoundedLongEventField
19650:             1             24  com.intellij.vcs.log.statistics.VcsLogPerformanceStatisticsCollector$FILTERED_COMMIT_COUNT_FIELD$1
19651:             1             24  com.intellij.vcs.log.statistics.VcsLogPerformanceStatisticsCollector$VCS_LIST_FIELD$1
19652:             1             24  com.intellij.vcs.log.statistics.VcsLogRepoSizeCollector$1
19653:             1             24  com.intellij.vcs.log.ui.VcsLogColorManagerImpl
19654:             1             24  com.intellij.vcs.log.ui.table.column.Author
19655:             1             24  com.intellij.vcs.log.ui.table.column.Date
19656:             1             24  com.intellij.vcs.log.ui.table.column.Hash
19657:             1             24  com.intellij.vfs.AsyncVfsEventsPostProcessorImpl
19658:             1             24  com.intellij.webcore.resourceRoots.WebResourcesPathsConfiguration
19659:             1             24  com.intellij.workspaceModel.ide.impl.GlobalWorkspaceModelRegistry
19660:             1             24  com.intellij.workspaceModel.ide.impl.GlobalWorkspaceModels
19661:             1             24  com.intellij.workspaceModel.ide.impl.WorkspaceEntitiesLifecycleActivity$execute$2$1
19662:             1             24  com.intellij.workspaceModel.ide.impl.WorkspaceModelCacheSerializer$Companion$$Lambda/0x0000009802aea600
19663:             1             24  com.intellij.workspaceModel.ide.impl.WorkspaceModelMetrics
19664:             1             24  com.intellij.workspaceModel.ide.impl.jps.serialization.JpsGlobalModelSynchronizerImpl$Companion$$Lambda/0x0000009802c9ccd8
19665:             1             24  com.intellij.workspaceModel.ide.impl.legacyBridge.facet.FacetEntityChangeListener$Companion$$Lambda/0x0000009802c4ec48
19666:             1             24  com.intellij.workspaceModel.ide.impl.legacyBridge.library.GlobalLibraryTableBridgeImpl
19667:             1             24  com.intellij.workspaceModel.ide.impl.legacyBridge.library.ProjectLibraryTableBridgeImpl$1
19668:             1             24  com.intellij.workspaceModel.ide.impl.legacyBridge.module.ModuleBridgeImpl$Companion$$Lambda/0x0000009802c59488
19669:             1             24  com.intellij.xdebugger.impl.FrameTypeValidator
19670:             1             24  com.intellij.xdebugger.impl.XDebuggerManagerImpl$GutterUiRunToCursorEditorListener
19671:             1             24  com.intellij.xdebugger.impl.actions.handlers.DownHandler
19672:             1             24  com.intellij.xdebugger.impl.actions.handlers.LeftHandler
19673:             1             24  com.intellij.xdebugger.impl.actions.handlers.UpHandler
19674:             1             24  com.intellij.xdebugger.impl.actions.handlers.XDebugSmartStepIntoEnterHandler
19675:             1             24  com.intellij.xdebugger.impl.breakpoints.InlineBreakpointsVariantsManager
19676:             1             24  com.intellij.xdebugger.impl.breakpoints.RedrawInlaysService
19677:             1             24  com.intellij.xdebugger.impl.breakpoints.XBreakpointManagerImpl$1
19678:             1             24  com.intellij.xdebugger.impl.evaluate.ValueLookupManagerController
19679:             1             24  com.intellij.xdebugger.impl.settings.XDebuggerSettingManagerImpl
19680:             1             24  com.intellij.xdebugger.impl.settings.XDebuggerSettingManagerImpl$SettingsState
19681:             1             24  com.intellij.xdebugger.impl.settings.XDebuggerSettingManagerImpl$SpecificSettingsState
19682:             1             24  com.intellij.xdebugger.impl.settings.XDebuggerSettingsStatisticsCollector
19683:             1             24  com.intellij.xml.breadcrumbs.BreadcrumbsInitializingActivityKt$$Lambda/0x000000980462f4b0
19684:             1             24  com.intellij.xml.breadcrumbs.BreadcrumbsPanel$4
19685:             1             24  com.intellij.xml.breadcrumbs.BreadcrumbsXmlWrapper$FileBreadcrumbCollectorHolder
19686:             1             24  com.intellij.xml.breadcrumbs.PsiFileBreadcrumbsCollector$1
19687:             1             24  com.intellij.yaml.helm.fileTypes.HelmJsonFileType
19688:             1             24  com.intellij.yaml.helm.fileTypes.HelmTextFileType
19689:             1             24  com.intellij.yaml.helm.fileTypes.HelmYamlFileType
19690:             1             24  com.jediterm.core.util.TermSize
19691:             1             24  com.jediterm.terminal.TerminalMode$1
19692:             1             24  com.jediterm.terminal.TerminalMode$10
19693:             1             24  com.jediterm.terminal.TerminalMode$11
19694:             1             24  com.jediterm.terminal.TerminalMode$12
19695:             1             24  com.jediterm.terminal.TerminalMode$2
19696:             1             24  com.jediterm.terminal.TerminalMode$3
19697:             1             24  com.jediterm.terminal.TerminalMode$4
19698:             1             24  com.jediterm.terminal.TerminalMode$5
19699:             1             24  com.jediterm.terminal.TerminalMode$6
19700:             1             24  com.jediterm.terminal.TerminalMode$7
19701:             1             24  com.jediterm.terminal.TerminalMode$8
19702:             1             24  com.jediterm.terminal.TerminalMode$9
19703:             1             24  com.jediterm.terminal.emulator.JediEmulator
19704:             1             24  com.jediterm.terminal.model.JediTerminal$DefaultTabulator
19705:             1             24  com.jediterm.terminal.model.StyleState
19706:             1             24  com.jetbrains.ChangeEventListener$$$/0x0000009804137058
19707:             1             24  com.jetbrains.EventListener$$$/0x0000009802234708
19708:             1             24  com.jetbrains.FontMetricsAccessor$$$/0x0000009803c34d90
19709:             1             24  com.jetbrains.SharedTextures$$$/0x0000009803add4f0
19710:             1             24  com.jetbrains.SystemShortcuts$$$/0x0000009804136de0
19711:             1             24  com.jetbrains.T.v.f
19712:             1             24  com.jetbrains.T.v.g
19713:             1             24  com.jetbrains.T.v.k
19714:             1             24  com.jetbrains.T.v.v.v.v.K
19715:             1             24  com.jetbrains.T.v.v.v.v.Q
19716:             1             24  com.jetbrains.T.v.v.v.v.p
19717:             1             24  com.jetbrains.T.v.v.v.v.x
19718:             1             24  com.jetbrains.T.v.v.v.v.y
19719:             1             24  com.jetbrains.T.v.v.v.z.Z
19720:             1             24  com.jetbrains.T.v.v.v.z.v.C
19721:             1             24  com.jetbrains.T.v.vi
19722:             1             24  com.jetbrains.TextInput$$$/0x000000980222bb80
19723:             1             24  com.jetbrains.WindowDecorations$$$/0x00000098025e4be8
19724:             1             24  com.jetbrains.cef.remote.CefServer$$Lambda/0x0000009804e046f0 (jcef)
19725:             1             24  com.jetbrains.cef.remote.CefServer$1 (jcef)
19726:             1             24  com.jetbrains.cef.remote.CefServer$CefParams (jcef)
19727:             1             24  com.jetbrains.cef.remote.ClientHandlersImpl (jcef)
19728:             1             24  com.jetbrains.cef.remote.thrift.transport.TServerSocket (jcef)
19729:             1             24  com.jetbrains.cef.remote.thrift_codegen.ClientHandlers$Processor (jcef)
19730:             1             24  com.jetbrains.cef.remote.thrift_codegen.Point (jcef)
19731:             1             24  com.jetbrains.clones.languagescope.xml.XHTMLDuplicateScope
19732:             1             24  com.jetbrains.clones.languagescope.xml.XMLDuplicateScope
19733:             1             24  com.jetbrains.codeWithMe.model.RdUserModel
19734:             1             24  com.jetbrains.debugger.wip.JSRemoteDebugConfigurationType$2
19735:             1             24  com.jetbrains.fus.reporting.model.http.Method
19736:             1             24  com.jetbrains.internal.ProxyRepository (java.base@21.0.8)
19737:             1             24  com.jetbrains.jsonSchema.impl.fixes.AddOptionalPropertiesIntention
19738:             1             24  com.jetbrains.jsonSchema.widget.JsonSchemaStatusWidget$1Listener
19739:             1             24  com.jetbrains.lang.makefile.MakefileFileType
19740:             1             24  com.jetbrains.lang.makefile.MakefileRunConfigurationFactory
19741:             1             24  com.jetbrains.lang.makefile.MakefileStubFileElementType
19742:             1             24  com.jetbrains.lang.makefile.stub.MakefileTargetStubElementType
19743:             1             24  com.jetbrains.performancePlugin.profilers.ProfilersController
19744:             1             24  com.jetbrains.plugins.remotesdk.target.ssh.target.SshTargetType
19745:             1             24  com.jetbrains.plugins.remotesdk.target.vagrant.VagrantTargetType
19746:             1             24  com.jetbrains.plugins.remotesdk.target.webDeployment.WebDeploymentTargetType
19747:             1             24  com.jetbrains.plugins.remotesdk.tools.RemoteToolManager
19748:             1             24  com.jetbrains.plugins.webDeployment.config.GroupedServersConfigManagerImpl$1
19749:             1             24  com.jetbrains.plugins.webDeployment.config.PublishConfig$AutoUploadState$1
19750:             1             24  com.jetbrains.plugins.webDeployment.config.PublishConfig$AutoUploadState$2
19751:             1             24  com.jetbrains.plugins.webDeployment.config.PublishConfig$AutoUploadState$3
19752:             1             24  com.jetbrains.plugins.webDeployment.config.WebServersConfigManagerBaseImpl$AppState
19753:             1             24  com.jetbrains.plugins.webDeployment.config.WebServersConfigManagerBaseImpl$State
19754:             1             24  com.jetbrains.plugins.webDeployment.conflicts.RemoteChangeNotifier$$Lambda/0x0000009803782e10
19755:             1             24  com.jetbrains.plugins.webDeployment.conflicts.RemoteChangeNotifier$1
19756:             1             24  com.jetbrains.plugins.webDeployment.conflicts.RemoteChangeNotifier$2
19757:             1             24  com.jetbrains.rd.ide.model.AggregatedMarshallersProvider$$Lambda/0x00000098036c0978
19758:             1             24  com.jetbrains.rd.platform.codeWithMe.focus.UserFocusManager$$Lambda/0x00000098032c6298
19759:             1             24  com.jetbrains.rd.platform.codeWithMe.toolWindow.ActiveToolWindowTracker
19760:             1             24  com.jetbrains.rd.platform.diagnostics.RdLogTraceScenarios$ActionsAndPopups
19761:             1             24  com.jetbrains.rd.platform.diagnostics.RdLogTraceScenarios$AltEnter
19762:             1             24  com.jetbrains.rd.platform.diagnostics.RdLogTraceScenarios$BeControls
19763:             1             24  com.jetbrains.rd.platform.diagnostics.RdLogTraceScenarios$Commands
19764:             1             24  com.jetbrains.rd.platform.diagnostics.RdLogTraceScenarios$Completion
19765:             1             24  com.jetbrains.rd.platform.diagnostics.RdLogTraceScenarios$Daemon
19766:             1             24  com.jetbrains.rd.platform.diagnostics.RdLogTraceScenarios$Documents
19767:             1             24  com.jetbrains.rd.platform.diagnostics.RdLogTraceScenarios$Editors
19768:             1             24  com.jetbrains.rd.platform.diagnostics.RdLogTraceScenarios$ParameterInfo
19769:             1             24  com.jetbrains.rd.platform.diagnostics.RdLogTraceScenarios$Protocol
19770:             1             24  com.jetbrains.rd.platform.diagnostics.RdLogTraceScenarios$TrafficLightIcon
19771:             1             24  com.jetbrains.rd.platform.diagnostics.RdLogTraceScenarios$Tutorials
19772:             1             24  com.jetbrains.rd.platform.diagnostics.RdLogTraceScenarios$TypeHierarchy
19773:             1             24  com.jetbrains.rd.util.BitSlice$IntBitSlice
19774:             1             24  com.jetbrains.rd.util.Statics
19775:             1             24  com.jetbrains.rd.util.TlsBoxed$value$2
19776:             1             24  com.jetbrains.rd.util.lifetime.LifetimeDefinition$special$$inlined$enum$1
19777:             1             24  com.jetbrains.rd.util.lifetime.LifetimeDefinition$special$$inlined$enum$2
19778:             1             24  com.jetbrains.rd.util.reactive.IViewableList$adviseAddRemove$1
19779:             1             24  com.jetbrains.rd.util.reactive.IViewableSet$advise$1
19780:             1             24  com.jetbrains.rd.util.reactive.InterfacesKt$setValue$1
19781:             1             24  com.jetbrains.rd.util.reactive.SourceExKt$adviseOnce$1$1
19782:             1             24  com.jetbrains.rd.util.reactive.SourceExKt$flowInto$6
19783:             1             24  com.jetbrains.rd.util.threading.coroutines.RdCoroutineScope
19784:             1             24  com.jetbrains.rd.util.threading.coroutines.RdCoroutineScope$coroutineContext$2
19785:             1             24  com.jetbrains.rd.util.threading.coroutines.RdCoroutineScope$coroutineContext$2$invoke$$inlined$CoroutineExceptionHandler$1
19786:             1             24  com.jetbrains.rdserver.BackendLogTraceScenarios$BackendProjectView
19787:             1             24  com.jetbrains.rdserver.BackendLogTraceScenarios$LuxHost
19788:             1             24  com.jetbrains.rdserver.BackendLogTraceScenarios$LuxHostParanoid
19789:             1             24  com.jetbrains.rdserver.actions.BackendSelectWordAtCaretHandler
19790:             1             24  com.jetbrains.rdserver.execution.configurations.BackendRunContentStore
19791:             1             24  com.jetbrains.rdserver.terminal.TerminalPortForwardingManagerImpl
19792:             1             24  com.jetbrains.rdserver.ui.BackendDeferredIconStorage
19793:             1             24  com.jetbrains.rdserver.ui.BackendImageIconConverterService
19794:             1             24  com.jetbrains.rdserver.unattendedHost.builtinServer.UnattendedHostAdditionalBuiltinServerPort
19795:             1             24  com.jetbrains.rdserver.unattendedHost.builtinServer.UnattendedHostBuiltInServerPortCustomizer
19796:             1             24  com.jetbrains.rdserver.unattendedHost.status.UnattendedHostActivityTracker
19797:             1             24  com.jetbrains.rhizomedb.Entity$Companion
19798:             1             24  com.plan9.intel.AsmIntelFileType
19799:             1             24  com.plan9.intel.lang.core.lexer.AsmIntelTokenType
19800:             1             24  com.plan9.intel.lang.core.psi.AsmIntelFileElementType
19801:             1             24  com.sixrr.xrp.convertentity.ConvertEntityIntention
19802:             1             24  com.sun.beans.util.Cache$Kind$1 (java.desktop)
19803:             1             24  com.sun.beans.util.Cache$Kind$2 (java.desktop)
19804:             1             24  com.sun.beans.util.Cache$Kind$3 (java.desktop)
19805:             1             24  com.sun.crypto.provider.TlsMasterSecretGenerator$TlsMasterSecretKey (java.base@21.0.8)
19806:             1             24  com.sun.imageio.spi.FileImageInputStreamSpi (java.desktop)
19807:             1             24  com.sun.imageio.spi.FileImageOutputStreamSpi (java.desktop)
19808:             1             24  com.sun.imageio.spi.InputStreamImageInputStreamSpi (java.desktop)
19809:             1             24  com.sun.imageio.spi.OutputStreamImageOutputStreamSpi (java.desktop)
19810:             1             24  com.sun.imageio.spi.RAFImageInputStreamSpi (java.desktop)
19811:             1             24  com.sun.imageio.spi.RAFImageOutputStreamSpi (java.desktop)
19812:             1             24  com.sun.jmx.mbeanserver.ClassLoaderRepositorySupport (java.management@21.0.8)
19813:             1             24  com.sun.jmx.mbeanserver.MXBeanLookup (java.management@21.0.8)
19814:             1             24  com.sun.jmx.remote.util.ClassLogger (java.management@21.0.8)
19815:             1             24  com.sun.jna.Structure$3
19816:             1             24  com.sun.jna.StructureReadContext
19817:             1             24  com.sun.jna.WeakMemoryHolder
19818:             1             24  com.sun.jna.internal.Cleaner
19819:             1             24  com.sun.management.internal.HotSpotThreadImpl (jdk.management@21.0.8)
19820:             1             24  com.sun.management.internal.PlatformMBeanProviderImpl$2 (jdk.management@21.0.8)
19821:             1             24  com.sun.management.internal.PlatformMBeanProviderImpl$5 (jdk.management@21.0.8)
19822:             1             24  com.sun.org.apache.xerces.internal.impl.Constants$ArrayEnumeration (java.xml@21.0.8)
19823:             1             24  com.sun.org.apache.xerces.internal.impl.XMLDocumentScannerImpl$ContentDriver (java.xml@21.0.8)
19824:             1             24  com.sun.org.apache.xerces.internal.impl.XMLNSDocumentScannerImpl$NSContentDriver (java.xml@21.0.8)
19825:             1             24  com.sun.org.apache.xerces.internal.impl.msg.XMLMessageFormatter (java.xml@21.0.8)
19826:             1             24  com.sun.org.apache.xerces.internal.impl.validation.ValidationManager (java.xml@21.0.8)
19827:             1             24  com.sun.org.apache.xerces.internal.jaxp.SAXParserFactoryImpl (java.xml@21.0.8)
19828:             1             24  com.sun.org.apache.xerces.internal.utils.XMLSecurityPropertyManager (java.xml@21.0.8)
19829:             1             24  com.sun.xml.bind.v2.model.annotation.XmlAttributeQuick
19830:             1             24  com.sun.xml.bind.v2.model.annotation.XmlElementDeclQuick
19831:             1             24  com.sun.xml.bind.v2.model.annotation.XmlElementQuick
19832:             1             24  com.sun.xml.bind.v2.model.annotation.XmlElementRefQuick
19833:             1             24  com.sun.xml.bind.v2.model.annotation.XmlElementRefsQuick
19834:             1             24  com.sun.xml.bind.v2.model.annotation.XmlEnumQuick
19835:             1             24  com.sun.xml.bind.v2.model.annotation.XmlRootElementQuick
19836:             1             24  com.sun.xml.bind.v2.model.annotation.XmlSchemaQuick
19837:             1             24  com.sun.xml.bind.v2.model.annotation.XmlSchemaTypeQuick
19838:             1             24  com.sun.xml.bind.v2.model.annotation.XmlTransientQuick
19839:             1             24  com.sun.xml.bind.v2.model.annotation.XmlTypeQuick
19840:             1             24  com.sun.xml.bind.v2.model.annotation.XmlValueQuick
19841:             1             24  com.sun.xml.bind.v2.model.impl.RuntimeAnyTypeImpl
19842:             1             24  com.sun.xml.bind.v2.model.impl.RuntimeBuiltinLeafInfoImpl$10
19843:             1             24  com.sun.xml.bind.v2.model.impl.RuntimeBuiltinLeafInfoImpl$11
19844:             1             24  com.sun.xml.bind.v2.model.impl.RuntimeBuiltinLeafInfoImpl$12
19845:             1             24  com.sun.xml.bind.v2.model.impl.RuntimeBuiltinLeafInfoImpl$13
19846:             1             24  com.sun.xml.bind.v2.model.impl.RuntimeBuiltinLeafInfoImpl$14
19847:             1             24  com.sun.xml.bind.v2.model.impl.RuntimeBuiltinLeafInfoImpl$15
19848:             1             24  com.sun.xml.bind.v2.model.impl.RuntimeBuiltinLeafInfoImpl$16
19849:             1             24  com.sun.xml.bind.v2.model.impl.RuntimeBuiltinLeafInfoImpl$17
19850:             1             24  com.sun.xml.bind.v2.model.impl.RuntimeBuiltinLeafInfoImpl$18
19851:             1             24  com.sun.xml.bind.v2.model.impl.RuntimeBuiltinLeafInfoImpl$19
19852:             1             24  com.sun.xml.bind.v2.model.impl.RuntimeBuiltinLeafInfoImpl$2
19853:             1             24  com.sun.xml.bind.v2.model.impl.RuntimeBuiltinLeafInfoImpl$20
19854:             1             24  com.sun.xml.bind.v2.model.impl.RuntimeBuiltinLeafInfoImpl$21
19855:             1             24  com.sun.xml.bind.v2.model.impl.RuntimeBuiltinLeafInfoImpl$22
19856:             1             24  com.sun.xml.bind.v2.model.impl.RuntimeBuiltinLeafInfoImpl$23
19857:             1             24  com.sun.xml.bind.v2.model.impl.RuntimeBuiltinLeafInfoImpl$24
19858:             1             24  com.sun.xml.bind.v2.model.impl.RuntimeBuiltinLeafInfoImpl$26
19859:             1             24  com.sun.xml.bind.v2.model.impl.RuntimeBuiltinLeafInfoImpl$27
19860:             1             24  com.sun.xml.bind.v2.model.impl.RuntimeBuiltinLeafInfoImpl$3
19861:             1             24  com.sun.xml.bind.v2.model.impl.RuntimeBuiltinLeafInfoImpl$4
19862:             1             24  com.sun.xml.bind.v2.model.impl.RuntimeBuiltinLeafInfoImpl$5
19863:             1             24  com.sun.xml.bind.v2.model.impl.RuntimeBuiltinLeafInfoImpl$6
19864:             1             24  com.sun.xml.bind.v2.model.impl.RuntimeBuiltinLeafInfoImpl$7
19865:             1             24  com.sun.xml.bind.v2.model.impl.RuntimeBuiltinLeafInfoImpl$8
19866:             1             24  com.sun.xml.bind.v2.model.impl.RuntimeBuiltinLeafInfoImpl$9
19867:             1             24  com.sun.xml.bind.v2.model.impl.RuntimeBuiltinLeafInfoImpl$StringImplImpl
19868:             1             24  com.sun.xml.bind.v2.model.impl.RuntimeBuiltinLeafInfoImpl$UUIDImpl
19869:             1             24  com.sun.xml.bind.v2.runtime.unmarshaller.DomLoader
19870:             1             24  fleet.fastutil.ints.IntArrayList
19871:             1             24  fleet.kernel.DbSource$ContextElement
19872:             1             24  fleet.kernel.Durable
19873:             1             24  fleet.kernel.FlowDbSource
19874:             1             24  fleet.kernel.TransactorEvent$SequentialChange
19875:             1             24  fleet.kernel.TransactorKt$subscribe$2$job$1$1
19876:             1             24  fleet.kernel.TransactorKt$withTransactor$2$1$2$1
19877:             1             24  fleet.kernel.TransactorKt$withTransactor$2$transactor$1$log$1$invokeSuspend$$inlined$fold$1
19878:             1             24  fleet.kernel.rebase.LeaderTransactorMiddleware$performChange$1$1
19879:             1             24  fleet.kernel.rebase.RemoteKernelImpl
19880:             1             24  fleet.kernel.rebase.SharedAtomicComposite
19881:             1             24  fleet.kernel.rebase.SharedRetractEntity
19882:             1             24  fleet.kernel.rete.QueriesKt$$Lambda/0x000000980267fc80
19883:             1             24  fleet.kernel.rete.QueriesKt$rawMap$2$1
19884:             1             24  fleet.kernel.rete.ReteKt$withRete$2$1$1$2$1
19885:             1             24  fleet.kernel.rete.ValueMatch
19886:             1             24  fleet.kernel.rete.impl.LookupKt$$Lambda/0x000000980267dee8
19887:             1             24  fleet.kernel.rete.impl.LookupKt$lookupAttribute$1$1$1$1$$Lambda/0x0000009802679228
19888:             1             24  fleet.kernel.rete.impl.LookupKt$lookupAttribute$1$Matches
19889:             1             24  fleet.kernel.rete.impl.PatternIndex
19890:             1             24  fleet.kernel.rete.impl.ProducerNode
19891:             1             24  fleet.kernel.rete.impl.ReteNetworkImpl$$Lambda/0x00000098026810d8
19892:             1             24  fleet.kernel.rete.impl.ReteNetworkImplKt$$Lambda/0x00000098026809a8
19893:             1             24  fleet.kernel.rete.impl.SubscriptionsIndex$$Lambda/0x000000980267cf08
19894:             1             24  fleet.multiplatform.shims.SingleThreadCoroutineDispatcher_jvmKt$newSingleThreadCoroutineDispatcherJvm$1
19895:             1             24  fleet.multiplatform.shims.SingleThreadCoroutineDispatcher_jvmKt$newSingleThreadCoroutineDispatcherJvm$1$$Lambda/0x0000009802158000
19896:             1             24  fleet.util.PriorityQueue
19897:             1             24  fleet.util.UID$Serializer
19898:             1             24  git4idea.GitUserRegistry
19899:             1             24  git4idea.annotate.GitAnnotationProvider
19900:             1             24  git4idea.annotate.GitAnnotationService
19901:             1             24  git4idea.branch.GitBranchType$LOCAL
19902:             1             24  git4idea.branch.GitBranchType$RECENT
19903:             1             24  git4idea.branch.GitBranchType$REMOTE
19904:             1             24  git4idea.commands.GitCommandOutputConsolePrinter
19905:             1             24  git4idea.config.GitExecutable$Local
19906:             1             24  git4idea.config.GitExecutableFileTester
19907:             1             24  git4idea.config.GitExecutableManager
19908:             1             24  git4idea.config.GitVersionSpecialty$1
19909:             1             24  git4idea.config.GitVersionSpecialty$10
19910:             1             24  git4idea.config.GitVersionSpecialty$11
19911:             1             24  git4idea.config.GitVersionSpecialty$12
19912:             1             24  git4idea.config.GitVersionSpecialty$13
19913:             1             24  git4idea.config.GitVersionSpecialty$14
19914:             1             24  git4idea.config.GitVersionSpecialty$15
19915:             1             24  git4idea.config.GitVersionSpecialty$16
19916:             1             24  git4idea.config.GitVersionSpecialty$17
19917:             1             24  git4idea.config.GitVersionSpecialty$18
19918:             1             24  git4idea.config.GitVersionSpecialty$19
19919:             1             24  git4idea.config.GitVersionSpecialty$2
19920:             1             24  git4idea.config.GitVersionSpecialty$20
19921:             1             24  git4idea.config.GitVersionSpecialty$21
19922:             1             24  git4idea.config.GitVersionSpecialty$22
19923:             1             24  git4idea.config.GitVersionSpecialty$23
19924:             1             24  git4idea.config.GitVersionSpecialty$24
19925:             1             24  git4idea.config.GitVersionSpecialty$25
19926:             1             24  git4idea.config.GitVersionSpecialty$26
19927:             1             24  git4idea.config.GitVersionSpecialty$27
19928:             1             24  git4idea.config.GitVersionSpecialty$28
19929:             1             24  git4idea.config.GitVersionSpecialty$29
19930:             1             24  git4idea.config.GitVersionSpecialty$3
19931:             1             24  git4idea.config.GitVersionSpecialty$30
19932:             1             24  git4idea.config.GitVersionSpecialty$31
19933:             1             24  git4idea.config.GitVersionSpecialty$32
19934:             1             24  git4idea.config.GitVersionSpecialty$33
19935:             1             24  git4idea.config.GitVersionSpecialty$34
19936:             1             24  git4idea.config.GitVersionSpecialty$35
19937:             1             24  git4idea.config.GitVersionSpecialty$36
19938:             1             24  git4idea.config.GitVersionSpecialty$37
19939:             1             24  git4idea.config.GitVersionSpecialty$38
19940:             1             24  git4idea.config.GitVersionSpecialty$4
19941:             1             24  git4idea.config.GitVersionSpecialty$5
19942:             1             24  git4idea.config.GitVersionSpecialty$6
19943:             1             24  git4idea.config.GitVersionSpecialty$7
19944:             1             24  git4idea.config.GitVersionSpecialty$8
19945:             1             24  git4idea.config.GitVersionSpecialty$9
19946:             1             24  git4idea.console.GitConsoleFolding
19947:             1             24  git4idea.fetch.GitFetchSupportImpl
19948:             1             24  git4idea.history.GitLogHistoryHandler
19949:             1             24  git4idea.ignore.GitIgnoreInStoreDirGenerator$VfsEventsListener
19950:             1             24  git4idea.ignore.GitIgnoredFileContentProvider
19951:             1             24  git4idea.ignore.lang.GitExcludeFileType
19952:             1             24  git4idea.ignore.lang.GitIgnoreFileType
19953:             1             24  git4idea.log.GitLogProvider$$Lambda/0x000000980543c268
19954:             1             24  git4idea.log.GitRefManager$GitLabelComparator
19955:             1             24  git4idea.merge.GitResolvedConflictsFilesHolder$Provider
19956:             1             24  git4idea.remoteApi.GitRepositoryApiImpl$Synchronizer
19957:             1             24  git4idea.remoteApi.GitRepositoryApiImpl$Synchronizer$$Lambda/0x000000980546c000
19958:             1             24  git4idea.repo.GitBranchTrackInfo
19959:             1             24  git4idea.repo.GitIgnoredFilesHolder$Provider
19960:             1             24  git4idea.repo.GitProjectConfigurationCache
19961:             1             24  git4idea.repo.GitProjectConfigurationCache$RepositoryConfigKey
19962:             1             24  git4idea.repo.GitRecentProjectsBranchesService
19963:             1             24  git4idea.repo.GitRepositoryIdCache
19964:             1             24  git4idea.repo.GitRepositoryReader
19965:             1             24  git4idea.repo.GitUntrackedFilesHolder$MyGitRepositoryIgnoredFilesHolder
19966:             1             24  git4idea.repo.GitUnversionedFilesHolder$Provider
19967:             1             24  git4idea.repo.RecentProjectsShowBranchMode$ALWAYS
19968:             1             24  git4idea.repo.RecentProjectsShowBranchMode$DUPLICATE_NAMES
19969:             1             24  git4idea.repo.RecentProjectsShowBranchMode$NEVER
19970:             1             24  git4idea.stash.ui.GitStashStartupActivity$execute$2
19971:             1             24  git4idea.stash.ui.GitStashStartupActivity$execute$3
19972:             1             24  git4idea.status.GitChangeProvider
19973:             1             24  git4idea.telemetry.GitBackendTelemetrySpan$Annotations$OpenAnnotation
19974:             1             24  git4idea.telemetry.GitBackendTelemetrySpan$Log$LoadingCommitMetadata
19975:             1             24  git4idea.telemetry.GitBackendTelemetrySpan$Log$LoadingFullCommitDetails
19976:             1             24  git4idea.telemetry.GitBackendTelemetrySpan$LogProvider$LoadingCommitsOnTaggedBranch
19977:             1             24  git4idea.telemetry.GitBackendTelemetrySpan$LogProvider$ReadingBranches
19978:             1             24  git4idea.telemetry.GitBackendTelemetrySpan$LogProvider$ReadingTags
19979:             1             24  git4idea.telemetry.GitBackendTelemetrySpan$LogProvider$SortingCommits
19980:             1             24  git4idea.telemetry.GitBackendTelemetrySpan$LogProvider$ValidatingData
19981:             1             24  git4idea.telemetry.GitBackendTelemetrySpan$Repository$ReadGitRepositoryInfo
19982:             1             24  git4idea.util.GitTextConvMode$1
19983:             1             24  git4idea.util.GitTextConvMode$2
19984:             1             24  git4idea.util.GitTextConvMode$3
19985:             1             24  io.grpc.ConfiguratorRegistry
19986:             1             24  io.grpc.Context
19987:             1             24  io.grpc.Context$Key
19988:             1             24  io.grpc.DecompressorRegistry
19989:             1             24  io.grpc.LoadBalancerRegistry
19990:             1             24  io.grpc.ManagedChannelRegistry
19991:             1             24  io.grpc.NameResolver$ConfigOrError
19992:             1             24  io.grpc.SynchronizationContext
19993:             1             24  io.grpc.internal.AtomicBackoff
19994:             1             24  io.grpc.internal.AutoConfiguredLoadBalancerFactory
19995:             1             24  io.grpc.internal.ChannelLoggerImpl
19996:             1             24  io.grpc.internal.ConnectivityStateManager
19997:             1             24  io.grpc.internal.DelayedClientTransport$1
19998:             1             24  io.grpc.internal.DelayedClientTransport$2
19999:             1             24  io.grpc.internal.DelayedClientTransport$3
20000:             1             24  io.grpc.internal.DelayedClientTransport$PickerState
20001:             1             24  io.grpc.internal.DnsNameResolver$JdkAddressResolver
20002:             1             24  io.grpc.internal.ManagedChannelImpl$1ChannelCallTracerFactory
20003:             1             24  io.grpc.internal.ManagedChannelImpl$ChannelStreamProvider
20004:             1             24  io.grpc.internal.ManagedChannelImpl$IdleModeStateAggregator
20005:             1             24  io.grpc.internal.ManagedChannelOrphanWrapper
20006:             1             24  io.grpc.internal.MetricRecorderImpl
20007:             1             24  io.grpc.internal.ProxyDetectorImpl
20008:             1             24  io.grpc.internal.SharedResourceHolder
20009:             1             24  io.grpc.internal.StatsTraceContext
20010:             1             24  io.grpc.netty.shaded.io.grpc.netty.ProtocolNegotiationEvent
20011:             1             24  io.grpc.netty.shaded.io.netty.buffer.UnpooledByteBufAllocator
20012:             1             24  io.grpc.netty.shaded.io.netty.buffer.UnpooledByteBufAllocator$UnpooledByteBufAllocatorMetric
20013:             1             24  io.grpc.netty.shaded.io.netty.channel.ChannelMetadata
20014:             1             24  io.grpc.netty.shaded.io.netty.channel.ChannelOption$1
20015:             1             24  io.grpc.netty.shaded.io.netty.channel.WriteBufferWaterMark
20016:             1             24  io.grpc.netty.shaded.io.netty.handler.codec.http.HttpMethod$EnumNameMap
20017:             1             24  io.grpc.netty.shaded.io.netty.handler.codec.http2.ReadOnlyHttp2Headers
20018:             1             24  io.grpc.netty.shaded.io.netty.util.ResourceLeakDetectorFactory$DefaultResourceLeakDetectorFactory
20019:             1             24  io.grpc.netty.shaded.io.netty.util.concurrent.DefaultEventExecutorChooserFactory$PowerOfTwoEventExecutorChooser
20020:             1             24  io.grpc.netty.shaded.io.netty.util.concurrent.FailedFuture
20021:             1             24  io.grpc.netty.shaded.io.netty.util.internal.ThreadExecutorMap$3
20022:             1             24  io.ktor.client.plugins.HttpCallValidatorConfig
20023:             1             24  io.ktor.client.plugins.HttpSend
20024:             1             24  io.ktor.client.plugins.HttpTimeoutConfig
20025:             1             24  io.ktor.http.ParametersImpl
20026:             1             24  io.ktor.http.Url$$Lambda/0x000000980384fa90
20027:             1             24  io.ktor.server.cio.HttpServer
20028:             1             24  io.ktor.server.cio.backend.HttpServerKt$$Lambda/0x0000009803a54be0
20029:             1             24  io.ktor.server.routing.RootRouteSelector
20030:             1             24  io.netty.buffer.PooledByteBufAllocator$PoolThreadLocalCache
20031:             1             24  io.netty.buffer.UnpooledByteBufAllocator
20032:             1             24  io.netty.buffer.UnpooledByteBufAllocator$UnpooledByteBufAllocatorMetric
20033:             1             24  io.netty.channel.ChannelOption$1
20034:             1             24  io.netty.channel.WriteBufferWaterMark
20035:             1             24  io.netty.handler.codec.http.HttpMethod$EnumNameMap
20036:             1             24  io.netty.resolver.DefaultAddressResolverGroup
20037:             1             24  io.netty.util.AttributeKey$1
20038:             1             24  io.netty.util.ResourceLeakDetectorFactory$DefaultResourceLeakDetectorFactory
20039:             1             24  io.netty.util.Signal$1
20040:             1             24  io.netty.util.concurrent.DefaultEventExecutorChooserFactory$PowerOfTwoEventExecutorChooser
20041:             1             24  io.netty.util.concurrent.FailedFuture
20042:             1             24  io.netty.util.internal.ThreadExecutorMap$3
20043:             1             24  io.opencensus.trace.AutoValue_EndSpanOptions
20044:             1             24  io.opencensus.trace.BlankSpan
20045:             1             24  io.opencensus.trace.Span$Options
20046:             1             24  io.opencensus.trace.SpanId
20047:             1             24  io.opencensus.trace.export.AutoValue_SampledSpanStore_PerSpanNameSummary
20048:             1             24  io.opentelemetry.context.ThreadLocalContextStorage
20049:             1             24  io.opentelemetry.context.ThreadLocalContextStorage$NoopScope
20050:             1             24  io.opentelemetry.sdk.metrics.InstrumentBuilder$$Lambda/0x0000009802794678
20051:             1             24  io.opentelemetry.sdk.metrics.SdkLongGauge
20052:             1             24  io.opentelemetry.sdk.metrics.internal.aggregator.DropAggregator$2
20053:             1             24  io.opentelemetry.sdk.metrics.internal.data.AutoValue_ImmutableHistogramData
20054:             1             24  io.opentelemetry.sdk.metrics.internal.data.AutoValue_ImmutableSumData
20055:             1             24  io.opentelemetry.sdk.metrics.internal.debug.NoSourceInfo
20056:             1             24  io.opentelemetry.sdk.trace.RandomIdGenerator
20057:             1             24  io.opentelemetry.sdk.trace.SdkTracerProvider
20058:             1             24  io.opentelemetry.sdk.trace.samplers.AlwaysOffSampler
20059:             1             24  io.opentelemetry.sdk.trace.samplers.AlwaysOnSampler
20060:             1             24  io.perfmark.Link
20061:             1             24  io.perfmark.Tag
20062:             1             24  it.unimi.dsi.fastutil.bytes.ByteArrays$Segment
20063:             1             24  it.unimi.dsi.fastutil.floats.FloatArrays$Segment
20064:             1             24  it.unimi.dsi.fastutil.ints.IntArrays$Segment
20065:             1             24  it.unimi.dsi.fastutil.ints.IntLists$SynchronizedRandomAccessList
20066:             1             24  it.unimi.dsi.fastutil.longs.LongArrays$Segment
20067:             1             24  it.unimi.dsi.fastutil.longs.LongSets$SynchronizedSet
20068:             1             24  it.unimi.dsi.fastutil.objects.Object2LongMaps$EmptyMap
20069:             1             24  it.unimi.dsi.fastutil.objects.ObjectArraySet
20070:             1             24  java.awt.AWTKeyStroke (java.desktop)
20071:             1             24  java.awt.BufferCapabilities (java.desktop)
20072:             1             24  java.awt.KeyboardFocusManager$HeavyweightFocusRequest (java.desktop)
20073:             1             24  java.awt.ModalEventFilter$ApplicationModalEventFilter (java.desktop)
20074:             1             24  java.awt.Toolkit$DesktopPropertyChangeSupport (java.desktop)
20075:             1             24  java.awt.VKCollection (java.desktop)
20076:             1             24  java.awt.dnd.DragSource (java.desktop)
20077:             1             24  java.awt.image.ConvolveOp (java.desktop)
20078:             1             24  java.beans.VetoableChangeSupport (java.desktop)
20079:             1             24  java.io.ObjectStreamClass$Caches$1 (java.base@21.0.8)
20080:             1             24  java.io.ObjectStreamClass$Caches$2 (java.base@21.0.8)
20081:             1             24  java.io.SequenceInputStream (java.base@21.0.8)
20082:             1             24  java.io.UnixFileSystem (java.base@21.0.8)
20083:             1             24  java.lang.ProcessEnvironment$StringEnvironment (java.base@21.0.8)
20084:             1             24  java.lang.ProcessHandleImpl$$Lambda/0x800000014 (java.base@21.0.8)
20085:             1             24  java.lang.StackWalker$ExtendedOption (java.base@21.0.8)
20086:             1             24  java.lang.invoke.MethodHandleImpl$ArrayAccessor$1 (java.base@21.0.8)
20087:             1             24  java.lang.invoke.MethodHandleImpl$BindCaller$1 (java.base@21.0.8)
20088:             1             24  java.lang.invoke.MethodHandleImpl$Makers$3 (java.base@21.0.8)
20089:             1             24  java.lang.reflect.Proxy$1 (java.base@21.0.8)
20090:             1             24  java.lang.reflect.ReflectPermission (java.base@21.0.8)
20091:             1             24  java.math.MutableBigInteger (java.base@21.0.8)
20092:             1             24  java.net.Inet6AddressImpl (java.base@21.0.8)
20093:             1             24  java.net.Proxy (java.base@21.0.8)
20094:             1             24  java.nio.file.FileVisitOption (java.base@21.0.8)
20095:             1             24  java.nio.file.LinkOption (java.base@21.0.8)
20096:             1             24  java.time.Period (java.base@21.0.8)
20097:             1             24  java.time.format.DecimalStyle (java.base@21.0.8)
20098:             1             24  java.time.temporal.IsoFields$Field$1 (java.base@21.0.8)
20099:             1             24  java.time.temporal.IsoFields$Field$2 (java.base@21.0.8)
20100:             1             24  java.time.temporal.IsoFields$Field$3 (java.base@21.0.8)
20101:             1             24  java.time.temporal.IsoFields$Field$4 (java.base@21.0.8)
20102:             1             24  java.time.zone.TzdbZoneRulesProvider (java.base@21.0.8)
20103:             1             24  java.util.Collections$EmptyMap (java.base@21.0.8)
20104:             1             24  java.util.Collections$UnmodifiableNavigableSet$EmptyNavigableSet (java.base@21.0.8)
20105:             1             24  java.util.Comparators$NaturalOrderComparator (java.base@21.0.8)
20106:             1             24  java.util.Locale$Cache (java.base@21.0.8)
20107:             1             24  java.util.OptionalDouble (java.base@21.0.8)
20108:             1             24  java.util.OptionalInt (java.base@21.0.8)
20109:             1             24  java.util.OptionalLong (java.base@21.0.8)
20110:             1             24  java.util.ResourceBundle$Control$CandidateListCache (java.base@21.0.8)
20111:             1             24  java.util.ServiceLoader$2 (java.base@21.0.8)
20112:             1             24  java.util.concurrent.CopyOnWriteArrayList$COWIterator (java.base@21.0.8)
20113:             1             24  java.util.concurrent.LinkedBlockingDeque$Node (java.base@21.0.8)
20114:             1             24  java.util.logging.FileHandler$MeteredStream (java.logging@21.0.8)
20115:             1             24  java.util.logging.LogManager$LoggerContext (java.logging@21.0.8)
20116:             1             24  java.util.logging.LogManager$SystemLoggerContext (java.logging@21.0.8)
20117:             1             24  java.util.regex.Pattern$$Lambda/0x0000009804175360 (java.base@21.0.8)
20118:             1             24  java.util.regex.Pattern$CIBackRef (java.base@21.0.8)
20119:             1             24  javax.imageio.ImageIO$CacheInfo (java.desktop)
20120:             1             24  javax.management.MBeanServerInvocationHandler (java.management@21.0.8)
20121:             1             24  javax.net.ssl.TrustManagerFactory (java.base@21.0.8)
20122:             1             24  javax.swing.DefaultListModel (java.desktop)
20123:             1             24  javax.swing.JComponent$IntVector (java.desktop)
20124:             1             24  javax.swing.JTextField$NotifyAction (java.desktop)
20125:             1             24  javax.swing.KeyboardManager (java.desktop)
20126:             1             24  javax.swing.MenuSelectionManager (java.desktop)
20127:             1             24  javax.swing.RepaintManager$ProcessingRunnable (java.desktop)
20128:             1             24  javax.swing.TimerQueue (java.desktop)
20129:             1             24  javax.swing.border.EtchedBorder (java.desktop)
20130:             1             24  javax.swing.border.LineBorder (java.desktop)
20131:             1             24  javax.swing.plaf.basic.BasicLabelUI (java.desktop)
20132:             1             24  javax.swing.plaf.basic.BasicListUI$ListTransferHandler (java.desktop)
20133:             1             24  javax.swing.plaf.basic.BasicTableUI$TableTransferHandler (java.desktop)
20134:             1             24  javax.swing.plaf.basic.DragRecognitionSupport (java.desktop)
20135:             1             24  javax.swing.text.DefaultEditorKit$BeepAction (java.desktop)
20136:             1             24  javax.swing.text.DefaultEditorKit$CopyAction (java.desktop)
20137:             1             24  javax.swing.text.DefaultEditorKit$CutAction (java.desktop)
20138:             1             24  javax.swing.text.DefaultEditorKit$DeleteNextCharAction (java.desktop)
20139:             1             24  javax.swing.text.DefaultEditorKit$DeletePrevCharAction (java.desktop)
20140:             1             24  javax.swing.text.DefaultEditorKit$DumpModelAction (java.desktop)
20141:             1             24  javax.swing.text.DefaultEditorKit$InsertBreakAction (java.desktop)
20142:             1             24  javax.swing.text.DefaultEditorKit$InsertContentAction (java.desktop)
20143:             1             24  javax.swing.text.DefaultEditorKit$InsertTabAction (java.desktop)
20144:             1             24  javax.swing.text.DefaultEditorKit$PasteAction (java.desktop)
20145:             1             24  javax.swing.text.DefaultEditorKit$ReadOnlyAction (java.desktop)
20146:             1             24  javax.swing.text.DefaultEditorKit$SelectAllAction (java.desktop)
20147:             1             24  javax.swing.text.DefaultEditorKit$ToggleComponentOrientationAction (java.desktop)
20148:             1             24  javax.swing.text.DefaultEditorKit$UnselectAction (java.desktop)
20149:             1             24  javax.swing.text.DefaultEditorKit$WritableAction (java.desktop)
20150:             1             24  javax.swing.text.FlowView$FlowStrategy (java.desktop)
20151:             1             24  javax.swing.text.StyledEditorKit$BoldAction (java.desktop)
20152:             1             24  javax.swing.text.StyledEditorKit$ItalicAction (java.desktop)
20153:             1             24  javax.swing.text.StyledEditorKit$UnderlineAction (java.desktop)
20154:             1             24  javax.swing.text.html.HTMLEditorKit$ActivateLinkAction (java.desktop)
20155:             1             24  jdk.internal.jimage.ImageReader (java.base@21.0.8)
20156:             1             24  jdk.internal.logger.BootstrapLogger$RedirectedLoggers (java.base@21.0.8)
20157:             1             24  jdk.internal.module.ModuleHashes (java.base@21.0.8)
20158:             1             24  jdk.internal.module.SystemModuleFinders$SystemModuleFinder (java.base@21.0.8)
20159:             1             24  jdk.internal.net.http.ConnectionPool$ExpiryList (java.net.http@21.0.8)
20160:             1             24  jdk.internal.net.http.HttpClientImpl$DefaultThreadFactory (java.net.http@21.0.8)
20161:             1             24  jdk.internal.net.http.HttpClientImpl$DelegatingExecutor (java.net.http@21.0.8)
20162:             1             24  jdk.internal.ref.CleanerImpl (java.base@21.0.8)
20163:             1             24  jdk.internal.util.OSVersion (java.base@21.0.8)
20164:             1             24  jdk.internal.util.ReferencedKeyMap (java.base@21.0.8)
20165:             1             24  jdk.internal.vm.ThreadContainers$RootContainer$TrackingRootContainer (java.base@21.0.8)
20166:             1             24  jdk.jfr.internal.management.StreamManager (jdk.jfr@21.0.8)
20167:             1             24  jdk.jfr.internal.periodic.BatchManager (jdk.jfr@21.0.8)
20168:             1             24  jdk.jfr.internal.periodic.TaskRepository (jdk.jfr@21.0.8)
20169:             1             24  jdk.management.jfr.internal.FlightRecorderMXBeanProvider$SingleMBeanComponent (jdk.management.jfr@21.0.8)
20170:             1             24  kotlin.ranges.CharRange
20171:             1             24  kotlin.reflect.jvm.internal.impl.builtins.KotlinBuiltIns$Primitives
20172:             1             24  kotlin.reflect.jvm.internal.impl.builtins.functions.FunctionTypeKindExtractor
20173:             1             24  kotlin.reflect.jvm.internal.impl.builtins.jvm.CloneableClassScope
20174:             1             24  kotlin.reflect.jvm.internal.impl.descriptors.Visibilities$Inherited
20175:             1             24  kotlin.reflect.jvm.internal.impl.descriptors.Visibilities$Internal
20176:             1             24  kotlin.reflect.jvm.internal.impl.descriptors.Visibilities$InvisibleFake
20177:             1             24  kotlin.reflect.jvm.internal.impl.descriptors.Visibilities$Local
20178:             1             24  kotlin.reflect.jvm.internal.impl.descriptors.Visibilities$Private
20179:             1             24  kotlin.reflect.jvm.internal.impl.descriptors.Visibilities$PrivateToThis
20180:             1             24  kotlin.reflect.jvm.internal.impl.descriptors.Visibilities$Protected
20181:             1             24  kotlin.reflect.jvm.internal.impl.descriptors.Visibilities$Public
20182:             1             24  kotlin.reflect.jvm.internal.impl.descriptors.Visibilities$Unknown
20183:             1             24  kotlin.reflect.jvm.internal.impl.descriptors.java.JavaVisibilities$PackageVisibility
20184:             1             24  kotlin.reflect.jvm.internal.impl.descriptors.java.JavaVisibilities$ProtectedAndPackage
20185:             1             24  kotlin.reflect.jvm.internal.impl.descriptors.java.JavaVisibilities$ProtectedStaticVisibility
20186:             1             24  kotlin.reflect.jvm.internal.impl.descriptors.runtime.structure.Java8ParameterNamesLoader$Cache
20187:             1             24  kotlin.reflect.jvm.internal.impl.metadata.deserialization.VersionRequirement$Version
20188:             1             24  kotlin.reflect.jvm.internal.impl.renderer.RenderingFormat$HTML
20189:             1             24  kotlin.reflect.jvm.internal.impl.renderer.RenderingFormat$PLAIN
20190:             1             24  kotlin.reflect.jvm.internal.impl.resolve.OverridingUtil$OverrideCompatibilityInfo
20191:             1             24  kotlin.reflect.jvm.internal.impl.resolve.constants.TypedArrayValue
20192:             1             24  kotlin.reflect.jvm.internal.impl.serialization.deserialization.MemberDeserializer$$Lambda$0
20193:             1             24  kotlin.reflect.jvm.internal.impl.serialization.deserialization.MemberDeserializer$$Lambda$7
20194:             1             24  kotlin.reflect.jvm.internal.impl.storage.LockBasedStorageManager$1
20195:             1             24  kotlin.reflect.jvm.internal.impl.types.TypeAttributes$Companion
20196:             1             24  kotlin.reflect.jvm.internal.impl.types.checker.NewKotlinTypeCheckerImpl
20197:             1             24  kotlin.reflect.jvm.internal.impl.util.ReturnsCheck$ReturnsBoolean
20198:             1             24  kotlin.reflect.jvm.internal.impl.util.ReturnsCheck$ReturnsInt
20199:             1             24  kotlin.reflect.jvm.internal.impl.util.ReturnsCheck$ReturnsUnit
20200:             1             24  kotlin.reflect.jvm.internal.impl.util.ValueParameterCountCheck$Equals
20201:             1             24  kotlinx.coroutines.CompletedExceptionally
20202:             1             24  kotlinx.coroutines.CoroutineDispatcher$Key
20203:             1             24  kotlinx.coroutines.CoroutineDispatcher$Key
20204:             1             24  kotlinx.coroutines.ExecutorCoroutineDispatcher$Key
20205:             1             24  kotlinx.coroutines.ExecutorCoroutineDispatcher$Key
20206:             1             24  kotlinx.coroutines.ThreadPoolDispatcherKt__ThreadPoolDispatcherKt$$Lambda/0x00000098035b3720
20207:             1             24  kotlinx.coroutines.flow.FlowKt__LimitKt$takeWhile$$inlined$unsafeFlow$1
20208:             1             24  kotlinx.coroutines.flow.FlowKt__LimitKt$takeWhile$lambda$6$$inlined$collectWhile$1
20209:             1             24  kotlinx.coroutines.flow.FlowKt__MergeKt$flatMapMerge$$inlined$map$1
20210:             1             24  kotlinx.coroutines.flow.FlowKt__MergeKt$flatMapMerge$$inlined$map$1$2
20211:             1             24  kotlinx.coroutines.flow.FlowKt__ZipKt$combine$$inlined$combineUnsafe$FlowKt__ZipKt$3
20212:             1             24  kotlinx.coroutines.internal.LimitedDispatcher$Worker
20213:             1             24  kotlinx.datetime.FixedOffsetTimeZone
20214:             1             24  kotlinx.serialization.cbor.Cbor$Default
20215:             1             24  kotlinx.serialization.internal.ArrayListClassDesc
20216:             1             24  kotlinx.serialization.internal.ArrayListSerializer
20217:             1             24  kotlinx.serialization.internal.BooleanArraySerializer
20218:             1             24  kotlinx.serialization.internal.ByteArraySerializer
20219:             1             24  kotlinx.serialization.internal.CharArraySerializer
20220:             1             24  kotlinx.serialization.internal.DoubleArraySerializer
20221:             1             24  kotlinx.serialization.internal.FloatArraySerializer
20222:             1             24  kotlinx.serialization.internal.IntArraySerializer
20223:             1             24  kotlinx.serialization.internal.LinkedHashSetClassDesc
20224:             1             24  kotlinx.serialization.internal.LinkedHashSetSerializer
20225:             1             24  kotlinx.serialization.internal.LongArraySerializer
20226:             1             24  kotlinx.serialization.internal.ShortArraySerializer
20227:             1             24  kotlinx.serialization.internal.UByteArraySerializer
20228:             1             24  kotlinx.serialization.internal.UIntArraySerializer
20229:             1             24  kotlinx.serialization.internal.ULongArraySerializer
20230:             1             24  kotlinx.serialization.internal.UShortArraySerializer
20231:             1             24  kotlinx.serialization.json.Json$Default
20232:             1             24  kotlinx.serialization.json.Json$Default
20233:             1             24  kotlinx.serialization.json.JsonLiteral
20234:             1             24  kotlinx.serialization.json.internal.ByteArrayPool8k
20235:             1             24  kotlinx.serialization.json.internal.CharArrayPool
20236:             1             24  kotlinx.serialization.json.internal.CharArrayPool
20237:             1             24  kotlinx.serialization.json.internal.CharArrayPoolBatchSize
20238:             1             24  kotlinx.serialization.protobuf.ProtoBuf$Default
20239:             1             24  morfologik.stemming.EncoderType$1
20240:             1             24  morfologik.stemming.EncoderType$2
20241:             1             24  morfologik.stemming.EncoderType$3
20242:             1             24  morfologik.stemming.EncoderType$4
20243:             1             24  okhttp3.internal._UtilJvmKt$$Lambda/0x0000009803995be8
20244:             1             24  okhttp3.internal.http2.Settings
20245:             1             24  okhttp3.internal.idn.IdnaMappingTable
20246:             1             24  okio.Buffer
20247:             1             24  okio.Options
20248:             1             24  org.apache.commons.lang3.tuple.ImmutablePair
20249:             1             24  org.apache.commons.lang3.tuple.ImmutableTriple
20250:             1             24  org.apache.commons.logging.impl.WeakHashtable$Referenced
20251:             1             24  org.apache.http.config.MessageConstraints
20252:             1             24  org.apache.http.conn.util.PublicSuffixMatcher
20253:             1             24  org.apache.http.impl.client.DefaultHttpRequestRetryHandler
20254:             1             24  org.apache.http.impl.client.DefaultRedirectStrategy
20255:             1             24  org.apache.http.impl.client.ProxyAuthenticationStrategy
20256:             1             24  org.apache.http.impl.client.TargetAuthenticationStrategy
20257:             1             24  org.apache.http.impl.conn.DefaultHttpResponseParserFactory
20258:             1             24  org.apache.lucene.analysis.hunspell.ConvTable
20259:             1             24  org.apache.lucene.analysis.hunspell.Dictionary$Breaks
20260:             1             24  org.apache.lucene.analysis.hunspell.NGramFragmentChecker
20261:             1             24  org.apache.lucene.util.CharsRef
20262:             1             24  org.apache.lucene.util.HotspotVMOptions$$Lambda/0x0000009803a6dad8
20263:             1             24  org.apache.lucene.util.IntsRef
20264:             1             24  org.apache.xerces.impl.xpath.regex.Op$CharOp
20265:             1             24  org.apache.xerces.impl.xpath.regex.RegularExpression$ClosureContext
20266:             1             24  org.apache.xerces.impl.xs.util.XSObjectListImpl
20267:             1             24  org.cef.misc.CefRange (jcef)
20268:             1             24  org.editorconfig.configmanagement.EditorConfigEncodingCache$VfsListener
20269:             1             24  org.editorconfig.plugincomponents.EditorConfigModificationListener
20270:             1             24  org.h2.mvstore.cache.FilePathCache
20271:             1             24  org.intellij.idea.lang.javascript.intention.bool.JSDeMorgansLawIntention
20272:             1             24  org.intellij.idea.lang.javascript.intention.bool.JSFlipComparisonIntention
20273:             1             24  org.intellij.idea.lang.javascript.intention.bool.JSFlipConjunctionIntention
20274:             1             24  org.intellij.idea.lang.javascript.intention.bool.JSNegateComparisonIntention
20275:             1             24  org.intellij.idea.lang.javascript.intention.bool.JSRemoveBooleanEqualityIntention
20276:             1             24  org.intellij.idea.lang.javascript.intention.braces.JSAddBracesIntention
20277:             1             24  org.intellij.idea.lang.javascript.intention.braces.JSRemoveBracesIntention
20278:             1             24  org.intellij.idea.lang.javascript.intention.comment.JSChangeToCStyleCommentIntention
20279:             1             24  org.intellij.idea.lang.javascript.intention.comment.JSChangeToDocCommentIntention
20280:             1             24  org.intellij.idea.lang.javascript.intention.comment.JSChangeToEndOfLineCommentIntention
20281:             1             24  org.intellij.idea.lang.javascript.intention.comment.JSMoveCommentToSeparateLineIntention
20282:             1             24  org.intellij.idea.lang.javascript.intention.conditional.JSFlipConditionalIntention
20283:             1             24  org.intellij.idea.lang.javascript.intention.conditional.JSFlipIfIntention
20284:             1             24  org.intellij.idea.lang.javascript.intention.conditional.JSReplaceConditionalWithIfIntention
20285:             1             24  org.intellij.idea.lang.javascript.intention.constant.JSConstantExpressionIntention
20286:             1             24  org.intellij.idea.lang.javascript.intention.constant.JSConstantSubexpressionIntention
20287:             1             24  org.intellij.idea.lang.javascript.intention.increment.JSExtractIncrementIntention
20288:             1             24  org.intellij.idea.lang.javascript.intention.initialization.JSSplitDeclarationAndInitializationIntention
20289:             1             24  org.intellij.idea.lang.javascript.intention.initialization.JSSplitDeclarationAndMoveToScopeStartIntention
20290:             1             24  org.intellij.idea.lang.javascript.intention.number.JSConvertIntegerToBinaryIntention
20291:             1             24  org.intellij.idea.lang.javascript.intention.number.JSConvertIntegerToDecimalIntention
20292:             1             24  org.intellij.idea.lang.javascript.intention.number.JSConvertIntegerToHexIntention
20293:             1             24  org.intellij.idea.lang.javascript.intention.number.JSConvertIntegerToOctalIntention
20294:             1             24  org.intellij.idea.lang.javascript.intention.number.JSFlipArithmeticOperationIntention
20295:             1             24  org.intellij.idea.lang.javascript.intention.number.JSReplaceMultiplyWithShiftIntention
20296:             1             24  org.intellij.idea.lang.javascript.intention.number.JSReplaceShiftWithMultiplyIntention
20297:             1             24  org.intellij.idea.lang.javascript.intention.object.JSSortPropertiesIntention
20298:             1             24  org.intellij.idea.lang.javascript.intention.opassign.JSReplaceWithOperatorAssignmentIntention
20299:             1             24  org.intellij.idea.lang.javascript.intention.string.JSDoubleToSingleQuotedStringIntention
20300:             1             24  org.intellij.idea.lang.javascript.intention.string.JSSingleToDoubleQuotedStringIntention
20301:             1             24  org.intellij.idea.lang.javascript.intention.switchtoif.JSReplaceIfWithSwitchIntention
20302:             1             24  org.intellij.idea.lang.javascript.intention.switchtoif.JSReplaceSwitchWithIfIntention
20303:             1             24  org.intellij.idea.lang.javascript.intention.trivialif.JSMergeElseIfIntention
20304:             1             24  org.intellij.idea.lang.javascript.intention.trivialif.JSMergeIfAndIntention
20305:             1             24  org.intellij.idea.lang.javascript.intention.trivialif.JSMergeIfOrIntention
20306:             1             24  org.intellij.idea.lang.javascript.intention.trivialif.JSMergeParallelIfsIntention
20307:             1             24  org.intellij.idea.lang.javascript.intention.trivialif.JSRemoveRedundantElseIntention
20308:             1             24  org.intellij.idea.lang.javascript.intention.trivialif.JSReplaceIfWithConditionalIntention
20309:             1             24  org.intellij.idea.lang.javascript.intention.trivialif.JSSplitElseIfIntention
20310:             1             24  org.intellij.idea.lang.javascript.intention.trivialif.JSSplitIfAndIntention
20311:             1             24  org.intellij.idea.lang.javascript.intention.trivialif.JSSplitIfOrIntention
20312:             1             24  org.intellij.images.fileTypes.impl.SvgFileType
20313:             1             24  org.intellij.lang.regexp.RegExpFileElementType
20314:             1             24  org.intellij.lang.regexp.RegExpFileType
20315:             1             24  org.intellij.markdown.MarkdownTokenTypes$Companion$WHITE_SPACE$1
20316:             1             24  org.intellij.markdown.parser.markerblocks.MarkerBlock$ClosingAction$DEFAULT
20317:             1             24  org.intellij.markdown.parser.markerblocks.MarkerBlock$ClosingAction$DONE
20318:             1             24  org.intellij.markdown.parser.markerblocks.MarkerBlock$ClosingAction$DROP
20319:             1             24  org.intellij.markdown.parser.markerblocks.MarkerBlock$ClosingAction$NOTHING
20320:             1             24  org.intellij.plugins.intelliLang.inject.xml.XmlLanguageInjector
20321:             1             24  org.intellij.plugins.markdown.braces.MarkdownBraceMatcher
20322:             1             24  org.intellij.plugins.markdown.editor.lists.MarkdownListIndentBackspaceHandlerDelegate
20323:             1             24  org.intellij.plugins.markdown.editor.lists.MarkdownListItemTabHandler
20324:             1             24  org.intellij.plugins.markdown.editor.lists.MarkdownListItemUnindentHandler
20325:             1             24  org.intellij.plugins.markdown.editor.tables.handlers.MarkdownTableShiftEnterHandler
20326:             1             24  org.intellij.plugins.markdown.editor.tables.handlers.MarkdownTableTabHandler$ShiftTab
20327:             1             24  org.intellij.plugins.markdown.editor.tables.handlers.MarkdownTableTabHandler$Tab
20328:             1             24  org.intellij.plugins.markdown.editor.tables.intentions.MarkdownInsertTableColumnIntention$InsertAfter
20329:             1             24  org.intellij.plugins.markdown.editor.tables.intentions.MarkdownInsertTableColumnIntention$InsertBefore
20330:             1             24  org.intellij.plugins.markdown.editor.tables.intentions.MarkdownRemoveRowIntention
20331:             1             24  org.intellij.plugins.markdown.extensions.MarkdownExtensionWithDownloadableFiles$FileEntry
20332:             1             24  org.intellij.plugins.markdown.extensions.common.plantuml.PlantUMLCodeGeneratingProvider
20333:             1             24  org.intellij.plugins.markdown.lang.MarkdownFileElementType
20334:             1             24  org.intellij.plugins.markdown.lang.MarkdownFileType
20335:             1             24  org.intellij.plugins.markdown.lang.parser.MarkdownDefaultFlavour
20336:             1             24  org.intellij.plugins.markdown.lang.references.paths.github.GithubWikiLocalFileReferenceProvider
20337:             1             24  org.intellij.plugins.markdown.settings.MarkdownSettings
20338:             1             24  org.intellij.plugins.markdown.ui.preview.MarkdownHtmlPanelProvider$ProviderInfo
20339:             1             24  org.intellij.plugins.markdown.ui.preview.MarkdownPreviewFileEditorProvider
20340:             1             24  org.intellij.plugins.markdown.ui.preview.MarkdownSplitEditorProvider
20341:             1             24  org.intellij.plugins.markdown.ui.preview.PreviewStaticServer
20342:             1             24  org.intellij.plugins.markdown.ui.preview.html.MarkdownCodeFenceHtmlCache
20343:             1             24  org.intellij.plugins.relaxNG.compact.RncFileType
20344:             1             24  org.intellij.terraform.TfUsageCollector
20345:             1             24  org.intellij.terraform.config.TerraformFileType
20346:             1             24  org.intellij.terraform.hcl.HCLCapability
20347:             1             24  org.intellij.terraform.hcl.HCLFileType
20348:             1             24  org.intellij.terraform.hil.HILFileType
20349:             1             24  org.intellij.terraform.opentofu.OpenTofuFileType
20350:             1             24  org.intellij.terraform.terragrunt.TerragruntFileType
20351:             1             24  org.jdom.JDOMInterner
20352:             1             24  org.jdom.filter2.ElementFilter
20353:             1             24  org.jetbrains.builtInWebServer.BuiltInWebServer
20354:             1             24  org.jetbrains.builtInWebServer.BuiltInWebServerAuth
20355:             1             24  org.jetbrains.completion.full.line.LocalInferenceParameters
20356:             1             24  org.jetbrains.completion.full.line.LocalModelDescriptor
20357:             1             24  org.jetbrains.completion.full.line.impl.feedback.ide.FullLineInIdeFeedbackSurvey
20358:             1             24  org.jetbrains.completion.full.line.impl.feedback.ide.FullLineInIdeFeedbackSurveyConfig
20359:             1             24  org.jetbrains.completion.full.line.impl.hardware.CpuDetector
20360:             1             24  org.jetbrains.completion.full.line.impl.hardware.FullLineHardwareInfoService
20361:             1             24  org.jetbrains.completion.full.line.impl.local.LocalGeneratorsCache$$Lambda/0x000000980553f978
20362:             1             24  org.jetbrains.completion.full.line.impl.local.files.LocalModelsSchemaManager
20363:             1             24  org.jetbrains.completion.full.line.impl.platform.diagnostics.adapters.nativeServer.NativeServerDiagnostic
20364:             1             24  org.jetbrains.completion.full.line.impl.platform.logs.FullLineSpecificLogs$ModelExecution
20365:             1             24  org.jetbrains.completion.full.line.impl.platform.request.FullLineCompletionCache
20366:             1             24  org.jetbrains.completion.full.line.local.LocalModelsSchema
20367:             1             24  org.jetbrains.completion.full.line.local.NativeServerSchema
20368:             1             24  org.jetbrains.completion.full.line.local.generation.processor.PrefixConstraint
20369:             1             24  org.jetbrains.completion.full.line.local.server.stubs.OnnxNative$empty
20370:             1             24  org.jetbrains.completion.full.line.local.server.stubs.native_inferenceGrpcKt$native_inferenceCoroutineStub
20371:             1             24  org.jetbrains.completion.full.line.local.services.helpers.NativeServerExceptionFactory
20372:             1             24  org.jetbrains.completion.full.line.local.suggest.collector.FullLineCompletionInputBuilder
20373:             1             24  org.jetbrains.completion.full.line.local.suggest.collector.FullLineCompletionInputBuilder$RecentContext
20374:             1             24  org.jetbrains.completion.full.line.local.suggest.collector.FullLineGenerationFacade
20375:             1             24  org.jetbrains.completion.full.line.local.tokenizer.BPEState
20376:             1             24  org.jetbrains.completion.full.line.local.tokenizer.TokenizerTrie
20377:             1             24  org.jetbrains.ide.ToolboxSettingsActionRegistry
20378:             1             24  org.jetbrains.io.ChannelRegistrar
20379:             1             24  org.jetbrains.io.DelegatingHttpRequestHandler
20380:             1             24  org.jetbrains.io.PortUnificationServerHandler
20381:             1             24  org.jetbrains.jewel.bridge.JewelComposePanelWrapperKt$$Lambda/0x0000009803a43368
20382:             1             24  org.jetbrains.jps.model.serialization.jarRepository.JpsRemoteRepositoriesConfigurationSerializer
20383:             1             24  org.jetbrains.jps.model.serialization.java.JpsJavaModelSerializerExtension$JavaSourceRootPropertiesSerializer
20384:             1             24  org.jetbrains.plugins.github.api.GHRepositoryCoordinates
20385:             1             24  org.jetbrains.plugins.github.api.GHRepositoryPath
20386:             1             24  org.jetbrains.plugins.github.authentication.accounts.GithubAccountsStatisticsCollector
20387:             1             24  org.jetbrains.plugins.github.authentication.accounts.GithubProjectDefaultAccountHolder
20388:             1             24  org.jetbrains.plugins.github.pullrequest.ui.editor.GHPRReviewInEditorController
20389:             1             24  org.jetbrains.plugins.github.pullrequest.ui.review.GHPROnCurrentBranchService
20390:             1             24  org.jetbrains.plugins.github.util.GHGitRepositoryMapping
20391:             1             24  org.jetbrains.plugins.gitlab.authentication.accounts.GitLabPersistentAccounts
20392:             1             24  org.jetbrains.plugins.gitlab.mergerequest.ui.editor.GitLabMergeRequestEditorReviewController
20393:             1             24  org.jetbrains.plugins.terminal.ShellProcessHolder
20394:             1             24  org.jetbrains.plugins.terminal.TerminalFontSizeProviderImpl
20395:             1             24  org.jetbrains.plugins.terminal.TerminalOptionsProvider
20396:             1             24  org.jetbrains.plugins.terminal.TerminalProjectOptionsProvider
20397:             1             24  org.jetbrains.plugins.terminal.ValueWithDefault
20398:             1             24  org.jetbrains.plugins.terminal.action.LineDownHandler
20399:             1             24  org.jetbrains.plugins.terminal.action.LineUpHandler
20400:             1             24  org.jetbrains.plugins.terminal.action.PageDownHandler
20401:             1             24  org.jetbrains.plugins.terminal.action.PageUpHandler
20402:             1             24  org.jetbrains.plugins.terminal.block.BlockTerminalOptions
20403:             1             24  org.jetbrains.plugins.terminal.block.completion.TerminalCommandSpecCompletionContributorGen1
20404:             1             24  org.jetbrains.plugins.terminal.block.completion.feedback.TerminalCompletionFeedbackSurvey
20405:             1             24  org.jetbrains.plugins.terminal.block.completion.feedback.TerminalCompletionSurveyConfig
20406:             1             24  org.jetbrains.plugins.terminal.block.completion.spec.dsl.ShellCommandContextImpl$$Lambda/0x0000009805399128
20407:             1             24  org.jetbrains.plugins.terminal.block.completion.spec.impl.ShellArgumentSpecImpl
20408:             1             24  org.jetbrains.plugins.terminal.block.completion.spec.impl.TerminalCommandCompletionServices
20409:             1             24  org.jetbrains.plugins.terminal.block.completion.spec.json.ShellDefaultCommandSpecsProvider
20410:             1             24  org.jetbrains.plugins.terminal.block.feedback.ReworkedTerminalFeedbackSurvey
20411:             1             24  org.jetbrains.plugins.terminal.block.history.TerminalCaretDownHandler
20412:             1             24  org.jetbrains.plugins.terminal.block.history.TerminalCaretUpHandler
20413:             1             24  org.jetbrains.plugins.terminal.block.output.TerminalOutputHighlightingsSnapshot
20414:             1             24  org.jetbrains.plugins.terminal.block.prompt.TerminalEnterHandler
20415:             1             24  org.jetbrains.plugins.terminal.block.prompt.TerminalPromptSelectAllHandler
20416:             1             24  org.jetbrains.plugins.terminal.block.reworked.lang.TerminalOutputElement
20417:             1             24  org.jetbrains.plugins.terminal.block.reworked.lang.TerminalOutputFileType
20418:             1             24  org.jetbrains.plugins.terminal.block.reworked.session.FrontendTerminalSession
20419:             1             24  org.jetbrains.plugins.terminal.fus.TerminalFocusRule
20420:             1             24  org.jetbrains.plugins.terminal.fus.TerminalStartupFusInfo
20421:             1             24  org.jetbrains.plugins.terminal.session.impl.dto.TerminalColorDto
20422:             1             24  org.jetbrains.plugins.terminal.session.impl.dto.TextStyleDto
20423:             1             24  org.jetbrains.plugins.terminal.util.ShellIntegration
20424:             1             24  org.jetbrains.plugins.terminal.view.TerminalLineIndexImpl
20425:             1             24  org.jetbrains.plugins.textmate.TextMateFileType
20426:             1             24  org.jetbrains.plugins.textmate.configuration.TextMateUserBundlesSettings
20427:             1             24  org.jetbrains.plugins.textmate.language.preferences.ShellVariablesRegistryImpl
20428:             1             24  org.jetbrains.plugins.textmate.language.preferences.SnippetsRegistryImpl
20429:             1             24  org.jetbrains.plugins.textmate.language.syntax.TextMateSyntaxTableCore
20430:             1             24  org.jetbrains.qodana.cloud.authorization.QodanaCloudOAuthServiceImpl
20431:             1             24  org.jetbrains.qodana.cloud.impl.NotAuthorizedImpl
20432:             1             24  org.jetbrains.qodana.coroutines.FlowKt$vfsChangesMapFlow$1$fileListener$1
20433:             1             24  org.jetbrains.qodana.filetype.SarifFileType
20434:             1             24  org.jetbrains.qodana.highlight.QodanaIsSelectedPersistenceService
20435:             1             24  org.jetbrains.qodana.inspectionKts.KtsInspectionsManager$inspectionFilesFlow$$inlined$map$1
20436:             1             24  org.jetbrains.qodana.inspectionKts.KtsInspectionsManager$inspectionFilesFlow$$inlined$map$1$2
20437:             1             24  org.jetbrains.qodana.report.QodanaLocalReportsService
20438:             1             24  org.jetbrains.skia.ColorInfo
20439:             1             24  org.jetbrains.skia.FontMgr
20440:             1             24  org.jetbrains.skia.GradientStyle
20441:             1             24  org.jetbrains.skia.IPoint
20442:             1             24  org.jetbrains.skia.ImageInfo
20443:             1             24  org.jetbrains.skia.Point
20444:             1             24  org.jetbrains.skia.impl.Cleaner
20445:             1             24  org.jetbrains.skia.impl.Cleaner$1
20446:             1             24  org.jetbrains.skia.impl.Cleaner$list$1
20447:             1             24  org.jetbrains.skia.paragraph.FontCollection
20448:             1             24  org.jetbrains.skia.paragraph.TypefaceFontProviderWithFallback
20449:             1             24  org.jetbrains.skia.shaper.ShapingOptions
20450:             1             24  org.jetbrains.skiko.DefaultConsoleLogger
20451:             1             24  org.jetbrains.terminal.completion.ShellCommandParserDirectives
20452:             1             24  org.jetbrains.yaml.YAMLFileType
20453:             1             24  org.jetbrains.yaml.intentions.YAMLAddOptionalPropertiesIntention
20454:             1             24  org.jsoup.parser.HtmlTreeBuilderState$1
20455:             1             24  org.jsoup.parser.HtmlTreeBuilderState$10
20456:             1             24  org.jsoup.parser.HtmlTreeBuilderState$11
20457:             1             24  org.jsoup.parser.HtmlTreeBuilderState$12
20458:             1             24  org.jsoup.parser.HtmlTreeBuilderState$13
20459:             1             24  org.jsoup.parser.HtmlTreeBuilderState$14
20460:             1             24  org.jsoup.parser.HtmlTreeBuilderState$15
20461:             1             24  org.jsoup.parser.HtmlTreeBuilderState$16
20462:             1             24  org.jsoup.parser.HtmlTreeBuilderState$17
20463:             1             24  org.jsoup.parser.HtmlTreeBuilderState$18
20464:             1             24  org.jsoup.parser.HtmlTreeBuilderState$19
20465:             1             24  org.jsoup.parser.HtmlTreeBuilderState$2
20466:             1             24  org.jsoup.parser.HtmlTreeBuilderState$20
20467:             1             24  org.jsoup.parser.HtmlTreeBuilderState$21
20468:             1             24  org.jsoup.parser.HtmlTreeBuilderState$22
20469:             1             24  org.jsoup.parser.HtmlTreeBuilderState$23
20470:             1             24  org.jsoup.parser.HtmlTreeBuilderState$24
20471:             1             24  org.jsoup.parser.HtmlTreeBuilderState$3
20472:             1             24  org.jsoup.parser.HtmlTreeBuilderState$4
20473:             1             24  org.jsoup.parser.HtmlTreeBuilderState$5
20474:             1             24  org.jsoup.parser.HtmlTreeBuilderState$6
20475:             1             24  org.jsoup.parser.HtmlTreeBuilderState$7
20476:             1             24  org.jsoup.parser.HtmlTreeBuilderState$8
20477:             1             24  org.jsoup.parser.HtmlTreeBuilderState$9
20478:             1             24  org.jsoup.parser.TokeniserState$1
20479:             1             24  org.jsoup.parser.TokeniserState$10
20480:             1             24  org.jsoup.parser.TokeniserState$11
20481:             1             24  org.jsoup.parser.TokeniserState$12
20482:             1             24  org.jsoup.parser.TokeniserState$13
20483:             1             24  org.jsoup.parser.TokeniserState$14
20484:             1             24  org.jsoup.parser.TokeniserState$15
20485:             1             24  org.jsoup.parser.TokeniserState$16
20486:             1             24  org.jsoup.parser.TokeniserState$17
20487:             1             24  org.jsoup.parser.TokeniserState$18
20488:             1             24  org.jsoup.parser.TokeniserState$19
20489:             1             24  org.jsoup.parser.TokeniserState$2
20490:             1             24  org.jsoup.parser.TokeniserState$20
20491:             1             24  org.jsoup.parser.TokeniserState$21
20492:             1             24  org.jsoup.parser.TokeniserState$22
20493:             1             24  org.jsoup.parser.TokeniserState$23
20494:             1             24  org.jsoup.parser.TokeniserState$24
20495:             1             24  org.jsoup.parser.TokeniserState$25
20496:             1             24  org.jsoup.parser.TokeniserState$26
20497:             1             24  org.jsoup.parser.TokeniserState$27
20498:             1             24  org.jsoup.parser.TokeniserState$28
20499:             1             24  org.jsoup.parser.TokeniserState$29
20500:             1             24  org.jsoup.parser.TokeniserState$3
20501:             1             24  org.jsoup.parser.TokeniserState$30
20502:             1             24  org.jsoup.parser.TokeniserState$31
20503:             1             24  org.jsoup.parser.TokeniserState$32
20504:             1             24  org.jsoup.parser.TokeniserState$33
20505:             1             24  org.jsoup.parser.TokeniserState$34
20506:             1             24  org.jsoup.parser.TokeniserState$35
20507:             1             24  org.jsoup.parser.TokeniserState$36
20508:             1             24  org.jsoup.parser.TokeniserState$37
20509:             1             24  org.jsoup.parser.TokeniserState$38
20510:             1             24  org.jsoup.parser.TokeniserState$39
20511:             1             24  org.jsoup.parser.TokeniserState$4
20512:             1             24  org.jsoup.parser.TokeniserState$40
20513:             1             24  org.jsoup.parser.TokeniserState$41
20514:             1             24  org.jsoup.parser.TokeniserState$42
20515:             1             24  org.jsoup.parser.TokeniserState$43
20516:             1             24  org.jsoup.parser.TokeniserState$44
20517:             1             24  org.jsoup.parser.TokeniserState$45
20518:             1             24  org.jsoup.parser.TokeniserState$46
20519:             1             24  org.jsoup.parser.TokeniserState$47
20520:             1             24  org.jsoup.parser.TokeniserState$48
20521:             1             24  org.jsoup.parser.TokeniserState$49
20522:             1             24  org.jsoup.parser.TokeniserState$5
20523:             1             24  org.jsoup.parser.TokeniserState$50
20524:             1             24  org.jsoup.parser.TokeniserState$51
20525:             1             24  org.jsoup.parser.TokeniserState$52
20526:             1             24  org.jsoup.parser.TokeniserState$53
20527:             1             24  org.jsoup.parser.TokeniserState$54
20528:             1             24  org.jsoup.parser.TokeniserState$55
20529:             1             24  org.jsoup.parser.TokeniserState$56
20530:             1             24  org.jsoup.parser.TokeniserState$57
20531:             1             24  org.jsoup.parser.TokeniserState$58
20532:             1             24  org.jsoup.parser.TokeniserState$59
20533:             1             24  org.jsoup.parser.TokeniserState$6
20534:             1             24  org.jsoup.parser.TokeniserState$60
20535:             1             24  org.jsoup.parser.TokeniserState$61
20536:             1             24  org.jsoup.parser.TokeniserState$62
20537:             1             24  org.jsoup.parser.TokeniserState$63
20538:             1             24  org.jsoup.parser.TokeniserState$64
20539:             1             24  org.jsoup.parser.TokeniserState$65
20540:             1             24  org.jsoup.parser.TokeniserState$66
20541:             1             24  org.jsoup.parser.TokeniserState$67
20542:             1             24  org.jsoup.parser.TokeniserState$68
20543:             1             24  org.jsoup.parser.TokeniserState$7
20544:             1             24  org.jsoup.parser.TokeniserState$8
20545:             1             24  org.jsoup.parser.TokeniserState$9
20546:             1             24  org.languagetool.rules.en.YMDNewYearDateFilter
20547:             1             24  org.languagetool.tagging.MorfologikTagger
20548:             1             24  org.languagetool.tagging.en.EnglishHybridDisambiguator
20549:             1             24  org.languagetool.tokenizers.SRXSentenceTokenizer
20550:             1             24  org.languagetool.tokenizers.SimpleSentenceTokenizer
20551:             1             24  org.languagetool.tokenizers.en.EnglishWordTokenizer
20552:             1             24  org.slf4j.helpers.BasicMDCAdapter
20553:             1             24  org.slf4j.helpers.BasicMDCAdapter$1
20554:             1             24  org.slf4j.helpers.BasicMarker
20555:             1             24  org.slf4j.helpers.FormattingTuple
20556:             1             24  org.slf4j.helpers.NOP_FallbackServiceProvider
20557:             1             24  org.slf4j.helpers.NOP_FallbackServiceProvider
20558:             1             24  org.slf4j.helpers.SubstituteLoggerFactory
20559:             1             24  org.slf4j.helpers.SubstituteLoggerFactory
20560:             1             24  org.slf4j.helpers.SubstituteServiceProvider
20561:             1             24  org.slf4j.helpers.SubstituteServiceProvider
20562:             1             24  org.slf4j.jul.JULServiceProvider
20563:             1             24  org.yaml.snakeyaml.external.com.google.gdata.util.common.base.PercentEscaper
20564:             1             24  org.zmlx.hg4idea.ignore.lang.HgIgnoreFileType
20565:             1             24  org.zmlx.hg4idea.log.HgLogProvider
20566:             1             24  org.zmlx.hg4idea.log.HgRefManager
20567:             1             24  org.zmlx.hg4idea.provider.HgChangeProvider
20568:             1             24  org.zmlx.hg4idea.provider.HgChangeProvider$HgChangeProcessor$1
20569:             1             24  org.zmlx.hg4idea.provider.HgChangeProvider$HgChangeProcessor$2
20570:             1             24  org.zmlx.hg4idea.provider.HgChangeProvider$HgChangeProcessor$3
20571:             1             24  org.zmlx.hg4idea.provider.HgChangeProvider$HgChangeProcessor$4
20572:             1             24  org.zmlx.hg4idea.provider.HgChangeProvider$HgChangeProcessor$5
20573:             1             24  org.zmlx.hg4idea.provider.HgChangeProvider$HgChangeProcessor$6
20574:             1             24  org.zmlx.hg4idea.provider.HgChangeProvider$HgChangeProcessor$7
20575:             1             24  org.zmlx.hg4idea.provider.HgCommittedChangesProvider
20576:             1             24  org.zmlx.hg4idea.provider.HgIgnoredFileHolder$Provider
20577:             1             24  org.zmlx.hg4idea.provider.commit.HgCheckinEnvironment
20578:             1             24  sun.awt.EventQueueItem (java.desktop)
20579:             1             24  sun.awt.SunHints$LCDContrastKey (java.desktop)
20580:             1             24  sun.awt.WeakIdentityHashMap (java.desktop)
20581:             1             24  sun.awt.util.PerformanceLogger$TimeData (java.desktop)
20582:             1             24  sun.font.CMap$NullCMapClass (java.desktop)
20583:             1             24  sun.font.CStrike$GlyphInfoCache$SparseBitShiftingTwoLayerArray (java.desktop)
20584:             1             24  sun.java2d.marlin.ArrayCacheByte (java.desktop)
20585:             1             24  sun.java2d.marlin.ArrayCacheDouble (java.desktop)
20586:             1             24  sun.java2d.marlin.ArrayCacheInt (java.desktop)
20587:             1             24  sun.java2d.marlin.ArrayCacheIntClean (java.desktop)
20588:             1             24  sun.java2d.marlin.BBoxAATileGenerator (java.desktop)
20589:             1             24  sun.java2d.marlin.DMarlinRenderingEngine$1 (java.desktop)
20590:             1             24  sun.java2d.marlin.DMarlinRenderingEngine$NormMode$1 (java.desktop)
20591:             1             24  sun.java2d.marlin.DMarlinRenderingEngine$NormMode$2 (java.desktop)
20592:             1             24  sun.java2d.marlin.DMarlinRenderingEngine$NormMode$3 (java.desktop)
20593:             1             24  sun.java2d.marlin.TransformingPathConsumer2D$ClosedPathDetector (java.desktop)
20594:             1             24  sun.java2d.metal.MTLRenderQueue (java.desktop)
20595:             1             24  sun.java2d.pipe.AAShapePipe$1 (java.desktop)
20596:             1             24  sun.lwawt.LWKeyboardFocusManagerPeer (java.desktop)
20597:             1             24  sun.lwawt.macosx.CCursorManager (java.desktop)
20598:             1             24  sun.lwawt.macosx.CDropTarget (java.desktop)
20599:             1             24  sun.lwawt.macosx.concurrent.Dispatch (java.desktop)
20600:             1             24  sun.lwawt.macosx.concurrent.LibDispatchMainQueue$ASync (java.desktop)
20601:             1             24  sun.management.CompilationImpl (java.management@21.0.8)
20602:             1             24  sun.management.ManagementFactoryHelper$LoggingMXBeanAccess (java.management@21.0.8)
20603:             1             24  sun.management.ManagementFactoryHelper$PlatformLoggingImpl (java.management@21.0.8)
20604:             1             24  sun.management.MemoryImpl (java.management@21.0.8)
20605:             1             24  sun.management.NotificationEmitterSupport$ListenerInfo (java.management@21.0.8)
20606:             1             24  sun.management.RuntimeImpl (java.management@21.0.8)
20607:             1             24  sun.management.VMManagementImpl (java.management@21.0.8)
20608:             1             24  sun.net.sdp.SdpProvider (java.base@21.0.8)
20609:             1             24  sun.net.www.protocol.http.Handler (java.base@21.0.8)
20610:             1             24  sun.nio.cs.ISO_8859_1 (java.base@21.0.8)
20611:             1             24  sun.nio.cs.MS1251 (java.base@21.0.8)
20612:             1             24  sun.nio.cs.StandardCharsets (java.base@21.0.8)
20613:             1             24  sun.nio.cs.ThreadLocalCoders$1 (java.base@21.0.8)
20614:             1             24  sun.nio.cs.ThreadLocalCoders$2 (java.base@21.0.8)
20615:             1             24  sun.nio.cs.US_ASCII (java.base@21.0.8)
20616:             1             24  sun.nio.cs.UTF_16 (java.base@21.0.8)
20617:             1             24  sun.nio.cs.UTF_16BE (java.base@21.0.8)
20618:             1             24  sun.nio.cs.UTF_16LE (java.base@21.0.8)
20619:             1             24  sun.nio.cs.UTF_32BE (java.base@21.0.8)
20620:             1             24  sun.nio.cs.UTF_32LE (java.base@21.0.8)
20621:             1             24  sun.nio.cs.UTF_8 (java.base@21.0.8)
20622:             1             24  sun.nio.fs.AbstractWatchKey$Event (java.base@21.0.8)
20623:             1             24  sun.security.ssl.TrustManagerFactoryImpl$PKIXFactory (java.base@21.0.8)
20624:             1             24  sun.security.validator.CADistrustPolicy$1 (java.base@21.0.8)
20625:             1             24  sun.security.validator.CADistrustPolicy$2 (java.base@21.0.8)
20626:             1             24  sun.security.validator.CADistrustPolicy$3 (java.base@21.0.8)
20627:             1             24  sun.swing.table.DefaultTableCellHeaderRenderer$EmptyIcon (java.desktop)
20628:             1             24  sun.util.cldr.CLDRCalendarDataProviderImpl (java.base@21.0.8)
20629:             1             24  sun.util.cldr.CLDRCalendarNameProviderImpl (java.base@21.0.8)
20630:             1             24  sun.util.cldr.CLDRTimeZoneNameProviderImpl (java.base@21.0.8)
20631:             1             24  sun.util.locale.BaseLocale$Cache (java.base@21.0.8)
20632:             1             24  sun.util.locale.provider.BreakIteratorProviderImpl (java.base@21.0.8)
20633:             1             24  sun.util.locale.provider.CalendarNameProviderImpl (java.base@21.0.8)
20634:             1             24  sun.util.locale.provider.CalendarProviderImpl (java.base@21.0.8)
20635:             1             24  sun.util.locale.provider.DateFormatProviderImpl (java.base@21.0.8)
20636:             1             24  sun.util.locale.provider.DateFormatSymbolsProviderImpl (java.base@21.0.8)
20637:             1             24  sun.util.locale.provider.DecimalFormatSymbolsProviderImpl (java.base@21.0.8)
20638:             1             24  sun.util.locale.provider.NumberFormatProviderImpl (java.base@21.0.8)
20639:             1             24  sun.util.locale.provider.TimeZoneNameProviderImpl (java.base@21.0.8)
20640:             1             24  tech.units.indriya.unit.Units
20641:             1             24  training.featuresSuggester.FeatureSuggestersManager
20642:             1             24  training.lang.LangManager
20643:             1             24  training.onboarding.NewProjectOnboardingTipsImplKt$installActionListener$1
20644:             1             24  training.onboarding.NewProjectOnboardingTipsImplKt$installDebugListener$1
20645:             1             24  training.statistic.StatisticBase$LessonProgress
20646:             1             24  training.statistic.StatisticBase$lastBuildLearningOpened$1
20647:             1             24  training.util.LazyWeakReferenceDelegator
20648:             1             16  [Lcom.esotericsoftware.kryo.kryo5.serializers.FieldSerializer$CachedField;
20649:             1             16  [Lcom.fasterxml.jackson.databind.AbstractTypeResolver;
20650:             1             16  [Lcom.fasterxml.jackson.databind.PropertyName;
20651:             1             16  [Lcom.fasterxml.jackson.databind.deser.BeanDeserializerModifier;
20652:             1             16  [Lcom.fasterxml.jackson.databind.ser.BeanSerializerModifier;
20653:             1             16  [Lcom.fasterxml.jackson.databind.util.ClassUtil$Ctor;
20654:             1             16  [Lcom.fasterxml.jackson.jr.ob.impl.BeanPropertyWriter;
20655:             1             16  [Lcom.fasterxml.jackson.jr.type.ResolvedType;
20656:             1             16  [Lcom.github.weisj.jsvg.geometry.size.Length;
20657:             1             16  [Lcom.goide.psi.GoConstDeclaration;
20658:             1             16  [Lcom.goide.psi.GoConstDefinition;
20659:             1             16  [Lcom.goide.psi.GoConstSpec;
20660:             1             16  [Lcom.goide.psi.GoFunctionDeclaration;
20661:             1             16  [Lcom.goide.psi.GoMethodDeclaration;
20662:             1             16  [Lcom.goide.psi.GoNamedElement;
20663:             1             16  [Lcom.goide.psi.GoTypeSpec;
20664:             1             16  [Lcom.goide.psi.GoVarDeclaration;
20665:             1             16  [Lcom.goide.psi.GoVarDefinition;
20666:             1             16  [Lcom.goide.psi.GoVarSpec;
20667:             1             16  [Lcom.goide.refactor.changeSignature.GoParameterInfo;
20668:             1             16  [Lcom.goide.util.GoCommandLineParameter;
20669:             1             16  [Lcom.intellij.codeHighlighting.HighlightingPass;
20670:             1             16  [Lcom.intellij.codeHighlighting.TextEditorHighlightingPass;
20671:             1             16  [Lcom.intellij.codeInsight.completion.CompletionPreselectSkipper;
20672:             1             16  [Lcom.intellij.codeInsight.daemon.impl.HighlightInfoFilter;
20673:             1             16  [Lcom.intellij.codeInsight.intention.IntentionAction;
20674:             1             16  [Lcom.intellij.codeInsight.intention.impl.config.TextDescriptor;
20675:             1             16  [Lcom.intellij.codeInsight.lookup.LookupElement;
20676:             1             16  [Lcom.intellij.codeInsight.lookup.LookupItem;
20677:             1             16  [Lcom.intellij.codeInspection.ProblemDescriptor;
20678:             1             16  [Lcom.intellij.codeInspection.QuickFix;
20679:             1             16  [Lcom.intellij.codeInspection.SuppressIntentionAction;
20680:             1             16  [Lcom.intellij.codeInspection.SuppressQuickFix;
20681:             1             16  [Lcom.intellij.codeInspection.ex.InspectionToolWrapper;
20682:             1             16  [Lcom.intellij.core.rwmutex.WriteIntentPermit;
20683:             1             16  [Lcom.intellij.database.intentions.RunQueryIntentionActionAvailable;
20684:             1             16  [Lcom.intellij.editorconfig.common.syntax.EditorConfigLanguage;
20685:             1             16  [Lcom.intellij.execution.console.CustomizableConsoleFoldingBean;
20686:             1             16  [Lcom.intellij.execution.process.ProcessHandler;
20687:             1             16  [Lcom.intellij.ide.fileTemplates.FileTemplate;
20688:             1             16  [Lcom.intellij.ide.todo.TodoFilter;
20689:             1             16  [Lcom.intellij.ide.util.frameworkSupport.FrameworkRole;
20690:             1             16  [Lcom.intellij.ide.util.treeView.NodeDescriptor;
20691:             1             16  [Lcom.intellij.lang.ASTNode;
20692:             1             16  [Lcom.intellij.lang.LighterASTNode;
20693:             1             16  [Lcom.intellij.lang.folding.FoldingDescriptor;
20694:             1             16  [Lcom.intellij.lang.javascript.psi.JSExpression;
20695:             1             16  [Lcom.intellij.lang.javascript.psi.JSFunction;
20696:             1             16  [Lcom.intellij.lang.javascript.psi.JSInitializerOwner;
20697:             1             16  [Lcom.intellij.lang.javascript.psi.JSParameterItem;
20698:             1             16  [Lcom.intellij.lang.javascript.psi.JSParameterListElement;
20699:             1             16  [Lcom.intellij.lang.javascript.psi.JSProperty;
20700:             1             16  [Lcom.intellij.lang.javascript.psi.JSVariable;
20701:             1             16  [Lcom.intellij.lang.parameterInfo.ParameterInfoHandler;
20702:             1             16  [Lcom.intellij.modcommand.ModCommandAction;
20703:             1             16  [Lcom.intellij.openapi.application.constraints.ConstrainedExecution$ContextConstraint;
20704:             1             16  [Lcom.intellij.openapi.diagnostic.Attachment;
20705:             1             16  [Lcom.intellij.openapi.editor.Document;
20706:             1             16  [Lcom.intellij.openapi.editor.Editor;
20707:             1             16  [Lcom.intellij.openapi.editor.ex.ErrorStripeListener;
20708:             1             16  [Lcom.intellij.openapi.editor.ex.RangeHighlighterEx;
20709:             1             16  [Lcom.intellij.openapi.editor.impl.event.MarkupModelListener;
20710:             1             16  [Lcom.intellij.openapi.editor.impl.view.LineLayout$BidiRun;
20711:             1             16  [Lcom.intellij.openapi.fileEditor.FileEditor;
20712:             1             16  [Lcom.intellij.openapi.fileEditor.FileEditorProvider;
20713:             1             16  [Lcom.intellij.openapi.paths.WebReference;
20714:             1             16  [Lcom.intellij.openapi.project.ProjectManagerListener;
20715:             1             16  [Lcom.intellij.openapi.roots.libraries.Library;
20716:             1             16  [Lcom.intellij.openapi.util.Segment;
20717:             1             16  [Lcom.intellij.openapi.util.TextRange;
20718:             1             16  [Lcom.intellij.openapi.vcs.VcsDirectoryMapping;
20719:             1             16  [Lcom.intellij.openapi.vcs.changes.Change;
20720:             1             16  [Lcom.intellij.openapi.vcs.changes.IgnoredFileBean;
20721:             1             16  [Lcom.intellij.openapi.vfs.newvfs.events.ChildInfo;
20722:             1             16  [Lcom.intellij.openapi.vfs.newvfs.impl.VirtualFileSystemEntry;
20723:             1             16  [Lcom.intellij.openapi.vfs.pointers.VirtualFilePointer;
20724:             1             16  [Lcom.intellij.platform.ProjectTemplate;
20725:             1             16  [Lcom.intellij.pom.Navigatable;
20726:             1             16  [Lcom.intellij.psi.PsiDirectory;
20727:             1             16  [Lcom.intellij.psi.PsiElement;
20728:             1             16  [Lcom.intellij.psi.PsiFile;
20729:             1             16  [Lcom.intellij.psi.codeStyle.PredefinedCodeStyle;
20730:             1             16  [Lcom.intellij.psi.impl.include.FileIncludeInfo;
20731:             1             16  [Lcom.intellij.psi.impl.source.tree.CompositeElement;
20732:             1             16  [Lcom.intellij.psi.impl.source.tree.FileElement;
20733:             1             16  [Lcom.intellij.psi.impl.source.tree.TreeElement;
20734:             1             16  [Lcom.intellij.psi.search.GlobalSearchScope;
20735:             1             16  [Lcom.intellij.psi.search.TodoItem;
20736:             1             16  [Lcom.intellij.psi.xml.XmlAttribute;
20737:             1             16  [Lcom.intellij.psi.xml.XmlElement;
20738:             1             16  [Lcom.intellij.psi.xml.XmlTag;
20739:             1             16  [Lcom.intellij.rml.dfa.impl.relations.RelationSignature;
20740:             1             16  [Lcom.intellij.tasks.Comment;
20741:             1             16  [Lcom.intellij.tasks.Task;
20742:             1             16  [Lcom.intellij.ui.scale.Scale;
20743:             1             16  [Lcom.intellij.usages.UsageTarget;
20744:             1             16  [Lcom.intellij.util.io.StringRef;
20745:             1             16  [Lcom.intellij.webcore.libraries.ScriptingLibraryModel;
20746:             1             16  [Lcom.intellij.xdebugger.breakpoints.XLineBreakpoint;
20747:             1             16  [Lcom.jetbrains.T.v.v.v.v.g;
20748:             1             16  [Lcom.jetbrains.rd.framework.MarshallersProvider;
20749:             1             16  [Lcom.jetbrains.rd.platform.diagnostics.LogTraceCategoriesListener;
20750:             1             16  [Lcom.sun.xml.bind.v2.runtime.property.AttributeProperty;
20751:             1             16  [Lio.grpc.StreamTracer;
20752:             1             16  [Lio.grpc.netty.shaded.io.netty.util.DefaultAttributeMap$DefaultAttribute;
20753:             1             16  [Lio.netty.util.AsciiString;
20754:             1             16  [Lio.netty.util.DefaultAttributeMap$DefaultAttribute;
20755:             1             16  [Ljava.beans.EventSetDescriptor; (java.desktop)
20756:             1             16  [Ljava.beans.VetoableChangeListener; (java.desktop)
20757:             1             16  [Ljava.lang.Float; (java.base@21.0.8)
20758:             1             16  [Ljava.lang.constant.Constable; (java.base@21.0.8)
20759:             1             16  [Ljava.lang.management.LockInfo; (java.management@21.0.8)
20760:             1             16  [Ljava.lang.management.MonitorInfo; (java.management@21.0.8)
20761:             1             16  [Ljava.security.Provider; (java.base@21.0.8)
20762:             1             16  [Ljava.text.FieldPosition; (java.base@21.0.8)
20763:             1             16  [Ljava.time.zone.ZoneOffsetTransitionRule; (java.base@21.0.8)
20764:             1             16  [Ljava.util.Collection; (java.base@21.0.8)
20765:             1             16  [Ljava.util.function.BooleanSupplier; (java.base@21.0.8)
20766:             1             16  [Ljava.util.logging.Handler; (java.logging@21.0.8)
20767:             1             16  [Ljava.util.prefs.AbstractPreferences; (java.prefs@21.0.8)
20768:             1             16  [Ljavax.swing.text.Highlighter$Highlight; (java.desktop)
20769:             1             16  [Ljdk.jfr.SettingControl; (jdk.jfr@21.0.8)
20770:             1             16  [Lkotlin.coroutines.Continuation;
20771:             1             16  [Lnet.jpountz.lz4.LZ4Utils;
20772:             1             16  [Lnet.jpountz.util.SafeUtils;
20773:             1             16  [Lnet.jpountz.util.Utils;
20774:             1             16  [Lorg.apache.commons.lang3.tuple.ImmutablePair;
20775:             1             16  [Lorg.apache.commons.lang3.tuple.ImmutableTriple;
20776:             1             16  [Lorg.apache.commons.lang3.tuple.Pair;
20777:             1             16  [Lorg.apache.commons.lang3.tuple.Triple;
20778:             1             16  [Lorg.apache.http.Header;
20779:             1             16  [Lorg.apache.http.HeaderElement;
